Java HotSpot(TM) 64-Bit Server VM (25.251-b08) for windows-amd64 JRE (1.8.0_251-b08), built on Mar 12 2020 06:31:49 by "" with MS VC++ 10.0 (VS2010)
Memory: 4k page, physical 8267176k(3992300k free), swap 14296488k(9409380k free)
CommandLine flags: -XX:CMSInitiatingOccupancyFraction=50 -XX:CMSMaxAbortablePrecleanTime=6000 -XX:+CMSParallelRemarkEnabled -XX:+CMSScavengeBeforeRemark -XX:ConcGCThreads=4 -XX:GCLogFileSize=20971520 -XX:InitialHeapSize=536870912 -XX:MaxHeapSize=536870912 -XX:MaxTenuringThreshold=8 -XX:NewRatio=3 -XX:NumberOfGCLogFiles=9 -XX:OldPLABSize=16 -XX:-OmitStackTraceInFastThrow -XX:ParallelGCThreads=4 -XX:+ParallelRefProcEnabled -XX:PretenureSizeThreshold=67108864 -XX:+PrintGC -XX:+PrintGCApplicationStoppedTime -XX:+PrintGCDateStamps -XX:+PrintGCDetails -XX:+PrintGCTimeStamps -XX:+PrintHeapAtGC -XX:+PrintTenuringDistribution -XX:SurvivorRatio=4 -XX:TargetSurvivorRatio=90 -XX:ThreadStackSize=256 -XX:+UseCMSInitiatingOccupancyOnly -XX:+UseCompressedClassPointers -XX:+UseCompressedOops -XX:+UseConcMarkSweepGC -XX:+UseGCLogFileRotation -XX:-UseLargePagesIndividualAllocation -XX:+UseParNewGC 
2020-06-27T17:14:58.788+0100: 1.048: Total time for which application threads were stopped: 0.0000768 seconds, Stopping threads took: 0.0000231 seconds
2020-06-27T17:15:00.788+0100: 3.048: Total time for which application threads were stopped: 0.0000675 seconds, Stopping threads took: 0.0000239 seconds
2020-06-27T17:15:01.500+0100: 3.760: Total time for which application threads were stopped: 0.0000981 seconds, Stopping threads took: 0.0000199 seconds
2020-06-27T17:15:01.867+0100: 4.127: Total time for which application threads were stopped: 0.0001040 seconds, Stopping threads took: 0.0000363 seconds
2020-06-27T17:15:02.868+0100: 5.128: Total time for which application threads were stopped: 0.0000574 seconds, Stopping threads took: 0.0000241 seconds
2020-06-27T17:15:03.868+0100: 6.128: Total time for which application threads were stopped: 0.0000665 seconds, Stopping threads took: 0.0000222 seconds
2020-06-27T17:15:04.868+0100: 7.128: Total time for which application threads were stopped: 0.0000538 seconds, Stopping threads took: 0.0000227 seconds
2020-06-27T17:15:04.878+0100: 7.139: Total time for which application threads were stopped: 0.0001334 seconds, Stopping threads took: 0.0000190 seconds
2020-06-27T17:15:05.879+0100: 8.139: Total time for which application threads were stopped: 0.0000807 seconds, Stopping threads took: 0.0000365 seconds
2020-06-27T17:15:06.879+0100: 9.139: Total time for which application threads were stopped: 0.0000543 seconds, Stopping threads took: 0.0000280 seconds
2020-06-27T17:15:07.289+0100: 9.549: Total time for which application threads were stopped: 0.0001390 seconds, Stopping threads took: 0.0000234 seconds
2020-06-27T17:15:07.390+0100: 9.651: Total time for which application threads were stopped: 0.0001208 seconds, Stopping threads took: 0.0000168 seconds
2020-06-27T17:15:08.391+0100: 10.651: Total time for which application threads were stopped: 0.0000823 seconds, Stopping threads took: 0.0000276 seconds
2020-06-27T17:15:09.104+0100: 11.364: Total time for which application threads were stopped: 0.0001586 seconds, Stopping threads took: 0.0000188 seconds
2020-06-27T17:15:10.104+0100: 12.364: Total time for which application threads were stopped: 0.0000900 seconds, Stopping threads took: 0.0000240 seconds
2020-06-27T17:15:11.104+0100: 13.365: Total time for which application threads were stopped: 0.0000908 seconds, Stopping threads took: 0.0000226 seconds
2020-06-27T17:15:12.105+0100: 14.365: Total time for which application threads were stopped: 0.0000662 seconds, Stopping threads took: 0.0000224 seconds
2020-06-27T17:15:13.105+0100: 15.365: Total time for which application threads were stopped: 0.0000661 seconds, Stopping threads took: 0.0000223 seconds
2020-06-27T17:15:14.105+0100: 16.366: Total time for which application threads were stopped: 0.0000689 seconds, Stopping threads took: 0.0000264 seconds
2020-06-27T17:15:14.315+0100: 16.576: Total time for which application threads were stopped: 0.0001569 seconds, Stopping threads took: 0.0001176 seconds
2020-06-27T17:15:14.315+0100: 16.576: Total time for which application threads were stopped: 0.0000425 seconds, Stopping threads took: 0.0000143 seconds
2020-06-27T17:15:14.316+0100: 16.577: Total time for which application threads were stopped: 0.0004002 seconds, Stopping threads took: 0.0003646 seconds
2020-06-27T17:15:14.316+0100: 16.577: Total time for which application threads were stopped: 0.0000673 seconds, Stopping threads took: 0.0000390 seconds
2020-06-27T17:15:14.319+0100: 16.580: Total time for which application threads were stopped: 0.0001751 seconds, Stopping threads took: 0.0000146 seconds
2020-06-27T17:15:14.384+0100: 16.645: Total time for which application threads were stopped: 0.0002475 seconds, Stopping threads took: 0.0000290 seconds
2020-06-27T17:15:14.600+0100: 16.861: Total time for which application threads were stopped: 0.0002085 seconds, Stopping threads took: 0.0000296 seconds
{Heap before GC invocations=0 (full 0):
 par new generation   total 109248K, used 87424K [0x00000000e0000000, 0x00000000e8000000, 0x00000000e8000000)
  eden space 87424K, 100% used [0x00000000e0000000, 0x00000000e5560000, 0x00000000e5560000)
  from space 21824K,   0% used [0x00000000e5560000, 0x00000000e5560000, 0x00000000e6ab0000)
  to   space 21824K,   0% used [0x00000000e6ab0000, 0x00000000e6ab0000, 0x00000000e8000000)
 concurrent mark-sweep generation total 393216K, used 0K [0x00000000e8000000, 0x0000000100000000, 0x0000000100000000)
 Metaspace       used 17331K, capacity 17734K, committed 17920K, reserved 1064960K
  class space    used 2131K, capacity 2221K, committed 2304K, reserved 1048576K
2020-06-27T17:15:15.257+0100: 17.518: [GC (Allocation Failure) 2020-06-27T17:15:15.257+0100: 17.518: [ParNew
Desired survivor size 20112992 bytes, new threshold 8 (max 8)
- age   1:   11195584 bytes,   11195584 total
: 87424K->11036K(109248K), 0.0098398 secs] 87424K->11036K(502464K), 0.0099355 secs] [Times: user=0.00 sys=0.00, real=0.01 secs] 
Heap after GC invocations=1 (full 0):
 par new generation   total 109248K, used 11036K [0x00000000e0000000, 0x00000000e8000000, 0x00000000e8000000)
  eden space 87424K,   0% used [0x00000000e0000000, 0x00000000e0000000, 0x00000000e5560000)
  from space 21824K,  50% used [0x00000000e6ab0000, 0x00000000e75772f0, 0x00000000e8000000)
  to   space 21824K,   0% used [0x00000000e5560000, 0x00000000e5560000, 0x00000000e6ab0000)
 concurrent mark-sweep generation total 393216K, used 0K [0x00000000e8000000, 0x0000000100000000, 0x0000000100000000)
 Metaspace       used 17331K, capacity 17734K, committed 17920K, reserved 1064960K
  class space    used 2131K, capacity 2221K, committed 2304K, reserved 1048576K
}
2020-06-27T17:15:15.267+0100: 17.528: Total time for which application threads were stopped: 0.0101388 seconds, Stopping threads took: 0.0000333 seconds
2020-06-27T17:15:15.268+0100: 17.528: Total time for which application threads were stopped: 0.0001101 seconds, Stopping threads took: 0.0000674 seconds
2020-06-27T17:15:15.268+0100: 17.529: Total time for which application threads were stopped: 0.0000986 seconds, Stopping threads took: 0.0000603 seconds
2020-06-27T17:15:15.268+0100: 17.529: Total time for which application threads were stopped: 0.0000893 seconds, Stopping threads took: 0.0000559 seconds
2020-06-27T17:15:15.268+0100: 17.529: Total time for which application threads were stopped: 0.0001049 seconds, Stopping threads took: 0.0000637 seconds
2020-06-27T17:15:15.268+0100: 17.529: Total time for which application threads were stopped: 0.0000892 seconds, Stopping threads took: 0.0000578 seconds
2020-06-27T17:15:15.269+0100: 17.529: Total time for which application threads were stopped: 0.0000890 seconds, Stopping threads took: 0.0000564 seconds
2020-06-27T17:15:15.269+0100: 17.530: Total time for which application threads were stopped: 0.0000920 seconds, Stopping threads took: 0.0000541 seconds
2020-06-27T17:15:15.269+0100: 17.530: Total time for which application threads were stopped: 0.0000994 seconds, Stopping threads took: 0.0000652 seconds
2020-06-27T17:15:15.270+0100: 17.530: Total time for which application threads were stopped: 0.0000803 seconds, Stopping threads took: 0.0000487 seconds
2020-06-27T17:15:15.270+0100: 17.531: Total time for which application threads were stopped: 0.0001021 seconds, Stopping threads took: 0.0000572 seconds
2020-06-27T17:15:15.270+0100: 17.531: Total time for which application threads were stopped: 0.0000816 seconds, Stopping threads took: 0.0000493 seconds
2020-06-27T17:15:15.270+0100: 17.531: Total time for which application threads were stopped: 0.0000735 seconds, Stopping threads took: 0.0000404 seconds
2020-06-27T17:15:15.270+0100: 17.531: Total time for which application threads were stopped: 0.0001020 seconds, Stopping threads took: 0.0000664 seconds
2020-06-27T17:15:15.271+0100: 17.531: Total time for which application threads were stopped: 0.0001090 seconds, Stopping threads took: 0.0000470 seconds
2020-06-27T17:15:15.271+0100: 17.532: Total time for which application threads were stopped: 0.0000880 seconds, Stopping threads took: 0.0000548 seconds
2020-06-27T17:15:15.271+0100: 17.532: Total time for which application threads were stopped: 0.0001018 seconds, Stopping threads took: 0.0000685 seconds
2020-06-27T17:15:15.271+0100: 17.532: Total time for which application threads were stopped: 0.0000926 seconds, Stopping threads took: 0.0000596 seconds
2020-06-27T17:15:15.271+0100: 17.532: Total time for which application threads were stopped: 0.0000772 seconds, Stopping threads took: 0.0000454 seconds
2020-06-27T17:15:15.272+0100: 17.532: Total time for which application threads were stopped: 0.0000818 seconds, Stopping threads took: 0.0000342 seconds
2020-06-27T17:15:15.350+0100: 17.611: Total time for which application threads were stopped: 0.0782055 seconds, Stopping threads took: 0.0781121 seconds
2020-06-27T17:15:15.353+0100: 17.614: Total time for which application threads were stopped: 0.0001519 seconds, Stopping threads took: 0.0000682 seconds
2020-06-27T17:15:15.354+0100: 17.615: Total time for which application threads were stopped: 0.0002147 seconds, Stopping threads took: 0.0000544 seconds
2020-06-27T17:15:15.354+0100: 17.615: Total time for which application threads were stopped: 0.0001172 seconds, Stopping threads took: 0.0000535 seconds
2020-06-27T17:15:15.354+0100: 17.615: Total time for which application threads were stopped: 0.0001021 seconds, Stopping threads took: 0.0000448 seconds
2020-06-27T17:15:15.355+0100: 17.615: Total time for which application threads were stopped: 0.0001140 seconds, Stopping threads took: 0.0000497 seconds
2020-06-27T17:15:15.355+0100: 17.616: Total time for which application threads were stopped: 0.0001108 seconds, Stopping threads took: 0.0000354 seconds
2020-06-27T17:15:15.355+0100: 17.616: Total time for which application threads were stopped: 0.0001031 seconds, Stopping threads took: 0.0000549 seconds
2020-06-27T17:15:15.355+0100: 17.616: Total time for which application threads were stopped: 0.0001003 seconds, Stopping threads took: 0.0000443 seconds
2020-06-27T17:15:15.355+0100: 17.616: Total time for which application threads were stopped: 0.0001085 seconds, Stopping threads took: 0.0000544 seconds
2020-06-27T17:15:15.356+0100: 17.616: Total time for which application threads were stopped: 0.0000773 seconds, Stopping threads took: 0.0000181 seconds
2020-06-27T17:15:15.356+0100: 17.616: Total time for which application threads were stopped: 0.0001014 seconds, Stopping threads took: 0.0000412 seconds
2020-06-27T17:15:15.356+0100: 17.617: Total time for which application threads were stopped: 0.0001206 seconds, Stopping threads took: 0.0000398 seconds
2020-06-27T17:15:15.356+0100: 17.617: Total time for which application threads were stopped: 0.0001069 seconds, Stopping threads took: 0.0000534 seconds
2020-06-27T17:15:15.356+0100: 17.617: Total time for which application threads were stopped: 0.0000882 seconds, Stopping threads took: 0.0000212 seconds
2020-06-27T17:15:15.357+0100: 17.617: Total time for which application threads were stopped: 0.0001772 seconds, Stopping threads took: 0.0000387 seconds
2020-06-27T17:15:15.357+0100: 17.617: Total time for which application threads were stopped: 0.0001072 seconds, Stopping threads took: 0.0000381 seconds
2020-06-27T17:15:15.357+0100: 17.618: Total time for which application threads were stopped: 0.0000917 seconds, Stopping threads took: 0.0000372 seconds
2020-06-27T17:15:15.357+0100: 17.618: Total time for which application threads were stopped: 0.0001177 seconds, Stopping threads took: 0.0000715 seconds
2020-06-27T17:15:15.357+0100: 17.618: Total time for which application threads were stopped: 0.0000771 seconds, Stopping threads took: 0.0000175 seconds
2020-06-27T17:15:15.357+0100: 17.618: Total time for which application threads were stopped: 0.0000738 seconds, Stopping threads took: 0.0000169 seconds
2020-06-27T17:15:15.357+0100: 17.618: Total time for which application threads were stopped: 0.0000719 seconds, Stopping threads took: 0.0000313 seconds
2020-06-27T17:15:15.357+0100: 17.618: Total time for which application threads were stopped: 0.0000805 seconds, Stopping threads took: 0.0000463 seconds
2020-06-27T17:15:15.358+0100: 17.618: Total time for which application threads were stopped: 0.0001182 seconds, Stopping threads took: 0.0000697 seconds
2020-06-27T17:15:15.358+0100: 17.618: Total time for which application threads were stopped: 0.0000623 seconds, Stopping threads took: 0.0000172 seconds
2020-06-27T17:15:15.358+0100: 17.619: Total time for which application threads were stopped: 0.0000777 seconds, Stopping threads took: 0.0000413 seconds
2020-06-27T17:15:15.358+0100: 17.619: Total time for which application threads were stopped: 0.0000824 seconds, Stopping threads took: 0.0000477 seconds
2020-06-27T17:15:15.358+0100: 17.619: Total time for which application threads were stopped: 0.0000916 seconds, Stopping threads took: 0.0000396 seconds
2020-06-27T17:15:15.358+0100: 17.619: Total time for which application threads were stopped: 0.0000892 seconds, Stopping threads took: 0.0000388 seconds
2020-06-27T17:15:15.358+0100: 17.619: Total time for which application threads were stopped: 0.0000976 seconds, Stopping threads took: 0.0000315 seconds
2020-06-27T17:15:15.358+0100: 17.619: Total time for which application threads were stopped: 0.0001116 seconds, Stopping threads took: 0.0000408 seconds
2020-06-27T17:15:15.577+0100: 17.838: Total time for which application threads were stopped: 0.0002891 seconds, Stopping threads took: 0.0000349 seconds
2020-06-27T17:15:15.595+0100: 17.856: Total time for which application threads were stopped: 0.0000719 seconds, Stopping threads took: 0.0000269 seconds
2020-06-27T17:15:16.596+0100: 18.856: Total time for which application threads were stopped: 0.0000732 seconds, Stopping threads took: 0.0000245 seconds
2020-06-27T17:15:17.596+0100: 19.856: Total time for which application threads were stopped: 0.0000716 seconds, Stopping threads took: 0.0000267 seconds
2020-06-27T17:15:17.916+0100: 20.176: Total time for which application threads were stopped: 0.0001413 seconds, Stopping threads took: 0.0000485 seconds
2020-06-27T17:15:18.066+0100: 20.327: Total time for which application threads were stopped: 0.0000883 seconds, Stopping threads took: 0.0000244 seconds
2020-06-27T17:15:18.627+0100: 20.888: Total time for which application threads were stopped: 0.0003709 seconds, Stopping threads took: 0.0000434 seconds
2020-06-27T17:15:18.636+0100: 20.896: Total time for which application threads were stopped: 0.0003436 seconds, Stopping threads took: 0.0000392 seconds
2020-06-27T17:15:18.639+0100: 20.899: Total time for which application threads were stopped: 0.0018185 seconds, Stopping threads took: 0.0014792 seconds
2020-06-27T17:15:18.824+0100: 21.084: Total time for which application threads were stopped: 0.0001082 seconds, Stopping threads took: 0.0000298 seconds
2020-06-27T17:15:18.957+0100: 21.218: Total time for which application threads were stopped: 0.0001368 seconds, Stopping threads took: 0.0000348 seconds
2020-06-27T17:15:18.958+0100: 21.218: Total time for which application threads were stopped: 0.0001030 seconds, Stopping threads took: 0.0000178 seconds
2020-06-27T17:15:18.958+0100: 21.218: Total time for which application threads were stopped: 0.0000867 seconds, Stopping threads took: 0.0000177 seconds
2020-06-27T17:15:18.958+0100: 21.219: Total time for which application threads were stopped: 0.0000960 seconds, Stopping threads took: 0.0000155 seconds
2020-06-27T17:15:19.088+0100: 21.348: Total time for which application threads were stopped: 0.0000742 seconds, Stopping threads took: 0.0000202 seconds
2020-06-27T17:15:19.185+0100: 21.446: Total time for which application threads were stopped: 0.0000871 seconds, Stopping threads took: 0.0000229 seconds
2020-06-27T17:15:19.269+0100: 21.529: [GC (CMS Initial Mark) [1 CMS-initial-mark: 0K(393216K)] 84230K(502464K), 0.0065818 secs] [Times: user=0.06 sys=0.00, real=0.01 secs] 
2020-06-27T17:15:19.275+0100: 21.536: Total time for which application threads were stopped: 0.0067188 seconds, Stopping threads took: 0.0000269 seconds
2020-06-27T17:15:19.275+0100: 21.536: [CMS-concurrent-mark-start]
2020-06-27T17:15:19.275+0100: 21.536: [CMS-concurrent-mark: 0.000/0.000 secs] [Times: user=0.00 sys=0.00, real=0.00 secs] 
2020-06-27T17:15:19.276+0100: 21.536: [CMS-concurrent-preclean-start]
2020-06-27T17:15:19.276+0100: 21.537: [CMS-concurrent-preclean: 0.001/0.001 secs] [Times: user=0.00 sys=0.00, real=0.00 secs] 
2020-06-27T17:15:19.276+0100: 21.537: [CMS-concurrent-abortable-preclean-start]
2020-06-27T17:15:19.320+0100: 21.581: Total time for which application threads were stopped: 0.0000793 seconds, Stopping threads took: 0.0000226 seconds
2020-06-27T17:15:19.676+0100: 21.936: Total time for which application threads were stopped: 0.0000910 seconds, Stopping threads took: 0.0000278 seconds
{Heap before GC invocations=1 (full 1):
 par new generation   total 109248K, used 98460K [0x00000000e0000000, 0x00000000e8000000, 0x00000000e8000000)
  eden space 87424K, 100% used [0x00000000e0000000, 0x00000000e5560000, 0x00000000e5560000)
  from space 21824K,  50% used [0x00000000e6ab0000, 0x00000000e75772f0, 0x00000000e8000000)
  to   space 21824K,   0% used [0x00000000e5560000, 0x00000000e5560000, 0x00000000e6ab0000)
 concurrent mark-sweep generation total 393216K, used 0K [0x00000000e8000000, 0x0000000100000000, 0x0000000100000000)
 Metaspace       used 22697K, capacity 23116K, committed 23500K, reserved 1069056K
  class space    used 2820K, capacity 2972K, committed 3020K, reserved 1048576K
2020-06-27T17:15:19.712+0100: 21.972: [GC (Allocation Failure) 2020-06-27T17:15:19.712+0100: 21.972: [ParNew
Desired survivor size 20112992 bytes, new threshold 8 (max 8)
- age   1:    5093144 bytes,    5093144 total
- age   2:    5530720 bytes,   10623864 total
: 98460K->13152K(109248K), 0.0087812 secs] 98460K->13152K(502464K), 0.0088696 secs] [Times: user=0.00 sys=0.00, real=0.01 secs] 
Heap after GC invocations=2 (full 1):
 par new generation   total 109248K, used 13152K [0x00000000e0000000, 0x00000000e8000000, 0x00000000e8000000)
  eden space 87424K,   0% used [0x00000000e0000000, 0x00000000e0000000, 0x00000000e5560000)
  from space 21824K,  60% used [0x00000000e5560000, 0x00000000e6238280, 0x00000000e6ab0000)
  to   space 21824K,   0% used [0x00000000e6ab0000, 0x00000000e6ab0000, 0x00000000e8000000)
 concurrent mark-sweep generation total 393216K, used 0K [0x00000000e8000000, 0x0000000100000000, 0x0000000100000000)
 Metaspace       used 22697K, capacity 23116K, committed 23500K, reserved 1069056K
  class space    used 2820K, capacity 2972K, committed 3020K, reserved 1048576K
}
2020-06-27T17:15:19.721+0100: 21.981: Total time for which application threads were stopped: 0.0090718 seconds, Stopping threads took: 0.0000223 seconds
2020-06-27T17:15:19.721+0100: 21.982: Total time for which application threads were stopped: 0.0003852 seconds, Stopping threads took: 0.0001335 seconds
2020-06-27T17:15:19.722+0100: 21.982: Total time for which application threads were stopped: 0.0002669 seconds, Stopping threads took: 0.0001737 seconds
2020-06-27T17:15:19.722+0100: 21.982: Total time for which application threads were stopped: 0.0001203 seconds, Stopping threads took: 0.0000412 seconds
2020-06-27T17:15:19.722+0100: 21.983: Total time for which application threads were stopped: 0.0000896 seconds, Stopping threads took: 0.0000416 seconds
2020-06-27T17:15:19.722+0100: 21.983: Total time for which application threads were stopped: 0.0001407 seconds, Stopping threads took: 0.0000384 seconds
2020-06-27T17:15:19.723+0100: 21.983: Total time for which application threads were stopped: 0.0000981 seconds, Stopping threads took: 0.0000370 seconds
2020-06-27T17:15:19.723+0100: 21.983: Total time for which application threads were stopped: 0.0001047 seconds, Stopping threads took: 0.0000365 seconds
2020-06-27T17:15:19.723+0100: 21.983: Total time for which application threads were stopped: 0.0001008 seconds, Stopping threads took: 0.0000483 seconds
2020-06-27T17:15:19.723+0100: 21.984: Total time for which application threads were stopped: 0.0000831 seconds, Stopping threads took: 0.0000367 seconds
2020-06-27T17:15:19.723+0100: 21.984: Total time for which application threads were stopped: 0.0001133 seconds, Stopping threads took: 0.0000439 seconds
2020-06-27T17:15:19.724+0100: 21.984: Total time for which application threads were stopped: 0.0000930 seconds, Stopping threads took: 0.0000177 seconds
2020-06-27T17:15:19.724+0100: 21.984: Total time for which application threads were stopped: 0.0001016 seconds, Stopping threads took: 0.0000225 seconds
2020-06-27T17:15:19.724+0100: 21.984: Total time for which application threads were stopped: 0.0000934 seconds, Stopping threads took: 0.0000426 seconds
2020-06-27T17:15:19.724+0100: 21.985: Total time for which application threads were stopped: 0.0001051 seconds, Stopping threads took: 0.0000415 seconds
2020-06-27T17:15:19.724+0100: 21.985: Total time for which application threads were stopped: 0.0000839 seconds, Stopping threads took: 0.0000222 seconds
2020-06-27T17:15:19.725+0100: 21.985: Total time for which application threads were stopped: 0.0001161 seconds, Stopping threads took: 0.0000433 seconds
2020-06-27T17:15:19.725+0100: 21.985: Total time for which application threads were stopped: 0.0001001 seconds, Stopping threads took: 0.0000528 seconds
2020-06-27T17:15:19.725+0100: 21.985: Total time for which application threads were stopped: 0.0000827 seconds, Stopping threads took: 0.0000382 seconds
2020-06-27T17:15:19.725+0100: 21.986: Total time for which application threads were stopped: 0.0000885 seconds, Stopping threads took: 0.0000378 seconds
2020-06-27T17:15:19.725+0100: 21.986: Total time for which application threads were stopped: 0.0000869 seconds, Stopping threads took: 0.0000414 seconds
2020-06-27T17:15:19.726+0100: 21.986: Total time for which application threads were stopped: 0.0000719 seconds, Stopping threads took: 0.0000197 seconds
2020-06-27T17:15:19.726+0100: 21.986: Total time for which application threads were stopped: 0.0000972 seconds, Stopping threads took: 0.0000179 seconds
2020-06-27T17:15:19.726+0100: 21.986: Total time for which application threads were stopped: 0.0000838 seconds, Stopping threads took: 0.0000184 seconds
2020-06-27T17:15:19.726+0100: 21.986: Total time for which application threads were stopped: 0.0000807 seconds, Stopping threads took: 0.0000170 seconds
2020-06-27T17:15:19.726+0100: 21.987: Total time for which application threads were stopped: 0.0001088 seconds, Stopping threads took: 0.0000430 seconds
2020-06-27T17:15:19.726+0100: 21.987: Total time for which application threads were stopped: 0.0001001 seconds, Stopping threads took: 0.0000546 seconds
2020-06-27T17:15:19.727+0100: 21.987: Total time for which application threads were stopped: 0.0002092 seconds, Stopping threads took: 0.0001397 seconds
2020-06-27T17:15:19.727+0100: 21.987: Total time for which application threads were stopped: 0.0001106 seconds, Stopping threads took: 0.0000296 seconds
2020-06-27T17:15:19.727+0100: 21.987: Total time for which application threads were stopped: 0.0000839 seconds, Stopping threads took: 0.0000153 seconds
2020-06-27T17:15:19.727+0100: 21.987: Total time for which application threads were stopped: 0.0000795 seconds, Stopping threads took: 0.0000133 seconds
2020-06-27T17:15:19.727+0100: 21.988: Total time for which application threads were stopped: 0.0000908 seconds, Stopping threads took: 0.0000244 seconds
2020-06-27T17:15:19.727+0100: 21.988: Total time for which application threads were stopped: 0.0001984 seconds, Stopping threads took: 0.0001376 seconds
2020-06-27T17:15:19.728+0100: 21.988: Total time for which application threads were stopped: 0.0000763 seconds, Stopping threads took: 0.0000155 seconds
2020-06-27T17:15:19.728+0100: 21.988: Total time for which application threads were stopped: 0.0000930 seconds, Stopping threads took: 0.0000356 seconds
2020-06-27T17:15:19.728+0100: 21.988: Total time for which application threads were stopped: 0.0001131 seconds, Stopping threads took: 0.0000335 seconds
2020-06-27T17:15:19.728+0100: 21.989: Total time for which application threads were stopped: 0.0000795 seconds, Stopping threads took: 0.0000139 seconds
2020-06-27T17:15:19.728+0100: 21.989: Total time for which application threads were stopped: 0.0000945 seconds, Stopping threads took: 0.0000360 seconds
2020-06-27T17:15:19.728+0100: 21.989: Total time for which application threads were stopped: 0.0001127 seconds, Stopping threads took: 0.0000502 seconds
2020-06-27T17:15:19.729+0100: 21.989: Total time for which application threads were stopped: 0.0001576 seconds, Stopping threads took: 0.0000349 seconds
2020-06-27T17:15:19.841+0100: 22.102: Total time for which application threads were stopped: 0.0000970 seconds, Stopping threads took: 0.0000283 seconds
2020-06-27T17:15:19.843+0100: 22.104: Total time for which application threads were stopped: 0.0002928 seconds, Stopping threads took: 0.0000281 seconds
2020-06-27T17:15:20.036+0100: 22.297: Total time for which application threads were stopped: 0.0001365 seconds, Stopping threads took: 0.0000635 seconds
2020-06-27T17:15:20.415+0100: 22.676: Total time for which application threads were stopped: 0.0000612 seconds, Stopping threads took: 0.0000187 seconds
2020-06-27T17:15:20.524+0100: 22.785: Total time for which application threads were stopped: 0.0002306 seconds, Stopping threads took: 0.0001640 seconds
2020-06-27T17:15:20.524+0100: 22.785: Total time for which application threads were stopped: 0.0000586 seconds, Stopping threads took: 0.0000170 seconds
2020-06-27T17:15:20.524+0100: 22.785: Total time for which application threads were stopped: 0.0000527 seconds, Stopping threads took: 0.0000167 seconds
2020-06-27T17:15:20.525+0100: 22.785: Total time for which application threads were stopped: 0.0001428 seconds, Stopping threads took: 0.0000994 seconds
2020-06-27T17:15:20.525+0100: 22.785: Total time for which application threads were stopped: 0.0000794 seconds, Stopping threads took: 0.0000370 seconds
2020-06-27T17:15:20.525+0100: 22.785: Total time for which application threads were stopped: 0.0000502 seconds, Stopping threads took: 0.0000133 seconds
2020-06-27T17:15:20.525+0100: 22.785: Total time for which application threads were stopped: 0.0000509 seconds, Stopping threads took: 0.0000147 seconds
2020-06-27T17:15:20.525+0100: 22.785: Total time for which application threads were stopped: 0.0000505 seconds, Stopping threads took: 0.0000147 seconds
2020-06-27T17:15:20.525+0100: 22.786: Total time for which application threads were stopped: 0.0000482 seconds, Stopping threads took: 0.0000127 seconds
2020-06-27T17:15:20.525+0100: 22.786: Total time for which application threads were stopped: 0.0000517 seconds, Stopping threads took: 0.0000162 seconds
2020-06-27T17:15:20.525+0100: 22.786: Total time for which application threads were stopped: 0.0000502 seconds, Stopping threads took: 0.0000148 seconds
2020-06-27T17:15:20.526+0100: 22.786: Total time for which application threads were stopped: 0.0000957 seconds, Stopping threads took: 0.0000479 seconds
2020-06-27T17:15:20.526+0100: 22.786: Total time for which application threads were stopped: 0.0000636 seconds, Stopping threads took: 0.0000217 seconds
2020-06-27T17:15:20.526+0100: 22.786: Total time for which application threads were stopped: 0.0000554 seconds, Stopping threads took: 0.0000151 seconds
2020-06-27T17:15:20.526+0100: 22.786: Total time for which application threads were stopped: 0.0001425 seconds, Stopping threads took: 0.0000975 seconds
2020-06-27T17:15:20.526+0100: 22.787: Total time for which application threads were stopped: 0.0001865 seconds, Stopping threads took: 0.0001420 seconds
2020-06-27T17:15:20.526+0100: 22.787: Total time for which application threads were stopped: 0.0000614 seconds, Stopping threads took: 0.0000158 seconds
2020-06-27T17:15:20.526+0100: 22.787: Total time for which application threads were stopped: 0.0000556 seconds, Stopping threads took: 0.0000142 seconds
2020-06-27T17:15:20.527+0100: 22.787: Total time for which application threads were stopped: 0.0000687 seconds, Stopping threads took: 0.0000179 seconds
2020-06-27T17:15:20.527+0100: 22.787: Total time for which application threads were stopped: 0.0000560 seconds, Stopping threads took: 0.0000143 seconds
2020-06-27T17:15:20.527+0100: 22.787: Total time for which application threads were stopped: 0.0001057 seconds, Stopping threads took: 0.0000140 seconds
2020-06-27T17:15:20.527+0100: 22.787: Total time for which application threads were stopped: 0.0000886 seconds, Stopping threads took: 0.0000371 seconds
2020-06-27T17:15:20.527+0100: 22.788: Total time for which application threads were stopped: 0.0000806 seconds, Stopping threads took: 0.0000350 seconds
2020-06-27T17:15:20.527+0100: 22.788: Total time for which application threads were stopped: 0.0001252 seconds, Stopping threads took: 0.0000341 seconds
2020-06-27T17:15:20.528+0100: 22.788: Total time for which application threads were stopped: 0.0000557 seconds, Stopping threads took: 0.0000124 seconds
2020-06-27T17:15:20.528+0100: 22.788: Total time for which application threads were stopped: 0.0000500 seconds, Stopping threads took: 0.0000081 seconds
2020-06-27T17:15:20.528+0100: 22.788: Total time for which application threads were stopped: 0.0000514 seconds, Stopping threads took: 0.0000098 seconds
2020-06-27T17:15:20.528+0100: 22.788: Total time for which application threads were stopped: 0.0000521 seconds, Stopping threads took: 0.0000098 seconds
2020-06-27T17:15:20.528+0100: 22.789: Total time for which application threads were stopped: 0.0000578 seconds, Stopping threads took: 0.0000111 seconds
2020-06-27T17:15:20.529+0100: 22.789: Total time for which application threads were stopped: 0.0000513 seconds, Stopping threads took: 0.0000103 seconds
2020-06-27T17:15:20.529+0100: 22.790: Total time for which application threads were stopped: 0.0000506 seconds, Stopping threads took: 0.0000212 seconds
2020-06-27T17:15:20.530+0100: 22.790: Total time for which application threads were stopped: 0.0000849 seconds, Stopping threads took: 0.0000429 seconds
2020-06-27T17:15:20.530+0100: 22.790: Total time for which application threads were stopped: 0.0000557 seconds, Stopping threads took: 0.0000174 seconds
2020-06-27T17:15:20.530+0100: 22.790: Total time for which application threads were stopped: 0.0000530 seconds, Stopping threads took: 0.0000178 seconds
2020-06-27T17:15:20.530+0100: 22.790: Total time for which application threads were stopped: 0.0000416 seconds, Stopping threads took: 0.0000166 seconds
2020-06-27T17:15:20.530+0100: 22.790: Total time for which application threads were stopped: 0.0000628 seconds, Stopping threads took: 0.0000355 seconds
2020-06-27T17:15:20.530+0100: 22.791: Total time for which application threads were stopped: 0.0000602 seconds, Stopping threads took: 0.0000336 seconds
2020-06-27T17:15:20.530+0100: 22.791: Total time for which application threads were stopped: 0.0000622 seconds, Stopping threads took: 0.0000362 seconds
2020-06-27T17:15:20.530+0100: 22.791: Total time for which application threads were stopped: 0.0001059 seconds, Stopping threads took: 0.0000771 seconds
2020-06-27T17:15:20.531+0100: 22.791: Total time for which application threads were stopped: 0.0000684 seconds, Stopping threads took: 0.0000423 seconds
2020-06-27T17:15:20.531+0100: 22.791: Total time for which application threads were stopped: 0.0000345 seconds, Stopping threads took: 0.0000102 seconds
2020-06-27T17:15:20.531+0100: 22.791: Total time for which application threads were stopped: 0.0000334 seconds, Stopping threads took: 0.0000098 seconds
2020-06-27T17:15:20.531+0100: 22.791: Total time for which application threads were stopped: 0.0000330 seconds, Stopping threads took: 0.0000096 seconds
2020-06-27T17:15:20.531+0100: 22.791: Total time for which application threads were stopped: 0.0000326 seconds, Stopping threads took: 0.0000098 seconds
2020-06-27T17:15:20.531+0100: 22.791: Total time for which application threads were stopped: 0.0000335 seconds, Stopping threads took: 0.0000098 seconds
2020-06-27T17:15:20.531+0100: 22.791: Total time for which application threads were stopped: 0.0000335 seconds, Stopping threads took: 0.0000096 seconds
2020-06-27T17:15:20.531+0100: 22.792: Total time for which application threads were stopped: 0.0000330 seconds, Stopping threads took: 0.0000099 seconds
2020-06-27T17:15:20.531+0100: 22.792: Total time for which application threads were stopped: 0.0000326 seconds, Stopping threads took: 0.0000097 seconds
2020-06-27T17:15:20.531+0100: 22.792: Total time for which application threads were stopped: 0.0000324 seconds, Stopping threads took: 0.0000095 seconds
2020-06-27T17:15:20.531+0100: 22.792: Total time for which application threads were stopped: 0.0000988 seconds, Stopping threads took: 0.0000098 seconds
2020-06-27T17:15:20.536+0100: 22.796: Total time for which application threads were stopped: 0.0000915 seconds, Stopping threads took: 0.0000238 seconds
2020-06-27T17:15:20.547+0100: 22.807: Total time for which application threads were stopped: 0.0000748 seconds, Stopping threads took: 0.0000273 seconds
2020-06-27T17:15:20.573+0100: 22.833: Total time for which application threads were stopped: 0.0001046 seconds, Stopping threads took: 0.0000334 seconds
2020-06-27T17:15:20.581+0100: 22.842: Total time for which application threads were stopped: 0.0001036 seconds, Stopping threads took: 0.0000211 seconds
2020-06-27T17:15:20.965+0100: 23.225: Total time for which application threads were stopped: 0.0003369 seconds, Stopping threads took: 0.0000372 seconds
2020-06-27T17:15:20.970+0100: 23.231: Total time for which application threads were stopped: 0.0000763 seconds, Stopping threads took: 0.0000338 seconds
2020-06-27T17:15:21.023+0100: 23.283: Total time for which application threads were stopped: 0.0001046 seconds, Stopping threads took: 0.0000513 seconds
2020-06-27T17:15:21.395+0100: 23.655: Total time for which application threads were stopped: 0.0002966 seconds, Stopping threads took: 0.0000228 seconds
2020-06-27T17:15:22.053+0100: 24.313: Total time for which application threads were stopped: 0.0000573 seconds, Stopping threads took: 0.0000201 seconds
2020-06-27T17:15:22.144+0100: 24.404: Total time for which application threads were stopped: 0.0000806 seconds, Stopping threads took: 0.0000303 seconds
2020-06-27T17:15:22.214+0100: 24.475: Total time for which application threads were stopped: 0.0000655 seconds, Stopping threads took: 0.0000190 seconds
2020-06-27T17:15:22.231+0100: 24.491: Total time for which application threads were stopped: 0.0001091 seconds, Stopping threads took: 0.0000566 seconds
2020-06-27T17:15:22.253+0100: 24.514: Total time for which application threads were stopped: 0.0001063 seconds, Stopping threads took: 0.0000352 seconds
2020-06-27T17:15:22.257+0100: 24.518: Total time for which application threads were stopped: 0.0001168 seconds, Stopping threads took: 0.0000392 seconds
2020-06-27T17:15:22.283+0100: 24.544: Total time for which application threads were stopped: 0.0000926 seconds, Stopping threads took: 0.0000344 seconds
2020-06-27T17:15:22.328+0100: 24.589: Total time for which application threads were stopped: 0.0000920 seconds, Stopping threads took: 0.0000269 seconds
2020-06-27T17:15:22.427+0100: 24.688: Total time for which application threads were stopped: 0.0000769 seconds, Stopping threads took: 0.0000274 seconds
2020-06-27T17:15:22.671+0100: 24.931: Total time for which application threads were stopped: 0.0001670 seconds, Stopping threads took: 0.0001161 seconds
2020-06-27T17:15:22.671+0100: 24.931: [CMS-concurrent-abortable-preclean: 1.017/3.394 secs] [Times: user=2.55 sys=0.22, real=3.39 secs] 
2020-06-27T17:15:22.671+0100: 24.931: [GC (CMS Final Remark) [YG occupancy: 60775 K (109248 K)]{Heap before GC invocations=2 (full 1):
 par new generation   total 109248K, used 60775K [0x00000000e0000000, 0x00000000e8000000, 0x00000000e8000000)
  eden space 87424K,  54% used [0x00000000e0000000, 0x00000000e2e81a48, 0x00000000e5560000)
  from space 21824K,  60% used [0x00000000e5560000, 0x00000000e6238280, 0x00000000e6ab0000)
  to   space 21824K,   0% used [0x00000000e6ab0000, 0x00000000e6ab0000, 0x00000000e8000000)
 concurrent mark-sweep generation total 393216K, used 0K [0x00000000e8000000, 0x0000000100000000, 0x0000000100000000)
 Metaspace       used 26925K, capacity 27499K, committed 27860K, reserved 1073152K
  class space    used 3373K, capacity 3546K, committed 3580K, reserved 1048576K
2020-06-27T17:15:22.671+0100: 24.931: [GC (CMS Final Remark) 2020-06-27T17:15:22.671+0100: 24.931: [ParNew
Desired survivor size 20112992 bytes, new threshold 8 (max 8)
- age   1:    5370120 bytes,    5370120 total
- age   2:    1066432 bytes,    6436552 total
- age   3:    5459376 bytes,   11895928 total
: 60775K->18848K(109248K), 0.0100523 secs] 60775K->18848K(502464K), 0.0100975 secs] [Times: user=0.06 sys=0.00, real=0.01 secs] 
Heap after GC invocations=3 (full 1):
 par new generation   total 109248K, used 18848K [0x00000000e0000000, 0x00000000e8000000, 0x00000000e8000000)
  eden space 87424K,   0% used [0x00000000e0000000, 0x00000000e0000000, 0x00000000e5560000)
  from space 21824K,  86% used [0x00000000e6ab0000, 0x00000000e7d18300, 0x00000000e8000000)
  to   space 21824K,   0% used [0x00000000e5560000, 0x00000000e5560000, 0x00000000e6ab0000)
 concurrent mark-sweep generation total 393216K, used 0K [0x00000000e8000000, 0x0000000100000000, 0x0000000100000000)
 Metaspace       used 26925K, capacity 27499K, committed 27860K, reserved 1073152K
  class space    used 3373K, capacity 3546K, committed 3580K, reserved 1048576K
}
2020-06-27T17:15:22.681+0100: 24.942: [Rescan (parallel) , 0.0027258 secs]2020-06-27T17:15:22.684+0100: 24.944: [weak refs processing, 0.0015999 secs]2020-06-27T17:15:22.685+0100: 24.946: [class unloading, 0.0027601 secs]2020-06-27T17:15:22.688+0100: 24.949: [scrub symbol table, 0.0032296 secs]2020-06-27T17:15:22.691+0100: 24.952: [scrub string table, 0.0002675 secs][1 CMS-remark: 0K(393216K)] 18848K(502464K), 0.0217877 secs] [Times: user=0.06 sys=0.00, real=0.02 secs] 
2020-06-27T17:15:22.693+0100: 24.953: Total time for which application threads were stopped: 0.0218812 seconds, Stopping threads took: 0.0000328 seconds
2020-06-27T17:15:22.693+0100: 24.953: [CMS-concurrent-sweep-start]
2020-06-27T17:15:22.693+0100: 24.953: [CMS-concurrent-sweep: 0.000/0.000 secs] [Times: user=0.00 sys=0.00, real=0.00 secs] 
2020-06-27T17:15:22.693+0100: 24.953: [CMS-concurrent-reset-start]
2020-06-27T17:15:22.694+0100: 24.954: Total time for which application threads were stopped: 0.0001384 seconds, Stopping threads took: 0.0000626 seconds
2020-06-27T17:15:22.694+0100: 24.955: Total time for which application threads were stopped: 0.0001573 seconds, Stopping threads took: 0.0000882 seconds
2020-06-27T17:15:22.695+0100: 24.956: Total time for which application threads were stopped: 0.0000947 seconds, Stopping threads took: 0.0000206 seconds
2020-06-27T17:15:22.696+0100: 24.957: [CMS-concurrent-reset: 0.003/0.004 secs] [Times: user=0.02 sys=0.00, real=0.00 secs] 
2020-06-27T17:15:22.701+0100: 24.962: Total time for which application threads were stopped: 0.0001434 seconds, Stopping threads took: 0.0000432 seconds
2020-06-27T17:15:22.702+0100: 24.962: Total time for which application threads were stopped: 0.0001736 seconds, Stopping threads took: 0.0000281 seconds
2020-06-27T17:15:22.702+0100: 24.963: Total time for which application threads were stopped: 0.0000825 seconds, Stopping threads took: 0.0000155 seconds
2020-06-27T17:15:22.702+0100: 24.963: Total time for which application threads were stopped: 0.0000951 seconds, Stopping threads took: 0.0000168 seconds
2020-06-27T17:15:22.702+0100: 24.963: Total time for which application threads were stopped: 0.0000961 seconds, Stopping threads took: 0.0000367 seconds
2020-06-27T17:15:22.775+0100: 25.036: Total time for which application threads were stopped: 0.0002993 seconds, Stopping threads took: 0.0000318 seconds
2020-06-27T17:15:23.776+0100: 26.036: Total time for which application threads were stopped: 0.0000956 seconds, Stopping threads took: 0.0000271 seconds
2020-06-27T17:15:23.807+0100: 26.068: Total time for which application threads were stopped: 0.0001153 seconds, Stopping threads took: 0.0000371 seconds
2020-06-27T17:15:23.808+0100: 26.068: Total time for which application threads were stopped: 0.0001731 seconds, Stopping threads took: 0.0001185 seconds
2020-06-27T17:15:23.808+0100: 26.068: Total time for which application threads were stopped: 0.0001644 seconds, Stopping threads took: 0.0001166 seconds
2020-06-27T17:15:23.808+0100: 26.069: Total time for which application threads were stopped: 0.0000501 seconds, Stopping threads took: 0.0000110 seconds
2020-06-27T17:15:24.023+0100: 26.284: Total time for which application threads were stopped: 0.0000906 seconds, Stopping threads took: 0.0000246 seconds
2020-06-27T17:15:24.023+0100: 26.284: Total time for which application threads were stopped: 0.0001026 seconds, Stopping threads took: 0.0000566 seconds
2020-06-27T17:15:24.024+0100: 26.285: Total time for which application threads were stopped: 0.0001346 seconds, Stopping threads took: 0.0000867 seconds
2020-06-27T17:15:24.024+0100: 26.285: Total time for which application threads were stopped: 0.0000557 seconds, Stopping threads took: 0.0000160 seconds
2020-06-27T17:15:24.024+0100: 26.285: Total time for which application threads were stopped: 0.0002789 seconds, Stopping threads took: 0.0002324 seconds
2020-06-27T17:15:24.024+0100: 26.285: Total time for which application threads were stopped: 0.0000951 seconds, Stopping threads took: 0.0000462 seconds
2020-06-27T17:15:24.025+0100: 26.285: Total time for which application threads were stopped: 0.0001099 seconds, Stopping threads took: 0.0000674 seconds
2020-06-27T17:15:24.025+0100: 26.286: Total time for which application threads were stopped: 0.0001726 seconds, Stopping threads took: 0.0001289 seconds
2020-06-27T17:15:24.025+0100: 26.286: Total time for which application threads were stopped: 0.0000694 seconds, Stopping threads took: 0.0000137 seconds
2020-06-27T17:15:24.025+0100: 26.286: Total time for which application threads were stopped: 0.0000712 seconds, Stopping threads took: 0.0000235 seconds
2020-06-27T17:15:24.026+0100: 26.287: Total time for which application threads were stopped: 0.0000778 seconds, Stopping threads took: 0.0000187 seconds
2020-06-27T17:15:24.026+0100: 26.287: Total time for which application threads were stopped: 0.0000673 seconds, Stopping threads took: 0.0000161 seconds
2020-06-27T17:15:24.026+0100: 26.287: Total time for which application threads were stopped: 0.0001617 seconds, Stopping threads took: 0.0001074 seconds
2020-06-27T17:15:24.026+0100: 26.287: Total time for which application threads were stopped: 0.0000833 seconds, Stopping threads took: 0.0000332 seconds
2020-06-27T17:15:24.027+0100: 26.288: Total time for which application threads were stopped: 0.0000941 seconds, Stopping threads took: 0.0000265 seconds
2020-06-27T17:15:24.027+0100: 26.288: Total time for which application threads were stopped: 0.0000945 seconds, Stopping threads took: 0.0000409 seconds
2020-06-27T17:15:24.028+0100: 26.289: Total time for which application threads were stopped: 0.0001973 seconds, Stopping threads took: 0.0001246 seconds
2020-06-27T17:15:24.028+0100: 26.289: Total time for which application threads were stopped: 0.0001986 seconds, Stopping threads took: 0.0001264 seconds
2020-06-27T17:15:24.029+0100: 26.290: Total time for which application threads were stopped: 0.0000981 seconds, Stopping threads took: 0.0000241 seconds
2020-06-27T17:15:24.029+0100: 26.290: Total time for which application threads were stopped: 0.0001490 seconds, Stopping threads took: 0.0000749 seconds
2020-06-27T17:15:24.029+0100: 26.290: Total time for which application threads were stopped: 0.0001145 seconds, Stopping threads took: 0.0000297 seconds
2020-06-27T17:15:24.030+0100: 26.291: Total time for which application threads were stopped: 0.0002808 seconds, Stopping threads took: 0.0000691 seconds
2020-06-27T17:15:24.031+0100: 26.291: Total time for which application threads were stopped: 0.0001266 seconds, Stopping threads took: 0.0000471 seconds
2020-06-27T17:15:24.031+0100: 26.292: Total time for which application threads were stopped: 0.0001360 seconds, Stopping threads took: 0.0000659 seconds
2020-06-27T17:15:24.031+0100: 26.292: Total time for which application threads were stopped: 0.0001374 seconds, Stopping threads took: 0.0000448 seconds
2020-06-27T17:15:24.031+0100: 26.292: Total time for which application threads were stopped: 0.0000929 seconds, Stopping threads took: 0.0000450 seconds
2020-06-27T17:15:24.032+0100: 26.293: Total time for which application threads were stopped: 0.0000884 seconds, Stopping threads took: 0.0000320 seconds
2020-06-27T17:15:24.033+0100: 26.294: Total time for which application threads were stopped: 0.0001609 seconds, Stopping threads took: 0.0000790 seconds
2020-06-27T17:15:24.033+0100: 26.294: Total time for which application threads were stopped: 0.0001223 seconds, Stopping threads took: 0.0000603 seconds
2020-06-27T17:15:24.034+0100: 26.295: Total time for which application threads were stopped: 0.0001930 seconds, Stopping threads took: 0.0000661 seconds
2020-06-27T17:15:24.034+0100: 26.295: Total time for which application threads were stopped: 0.0001015 seconds, Stopping threads took: 0.0000501 seconds
2020-06-27T17:15:24.037+0100: 26.298: Total time for which application threads were stopped: 0.0001849 seconds, Stopping threads took: 0.0000447 seconds
2020-06-27T17:15:24.117+0100: 26.378: Total time for which application threads were stopped: 0.0001815 seconds, Stopping threads took: 0.0000648 seconds
2020-06-27T17:15:24.118+0100: 26.379: Total time for which application threads were stopped: 0.0001399 seconds, Stopping threads took: 0.0000549 seconds
2020-06-27T17:15:24.118+0100: 26.379: Total time for which application threads were stopped: 0.0000873 seconds, Stopping threads took: 0.0000262 seconds
2020-06-27T17:15:24.119+0100: 26.380: Total time for which application threads were stopped: 0.0000882 seconds, Stopping threads took: 0.0000258 seconds
2020-06-27T17:15:24.139+0100: 26.400: Total time for which application threads were stopped: 0.0001463 seconds, Stopping threads took: 0.0000456 seconds
2020-06-27T17:15:24.140+0100: 26.401: Total time for which application threads were stopped: 0.0001174 seconds, Stopping threads took: 0.0000564 seconds
2020-06-27T17:15:24.144+0100: 26.405: Total time for which application threads were stopped: 0.0001795 seconds, Stopping threads took: 0.0001142 seconds
2020-06-27T17:15:24.144+0100: 26.405: Total time for which application threads were stopped: 0.0000864 seconds, Stopping threads took: 0.0000297 seconds
2020-06-27T17:15:24.146+0100: 26.407: Total time for which application threads were stopped: 0.0000984 seconds, Stopping threads took: 0.0000295 seconds
2020-06-27T17:15:24.169+0100: 26.430: Total time for which application threads were stopped: 0.0006307 seconds, Stopping threads took: 0.0005075 seconds
2020-06-27T17:15:24.170+0100: 26.430: Total time for which application threads were stopped: 0.0002424 seconds, Stopping threads took: 0.0001306 seconds
2020-06-27T17:15:24.173+0100: 26.434: Total time for which application threads were stopped: 0.0001596 seconds, Stopping threads took: 0.0000421 seconds
2020-06-27T17:15:24.174+0100: 26.435: Total time for which application threads were stopped: 0.0002904 seconds, Stopping threads took: 0.0000405 seconds
2020-06-27T17:15:24.176+0100: 26.437: Total time for which application threads were stopped: 0.0001240 seconds, Stopping threads took: 0.0000400 seconds
2020-06-27T17:15:24.178+0100: 26.439: Total time for which application threads were stopped: 0.0002100 seconds, Stopping threads took: 0.0000827 seconds
2020-06-27T17:15:24.178+0100: 26.439: Total time for which application threads were stopped: 0.0001298 seconds, Stopping threads took: 0.0000336 seconds
2020-06-27T17:15:24.179+0100: 26.440: Total time for which application threads were stopped: 0.0001275 seconds, Stopping threads took: 0.0000351 seconds
2020-06-27T17:15:24.179+0100: 26.440: Total time for which application threads were stopped: 0.0001333 seconds, Stopping threads took: 0.0000442 seconds
2020-06-27T17:15:24.180+0100: 26.441: Total time for which application threads were stopped: 0.0001002 seconds, Stopping threads took: 0.0000174 seconds
2020-06-27T17:15:25.505+0100: 27.765: Total time for which application threads were stopped: 0.0001163 seconds, Stopping threads took: 0.0000330 seconds
2020-06-27T17:15:25.519+0100: 27.779: Total time for which application threads were stopped: 0.0000967 seconds, Stopping threads took: 0.0000229 seconds
2020-06-27T17:15:25.519+0100: 27.780: Total time for which application threads were stopped: 0.0000619 seconds, Stopping threads took: 0.0000125 seconds
2020-06-27T17:15:25.519+0100: 27.780: Total time for which application threads were stopped: 0.0000551 seconds, Stopping threads took: 0.0000114 seconds
2020-06-27T17:15:25.519+0100: 27.780: Total time for which application threads were stopped: 0.0000543 seconds, Stopping threads took: 0.0000111 seconds
2020-06-27T17:15:25.626+0100: 27.886: Total time for which application threads were stopped: 0.0001761 seconds, Stopping threads took: 0.0000994 seconds
2020-06-27T17:15:25.626+0100: 27.886: Total time for which application threads were stopped: 0.0001588 seconds, Stopping threads took: 0.0001113 seconds
2020-06-27T17:15:25.626+0100: 27.886: Total time for which application threads were stopped: 0.0000587 seconds, Stopping threads took: 0.0000188 seconds
2020-06-27T17:15:25.626+0100: 27.887: Total time for which application threads were stopped: 0.0000614 seconds, Stopping threads took: 0.0000208 seconds
2020-06-27T17:15:25.627+0100: 27.887: Total time for which application threads were stopped: 0.0000544 seconds, Stopping threads took: 0.0000134 seconds
2020-06-27T17:15:25.628+0100: 27.888: Total time for which application threads were stopped: 0.0000608 seconds, Stopping threads took: 0.0000148 seconds
2020-06-27T17:15:25.657+0100: 27.917: Total time for which application threads were stopped: 0.0000873 seconds, Stopping threads took: 0.0000303 seconds
2020-06-27T17:15:25.657+0100: 27.917: Total time for which application threads were stopped: 0.0000836 seconds, Stopping threads took: 0.0000483 seconds
2020-06-27T17:15:26.262+0100: 28.522: Total time for which application threads were stopped: 0.0000669 seconds, Stopping threads took: 0.0000230 seconds
2020-06-27T17:15:26.262+0100: 28.522: Total time for which application threads were stopped: 0.0000512 seconds, Stopping threads took: 0.0000140 seconds
2020-06-27T17:15:26.262+0100: 28.522: Total time for which application threads were stopped: 0.0000414 seconds, Stopping threads took: 0.0000126 seconds
2020-06-27T17:15:26.262+0100: 28.522: Total time for which application threads were stopped: 0.0000350 seconds, Stopping threads took: 0.0000110 seconds
2020-06-27T17:15:26.263+0100: 28.523: Total time for which application threads were stopped: 0.0000538 seconds, Stopping threads took: 0.0000213 seconds
2020-06-27T17:15:26.263+0100: 28.523: Total time for which application threads were stopped: 0.0001271 seconds, Stopping threads took: 0.0000900 seconds
2020-06-27T17:15:26.284+0100: 28.544: Total time for which application threads were stopped: 0.0000577 seconds, Stopping threads took: 0.0000209 seconds
2020-06-27T17:15:26.289+0100: 28.549: Total time for which application threads were stopped: 0.0000734 seconds, Stopping threads took: 0.0000182 seconds
2020-06-27T17:15:26.289+0100: 28.549: Total time for which application threads were stopped: 0.0000497 seconds, Stopping threads took: 0.0000139 seconds
2020-06-27T17:15:26.289+0100: 28.549: Total time for which application threads were stopped: 0.0000377 seconds, Stopping threads took: 0.0000125 seconds
2020-06-27T17:15:26.289+0100: 28.550: Total time for which application threads were stopped: 0.0000366 seconds, Stopping threads took: 0.0000113 seconds
2020-06-27T17:15:26.290+0100: 28.550: Total time for which application threads were stopped: 0.0000370 seconds, Stopping threads took: 0.0000133 seconds
2020-06-27T17:15:26.290+0100: 28.551: Total time for which application threads were stopped: 0.0000422 seconds, Stopping threads took: 0.0000127 seconds
2020-06-27T17:15:26.291+0100: 28.551: Total time for which application threads were stopped: 0.0000373 seconds, Stopping threads took: 0.0000108 seconds
2020-06-27T17:15:26.291+0100: 28.551: Total time for which application threads were stopped: 0.0000369 seconds, Stopping threads took: 0.0000114 seconds
2020-06-27T17:15:26.291+0100: 28.551: Total time for which application threads were stopped: 0.0000369 seconds, Stopping threads took: 0.0000114 seconds
2020-06-27T17:15:26.292+0100: 28.553: Total time for which application threads were stopped: 0.0000514 seconds, Stopping threads took: 0.0000157 seconds
2020-06-27T17:15:26.294+0100: 28.554: Total time for which application threads were stopped: 0.0000446 seconds, Stopping threads took: 0.0000138 seconds
2020-06-27T17:15:26.294+0100: 28.554: Total time for which application threads were stopped: 0.0000355 seconds, Stopping threads took: 0.0000116 seconds
2020-06-27T17:15:26.302+0100: 28.562: Total time for which application threads were stopped: 0.0000650 seconds, Stopping threads took: 0.0000210 seconds
2020-06-27T17:15:26.302+0100: 28.562: Total time for which application threads were stopped: 0.0000406 seconds, Stopping threads took: 0.0000116 seconds
2020-06-27T17:15:26.302+0100: 28.562: Total time for which application threads were stopped: 0.0000375 seconds, Stopping threads took: 0.0000115 seconds
2020-06-27T17:15:26.302+0100: 28.563: Total time for which application threads were stopped: 0.0000374 seconds, Stopping threads took: 0.0000114 seconds
2020-06-27T17:15:26.303+0100: 28.563: Total time for which application threads were stopped: 0.0002646 seconds, Stopping threads took: 0.0000198 seconds
2020-06-27T17:15:26.331+0100: 28.591: Total time for which application threads were stopped: 0.0000590 seconds, Stopping threads took: 0.0000206 seconds
2020-06-27T17:15:26.429+0100: 28.690: Total time for which application threads were stopped: 0.0000660 seconds, Stopping threads took: 0.0000246 seconds
2020-06-27T17:15:26.429+0100: 28.690: Total time for which application threads were stopped: 0.0000584 seconds, Stopping threads took: 0.0000162 seconds
2020-06-27T17:15:26.430+0100: 28.691: Total time for which application threads were stopped: 0.0000430 seconds, Stopping threads took: 0.0000126 seconds
2020-06-27T17:15:26.430+0100: 28.691: Total time for which application threads were stopped: 0.0000393 seconds, Stopping threads took: 0.0000113 seconds
2020-06-27T17:15:26.435+0100: 28.696: Total time for which application threads were stopped: 0.0000839 seconds, Stopping threads took: 0.0000253 seconds
2020-06-27T17:15:26.437+0100: 28.698: Total time for which application threads were stopped: 0.0000584 seconds, Stopping threads took: 0.0000211 seconds
2020-06-27T17:15:26.437+0100: 28.698: Total time for which application threads were stopped: 0.0000490 seconds, Stopping threads took: 0.0000233 seconds
2020-06-27T17:15:26.437+0100: 28.698: Total time for which application threads were stopped: 0.0000695 seconds, Stopping threads took: 0.0000253 seconds
2020-06-27T17:15:26.446+0100: 28.707: Total time for which application threads were stopped: 0.0000672 seconds, Stopping threads took: 0.0000239 seconds
2020-06-27T17:15:26.461+0100: 28.722: Total time for which application threads were stopped: 0.0000713 seconds, Stopping threads took: 0.0000211 seconds
2020-06-27T17:15:26.461+0100: 28.722: Total time for which application threads were stopped: 0.0000415 seconds, Stopping threads took: 0.0000126 seconds
2020-06-27T17:15:26.463+0100: 28.724: Total time for which application threads were stopped: 0.0001548 seconds, Stopping threads took: 0.0001156 seconds
2020-06-27T17:15:26.463+0100: 28.724: Total time for which application threads were stopped: 0.0000442 seconds, Stopping threads took: 0.0000178 seconds
2020-06-27T17:15:26.463+0100: 28.724: Total time for which application threads were stopped: 0.0001430 seconds, Stopping threads took: 0.0001138 seconds
2020-06-27T17:15:26.463+0100: 28.724: Total time for which application threads were stopped: 0.0000380 seconds, Stopping threads took: 0.0000143 seconds
2020-06-27T17:15:26.466+0100: 28.727: Total time for which application threads were stopped: 0.0001103 seconds, Stopping threads took: 0.0000374 seconds
2020-06-27T17:15:26.467+0100: 28.728: Total time for which application threads were stopped: 0.0000692 seconds, Stopping threads took: 0.0000261 seconds
2020-06-27T17:15:26.467+0100: 28.728: Total time for which application threads were stopped: 0.0001817 seconds, Stopping threads took: 0.0000195 seconds
2020-06-27T17:15:26.472+0100: 28.733: Total time for which application threads were stopped: 0.0000783 seconds, Stopping threads took: 0.0000316 seconds
2020-06-27T17:15:26.472+0100: 28.733: Total time for which application threads were stopped: 0.0000440 seconds, Stopping threads took: 0.0000177 seconds
2020-06-27T17:15:26.472+0100: 28.733: Total time for which application threads were stopped: 0.0000399 seconds, Stopping threads took: 0.0000151 seconds
2020-06-27T17:15:26.473+0100: 28.734: Total time for which application threads were stopped: 0.0002046 seconds, Stopping threads took: 0.0000200 seconds
2020-06-27T17:15:26.473+0100: 28.734: Total time for which application threads were stopped: 0.0000477 seconds, Stopping threads took: 0.0000139 seconds
2020-06-27T17:15:26.473+0100: 28.734: Total time for which application threads were stopped: 0.0000521 seconds, Stopping threads took: 0.0000189 seconds
2020-06-27T17:15:26.546+0100: 28.807: Total time for which application threads were stopped: 0.0033408 seconds, Stopping threads took: 0.0032892 seconds
2020-06-27T17:15:26.546+0100: 28.807: Total time for which application threads were stopped: 0.0001510 seconds, Stopping threads took: 0.0001148 seconds
2020-06-27T17:15:26.665+0100: 28.925: Total time for which application threads were stopped: 0.0001035 seconds, Stopping threads took: 0.0000353 seconds
2020-06-27T17:15:26.760+0100: 29.021: Total time for which application threads were stopped: 0.0000620 seconds, Stopping threads took: 0.0000205 seconds
2020-06-27T17:15:26.761+0100: 29.022: Total time for which application threads were stopped: 0.0000412 seconds, Stopping threads took: 0.0000142 seconds
2020-06-27T17:15:26.761+0100: 29.022: Total time for which application threads were stopped: 0.0000517 seconds, Stopping threads took: 0.0000163 seconds
2020-06-27T17:15:26.762+0100: 29.022: Total time for which application threads were stopped: 0.0000583 seconds, Stopping threads took: 0.0000121 seconds
2020-06-27T17:15:26.762+0100: 29.023: Total time for which application threads were stopped: 0.0000439 seconds, Stopping threads took: 0.0000139 seconds
2020-06-27T17:15:26.762+0100: 29.023: Total time for which application threads were stopped: 0.0000359 seconds, Stopping threads took: 0.0000119 seconds
2020-06-27T17:15:26.762+0100: 29.023: Total time for which application threads were stopped: 0.0000361 seconds, Stopping threads took: 0.0000116 seconds
2020-06-27T17:15:26.762+0100: 29.023: Total time for which application threads were stopped: 0.0000868 seconds, Stopping threads took: 0.0000585 seconds
2020-06-27T17:15:26.763+0100: 29.024: Total time for which application threads were stopped: 0.0001602 seconds, Stopping threads took: 0.0001331 seconds
2020-06-27T17:15:26.763+0100: 29.024: Total time for which application threads were stopped: 0.0000652 seconds, Stopping threads took: 0.0000384 seconds
2020-06-27T17:15:26.763+0100: 29.024: Total time for which application threads were stopped: 0.0000390 seconds, Stopping threads took: 0.0000155 seconds
2020-06-27T17:15:26.763+0100: 29.024: Total time for which application threads were stopped: 0.0000417 seconds, Stopping threads took: 0.0000168 seconds
2020-06-27T17:15:26.763+0100: 29.024: Total time for which application threads were stopped: 0.0000702 seconds, Stopping threads took: 0.0000401 seconds
2020-06-27T17:15:26.764+0100: 29.024: Total time for which application threads were stopped: 0.0000431 seconds, Stopping threads took: 0.0000131 seconds
2020-06-27T17:15:26.764+0100: 29.025: Total time for which application threads were stopped: 0.0000335 seconds, Stopping threads took: 0.0000111 seconds
2020-06-27T17:15:26.764+0100: 29.025: Total time for which application threads were stopped: 0.0000361 seconds, Stopping threads took: 0.0000116 seconds
2020-06-27T17:15:26.764+0100: 29.025: Total time for which application threads were stopped: 0.0000367 seconds, Stopping threads took: 0.0000116 seconds
2020-06-27T17:15:26.764+0100: 29.025: Total time for which application threads were stopped: 0.0000359 seconds, Stopping threads took: 0.0000115 seconds
2020-06-27T17:15:26.765+0100: 29.025: Total time for which application threads were stopped: 0.0000510 seconds, Stopping threads took: 0.0000253 seconds
2020-06-27T17:15:26.765+0100: 29.026: Total time for which application threads were stopped: 0.0001354 seconds, Stopping threads took: 0.0001101 seconds
2020-06-27T17:15:26.765+0100: 29.026: Total time for which application threads were stopped: 0.0001284 seconds, Stopping threads took: 0.0001039 seconds
2020-06-27T17:15:26.765+0100: 29.026: Total time for which application threads were stopped: 0.0000355 seconds, Stopping threads took: 0.0000134 seconds
2020-06-27T17:15:26.765+0100: 29.026: Total time for which application threads were stopped: 0.0000361 seconds, Stopping threads took: 0.0000136 seconds
2020-06-27T17:15:26.766+0100: 29.026: Total time for which application threads were stopped: 0.0000643 seconds, Stopping threads took: 0.0000366 seconds
2020-06-27T17:15:26.766+0100: 29.027: Total time for which application threads were stopped: 0.0001269 seconds, Stopping threads took: 0.0001012 seconds
2020-06-27T17:15:26.789+0100: 29.050: Total time for which application threads were stopped: 0.0000629 seconds, Stopping threads took: 0.0000200 seconds
2020-06-27T17:15:26.790+0100: 29.051: Total time for which application threads were stopped: 0.0001549 seconds, Stopping threads took: 0.0000128 seconds
2020-06-27T17:15:26.855+0100: 29.116: Total time for which application threads were stopped: 0.0001043 seconds, Stopping threads took: 0.0000401 seconds
2020-06-27T17:15:26.946+0100: 29.207: Total time for which application threads were stopped: 0.0000801 seconds, Stopping threads took: 0.0000285 seconds
2020-06-27T17:15:27.010+0100: 29.271: Total time for which application threads were stopped: 0.0001362 seconds, Stopping threads took: 0.0000757 seconds
2020-06-27T17:15:27.010+0100: 29.271: Total time for which application threads were stopped: 0.0000757 seconds, Stopping threads took: 0.0000219 seconds
2020-06-27T17:15:27.010+0100: 29.271: Total time for which application threads were stopped: 0.0000876 seconds, Stopping threads took: 0.0000189 seconds
2020-06-27T17:15:27.011+0100: 29.272: Total time for which application threads were stopped: 0.0001629 seconds, Stopping threads took: 0.0001140 seconds
2020-06-27T17:15:27.011+0100: 29.272: Total time for which application threads were stopped: 0.0001626 seconds, Stopping threads took: 0.0001114 seconds
2020-06-27T17:15:27.136+0100: 29.397: Total time for which application threads were stopped: 0.0000630 seconds, Stopping threads took: 0.0000221 seconds
2020-06-27T17:15:27.137+0100: 29.398: Total time for which application threads were stopped: 0.0000554 seconds, Stopping threads took: 0.0000259 seconds
2020-06-27T17:15:27.140+0100: 29.401: Total time for which application threads were stopped: 0.0000898 seconds, Stopping threads took: 0.0000458 seconds
2020-06-27T17:15:27.144+0100: 29.404: Total time for which application threads were stopped: 0.0001052 seconds, Stopping threads took: 0.0000449 seconds
{Heap before GC invocations=3 (full 1):
 par new generation   total 109248K, used 106272K [0x00000000e0000000, 0x00000000e8000000, 0x00000000e8000000)
  eden space 87424K, 100% used [0x00000000e0000000, 0x00000000e5560000, 0x00000000e5560000)
  from space 21824K,  86% used [0x00000000e6ab0000, 0x00000000e7d18300, 0x00000000e8000000)
  to   space 21824K,   0% used [0x00000000e5560000, 0x00000000e5560000, 0x00000000e6ab0000)
 concurrent mark-sweep generation total 393216K, used 0K [0x00000000e8000000, 0x0000000100000000, 0x0000000100000000)
 Metaspace       used 30777K, capacity 31531K, committed 31828K, reserved 1077248K
  class space    used 3900K, capacity 4122K, committed 4220K, reserved 1048576K
2020-06-27T17:15:27.357+0100: 29.618: [GC (Allocation Failure) 2020-06-27T17:15:27.357+0100: 29.618: [ParNew
Desired survivor size 20112992 bytes, new threshold 8 (max 8)
- age   1:    5314568 bytes,    5314568 total
- age   2:    3021824 bytes,    8336392 total
- age   3:    1008808 bytes,    9345200 total
- age   4:    5318840 bytes,   14664040 total
: 106272K->17095K(109248K), 0.0107541 secs] 106272K->17095K(502464K), 0.0108402 secs] [Times: user=0.06 sys=0.00, real=0.01 secs] 
Heap after GC invocations=4 (full 1):
 par new generation   total 109248K, used 17095K [0x00000000e0000000, 0x00000000e8000000, 0x00000000e8000000)
  eden space 87424K,   0% used [0x00000000e0000000, 0x00000000e0000000, 0x00000000e5560000)
  from space 21824K,  78% used [0x00000000e5560000, 0x00000000e6611fa8, 0x00000000e6ab0000)
  to   space 21824K,   0% used [0x00000000e6ab0000, 0x00000000e6ab0000, 0x00000000e8000000)
 concurrent mark-sweep generation total 393216K, used 0K [0x00000000e8000000, 0x0000000100000000, 0x0000000100000000)
 Metaspace       used 30777K, capacity 31531K, committed 31828K, reserved 1077248K
  class space    used 3900K, capacity 4122K, committed 4220K, reserved 1048576K
}
2020-06-27T17:15:27.368+0100: 29.629: Total time for which application threads were stopped: 0.0110981 seconds, Stopping threads took: 0.0000656 seconds
2020-06-27T17:15:27.369+0100: 29.630: Total time for which application threads were stopped: 0.0000986 seconds, Stopping threads took: 0.0000632 seconds
2020-06-27T17:15:27.370+0100: 29.631: Total time for which application threads were stopped: 0.0002420 seconds, Stopping threads took: 0.0000780 seconds
2020-06-27T17:15:27.541+0100: 29.801: Total time for which application threads were stopped: 0.0003004 seconds, Stopping threads took: 0.0000266 seconds
2020-06-27T17:15:27.592+0100: 29.853: Total time for which application threads were stopped: 0.0004472 seconds, Stopping threads took: 0.0000258 seconds
2020-06-27T17:15:27.651+0100: 29.911: Total time for which application threads were stopped: 0.0000951 seconds, Stopping threads took: 0.0000224 seconds
2020-06-27T17:15:27.740+0100: 30.001: Total time for which application threads were stopped: 0.0001928 seconds, Stopping threads took: 0.0001182 seconds
2020-06-27T17:15:27.742+0100: 30.003: Total time for which application threads were stopped: 0.0000609 seconds, Stopping threads took: 0.0000286 seconds
2020-06-27T17:15:27.768+0100: 30.028: Total time for which application threads were stopped: 0.0000926 seconds, Stopping threads took: 0.0000210 seconds
2020-06-27T17:15:27.965+0100: 30.225: Total time for which application threads were stopped: 0.0001469 seconds, Stopping threads took: 0.0000935 seconds
2020-06-27T17:15:27.965+0100: 30.226: Total time for which application threads were stopped: 0.0000610 seconds, Stopping threads took: 0.0000232 seconds
2020-06-27T17:15:27.965+0100: 30.226: Total time for which application threads were stopped: 0.0001198 seconds, Stopping threads took: 0.0000864 seconds
2020-06-27T17:15:27.965+0100: 30.226: Total time for which application threads were stopped: 0.0000805 seconds, Stopping threads took: 0.0000486 seconds
2020-06-27T17:15:27.966+0100: 30.226: Total time for which application threads were stopped: 0.0000786 seconds, Stopping threads took: 0.0000447 seconds
2020-06-27T17:15:27.966+0100: 30.226: Total time for which application threads were stopped: 0.0001324 seconds, Stopping threads took: 0.0001009 seconds
2020-06-27T17:15:27.966+0100: 30.227: Total time for which application threads were stopped: 0.0000535 seconds, Stopping threads took: 0.0000237 seconds
2020-06-27T17:15:27.966+0100: 30.227: Total time for which application threads were stopped: 0.0000490 seconds, Stopping threads took: 0.0000201 seconds
2020-06-27T17:15:28.065+0100: 30.326: Total time for which application threads were stopped: 0.0000748 seconds, Stopping threads took: 0.0000235 seconds
2020-06-27T17:15:28.066+0100: 30.326: Total time for which application threads were stopped: 0.0000570 seconds, Stopping threads took: 0.0000204 seconds
2020-06-27T17:15:28.066+0100: 30.326: Total time for which application threads were stopped: 0.0000341 seconds, Stopping threads took: 0.0000113 seconds
2020-06-27T17:15:28.066+0100: 30.326: Total time for which application threads were stopped: 0.0000337 seconds, Stopping threads took: 0.0000112 seconds
2020-06-27T17:15:28.066+0100: 30.327: Total time for which application threads were stopped: 0.0000341 seconds, Stopping threads took: 0.0000111 seconds
2020-06-27T17:15:28.066+0100: 30.327: Total time for which application threads were stopped: 0.0000936 seconds, Stopping threads took: 0.0000113 seconds
2020-06-27T17:15:28.067+0100: 30.327: Total time for which application threads were stopped: 0.0000341 seconds, Stopping threads took: 0.0000112 seconds
2020-06-27T17:15:28.067+0100: 30.327: Total time for which application threads were stopped: 0.0000341 seconds, Stopping threads took: 0.0000113 seconds
2020-06-27T17:15:28.067+0100: 30.328: Total time for which application threads were stopped: 0.0001133 seconds, Stopping threads took: 0.0000845 seconds
2020-06-27T17:15:28.068+0100: 30.328: Total time for which application threads were stopped: 0.0002172 seconds, Stopping threads took: 0.0000812 seconds
2020-06-27T17:15:28.177+0100: 30.438: Total time for which application threads were stopped: 0.0000611 seconds, Stopping threads took: 0.0000210 seconds
2020-06-27T17:15:28.178+0100: 30.438: Total time for which application threads were stopped: 0.0000480 seconds, Stopping threads took: 0.0000273 seconds
2020-06-27T17:15:28.178+0100: 30.438: Total time for which application threads were stopped: 0.0000337 seconds, Stopping threads took: 0.0000115 seconds
{Heap before GC invocations=4 (full 1):
 par new generation   total 109248K, used 104519K [0x00000000e0000000, 0x00000000e8000000, 0x00000000e8000000)
  eden space 87424K, 100% used [0x00000000e0000000, 0x00000000e5560000, 0x00000000e5560000)
  from space 21824K,  78% used [0x00000000e5560000, 0x00000000e6611fa8, 0x00000000e6ab0000)
  to   space 21824K,   0% used [0x00000000e6ab0000, 0x00000000e6ab0000, 0x00000000e8000000)
 concurrent mark-sweep generation total 393216K, used 0K [0x00000000e8000000, 0x0000000100000000, 0x0000000100000000)
 Metaspace       used 32362K, capacity 33197K, committed 33364K, reserved 1079296K
  class space    used 4093K, capacity 4359K, committed 4476K, reserved 1048576K
2020-06-27T17:15:28.421+0100: 30.682: [GC (Allocation Failure) 2020-06-27T17:15:28.433+0100: 30.694: [ParNew
Desired survivor size 20112992 bytes, new threshold 8 (max 8)
- age   1:    2319624 bytes,    2319624 total
- age   2:    2156144 bytes,    4475768 total
- age   3:    3001216 bytes,    7476984 total
- age   4:     999832 bytes,    8476816 total
- age   5:    5316392 bytes,   13793208 total
: 104519K->21095K(109248K), 0.0110471 secs] 104519K->21095K(502464K), 0.0231536 secs] [Times: user=0.03 sys=0.03, real=0.02 secs] 
Heap after GC invocations=5 (full 1):
 par new generation   total 109248K, used 21095K [0x00000000e0000000, 0x00000000e8000000, 0x00000000e8000000)
  eden space 87424K,   0% used [0x00000000e0000000, 0x00000000e0000000, 0x00000000e5560000)
  from space 21824K,  96% used [0x00000000e6ab0000, 0x00000000e7f49d80, 0x00000000e8000000)
  to   space 21824K,   0% used [0x00000000e5560000, 0x00000000e5560000, 0x00000000e6ab0000)
 concurrent mark-sweep generation total 393216K, used 0K [0x00000000e8000000, 0x0000000100000000, 0x0000000100000000)
 Metaspace       used 32362K, capacity 33197K, committed 33364K, reserved 1079296K
  class space    used 4093K, capacity 4359K, committed 4476K, reserved 1048576K
}
2020-06-27T17:15:28.444+0100: 30.705: Total time for which application threads were stopped: 0.0233626 seconds, Stopping threads took: 0.0000241 seconds
2020-06-27T17:15:28.490+0100: 30.751: Total time for which application threads were stopped: 0.0001401 seconds, Stopping threads took: 0.0000700 seconds
{Heap before GC invocations=5 (full 1):
 par new generation   total 109248K, used 108519K [0x00000000e0000000, 0x00000000e8000000, 0x00000000e8000000)
  eden space 87424K, 100% used [0x00000000e0000000, 0x00000000e5560000, 0x00000000e5560000)
  from space 21824K,  96% used [0x00000000e6ab0000, 0x00000000e7f49d80, 0x00000000e8000000)
  to   space 21824K,   0% used [0x00000000e5560000, 0x00000000e5560000, 0x00000000e6ab0000)
 concurrent mark-sweep generation total 393216K, used 0K [0x00000000e8000000, 0x0000000100000000, 0x0000000100000000)
 Metaspace       used 32748K, capacity 33579K, committed 33876K, reserved 1079296K
  class space    used 4142K, capacity 4398K, committed 4476K, reserved 1048576K
2020-06-27T17:15:28.670+0100: 30.931: [GC (Allocation Failure) 2020-06-27T17:15:28.670+0100: 30.931: [ParNew
Desired survivor size 20112992 bytes, new threshold 8 (max 8)
- age   1:     586008 bytes,     586008 total
- age   2:    1020240 bytes,    1606248 total
- age   3:    2138640 bytes,    3744888 total
- age   4:    3001088 bytes,    6745976 total
- age   5:     998320 bytes,    7744296 total
- age   6:    5317192 bytes,   13061488 total
: 108519K->16289K(109248K), 0.0098326 secs] 108519K->16289K(502464K), 0.0099192 secs] [Times: user=0.06 sys=0.00, real=0.01 secs] 
Heap after GC invocations=6 (full 1):
 par new generation   total 109248K, used 16289K [0x00000000e0000000, 0x00000000e8000000, 0x00000000e8000000)
  eden space 87424K,   0% used [0x00000000e0000000, 0x00000000e0000000, 0x00000000e5560000)
  from space 21824K,  74% used [0x00000000e5560000, 0x00000000e6548460, 0x00000000e6ab0000)
  to   space 21824K,   0% used [0x00000000e6ab0000, 0x00000000e6ab0000, 0x00000000e8000000)
 concurrent mark-sweep generation total 393216K, used 0K [0x00000000e8000000, 0x0000000100000000, 0x0000000100000000)
 Metaspace       used 32748K, capacity 33579K, committed 33876K, reserved 1079296K
  class space    used 4142K, capacity 4398K, committed 4476K, reserved 1048576K
}
2020-06-27T17:15:28.680+0100: 30.941: Total time for which application threads were stopped: 0.0101103 seconds, Stopping threads took: 0.0000363 seconds
2020-06-27T17:15:28.784+0100: 31.045: Total time for which application threads were stopped: 0.0000721 seconds, Stopping threads took: 0.0000217 seconds
2020-06-27T17:15:28.788+0100: 31.049: Total time for which application threads were stopped: 0.0000756 seconds, Stopping threads took: 0.0000277 seconds
2020-06-27T17:15:28.810+0100: 31.070: Total time for which application threads were stopped: 0.0000730 seconds, Stopping threads took: 0.0000223 seconds
2020-06-27T17:15:28.810+0100: 31.071: Total time for which application threads were stopped: 0.0000532 seconds, Stopping threads took: 0.0000136 seconds
2020-06-27T17:15:28.992+0100: 31.253: Total time for which application threads were stopped: 0.0001696 seconds, Stopping threads took: 0.0000730 seconds
2020-06-27T17:15:29.202+0100: 31.463: Total time for which application threads were stopped: 0.0003983 seconds, Stopping threads took: 0.0000358 seconds
2020-06-27T17:15:29.788+0100: 32.049: Total time for which application threads were stopped: 0.0001491 seconds, Stopping threads took: 0.0000739 seconds
2020-06-27T17:15:29.828+0100: 32.088: Total time for which application threads were stopped: 0.0000850 seconds, Stopping threads took: 0.0000380 seconds
2020-06-27T17:15:29.828+0100: 32.088: Total time for which application threads were stopped: 0.0000586 seconds, Stopping threads took: 0.0000252 seconds
2020-06-27T17:15:29.828+0100: 32.088: Total time for which application threads were stopped: 0.0000499 seconds, Stopping threads took: 0.0000200 seconds
2020-06-27T17:15:29.833+0100: 32.093: Total time for which application threads were stopped: 0.0001227 seconds, Stopping threads took: 0.0000727 seconds
2020-06-27T17:15:29.833+0100: 32.093: Total time for which application threads were stopped: 0.0000841 seconds, Stopping threads took: 0.0000463 seconds
2020-06-27T17:15:29.852+0100: 32.112: Total time for which application threads were stopped: 0.0005469 seconds, Stopping threads took: 0.0000571 seconds
2020-06-27T17:15:29.959+0100: 32.219: Total time for which application threads were stopped: 0.0001137 seconds, Stopping threads took: 0.0000360 seconds
{Heap before GC invocations=6 (full 1):
 par new generation   total 109248K, used 103713K [0x00000000e0000000, 0x00000000e8000000, 0x00000000e8000000)
  eden space 87424K, 100% used [0x00000000e0000000, 0x00000000e5560000, 0x00000000e5560000)
  from space 21824K,  74% used [0x00000000e5560000, 0x00000000e6548460, 0x00000000e6ab0000)
  to   space 21824K,   0% used [0x00000000e6ab0000, 0x00000000e6ab0000, 0x00000000e8000000)
 concurrent mark-sweep generation total 393216K, used 0K [0x00000000e8000000, 0x0000000100000000, 0x0000000100000000)
 Metaspace       used 36068K, capacity 36973K, committed 37204K, reserved 1081344K
  class space    used 4585K, capacity 4879K, committed 4988K, reserved 1048576K
2020-06-27T17:15:30.236+0100: 32.496: [GC (Allocation Failure) 2020-06-27T17:15:30.236+0100: 32.496: [ParNew
Desired survivor size 20112992 bytes, new threshold 8 (max 8)
- age   1:    4133160 bytes,    4133160 total
- age   2:     168744 bytes,    4301904 total
- age   3:     441368 bytes,    4743272 total
- age   4:    2132280 bytes,    6875552 total
- age   5:    2998936 bytes,    9874488 total
- age   6:     993232 bytes,   10867720 total
- age   7:    5312552 bytes,   16180272 total
: 103713K->21814K(109248K), 0.0113166 secs] 103713K->21814K(502464K), 0.0113871 secs] [Times: user=0.06 sys=0.00, real=0.01 secs] 
Heap after GC invocations=7 (full 1):
 par new generation   total 109248K, used 21814K [0x00000000e0000000, 0x00000000e8000000, 0x00000000e8000000)
  eden space 87424K,   0% used [0x00000000e0000000, 0x00000000e0000000, 0x00000000e5560000)
  from space 21824K,  99% used [0x00000000e6ab0000, 0x00000000e7ffdb00, 0x00000000e8000000)
  to   space 21824K,   0% used [0x00000000e5560000, 0x00000000e5560000, 0x00000000e6ab0000)
 concurrent mark-sweep generation total 393216K, used 0K [0x00000000e8000000, 0x0000000100000000, 0x0000000100000000)
 Metaspace       used 36068K, capacity 36973K, committed 37204K, reserved 1081344K
  class space    used 4585K, capacity 4879K, committed 4988K, reserved 1048576K
}
2020-06-27T17:15:30.247+0100: 32.508: Total time for which application threads were stopped: 0.0115570 seconds, Stopping threads took: 0.0000308 seconds
2020-06-27T17:15:30.286+0100: 32.547: Total time for which application threads were stopped: 0.0000694 seconds, Stopping threads took: 0.0000314 seconds
2020-06-27T17:15:30.287+0100: 32.547: Total time for which application threads were stopped: 0.0000638 seconds, Stopping threads took: 0.0000178 seconds
2020-06-27T17:15:30.324+0100: 32.585: Total time for which application threads were stopped: 0.0000899 seconds, Stopping threads took: 0.0000364 seconds
2020-06-27T17:15:30.381+0100: 32.642: Total time for which application threads were stopped: 0.0000886 seconds, Stopping threads took: 0.0000352 seconds
2020-06-27T17:15:30.479+0100: 32.740: Total time for which application threads were stopped: 0.0000816 seconds, Stopping threads took: 0.0000215 seconds
{Heap before GC invocations=7 (full 1):
 par new generation   total 109248K, used 109238K [0x00000000e0000000, 0x00000000e8000000, 0x00000000e8000000)
  eden space 87424K, 100% used [0x00000000e0000000, 0x00000000e5560000, 0x00000000e5560000)
  from space 21824K,  99% used [0x00000000e6ab0000, 0x00000000e7ffdb00, 0x00000000e8000000)
  to   space 21824K,   0% used [0x00000000e5560000, 0x00000000e5560000, 0x00000000e6ab0000)
 concurrent mark-sweep generation total 393216K, used 0K [0x00000000e8000000, 0x0000000100000000, 0x0000000100000000)
 Metaspace       used 38050K, capacity 39025K, committed 39252K, reserved 1083392K
  class space    used 4865K, capacity 5127K, committed 5244K, reserved 1048576K
2020-06-27T17:15:30.710+0100: 32.971: [GC (Allocation Failure) 2020-06-27T17:15:30.710+0100: 32.971: [ParNew
Desired survivor size 20112992 bytes, new threshold 8 (max 8)
- age   1:    4103952 bytes,    4103952 total
- age   2:    1306784 bytes,    5410736 total
- age   3:     167064 bytes,    5577800 total
- age   4:     436808 bytes,    6014608 total
- age   5:    2085560 bytes,    8100168 total
- age   6:    2990520 bytes,   11090688 total
- age   7:     977920 bytes,   12068608 total
- age   8:    5303504 bytes,   17372112 total
: 109238K->21630K(109248K), 0.0138010 secs] 109238K->21630K(502464K), 0.0138639 secs] [Times: user=0.00 sys=0.00, real=0.01 secs] 
Heap after GC invocations=8 (full 1):
 par new generation   total 109248K, used 21630K [0x00000000e0000000, 0x00000000e8000000, 0x00000000e8000000)
  eden space 87424K,   0% used [0x00000000e0000000, 0x00000000e0000000, 0x00000000e5560000)
  from space 21824K,  99% used [0x00000000e5560000, 0x00000000e6a7fa30, 0x00000000e6ab0000)
  to   space 21824K,   0% used [0x00000000e6ab0000, 0x00000000e6ab0000, 0x00000000e8000000)
 concurrent mark-sweep generation total 393216K, used 0K [0x00000000e8000000, 0x0000000100000000, 0x0000000100000000)
 Metaspace       used 38050K, capacity 39025K, committed 39252K, reserved 1083392K
  class space    used 4865K, capacity 5127K, committed 5244K, reserved 1048576K
}
2020-06-27T17:15:30.724+0100: 32.985: Total time for which application threads were stopped: 0.0140305 seconds, Stopping threads took: 0.0000217 seconds
2020-06-27T17:15:30.754+0100: 33.014: Total time for which application threads were stopped: 0.0001278 seconds, Stopping threads took: 0.0000461 seconds
2020-06-27T17:15:31.354+0100: 33.615: Total time for which application threads were stopped: 0.0003679 seconds, Stopping threads took: 0.0000260 seconds
2020-06-27T17:15:31.497+0100: 33.757: Total time for which application threads were stopped: 0.0004117 seconds, Stopping threads took: 0.0000200 seconds
2020-06-27T17:15:31.586+0100: 33.847: Total time for which application threads were stopped: 0.0003951 seconds, Stopping threads took: 0.0000234 seconds
2020-06-27T17:15:31.675+0100: 33.936: Total time for which application threads were stopped: 0.0000885 seconds, Stopping threads took: 0.0000321 seconds
2020-06-27T17:15:31.676+0100: 33.937: Total time for which application threads were stopped: 0.0001139 seconds, Stopping threads took: 0.0000588 seconds
2020-06-27T17:15:32.676+0100: 34.937: Total time for which application threads were stopped: 0.0000745 seconds, Stopping threads took: 0.0000269 seconds
2020-06-27T17:16:12.325+0100: 74.586: Total time for which application threads were stopped: 0.0001001 seconds, Stopping threads took: 0.0000318 seconds
2020-06-27T17:16:24.333+0100: 86.593: Total time for which application threads were stopped: 0.0000656 seconds, Stopping threads took: 0.0000253 seconds
2020-06-27T17:16:24.612+0100: 86.872: Total time for which application threads were stopped: 0.0001098 seconds, Stopping threads took: 0.0000361 seconds
2020-06-27T17:16:24.643+0100: 86.904: Total time for which application threads were stopped: 0.0001322 seconds, Stopping threads took: 0.0000695 seconds
2020-06-27T17:16:25.643+0100: 87.903: Total time for which application threads were stopped: 0.0000899 seconds, Stopping threads took: 0.0000263 seconds
2020-06-27T17:16:26.380+0100: 88.641: Total time for which application threads were stopped: 0.0004044 seconds, Stopping threads took: 0.0000223 seconds
2020-06-27T17:16:26.391+0100: 88.651: Total time for which application threads were stopped: 0.0000577 seconds, Stopping threads took: 0.0000201 seconds
2020-06-27T17:16:27.391+0100: 89.651: Total time for which application threads were stopped: 0.0000855 seconds, Stopping threads took: 0.0000294 seconds
2020-06-27T17:17:26.418+0100: 148.678: Total time for which application threads were stopped: 0.0001319 seconds, Stopping threads took: 0.0000496 seconds
2020-06-27T17:17:27.418+0100: 149.678: Total time for which application threads were stopped: 0.0001372 seconds, Stopping threads took: 0.0000449 seconds
2020-06-27T17:18:19.062+0100: 201.323: Total time for which application threads were stopped: 0.0000753 seconds, Stopping threads took: 0.0000255 seconds
2020-06-27T17:18:19.062+0100: 201.323: Total time for which application threads were stopped: 0.0000423 seconds, Stopping threads took: 0.0000118 seconds
2020-06-27T17:18:19.063+0100: 201.323: Total time for which application threads were stopped: 0.0000350 seconds, Stopping threads took: 0.0000115 seconds
2020-06-27T17:18:19.063+0100: 201.323: Total time for which application threads were stopped: 0.0000327 seconds, Stopping threads took: 0.0000094 seconds
2020-06-27T17:18:19.063+0100: 201.323: Total time for which application threads were stopped: 0.0000582 seconds, Stopping threads took: 0.0000117 seconds
2020-06-27T17:18:19.109+0100: 201.369: Total time for which application threads were stopped: 0.0000684 seconds, Stopping threads took: 0.0000221 seconds
2020-06-27T17:18:19.172+0100: 201.432: Total time for which application threads were stopped: 0.0008044 seconds, Stopping threads took: 0.0007366 seconds
2020-06-27T17:18:19.183+0100: 201.443: Total time for which application threads were stopped: 0.0000788 seconds, Stopping threads took: 0.0000289 seconds
2020-06-27T17:18:19.190+0100: 201.451: Total time for which application threads were stopped: 0.0000655 seconds, Stopping threads took: 0.0000255 seconds
2020-06-27T17:18:19.196+0100: 201.456: Total time for which application threads were stopped: 0.0000635 seconds, Stopping threads took: 0.0000252 seconds
2020-06-27T17:18:19.453+0100: 201.714: Total time for which application threads were stopped: 0.0001066 seconds, Stopping threads took: 0.0000373 seconds
2020-06-27T17:18:19.454+0100: 201.715: Total time for which application threads were stopped: 0.0000773 seconds, Stopping threads took: 0.0000345 seconds
2020-06-27T17:18:19.454+0100: 201.715: Total time for which application threads were stopped: 0.0000557 seconds, Stopping threads took: 0.0000233 seconds
2020-06-27T17:18:19.454+0100: 201.715: Total time for which application threads were stopped: 0.0000508 seconds, Stopping threads took: 0.0000203 seconds
2020-06-27T17:18:19.455+0100: 201.715: Total time for which application threads were stopped: 0.0000481 seconds, Stopping threads took: 0.0000190 seconds
2020-06-27T17:18:19.457+0100: 201.717: Total time for which application threads were stopped: 0.0000799 seconds, Stopping threads took: 0.0000360 seconds
2020-06-27T17:18:19.457+0100: 201.718: Total time for which application threads were stopped: 0.0000621 seconds, Stopping threads took: 0.0000253 seconds
2020-06-27T17:18:19.457+0100: 201.718: Total time for which application threads were stopped: 0.0000529 seconds, Stopping threads took: 0.0000215 seconds
2020-06-27T17:18:19.461+0100: 201.721: Total time for which application threads were stopped: 0.0000978 seconds, Stopping threads took: 0.0000480 seconds
2020-06-27T17:18:19.461+0100: 201.721: Total time for which application threads were stopped: 0.0000579 seconds, Stopping threads took: 0.0000230 seconds
2020-06-27T17:18:19.472+0100: 201.733: Total time for which application threads were stopped: 0.0000856 seconds, Stopping threads took: 0.0000392 seconds
2020-06-27T17:18:19.478+0100: 201.739: Total time for which application threads were stopped: 0.0001205 seconds, Stopping threads took: 0.0000726 seconds
{Heap before GC invocations=8 (full 1):
 par new generation   total 109248K, used 109054K [0x00000000e0000000, 0x00000000e8000000, 0x00000000e8000000)
  eden space 87424K, 100% used [0x00000000e0000000, 0x00000000e5560000, 0x00000000e5560000)
  from space 21824K,  99% used [0x00000000e5560000, 0x00000000e6a7fa30, 0x00000000e6ab0000)
  to   space 21824K,   0% used [0x00000000e6ab0000, 0x00000000e6ab0000, 0x00000000e8000000)
 concurrent mark-sweep generation total 393216K, used 0K [0x00000000e8000000, 0x0000000100000000, 0x0000000100000000)
 Metaspace       used 41780K, capacity 43091K, committed 43348K, reserved 1087488K
  class space    used 5340K, capacity 5676K, committed 5756K, reserved 1048576K
2020-06-27T17:18:19.555+0100: 201.815: [GC (Allocation Failure) 2020-06-27T17:18:19.555+0100: 201.815: [ParNew
Desired survivor size 20112992 bytes, new threshold 7 (max 8)
- age   1:   11612960 bytes,   11612960 total
- age   2:    1904848 bytes,   13517808 total
- age   3:    1297000 bytes,   14814808 total
- age   4:     166968 bytes,   14981776 total
- age   5:     435752 bytes,   15417528 total
- age   6:    2034952 bytes,   17452480 total
- age   7:    2989528 bytes,   20442008 total
- age   8:     974840 bytes,   21416848 total
: 109054K->21824K(109248K), 0.0379967 secs] 109054K->27867K(502464K), 0.0380681 secs] [Times: user=0.09 sys=0.01, real=0.04 secs] 
Heap after GC invocations=9 (full 1):
 par new generation   total 109248K, used 21824K [0x00000000e0000000, 0x00000000e8000000, 0x00000000e8000000)
  eden space 87424K,   0% used [0x00000000e0000000, 0x00000000e0000000, 0x00000000e5560000)
  from space 21824K, 100% used [0x00000000e6ab0000, 0x00000000e8000000, 0x00000000e8000000)
  to   space 21824K,   0% used [0x00000000e5560000, 0x00000000e5560000, 0x00000000e6ab0000)
 concurrent mark-sweep generation total 393216K, used 6043K [0x00000000e8000000, 0x0000000100000000, 0x0000000100000000)
 Metaspace       used 41780K, capacity 43091K, committed 43348K, reserved 1087488K
  class space    used 5340K, capacity 5676K, committed 5756K, reserved 1048576K
}
2020-06-27T17:18:19.593+0100: 201.853: Total time for which application threads were stopped: 0.0383009 seconds, Stopping threads took: 0.0000781 seconds
2020-06-27T17:18:19.593+0100: 201.854: Total time for which application threads were stopped: 0.0001278 seconds, Stopping threads took: 0.0000781 seconds
2020-06-27T17:18:20.111+0100: 202.371: Total time for which application threads were stopped: 0.0001245 seconds, Stopping threads took: 0.0000668 seconds
2020-06-27T17:18:20.117+0100: 202.378: Total time for which application threads were stopped: 0.0004717 seconds, Stopping threads took: 0.0000633 seconds
2020-06-27T17:18:20.607+0100: 202.867: Total time for which application threads were stopped: 0.0006302 seconds, Stopping threads took: 0.0000553 seconds
2020-06-27T17:18:20.959+0100: 203.220: Total time for which application threads were stopped: 0.0006129 seconds, Stopping threads took: 0.0004835 seconds
2020-06-27T17:18:20.983+0100: 203.244: Total time for which application threads were stopped: 0.0006339 seconds, Stopping threads took: 0.0000842 seconds
2020-06-27T17:18:21.305+0100: 203.565: Total time for which application threads were stopped: 0.0001635 seconds, Stopping threads took: 0.0000724 seconds
2020-06-27T17:18:21.305+0100: 203.565: Total time for which application threads were stopped: 0.0000988 seconds, Stopping threads took: 0.0000536 seconds
2020-06-27T17:18:21.305+0100: 203.566: Total time for which application threads were stopped: 0.0000812 seconds, Stopping threads took: 0.0000541 seconds
2020-06-27T17:18:21.350+0100: 203.611: Total time for which application threads were stopped: 0.0001031 seconds, Stopping threads took: 0.0000519 seconds
2020-06-27T17:18:21.424+0100: 203.684: Total time for which application threads were stopped: 0.0001470 seconds, Stopping threads took: 0.0000614 seconds
2020-06-27T17:18:21.503+0100: 203.763: Total time for which application threads were stopped: 0.0004472 seconds, Stopping threads took: 0.0000523 seconds
2020-06-27T17:18:21.511+0100: 203.771: Total time for which application threads were stopped: 0.0001245 seconds, Stopping threads took: 0.0000721 seconds
2020-06-27T17:18:21.593+0100: 203.853: [GC (CMS Initial Mark) [1 CMS-initial-mark: 6043K(393216K)] 110492K(502464K), 0.0100815 secs] [Times: user=0.06 sys=0.00, real=0.01 secs] 
2020-06-27T17:18:21.603+0100: 203.863: Total time for which application threads were stopped: 0.0102207 seconds, Stopping threads took: 0.0000524 seconds
2020-06-27T17:18:21.603+0100: 203.863: [CMS-concurrent-mark-start]
2020-06-27T17:18:21.606+0100: 203.867: [CMS-concurrent-mark: 0.003/0.003 secs] [Times: user=0.00 sys=0.00, real=0.00 secs] 
2020-06-27T17:18:21.606+0100: 203.867: [CMS-concurrent-preclean-start]
2020-06-27T17:18:21.608+0100: 203.868: [CMS-concurrent-preclean: 0.001/0.001 secs] [Times: user=0.00 sys=0.00, real=0.00 secs] 
2020-06-27T17:18:21.608+0100: 203.868: [CMS-concurrent-abortable-preclean-start]
{Heap before GC invocations=9 (full 2):
 par new generation   total 109248K, used 109248K [0x00000000e0000000, 0x00000000e8000000, 0x00000000e8000000)
  eden space 87424K, 100% used [0x00000000e0000000, 0x00000000e5560000, 0x00000000e5560000)
  from space 21824K, 100% used [0x00000000e6ab0000, 0x00000000e8000000, 0x00000000e8000000)
  to   space 21824K,   0% used [0x00000000e5560000, 0x00000000e5560000, 0x00000000e6ab0000)
 concurrent mark-sweep generation total 393216K, used 6043K [0x00000000e8000000, 0x0000000100000000, 0x0000000100000000)
 Metaspace       used 46198K, capacity 47677K, committed 47764K, reserved 1091584K
  class space    used 5832K, capacity 6213K, committed 6216K, reserved 1048576K
2020-06-27T17:18:21.638+0100: 203.899: [GC (Allocation Failure) 2020-06-27T17:18:21.638+0100: 203.899: [ParNew
Desired survivor size 20112992 bytes, new threshold 7 (max 8)
- age   1:    7752672 bytes,    7752672 total
- age   2:    8711800 bytes,   16464472 total
- age   3:    1709408 bytes,   18173880 total
- age   4:    1130080 bytes,   19303960 total
- age   5:     134744 bytes,   19438704 total
- age   6:     374848 bytes,   19813552 total
- age   7:    1950368 bytes,   21763920 total
: 109248K->21824K(109248K), 0.0256418 secs] 115291K->33309K(502464K), 0.0257140 secs] [Times: user=0.06 sys=0.02, real=0.03 secs] 
Heap after GC invocations=10 (full 2):
 par new generation   total 109248K, used 21824K [0x00000000e0000000, 0x00000000e8000000, 0x00000000e8000000)
  eden space 87424K,   0% used [0x00000000e0000000, 0x00000000e0000000, 0x00000000e5560000)
  from space 21824K, 100% used [0x00000000e5560000, 0x00000000e6ab0000, 0x00000000e6ab0000)
  to   space 21824K,   0% used [0x00000000e6ab0000, 0x00000000e6ab0000, 0x00000000e8000000)
 concurrent mark-sweep generation total 393216K, used 11485K [0x00000000e8000000, 0x0000000100000000, 0x0000000100000000)
 Metaspace       used 46198K, capacity 47677K, committed 47764K, reserved 1091584K
  class space    used 5832K, capacity 6213K, committed 6216K, reserved 1048576K
}
2020-06-27T17:18:21.664+0100: 203.924: Total time for which application threads were stopped: 0.0259570 seconds, Stopping threads took: 0.0000759 seconds
2020-06-27T17:18:21.665+0100: 203.925: Total time for which application threads were stopped: 0.0001333 seconds, Stopping threads took: 0.0000617 seconds
2020-06-27T17:18:21.667+0100: 203.927: Total time for which application threads were stopped: 0.0001584 seconds, Stopping threads took: 0.0000742 seconds
2020-06-27T17:18:21.755+0100: 204.015: Total time for which application threads were stopped: 0.0001536 seconds, Stopping threads took: 0.0000816 seconds
2020-06-27T17:18:21.854+0100: 204.114: Total time for which application threads were stopped: 0.0001261 seconds, Stopping threads took: 0.0000624 seconds
2020-06-27T17:18:21.861+0100: 204.121: Total time for which application threads were stopped: 0.0006332 seconds, Stopping threads took: 0.0000775 seconds
2020-06-27T17:18:21.921+0100: 204.181: Total time for which application threads were stopped: 0.0001534 seconds, Stopping threads took: 0.0000622 seconds
2020-06-27T17:18:21.936+0100: 204.197: Total time for which application threads were stopped: 0.0005527 seconds, Stopping threads took: 0.0000624 seconds
2020-06-27T17:18:21.938+0100: 204.198: Total time for which application threads were stopped: 0.0008954 seconds, Stopping threads took: 0.0000661 seconds
2020-06-27T17:18:21.996+0100: 204.256: Total time for which application threads were stopped: 0.0001543 seconds, Stopping threads took: 0.0000610 seconds
2020-06-27T17:18:22.350+0100: 204.610: Total time for which application threads were stopped: 0.0000986 seconds, Stopping threads took: 0.0000447 seconds
2020-06-27T17:18:22.380+0100: 204.640: Total time for which application threads were stopped: 0.0001967 seconds, Stopping threads took: 0.0000833 seconds
2020-06-27T17:18:22.647+0100: 204.907: Total time for which application threads were stopped: 0.0001111 seconds, Stopping threads took: 0.0000544 seconds
2020-06-27T17:18:22.719+0100: 204.979: Total time for which application threads were stopped: 0.0002000 seconds, Stopping threads took: 0.0001104 seconds
2020-06-27T17:18:22.886+0100: 205.146: Total time for which application threads were stopped: 0.0001831 seconds, Stopping threads took: 0.0000680 seconds
2020-06-27T17:18:22.886+0100: 205.146: [CMS-concurrent-abortable-preclean: 0.881/1.278 secs] [Times: user=3.13 sys=0.13, real=1.28 secs] 
2020-06-27T17:18:22.889+0100: 205.149: [GC (CMS Final Remark) [YG occupancy: 73447 K (109248 K)]{Heap before GC invocations=10 (full 2):
 par new generation   total 109248K, used 73447K [0x00000000e0000000, 0x00000000e8000000, 0x00000000e8000000)
  eden space 87424K,  59% used [0x00000000e0000000, 0x00000000e3269fd0, 0x00000000e5560000)
  from space 21824K, 100% used [0x00000000e5560000, 0x00000000e6ab0000, 0x00000000e6ab0000)
  to   space 21824K,   0% used [0x00000000e6ab0000, 0x00000000e6ab0000, 0x00000000e8000000)
 concurrent mark-sweep generation total 393216K, used 11485K [0x00000000e8000000, 0x0000000100000000, 0x0000000100000000)
 Metaspace       used 48827K, capacity 50319K, committed 50676K, reserved 1093632K
  class space    used 6110K, capacity 6474K, committed 6496K, reserved 1048576K
2020-06-27T17:18:22.889+0100: 205.149: [GC (CMS Final Remark) 2020-06-27T17:18:22.889+0100: 205.149: [ParNew
Desired survivor size 20112992 bytes, new threshold 4 (max 8)
- age   1:    6024704 bytes,    6024704 total
- age   2:    5232728 bytes,   11257432 total
- age   3:    7721040 bytes,   18978472 total
- age   4:    1694872 bytes,   20673344 total
- age   5:    1117056 bytes,   21790400 total
- age   6:     131776 bytes,   21922176 total
- age   7:     347200 bytes,   22269376 total
: 73447K->21824K(109248K), 0.0229699 secs] 84933K->37208K(502464K), 0.0230315 secs] [Times: user=0.06 sys=0.00, real=0.02 secs] 
Heap after GC invocations=11 (full 2):
 par new generation   total 109248K, used 21824K [0x00000000e0000000, 0x00000000e8000000, 0x00000000e8000000)
  eden space 87424K,   0% used [0x00000000e0000000, 0x00000000e0000000, 0x00000000e5560000)
  from space 21824K, 100% used [0x00000000e6ab0000, 0x00000000e8000000, 0x00000000e8000000)
  to   space 21824K,   0% used [0x00000000e5560000, 0x00000000e5560000, 0x00000000e6ab0000)
 concurrent mark-sweep generation total 393216K, used 15384K [0x00000000e8000000, 0x0000000100000000, 0x0000000100000000)
 Metaspace       used 48827K, capacity 50319K, committed 50676K, reserved 1093632K
  class space    used 6110K, capacity 6474K, committed 6496K, reserved 1048576K
}
2020-06-27T17:18:22.912+0100: 205.173: [Rescan (parallel) , 0.0067863 secs]2020-06-27T17:18:22.919+0100: 205.179: [weak refs processing, 0.0006608 secs]2020-06-27T17:18:22.920+0100: 205.180: [class unloading, 0.0094990 secs]2020-06-27T17:18:22.929+0100: 205.190: [scrub symbol table, 0.0124404 secs]2020-06-27T17:18:22.942+0100: 205.202: [scrub string table, 0.0008608 secs][1 CMS-remark: 15384K(393216K)] 37208K(502464K), 0.0549134 secs] [Times: user=0.17 sys=0.00, real=0.06 secs] 
2020-06-27T17:18:22.944+0100: 205.204: Total time for which application threads were stopped: 0.0552808 seconds, Stopping threads took: 0.0002106 seconds
2020-06-27T17:18:22.944+0100: 205.205: [CMS-concurrent-sweep-start]
2020-06-27T17:18:22.944+0100: 205.205: Total time for which application threads were stopped: 0.0001686 seconds, Stopping threads took: 0.0000546 seconds
2020-06-27T17:18:22.945+0100: 205.205: Total time for which application threads were stopped: 0.0001235 seconds, Stopping threads took: 0.0000245 seconds
2020-06-27T17:18:22.951+0100: 205.212: [CMS-concurrent-sweep: 0.007/0.007 secs] [Times: user=0.00 sys=0.00, real=0.01 secs] 
2020-06-27T17:18:22.951+0100: 205.212: [CMS-concurrent-reset-start]
2020-06-27T17:18:22.952+0100: 205.213: [CMS-concurrent-reset: 0.001/0.001 secs] [Times: user=0.00 sys=0.00, real=0.00 secs] 
2020-06-27T17:18:23.743+0100: 206.003: Total time for which application threads were stopped: 0.0002711 seconds, Stopping threads took: 0.0000674 seconds
{Heap before GC invocations=11 (full 2):
 par new generation   total 109248K, used 109248K [0x00000000e0000000, 0x00000000e8000000, 0x00000000e8000000)
  eden space 87424K, 100% used [0x00000000e0000000, 0x00000000e5560000, 0x00000000e5560000)
  from space 21824K, 100% used [0x00000000e6ab0000, 0x00000000e8000000, 0x00000000e8000000)
  to   space 21824K,   0% used [0x00000000e5560000, 0x00000000e5560000, 0x00000000e6ab0000)
 concurrent mark-sweep generation total 393216K, used 15367K [0x00000000e8000000, 0x0000000100000000, 0x0000000100000000)
 Metaspace       used 50367K, capacity 51829K, committed 52212K, reserved 1095680K
  class space    used 6260K, capacity 6635K, committed 6752K, reserved 1048576K
2020-06-27T17:18:23.789+0100: 206.049: [GC (Allocation Failure) 2020-06-27T17:18:23.789+0100: 206.049: [ParNew
Desired survivor size 20112992 bytes, new threshold 4 (max 8)
- age   1:    6836688 bytes,    6836688 total
- age   2:    4067352 bytes,   10904040 total
- age   3:    4880800 bytes,   15784840 total
- age   4:    6537568 bytes,   22322408 total
: 109248K->21824K(109248K), 0.0298791 secs] 124615K->47178K(502464K), 0.0299604 secs] [Times: user=0.08 sys=0.00, real=0.03 secs] 
Heap after GC invocations=12 (full 2):
 par new generation   total 109248K, used 21824K [0x00000000e0000000, 0x00000000e8000000, 0x00000000e8000000)
  eden space 87424K,   0% used [0x00000000e0000000, 0x00000000e0000000, 0x00000000e5560000)
  from space 21824K, 100% used [0x00000000e5560000, 0x00000000e6ab0000, 0x00000000e6ab0000)
  to   space 21824K,   0% used [0x00000000e6ab0000, 0x00000000e6ab0000, 0x00000000e8000000)
 concurrent mark-sweep generation total 393216K, used 25354K [0x00000000e8000000, 0x0000000100000000, 0x0000000100000000)
 Metaspace       used 50367K, capacity 51829K, committed 52212K, reserved 1095680K
  class space    used 6260K, capacity 6635K, committed 6752K, reserved 1048576K
}
2020-06-27T17:18:23.819+0100: 206.079: Total time for which application threads were stopped: 0.0302756 seconds, Stopping threads took: 0.0000911 seconds
2020-06-27T17:18:23.866+0100: 206.126: Total time for which application threads were stopped: 0.0001547 seconds, Stopping threads took: 0.0000683 seconds
2020-06-27T17:18:23.881+0100: 206.141: Total time for which application threads were stopped: 0.0002404 seconds, Stopping threads took: 0.0001272 seconds
2020-06-27T17:18:23.940+0100: 206.200: Total time for which application threads were stopped: 0.0001251 seconds, Stopping threads took: 0.0000726 seconds
2020-06-27T17:18:23.940+0100: 206.200: Total time for which application threads were stopped: 0.0000693 seconds, Stopping threads took: 0.0000377 seconds
2020-06-27T17:18:23.941+0100: 206.202: Total time for which application threads were stopped: 0.0001032 seconds, Stopping threads took: 0.0000539 seconds
2020-06-27T17:18:23.972+0100: 206.232: Total time for which application threads were stopped: 0.0001315 seconds, Stopping threads took: 0.0000570 seconds
2020-06-27T17:18:24.362+0100: 206.623: Total time for which application threads were stopped: 0.0011901 seconds, Stopping threads took: 0.0004487 seconds
{Heap before GC invocations=12 (full 2):
 par new generation   total 109248K, used 109248K [0x00000000e0000000, 0x00000000e8000000, 0x00000000e8000000)
  eden space 87424K, 100% used [0x00000000e0000000, 0x00000000e5560000, 0x00000000e5560000)
  from space 21824K, 100% used [0x00000000e5560000, 0x00000000e6ab0000, 0x00000000e6ab0000)
  to   space 21824K,   0% used [0x00000000e6ab0000, 0x00000000e6ab0000, 0x00000000e8000000)
 concurrent mark-sweep generation total 393216K, used 25354K [0x00000000e8000000, 0x0000000100000000, 0x0000000100000000)
 Metaspace       used 51170K, capacity 52679K, committed 52980K, reserved 1095680K
  class space    used 6336K, capacity 6702K, committed 6752K, reserved 1048576K
2020-06-27T17:18:25.147+0100: 207.407: [GC (Allocation Failure) 2020-06-27T17:18:25.147+0100: 207.407: [ParNew
Desired survivor size 20112992 bytes, new threshold 8 (max 8)
- age   1:    6236744 bytes,    6236744 total
- age   2:    4299312 bytes,   10536056 total
- age   3:    2832984 bytes,   13369040 total
- age   4:    4654536 bytes,   18023576 total
: 109248K->21824K(109248K), 0.0328986 secs] 134602K->66227K(502464K), 0.0329911 secs] [Times: user=0.06 sys=0.00, real=0.03 secs] 
Heap after GC invocations=13 (full 2):
 par new generation   total 109248K, used 21824K [0x00000000e0000000, 0x00000000e8000000, 0x00000000e8000000)
  eden space 87424K,   0% used [0x00000000e0000000, 0x00000000e0000000, 0x00000000e5560000)
  from space 21824K, 100% used [0x00000000e6ab0000, 0x00000000e8000000, 0x00000000e8000000)
  to   space 21824K,   0% used [0x00000000e5560000, 0x00000000e5560000, 0x00000000e6ab0000)
 concurrent mark-sweep generation total 393216K, used 44403K [0x00000000e8000000, 0x0000000100000000, 0x0000000100000000)
 Metaspace       used 51170K, capacity 52679K, committed 52980K, reserved 1095680K
  class space    used 6336K, capacity 6702K, committed 6752K, reserved 1048576K
}
2020-06-27T17:18:25.180+0100: 207.440: Total time for which application threads were stopped: 0.0333724 seconds, Stopping threads took: 0.0001082 seconds
2020-06-27T17:18:25.180+0100: 207.441: Total time for which application threads were stopped: 0.0001867 seconds, Stopping threads took: 0.0000946 seconds
2020-06-27T17:18:25.180+0100: 207.441: Total time for which application threads were stopped: 0.0001193 seconds, Stopping threads took: 0.0000499 seconds
2020-06-27T17:18:25.181+0100: 207.441: Total time for which application threads were stopped: 0.0001139 seconds, Stopping threads took: 0.0000554 seconds
2020-06-27T17:18:25.181+0100: 207.441: Total time for which application threads were stopped: 0.0001027 seconds, Stopping threads took: 0.0000487 seconds
{Heap before GC invocations=13 (full 2):
 par new generation   total 109248K, used 109248K [0x00000000e0000000, 0x00000000e8000000, 0x00000000e8000000)
  eden space 87424K, 100% used [0x00000000e0000000, 0x00000000e5560000, 0x00000000e5560000)
  from space 21824K, 100% used [0x00000000e6ab0000, 0x00000000e8000000, 0x00000000e8000000)
  to   space 21824K,   0% used [0x00000000e5560000, 0x00000000e5560000, 0x00000000e6ab0000)
 concurrent mark-sweep generation total 393216K, used 44403K [0x00000000e8000000, 0x0000000100000000, 0x0000000100000000)
 Metaspace       used 51237K, capacity 52743K, committed 52980K, reserved 1095680K
  class space    used 6336K, capacity 6702K, committed 6752K, reserved 1048576K
2020-06-27T17:18:25.906+0100: 208.167: [GC (Allocation Failure) 2020-06-27T17:18:25.906+0100: 208.167: [ParNew
Desired survivor size 20112992 bytes, new threshold 5 (max 8)
- age   1:    5511416 bytes,    5511416 total
- age   2:    5598888 bytes,   11110304 total
- age   3:    3830808 bytes,   14941112 total
- age   4:    2729456 bytes,   17670568 total
- age   5:    3951424 bytes,   21621992 total
: 109248K->21824K(109248K), 0.0195388 secs] 153651K->71950K(502464K), 0.0196481 secs] [Times: user=0.06 sys=0.00, real=0.02 secs] 
Heap after GC invocations=14 (full 2):
 par new generation   total 109248K, used 21824K [0x00000000e0000000, 0x00000000e8000000, 0x00000000e8000000)
  eden space 87424K,   0% used [0x00000000e0000000, 0x00000000e0000000, 0x00000000e5560000)
  from space 21824K, 100% used [0x00000000e5560000, 0x00000000e6ab0000, 0x00000000e6ab0000)
  to   space 21824K,   0% used [0x00000000e6ab0000, 0x00000000e6ab0000, 0x00000000e8000000)
 concurrent mark-sweep generation total 393216K, used 50126K [0x00000000e8000000, 0x0000000100000000, 0x0000000100000000)
 Metaspace       used 51237K, capacity 52743K, committed 52980K, reserved 1095680K
  class space    used 6336K, capacity 6702K, committed 6752K, reserved 1048576K
}
2020-06-27T17:18:25.926+0100: 208.186: Total time for which application threads were stopped: 0.0199670 seconds, Stopping threads took: 0.0000660 seconds
2020-06-27T17:18:25.926+0100: 208.187: Total time for which application threads were stopped: 0.0001957 seconds, Stopping threads took: 0.0000930 seconds
2020-06-27T17:18:25.927+0100: 208.187: Total time for which application threads were stopped: 0.0001740 seconds, Stopping threads took: 0.0000885 seconds
2020-06-27T17:18:26.122+0100: 208.383: Total time for which application threads were stopped: 0.0001437 seconds, Stopping threads took: 0.0000599 seconds
2020-06-27T17:18:26.242+0100: 208.503: Total time for which application threads were stopped: 0.0000978 seconds, Stopping threads took: 0.0000441 seconds
{Heap before GC invocations=14 (full 2):
 par new generation   total 109248K, used 109248K [0x00000000e0000000, 0x00000000e8000000, 0x00000000e8000000)
  eden space 87424K, 100% used [0x00000000e0000000, 0x00000000e5560000, 0x00000000e5560000)
  from space 21824K, 100% used [0x00000000e5560000, 0x00000000e6ab0000, 0x00000000e6ab0000)
  to   space 21824K,   0% used [0x00000000e6ab0000, 0x00000000e6ab0000, 0x00000000e8000000)
 concurrent mark-sweep generation total 393216K, used 50126K [0x00000000e8000000, 0x0000000100000000, 0x0000000100000000)
 Metaspace       used 52869K, capacity 54301K, committed 54644K, reserved 1097728K
  class space    used 6498K, capacity 6835K, committed 6880K, reserved 1048576K
2020-06-27T17:18:26.494+0100: 208.754: [GC (Allocation Failure) 2020-06-27T17:18:26.494+0100: 208.754: [ParNew
Desired survivor size 20112992 bytes, new threshold 5 (max 8)
- age   1:    3804008 bytes,    3804008 total
- age   2:    4510280 bytes,    8314288 total
- age   3:    5562240 bytes,   13876528 total
- age   4:    3830752 bytes,   17707280 total
- age   5:    2729352 bytes,   20436632 total
: 109248K->21824K(109248K), 0.0183817 secs] 159374K->76492K(502464K), 0.0184462 secs] [Times: user=0.06 sys=0.00, real=0.02 secs] 
Heap after GC invocations=15 (full 2):
 par new generation   total 109248K, used 21824K [0x00000000e0000000, 0x00000000e8000000, 0x00000000e8000000)
  eden space 87424K,   0% used [0x00000000e0000000, 0x00000000e0000000, 0x00000000e5560000)
  from space 21824K, 100% used [0x00000000e6ab0000, 0x00000000e8000000, 0x00000000e8000000)
  to   space 21824K,   0% used [0x00000000e5560000, 0x00000000e5560000, 0x00000000e6ab0000)
 concurrent mark-sweep generation total 393216K, used 54668K [0x00000000e8000000, 0x0000000100000000, 0x0000000100000000)
 Metaspace       used 52869K, capacity 54301K, committed 54644K, reserved 1097728K
  class space    used 6498K, capacity 6835K, committed 6880K, reserved 1048576K
}
2020-06-27T17:18:26.513+0100: 208.773: Total time for which application threads were stopped: 0.0187662 seconds, Stopping threads took: 0.0000790 seconds
2020-06-27T17:18:26.515+0100: 208.776: Total time for which application threads were stopped: 0.0001516 seconds, Stopping threads took: 0.0000663 seconds
2020-06-27T17:18:26.516+0100: 208.776: Total time for which application threads were stopped: 0.0001139 seconds, Stopping threads took: 0.0000508 seconds
2020-06-27T17:18:26.947+0100: 209.208: Total time for which application threads were stopped: 0.0009587 seconds, Stopping threads took: 0.0000756 seconds
2020-06-27T17:18:27.596+0100: 209.857: Total time for which application threads were stopped: 0.0007372 seconds, Stopping threads took: 0.0000701 seconds
2020-06-27T17:18:27.716+0100: 209.976: Total time for which application threads were stopped: 0.0006478 seconds, Stopping threads took: 0.0000464 seconds
{Heap before GC invocations=15 (full 2):
 par new generation   total 109248K, used 109248K [0x00000000e0000000, 0x00000000e8000000, 0x00000000e8000000)
  eden space 87424K, 100% used [0x00000000e0000000, 0x00000000e5560000, 0x00000000e5560000)
  from space 21824K, 100% used [0x00000000e6ab0000, 0x00000000e8000000, 0x00000000e8000000)
  to   space 21824K,   0% used [0x00000000e5560000, 0x00000000e5560000, 0x00000000e6ab0000)
 concurrent mark-sweep generation total 393216K, used 54668K [0x00000000e8000000, 0x0000000100000000, 0x0000000100000000)
 Metaspace       used 58204K, capacity 59659K, committed 60148K, reserved 1101824K
  class space    used 7126K, capacity 7484K, committed 7520K, reserved 1048576K
2020-06-27T17:18:27.783+0100: 210.043: [GC (Allocation Failure) 2020-06-27T17:18:27.783+0100: 210.043: [ParNew
Desired survivor size 20112992 bytes, new threshold 5 (max 8)
- age   1:    6551864 bytes,    6551864 total
- age   2:    2447568 bytes,    8999432 total
- age   3:    4377912 bytes,   13377344 total
- age   4:    5274888 bytes,   18652232 total
- age   5:    3644120 bytes,   22296352 total
: 109248K->21824K(109248K), 0.0187073 secs] 163916K->80654K(502464K), 0.0188082 secs] [Times: user=0.06 sys=0.00, real=0.02 secs] 
Heap after GC invocations=16 (full 2):
 par new generation   total 109248K, used 21824K [0x00000000e0000000, 0x00000000e8000000, 0x00000000e8000000)
  eden space 87424K,   0% used [0x00000000e0000000, 0x00000000e0000000, 0x00000000e5560000)
  from space 21824K, 100% used [0x00000000e5560000, 0x00000000e6ab0000, 0x00000000e6ab0000)
  to   space 21824K,   0% used [0x00000000e6ab0000, 0x00000000e6ab0000, 0x00000000e8000000)
 concurrent mark-sweep generation total 393216K, used 58830K [0x00000000e8000000, 0x0000000100000000, 0x0000000100000000)
 Metaspace       used 58204K, capacity 59659K, committed 60148K, reserved 1101824K
  class space    used 7126K, capacity 7484K, committed 7520K, reserved 1048576K
}
2020-06-27T17:18:27.802+0100: 210.062: Total time for which application threads were stopped: 0.0191109 seconds, Stopping threads took: 0.0000685 seconds
2020-06-27T17:18:28.803+0100: 211.063: Total time for which application threads were stopped: 0.0001418 seconds, Stopping threads took: 0.0000696 seconds
2020-06-27T17:18:29.214+0100: 211.474: Total time for which application threads were stopped: 0.0001476 seconds, Stopping threads took: 0.0000808 seconds
2020-06-27T17:18:29.214+0100: 211.474: Total time for which application threads were stopped: 0.0000988 seconds, Stopping threads took: 0.0000460 seconds
2020-06-27T17:18:29.216+0100: 211.477: Total time for which application threads were stopped: 0.0001407 seconds, Stopping threads took: 0.0000744 seconds
2020-06-27T17:18:29.217+0100: 211.478: Total time for which application threads were stopped: 0.0001248 seconds, Stopping threads took: 0.0000669 seconds
2020-06-27T17:18:29.248+0100: 211.508: Total time for which application threads were stopped: 0.0001816 seconds, Stopping threads took: 0.0001040 seconds
2020-06-27T17:18:29.248+0100: 211.508: Total time for which application threads were stopped: 0.0001023 seconds, Stopping threads took: 0.0000361 seconds
2020-06-27T17:18:29.248+0100: 211.509: Total time for which application threads were stopped: 0.0001064 seconds, Stopping threads took: 0.0000491 seconds
2020-06-27T17:18:29.270+0100: 211.531: Total time for which application threads were stopped: 0.0002017 seconds, Stopping threads took: 0.0001098 seconds
2020-06-27T17:18:29.310+0100: 211.571: Total time for which application threads were stopped: 0.0001658 seconds, Stopping threads took: 0.0000533 seconds
2020-06-27T17:18:29.319+0100: 211.580: Total time for which application threads were stopped: 0.0001060 seconds, Stopping threads took: 0.0000604 seconds
2020-06-27T17:18:29.320+0100: 211.581: Total time for which application threads were stopped: 0.0000757 seconds, Stopping threads took: 0.0000397 seconds
2020-06-27T17:18:29.320+0100: 211.581: Total time for which application threads were stopped: 0.0000630 seconds, Stopping threads took: 0.0000345 seconds
2020-06-27T17:18:29.320+0100: 211.581: Total time for which application threads were stopped: 0.0000620 seconds, Stopping threads took: 0.0000339 seconds
2020-06-27T17:18:30.321+0100: 212.581: Total time for which application threads were stopped: 0.0001164 seconds, Stopping threads took: 0.0000488 seconds
2020-06-27T17:18:34.524+0100: 216.784: Total time for which application threads were stopped: 0.0003670 seconds, Stopping threads took: 0.0003060 seconds
2020-06-27T17:18:34.530+0100: 216.790: Total time for which application threads were stopped: 0.0001584 seconds, Stopping threads took: 0.0000817 seconds
2020-06-27T17:18:34.530+0100: 216.790: Total time for which application threads were stopped: 0.0001016 seconds, Stopping threads took: 0.0000565 seconds
2020-06-27T17:18:34.530+0100: 216.791: Total time for which application threads were stopped: 0.0000826 seconds, Stopping threads took: 0.0000503 seconds
2020-06-27T17:18:34.530+0100: 216.791: Total time for which application threads were stopped: 0.0001112 seconds, Stopping threads took: 0.0000664 seconds
2020-06-27T17:18:34.541+0100: 216.801: Total time for which application threads were stopped: 0.0000650 seconds, Stopping threads took: 0.0000215 seconds
2020-06-27T17:18:34.552+0100: 216.812: Total time for which application threads were stopped: 0.0003431 seconds, Stopping threads took: 0.0002999 seconds
2020-06-27T17:18:34.554+0100: 216.814: Total time for which application threads were stopped: 0.0007109 seconds, Stopping threads took: 0.0006515 seconds
2020-06-27T17:18:34.554+0100: 216.815: Total time for which application threads were stopped: 0.0001106 seconds, Stopping threads took: 0.0000649 seconds
2020-06-27T17:18:34.555+0100: 216.815: Total time for which application threads were stopped: 0.0000981 seconds, Stopping threads took: 0.0000545 seconds
2020-06-27T17:18:34.556+0100: 216.816: Total time for which application threads were stopped: 0.0001300 seconds, Stopping threads took: 0.0000720 seconds
2020-06-27T17:18:34.567+0100: 216.828: Total time for which application threads were stopped: 0.0001585 seconds, Stopping threads took: 0.0000806 seconds
2020-06-27T17:18:34.570+0100: 216.831: Total time for which application threads were stopped: 0.0003385 seconds, Stopping threads took: 0.0002298 seconds
2020-06-27T17:18:34.573+0100: 216.834: Total time for which application threads were stopped: 0.0001422 seconds, Stopping threads took: 0.0000638 seconds
2020-06-27T17:18:34.594+0100: 216.854: Total time for which application threads were stopped: 0.0001509 seconds, Stopping threads took: 0.0000854 seconds
2020-06-27T17:18:34.594+0100: 216.854: Total time for which application threads were stopped: 0.0001025 seconds, Stopping threads took: 0.0000599 seconds
2020-06-27T17:18:34.601+0100: 216.861: Total time for which application threads were stopped: 0.0001544 seconds, Stopping threads took: 0.0000884 seconds
2020-06-27T17:18:34.601+0100: 216.862: Total time for which application threads were stopped: 0.0001231 seconds, Stopping threads took: 0.0000780 seconds
2020-06-27T17:18:34.602+0100: 216.862: Total time for which application threads were stopped: 0.0001094 seconds, Stopping threads took: 0.0000576 seconds
2020-06-27T17:18:34.602+0100: 216.863: Total time for which application threads were stopped: 0.0001061 seconds, Stopping threads took: 0.0000623 seconds
2020-06-27T17:18:34.605+0100: 216.865: Total time for which application threads were stopped: 0.0003110 seconds, Stopping threads took: 0.0002234 seconds
2020-06-27T17:18:34.609+0100: 216.870: Total time for which application threads were stopped: 0.0001842 seconds, Stopping threads took: 0.0000935 seconds
2020-06-27T17:18:34.611+0100: 216.872: Total time for which application threads were stopped: 0.0001537 seconds, Stopping threads took: 0.0000651 seconds
2020-06-27T17:18:34.629+0100: 216.889: Total time for which application threads were stopped: 0.0002255 seconds, Stopping threads took: 0.0001203 seconds
2020-06-27T17:18:34.670+0100: 216.930: Total time for which application threads were stopped: 0.0001058 seconds, Stopping threads took: 0.0000518 seconds
2020-06-27T17:18:34.670+0100: 216.931: Total time for which application threads were stopped: 0.0001464 seconds, Stopping threads took: 0.0000981 seconds
2020-06-27T17:18:34.670+0100: 216.931: Total time for which application threads were stopped: 0.0000930 seconds, Stopping threads took: 0.0000565 seconds
2020-06-27T17:18:34.670+0100: 216.931: Total time for which application threads were stopped: 0.0000841 seconds, Stopping threads took: 0.0000494 seconds
2020-06-27T17:18:34.670+0100: 216.931: Total time for which application threads were stopped: 0.0000832 seconds, Stopping threads took: 0.0000515 seconds
2020-06-27T17:18:34.671+0100: 216.931: Total time for which application threads were stopped: 0.0000799 seconds, Stopping threads took: 0.0000483 seconds
2020-06-27T17:18:34.671+0100: 216.931: Total time for which application threads were stopped: 0.0000741 seconds, Stopping threads took: 0.0000418 seconds
2020-06-27T17:18:34.671+0100: 216.931: Total time for which application threads were stopped: 0.0000731 seconds, Stopping threads took: 0.0000410 seconds
2020-06-27T17:18:34.671+0100: 216.931: Total time for which application threads were stopped: 0.0000714 seconds, Stopping threads took: 0.0000393 seconds
2020-06-27T17:18:34.671+0100: 216.932: Total time for which application threads were stopped: 0.0000839 seconds, Stopping threads took: 0.0000483 seconds
2020-06-27T17:18:34.671+0100: 216.932: Total time for which application threads were stopped: 0.0000743 seconds, Stopping threads took: 0.0000432 seconds
2020-06-27T17:18:34.671+0100: 216.932: Total time for which application threads were stopped: 0.0000762 seconds, Stopping threads took: 0.0000452 seconds
2020-06-27T17:18:34.671+0100: 216.932: Total time for which application threads were stopped: 0.0000779 seconds, Stopping threads took: 0.0000476 seconds
2020-06-27T17:18:34.672+0100: 216.932: Total time for which application threads were stopped: 0.0000940 seconds, Stopping threads took: 0.0000619 seconds
2020-06-27T17:18:34.672+0100: 216.932: Total time for which application threads were stopped: 0.0000829 seconds, Stopping threads took: 0.0000516 seconds
2020-06-27T17:18:34.672+0100: 216.932: Total time for which application threads were stopped: 0.0000696 seconds, Stopping threads took: 0.0000361 seconds
2020-06-27T17:18:34.672+0100: 216.932: Total time for which application threads were stopped: 0.0000667 seconds, Stopping threads took: 0.0000345 seconds
2020-06-27T17:18:34.672+0100: 216.933: Total time for which application threads were stopped: 0.0000739 seconds, Stopping threads took: 0.0000414 seconds
2020-06-27T17:18:34.672+0100: 216.933: Total time for which application threads were stopped: 0.0000697 seconds, Stopping threads took: 0.0000383 seconds
2020-06-27T17:18:34.672+0100: 216.933: Total time for which application threads were stopped: 0.0001789 seconds, Stopping threads took: 0.0000414 seconds
2020-06-27T17:18:34.768+0100: 217.029: Total time for which application threads were stopped: 0.0001729 seconds, Stopping threads took: 0.0000655 seconds
2020-06-27T17:18:35.181+0100: 217.442: Total time for which application threads were stopped: 0.0001921 seconds, Stopping threads took: 0.0001035 seconds
2020-06-27T17:18:35.186+0100: 217.447: Total time for which application threads were stopped: 0.0001144 seconds, Stopping threads took: 0.0000596 seconds
2020-06-27T17:18:35.190+0100: 217.451: Total time for which application threads were stopped: 0.0001915 seconds, Stopping threads took: 0.0001388 seconds
{Heap before GC invocations=16 (full 2):
 par new generation   total 109248K, used 109248K [0x00000000e0000000, 0x00000000e8000000, 0x00000000e8000000)
  eden space 87424K, 100% used [0x00000000e0000000, 0x00000000e5560000, 0x00000000e5560000)
  from space 21824K, 100% used [0x00000000e5560000, 0x00000000e6ab0000, 0x00000000e6ab0000)
  to   space 21824K,   0% used [0x00000000e6ab0000, 0x00000000e6ab0000, 0x00000000e8000000)
 concurrent mark-sweep generation total 393216K, used 58830K [0x00000000e8000000, 0x0000000100000000, 0x0000000100000000)
 Metaspace       used 58981K, capacity 60497K, committed 60788K, reserved 1101824K
  class space    used 7229K, capacity 7578K, committed 7648K, reserved 1048576K
2020-06-27T17:18:35.337+0100: 217.597: [GC (Allocation Failure) 2020-06-27T17:18:35.337+0100: 217.597: [ParNew
Desired survivor size 20112992 bytes, new threshold 5 (max 8)
- age   1:    4996832 bytes,    4996832 total
- age   2:    4200864 bytes,    9197696 total
- age   3:    2216976 bytes,   11414672 total
- age   4:    4256584 bytes,   15671256 total
- age   5:    5117984 bytes,   20789240 total
: 109248K->21824K(109248K), 0.0240963 secs] 168078K->89637K(502464K), 0.0242574 secs] [Times: user=0.06 sys=0.00, real=0.02 secs] 
Heap after GC invocations=17 (full 2):
 par new generation   total 109248K, used 21824K [0x00000000e0000000, 0x00000000e8000000, 0x00000000e8000000)
  eden space 87424K,   0% used [0x00000000e0000000, 0x00000000e0000000, 0x00000000e5560000)
  from space 21824K, 100% used [0x00000000e6ab0000, 0x00000000e8000000, 0x00000000e8000000)
  to   space 21824K,   0% used [0x00000000e5560000, 0x00000000e5560000, 0x00000000e6ab0000)
 concurrent mark-sweep generation total 393216K, used 67813K [0x00000000e8000000, 0x0000000100000000, 0x0000000100000000)
 Metaspace       used 58981K, capacity 60497K, committed 60788K, reserved 1101824K
  class space    used 7229K, capacity 7578K, committed 7648K, reserved 1048576K
}
2020-06-27T17:18:35.361+0100: 217.622: Total time for which application threads were stopped: 0.0246251 seconds, Stopping threads took: 0.0001032 seconds
2020-06-27T17:18:35.361+0100: 217.622: Total time for which application threads were stopped: 0.0001482 seconds, Stopping threads took: 0.0000656 seconds
2020-06-27T17:18:35.370+0100: 217.631: Total time for which application threads were stopped: 0.0001290 seconds, Stopping threads took: 0.0000628 seconds
2020-06-27T17:18:35.372+0100: 217.633: Total time for which application threads were stopped: 0.0001595 seconds, Stopping threads took: 0.0000695 seconds
2020-06-27T17:18:35.431+0100: 217.692: Total time for which application threads were stopped: 0.0001817 seconds, Stopping threads took: 0.0000717 seconds
{Heap before GC invocations=17 (full 2):
 par new generation   total 109248K, used 109248K [0x00000000e0000000, 0x00000000e8000000, 0x00000000e8000000)
  eden space 87424K, 100% used [0x00000000e0000000, 0x00000000e5560000, 0x00000000e5560000)
  from space 21824K, 100% used [0x00000000e6ab0000, 0x00000000e8000000, 0x00000000e8000000)
  to   space 21824K,   0% used [0x00000000e5560000, 0x00000000e5560000, 0x00000000e6ab0000)
 concurrent mark-sweep generation total 393216K, used 67813K [0x00000000e8000000, 0x0000000100000000, 0x0000000100000000)
 Metaspace       used 59091K, capacity 60561K, committed 60788K, reserved 1101824K
  class space    used 7229K, capacity 7578K, committed 7648K, reserved 1048576K
2020-06-27T17:18:35.805+0100: 218.065: [GC (Allocation Failure) 2020-06-27T17:18:35.805+0100: 218.065: [ParNew
Desired survivor size 20112992 bytes, new threshold 5 (max 8)
- age   1:    6740592 bytes,    6740592 total
- age   2:    4513360 bytes,   11253952 total
- age   3:    4200864 bytes,   15454816 total
- age   4:    2216976 bytes,   17671792 total
- age   5:    4256584 bytes,   21928376 total
: 109248K->21824K(109248K), 0.0206421 secs] 177061K->100479K(502464K), 0.0207757 secs] [Times: user=0.06 sys=0.00, real=0.02 secs] 
Heap after GC invocations=18 (full 2):
 par new generation   total 109248K, used 21824K [0x00000000e0000000, 0x00000000e8000000, 0x00000000e8000000)
  eden space 87424K,   0% used [0x00000000e0000000, 0x00000000e0000000, 0x00000000e5560000)
  from space 21824K, 100% used [0x00000000e5560000, 0x00000000e6ab0000, 0x00000000e6ab0000)
  to   space 21824K,   0% used [0x00000000e6ab0000, 0x00000000e6ab0000, 0x00000000e8000000)
 concurrent mark-sweep generation total 393216K, used 78655K [0x00000000e8000000, 0x0000000100000000, 0x0000000100000000)
 Metaspace       used 59091K, capacity 60561K, committed 60788K, reserved 1101824K
  class space    used 7229K, capacity 7578K, committed 7648K, reserved 1048576K
}
2020-06-27T17:18:35.826+0100: 218.086: Total time for which application threads were stopped: 0.0211564 seconds, Stopping threads took: 0.0000893 seconds
2020-06-27T17:18:35.836+0100: 218.097: Total time for which application threads were stopped: 0.0001988 seconds, Stopping threads took: 0.0000903 seconds
2020-06-27T17:18:35.837+0100: 218.097: Total time for which application threads were stopped: 0.0001477 seconds, Stopping threads took: 0.0000705 seconds
{Heap before GC invocations=18 (full 2):
 par new generation   total 109248K, used 109248K [0x00000000e0000000, 0x00000000e8000000, 0x00000000e8000000)
  eden space 87424K, 100% used [0x00000000e0000000, 0x00000000e5560000, 0x00000000e5560000)
  from space 21824K, 100% used [0x00000000e5560000, 0x00000000e6ab0000, 0x00000000e6ab0000)
  to   space 21824K,   0% used [0x00000000e6ab0000, 0x00000000e6ab0000, 0x00000000e8000000)
 concurrent mark-sweep generation total 393216K, used 78655K [0x00000000e8000000, 0x0000000100000000, 0x0000000100000000)
 Metaspace       used 59136K, capacity 60625K, committed 61044K, reserved 1103872K
  class space    used 7230K, capacity 7578K, committed 7648K, reserved 1048576K
2020-06-27T17:18:36.046+0100: 218.306: [GC (Allocation Failure) 2020-06-27T17:18:36.046+0100: 218.306: [ParNew
Desired survivor size 20112992 bytes, new threshold 5 (max 8)
- age   1:    6625600 bytes,    6625600 total
- age   2:    4770456 bytes,   11396056 total
- age   3:    4513120 bytes,   15909176 total
- age   4:    4200864 bytes,   20110040 total
- age   5:    2216976 bytes,   22327016 total
: 109248K->21824K(109248K), 0.0206988 secs] 187903K->109495K(502464K), 0.0207932 secs] [Times: user=0.06 sys=0.00, real=0.02 secs] 
Heap after GC invocations=19 (full 2):
 par new generation   total 109248K, used 21824K [0x00000000e0000000, 0x00000000e8000000, 0x00000000e8000000)
  eden space 87424K,   0% used [0x00000000e0000000, 0x00000000e0000000, 0x00000000e5560000)
  from space 21824K, 100% used [0x00000000e6ab0000, 0x00000000e8000000, 0x00000000e8000000)
  to   space 21824K,   0% used [0x00000000e5560000, 0x00000000e5560000, 0x00000000e6ab0000)
 concurrent mark-sweep generation total 393216K, used 87671K [0x00000000e8000000, 0x0000000100000000, 0x0000000100000000)
 Metaspace       used 59136K, capacity 60625K, committed 61044K, reserved 1103872K
  class space    used 7230K, capacity 7578K, committed 7648K, reserved 1048576K
}
2020-06-27T17:18:36.067+0100: 218.327: Total time for which application threads were stopped: 0.0212616 seconds, Stopping threads took: 0.0002351 seconds
2020-06-27T17:18:36.067+0100: 218.327: Total time for which application threads were stopped: 0.0001816 seconds, Stopping threads took: 0.0000930 seconds
2020-06-27T17:18:36.067+0100: 218.327: Total time for which application threads were stopped: 0.0001304 seconds, Stopping threads took: 0.0000634 seconds
2020-06-27T17:18:36.073+0100: 218.333: Total time for which application threads were stopped: 0.0001554 seconds, Stopping threads took: 0.0000793 seconds
2020-06-27T17:18:36.138+0100: 218.398: Total time for which application threads were stopped: 0.0002216 seconds, Stopping threads took: 0.0001453 seconds
2020-06-27T17:18:36.153+0100: 218.414: Total time for which application threads were stopped: 0.0001353 seconds, Stopping threads took: 0.0000646 seconds
2020-06-27T17:18:36.163+0100: 218.424: Total time for which application threads were stopped: 0.0001655 seconds, Stopping threads took: 0.0000863 seconds
2020-06-27T17:18:36.169+0100: 218.430: Total time for which application threads were stopped: 0.0001411 seconds, Stopping threads took: 0.0000618 seconds
2020-06-27T17:18:36.171+0100: 218.431: Total time for which application threads were stopped: 0.0001587 seconds, Stopping threads took: 0.0000689 seconds
2020-06-27T17:18:36.171+0100: 218.432: Total time for which application threads were stopped: 0.0001026 seconds, Stopping threads took: 0.0000479 seconds
2020-06-27T17:18:36.175+0100: 218.436: Total time for which application threads were stopped: 0.0001188 seconds, Stopping threads took: 0.0000606 seconds
2020-06-27T17:18:36.176+0100: 218.436: Total time for which application threads were stopped: 0.0001076 seconds, Stopping threads took: 0.0000580 seconds
2020-06-27T17:18:36.179+0100: 218.439: Total time for which application threads were stopped: 0.0001304 seconds, Stopping threads took: 0.0000645 seconds
2020-06-27T17:18:36.180+0100: 218.440: Total time for which application threads were stopped: 0.0002672 seconds, Stopping threads took: 0.0000511 seconds
2020-06-27T17:18:36.182+0100: 218.442: Total time for which application threads were stopped: 0.0001304 seconds, Stopping threads took: 0.0000651 seconds
2020-06-27T17:18:36.184+0100: 218.445: Total time for which application threads were stopped: 0.0001512 seconds, Stopping threads took: 0.0000860 seconds
2020-06-27T17:18:36.206+0100: 218.466: Total time for which application threads were stopped: 0.0011440 seconds, Stopping threads took: 0.0010558 seconds
2020-06-27T17:18:36.208+0100: 218.468: Total time for which application threads were stopped: 0.0001235 seconds, Stopping threads took: 0.0000610 seconds
2020-06-27T17:18:36.208+0100: 218.468: Total time for which application threads were stopped: 0.0001022 seconds, Stopping threads took: 0.0000514 seconds
2020-06-27T17:18:36.230+0100: 218.491: Total time for which application threads were stopped: 0.0001435 seconds, Stopping threads took: 0.0000622 seconds
2020-06-27T17:18:37.231+0100: 219.491: Total time for which application threads were stopped: 0.0001261 seconds, Stopping threads took: 0.0000671 seconds
2020-06-27T17:18:37.595+0100: 219.856: Total time for which application threads were stopped: 0.0001654 seconds, Stopping threads took: 0.0000776 seconds
2020-06-27T17:18:37.596+0100: 219.856: Total time for which application threads were stopped: 0.0001157 seconds, Stopping threads took: 0.0000679 seconds
2020-06-27T17:18:37.598+0100: 219.858: Total time for which application threads were stopped: 0.0002111 seconds, Stopping threads took: 0.0001435 seconds
2020-06-27T17:18:37.599+0100: 219.859: Total time for which application threads were stopped: 0.0001269 seconds, Stopping threads took: 0.0000535 seconds
2020-06-27T17:18:37.599+0100: 219.860: Total time for which application threads were stopped: 0.0001166 seconds, Stopping threads took: 0.0000684 seconds
2020-06-27T17:18:37.600+0100: 219.860: Total time for which application threads were stopped: 0.0000851 seconds, Stopping threads took: 0.0000400 seconds
2020-06-27T17:18:37.600+0100: 219.860: Total time for which application threads were stopped: 0.0000774 seconds, Stopping threads took: 0.0000472 seconds
2020-06-27T17:18:38.600+0100: 220.860: Total time for which application threads were stopped: 0.0000998 seconds, Stopping threads took: 0.0000548 seconds
2020-06-27T17:18:45.181+0100: 227.442: Total time for which application threads were stopped: 0.0004662 seconds, Stopping threads took: 0.0003951 seconds
2020-06-27T17:18:45.195+0100: 227.455: Total time for which application threads were stopped: 0.0018775 seconds, Stopping threads took: 0.0017539 seconds
2020-06-27T17:18:45.220+0100: 227.481: Total time for which application threads were stopped: 0.0006517 seconds, Stopping threads took: 0.0005538 seconds
{Heap before GC invocations=19 (full 2):
 par new generation   total 109248K, used 109248K [0x00000000e0000000, 0x00000000e8000000, 0x00000000e8000000)
  eden space 87424K, 100% used [0x00000000e0000000, 0x00000000e5560000, 0x00000000e5560000)
  from space 21824K, 100% used [0x00000000e6ab0000, 0x00000000e8000000, 0x00000000e8000000)
  to   space 21824K,   0% used [0x00000000e5560000, 0x00000000e5560000, 0x00000000e6ab0000)
 concurrent mark-sweep generation total 393216K, used 87671K [0x00000000e8000000, 0x0000000100000000, 0x0000000100000000)
 Metaspace       used 59400K, capacity 60933K, committed 61300K, reserved 1103872K
  class space    used 7235K, capacity 7614K, committed 7648K, reserved 1048576K
2020-06-27T17:18:45.345+0100: 227.606: [GC (Allocation Failure) 2020-06-27T17:18:45.345+0100: 227.606: [ParNew
Desired survivor size 20112992 bytes, new threshold 5 (max 8)
- age   1:    5281640 bytes,    5281640 total
- age   2:    4156872 bytes,    9438512 total
- age   3:    3124880 bytes,   12563392 total
- age   4:    3993016 bytes,   16556408 total
- age   5:    4159792 bytes,   20716200 total
: 109248K->21824K(109248K), 0.0210317 secs] 196919K->116720K(502464K), 0.0211340 secs] [Times: user=0.08 sys=0.00, real=0.02 secs] 
Heap after GC invocations=20 (full 2):
 par new generation   total 109248K, used 21824K [0x00000000e0000000, 0x00000000e8000000, 0x00000000e8000000)
  eden space 87424K,   0% used [0x00000000e0000000, 0x00000000e0000000, 0x00000000e5560000)
  from space 21824K, 100% used [0x00000000e5560000, 0x00000000e6ab0000, 0x00000000e6ab0000)
  to   space 21824K,   0% used [0x00000000e6ab0000, 0x00000000e6ab0000, 0x00000000e8000000)
 concurrent mark-sweep generation total 393216K, used 94896K [0x00000000e8000000, 0x0000000100000000, 0x0000000100000000)
 Metaspace       used 59400K, capacity 60933K, committed 61300K, reserved 1103872K
  class space    used 7235K, capacity 7614K, committed 7648K, reserved 1048576K
}
2020-06-27T17:18:45.366+0100: 227.627: Total time for which application threads were stopped: 0.0214118 seconds, Stopping threads took: 0.0000744 seconds
2020-06-27T17:18:45.367+0100: 227.627: Total time for which application threads were stopped: 0.0001708 seconds, Stopping threads took: 0.0000655 seconds
2020-06-27T17:18:45.407+0100: 227.668: Total time for which application threads were stopped: 0.0001539 seconds, Stopping threads took: 0.0000703 seconds
{Heap before GC invocations=20 (full 2):
 par new generation   total 109248K, used 109248K [0x00000000e0000000, 0x00000000e8000000, 0x00000000e8000000)
  eden space 87424K, 100% used [0x00000000e0000000, 0x00000000e5560000, 0x00000000e5560000)
  from space 21824K, 100% used [0x00000000e5560000, 0x00000000e6ab0000, 0x00000000e6ab0000)
  to   space 21824K,   0% used [0x00000000e6ab0000, 0x00000000e6ab0000, 0x00000000e8000000)
 concurrent mark-sweep generation total 393216K, used 94896K [0x00000000e8000000, 0x0000000100000000, 0x0000000100000000)
 Metaspace       used 59463K, capacity 61061K, committed 61300K, reserved 1103872K
  class space    used 7235K, capacity 7614K, committed 7648K, reserved 1048576K
2020-06-27T17:18:45.536+0100: 227.796: [GC (Allocation Failure) 2020-06-27T17:18:45.536+0100: 227.796: [ParNew
Desired survivor size 20112992 bytes, new threshold 5 (max 8)
- age   1:    7252000 bytes,    7252000 total
- age   2:    2220360 bytes,    9472360 total
- age   3:    3927712 bytes,   13400072 total
- age   4:    3122832 bytes,   16522904 total
- age   5:    3992712 bytes,   20515616 total
: 109248K->21824K(109248K), 0.0207822 secs] 204144K->124928K(502464K), 0.0209640 secs] [Times: user=0.09 sys=0.03, real=0.02 secs] 
Heap after GC invocations=21 (full 2):
 par new generation   total 109248K, used 21824K [0x00000000e0000000, 0x00000000e8000000, 0x00000000e8000000)
  eden space 87424K,   0% used [0x00000000e0000000, 0x00000000e0000000, 0x00000000e5560000)
  from space 21824K, 100% used [0x00000000e6ab0000, 0x00000000e8000000, 0x00000000e8000000)
  to   space 21824K,   0% used [0x00000000e5560000, 0x00000000e5560000, 0x00000000e6ab0000)
 concurrent mark-sweep generation total 393216K, used 103104K [0x00000000e8000000, 0x0000000100000000, 0x0000000100000000)
 Metaspace       used 59463K, capacity 61061K, committed 61300K, reserved 1103872K
  class space    used 7235K, capacity 7614K, committed 7648K, reserved 1048576K
}
2020-06-27T17:18:45.557+0100: 227.817: Total time for which application threads were stopped: 0.0212603 seconds, Stopping threads took: 0.0000659 seconds
2020-06-27T17:18:45.557+0100: 227.817: Total time for which application threads were stopped: 0.0001641 seconds, Stopping threads took: 0.0000469 seconds
2020-06-27T17:18:45.557+0100: 227.818: Total time for which application threads were stopped: 0.0001367 seconds, Stopping threads took: 0.0000396 seconds
{Heap before GC invocations=21 (full 2):
 par new generation   total 109248K, used 109248K [0x00000000e0000000, 0x00000000e8000000, 0x00000000e8000000)
  eden space 87424K, 100% used [0x00000000e0000000, 0x00000000e5560000, 0x00000000e5560000)
  from space 21824K, 100% used [0x00000000e6ab0000, 0x00000000e8000000, 0x00000000e8000000)
  to   space 21824K,   0% used [0x00000000e5560000, 0x00000000e5560000, 0x00000000e6ab0000)
 concurrent mark-sweep generation total 393216K, used 103104K [0x00000000e8000000, 0x0000000100000000, 0x0000000100000000)
 Metaspace       used 59486K, capacity 61061K, committed 61300K, reserved 1103872K
  class space    used 7235K, capacity 7614K, committed 7648K, reserved 1048576K
2020-06-27T17:18:45.707+0100: 227.968: [GC (Allocation Failure) 2020-06-27T17:18:45.707+0100: 227.968: [ParNew
Desired survivor size 20112992 bytes, new threshold 5 (max 8)
- age   1:    5745368 bytes,    5745368 total
- age   2:    5487320 bytes,   11232688 total
- age   3:    2220240 bytes,   13452928 total
- age   4:    3927712 bytes,   17380640 total
- age   5:    3122832 bytes,   20503472 total
: 109248K->21824K(109248K), 0.0164041 secs] 212352K->130581K(502464K), 0.0165001 secs] [Times: user=0.05 sys=0.01, real=0.02 secs] 
Heap after GC invocations=22 (full 2):
 par new generation   total 109248K, used 21824K [0x00000000e0000000, 0x00000000e8000000, 0x00000000e8000000)
  eden space 87424K,   0% used [0x00000000e0000000, 0x00000000e0000000, 0x00000000e5560000)
  from space 21824K, 100% used [0x00000000e5560000, 0x00000000e6ab0000, 0x00000000e6ab0000)
  to   space 21824K,   0% used [0x00000000e6ab0000, 0x00000000e6ab0000, 0x00000000e8000000)
 concurrent mark-sweep generation total 393216K, used 108757K [0x00000000e8000000, 0x0000000100000000, 0x0000000100000000)
 Metaspace       used 59486K, capacity 61061K, committed 61300K, reserved 1103872K
  class space    used 7235K, capacity 7614K, committed 7648K, reserved 1048576K
}
2020-06-27T17:18:45.724+0100: 227.984: Total time for which application threads were stopped: 0.0167829 seconds, Stopping threads took: 0.0000623 seconds
2020-06-27T17:18:45.724+0100: 227.985: Total time for which application threads were stopped: 0.0001481 seconds, Stopping threads took: 0.0000631 seconds
2020-06-27T17:18:45.724+0100: 227.985: Total time for which application threads were stopped: 0.0001275 seconds, Stopping threads took: 0.0000636 seconds
2020-06-27T17:18:45.842+0100: 228.103: Total time for which application threads were stopped: 0.0002799 seconds, Stopping threads took: 0.0000653 seconds
2020-06-27T17:18:46.835+0100: 229.096: Total time for which application threads were stopped: 0.0001710 seconds, Stopping threads took: 0.0000911 seconds
2020-06-27T17:18:46.835+0100: 229.096: Total time for which application threads were stopped: 0.0000981 seconds, Stopping threads took: 0.0000621 seconds
2020-06-27T17:18:46.836+0100: 229.097: Total time for which application threads were stopped: 0.0001112 seconds, Stopping threads took: 0.0000649 seconds
2020-06-27T17:18:46.839+0100: 229.100: Total time for which application threads were stopped: 0.0001152 seconds, Stopping threads took: 0.0000640 seconds
2020-06-27T17:18:46.839+0100: 229.100: Total time for which application threads were stopped: 0.0000972 seconds, Stopping threads took: 0.0000547 seconds
2020-06-27T17:18:46.839+0100: 229.100: Total time for which application threads were stopped: 0.0000799 seconds, Stopping threads took: 0.0000442 seconds
2020-06-27T17:18:46.840+0100: 229.100: Total time for which application threads were stopped: 0.0001098 seconds, Stopping threads took: 0.0000565 seconds
2020-06-27T17:18:46.840+0100: 229.100: Total time for which application threads were stopped: 0.0001095 seconds, Stopping threads took: 0.0000629 seconds
2020-06-27T17:18:47.840+0100: 230.100: Total time for which application threads were stopped: 0.0000995 seconds, Stopping threads took: 0.0000550 seconds
2020-06-27T17:18:50.771+0100: 233.032: Total time for which application threads were stopped: 0.0002249 seconds, Stopping threads took: 0.0001760 seconds
2020-06-27T17:18:50.777+0100: 233.037: Total time for which application threads were stopped: 0.0001699 seconds, Stopping threads took: 0.0000984 seconds
2020-06-27T17:18:50.780+0100: 233.040: Total time for which application threads were stopped: 0.0001789 seconds, Stopping threads took: 0.0000701 seconds
2020-06-27T17:18:50.787+0100: 233.047: Total time for which application threads were stopped: 0.0001014 seconds, Stopping threads took: 0.0000559 seconds
2020-06-27T17:18:50.788+0100: 233.049: Total time for which application threads were stopped: 0.0001128 seconds, Stopping threads took: 0.0000598 seconds
{Heap before GC invocations=22 (full 2):
 par new generation   total 109248K, used 109248K [0x00000000e0000000, 0x00000000e8000000, 0x00000000e8000000)
  eden space 87424K, 100% used [0x00000000e0000000, 0x00000000e5560000, 0x00000000e5560000)
  from space 21824K, 100% used [0x00000000e5560000, 0x00000000e6ab0000, 0x00000000e6ab0000)
  to   space 21824K,   0% used [0x00000000e6ab0000, 0x00000000e6ab0000, 0x00000000e8000000)
 concurrent mark-sweep generation total 393216K, used 108757K [0x00000000e8000000, 0x0000000100000000, 0x0000000100000000)
 Metaspace       used 59651K, capacity 61225K, committed 61556K, reserved 1103872K
  class space    used 7238K, capacity 7620K, committed 7648K, reserved 1048576K
2020-06-27T17:18:50.827+0100: 233.088: [GC (Allocation Failure) 2020-06-27T17:18:50.827+0100: 233.088: [ParNew
Desired survivor size 20112992 bytes, new threshold 8 (max 8)
- age   1:    3228968 bytes,    3228968 total
- age   2:    4254984 bytes,    7483952 total
- age   3:    4950848 bytes,   12434800 total
- age   4:    2124400 bytes,   14559200 total
- age   5:    3927912 bytes,   18487112 total
: 109248K->21824K(109248K), 0.0142398 secs] 218005K->133656K(502464K), 0.0142948 secs] [Times: user=0.06 sys=0.00, real=0.02 secs] 
Heap after GC invocations=23 (full 2):
 par new generation   total 109248K, used 21824K [0x00000000e0000000, 0x00000000e8000000, 0x00000000e8000000)
  eden space 87424K,   0% used [0x00000000e0000000, 0x00000000e0000000, 0x00000000e5560000)
  from space 21824K, 100% used [0x00000000e6ab0000, 0x00000000e8000000, 0x00000000e8000000)
  to   space 21824K,   0% used [0x00000000e5560000, 0x00000000e5560000, 0x00000000e6ab0000)
 concurrent mark-sweep generation total 393216K, used 111832K [0x00000000e8000000, 0x0000000100000000, 0x0000000100000000)
 Metaspace       used 59651K, capacity 61225K, committed 61556K, reserved 1103872K
  class space    used 7238K, capacity 7620K, committed 7648K, reserved 1048576K
}
2020-06-27T17:18:50.842+0100: 233.102: Total time for which application threads were stopped: 0.0145324 seconds, Stopping threads took: 0.0000589 seconds
2020-06-27T17:18:50.845+0100: 233.105: Total time for which application threads were stopped: 0.0000902 seconds, Stopping threads took: 0.0000488 seconds
2020-06-27T17:18:50.845+0100: 233.106: Total time for which application threads were stopped: 0.0000756 seconds, Stopping threads took: 0.0000419 seconds
2020-06-27T17:18:50.845+0100: 233.106: Total time for which application threads were stopped: 0.0000708 seconds, Stopping threads took: 0.0000395 seconds
2020-06-27T17:18:50.845+0100: 233.106: Total time for which application threads were stopped: 0.0000677 seconds, Stopping threads took: 0.0000364 seconds
2020-06-27T17:18:50.845+0100: 233.106: Total time for which application threads were stopped: 0.0000613 seconds, Stopping threads took: 0.0000378 seconds
2020-06-27T17:18:50.846+0100: 233.106: Total time for which application threads were stopped: 0.0000769 seconds, Stopping threads took: 0.0000455 seconds
2020-06-27T17:18:50.846+0100: 233.106: Total time for which application threads were stopped: 0.0000652 seconds, Stopping threads took: 0.0000415 seconds
2020-06-27T17:18:50.846+0100: 233.106: Total time for which application threads were stopped: 0.0000691 seconds, Stopping threads took: 0.0000382 seconds
2020-06-27T17:18:50.846+0100: 233.106: Total time for which application threads were stopped: 0.0000606 seconds, Stopping threads took: 0.0000374 seconds
2020-06-27T17:18:50.846+0100: 233.106: Total time for which application threads were stopped: 0.0000690 seconds, Stopping threads took: 0.0000380 seconds
2020-06-27T17:18:50.846+0100: 233.107: Total time for which application threads were stopped: 0.0000667 seconds, Stopping threads took: 0.0000361 seconds
2020-06-27T17:18:50.846+0100: 233.107: Total time for which application threads were stopped: 0.0000668 seconds, Stopping threads took: 0.0000362 seconds
2020-06-27T17:18:50.846+0100: 233.107: Total time for which application threads were stopped: 0.0000608 seconds, Stopping threads took: 0.0000375 seconds
2020-06-27T17:18:50.846+0100: 233.107: Total time for which application threads were stopped: 0.0000684 seconds, Stopping threads took: 0.0000378 seconds
2020-06-27T17:18:50.847+0100: 233.107: Total time for which application threads were stopped: 0.0000725 seconds, Stopping threads took: 0.0000488 seconds
2020-06-27T17:18:50.847+0100: 233.107: Total time for which application threads were stopped: 0.0000691 seconds, Stopping threads took: 0.0000383 seconds
2020-06-27T17:18:50.847+0100: 233.107: Total time for which application threads were stopped: 0.0000618 seconds, Stopping threads took: 0.0000385 seconds
2020-06-27T17:18:50.847+0100: 233.107: Total time for which application threads were stopped: 0.0000686 seconds, Stopping threads took: 0.0000376 seconds
2020-06-27T17:18:50.847+0100: 233.107: Total time for which application threads were stopped: 0.0000666 seconds, Stopping threads took: 0.0000362 seconds
2020-06-27T17:18:50.847+0100: 233.108: Total time for which application threads were stopped: 0.0002345 seconds, Stopping threads took: 0.0000357 seconds
2020-06-27T17:18:50.954+0100: 233.214: Total time for which application threads were stopped: 0.0001522 seconds, Stopping threads took: 0.0000629 seconds
2020-06-27T17:18:50.954+0100: 233.215: Total time for which application threads were stopped: 0.0000930 seconds, Stopping threads took: 0.0000398 seconds
{Heap before GC invocations=23 (full 2):
 par new generation   total 109248K, used 109248K [0x00000000e0000000, 0x00000000e8000000, 0x00000000e8000000)
  eden space 87424K, 100% used [0x00000000e0000000, 0x00000000e5560000, 0x00000000e5560000)
  from space 21824K, 100% used [0x00000000e6ab0000, 0x00000000e8000000, 0x00000000e8000000)
  to   space 21824K,   0% used [0x00000000e5560000, 0x00000000e5560000, 0x00000000e6ab0000)
 concurrent mark-sweep generation total 393216K, used 111832K [0x00000000e8000000, 0x0000000100000000, 0x0000000100000000)
 Metaspace       used 59669K, capacity 61225K, committed 61556K, reserved 1103872K
  class space    used 7238K, capacity 7620K, committed 7648K, reserved 1048576K
2020-06-27T17:18:51.016+0100: 233.276: [GC (Allocation Failure) 2020-06-27T17:18:51.016+0100: 233.276: [ParNew
Desired survivor size 20112992 bytes, new threshold 6 (max 8)
- age   1:    4688680 bytes,    4688680 total
- age   2:    3041128 bytes,    7729808 total
- age   3:    3718896 bytes,   11448704 total
- age   4:    4948592 bytes,   16397296 total
- age   5:    2003264 bytes,   18400560 total
- age   6:    3927712 bytes,   22328272 total
: 109248K->21824K(109248K), 0.0156949 secs] 221080K->138782K(502464K), 0.0158071 secs] [Times: user=0.06 sys=0.00, real=0.02 secs] 
Heap after GC invocations=24 (full 2):
 par new generation   total 109248K, used 21824K [0x00000000e0000000, 0x00000000e8000000, 0x00000000e8000000)
  eden space 87424K,   0% used [0x00000000e0000000, 0x00000000e0000000, 0x00000000e5560000)
  from space 21824K, 100% used [0x00000000e5560000, 0x00000000e6ab0000, 0x00000000e6ab0000)
  to   space 21824K,   0% used [0x00000000e6ab0000, 0x00000000e6ab0000, 0x00000000e8000000)
 concurrent mark-sweep generation total 393216K, used 116958K [0x00000000e8000000, 0x0000000100000000, 0x0000000100000000)
 Metaspace       used 59669K, capacity 61225K, committed 61556K, reserved 1103872K
  class space    used 7238K, capacity 7620K, committed 7648K, reserved 1048576K
}
2020-06-27T17:18:51.032+0100: 233.292: Total time for which application threads were stopped: 0.0161039 seconds, Stopping threads took: 0.0000723 seconds
2020-06-27T17:18:51.032+0100: 233.292: Total time for which application threads were stopped: 0.0002061 seconds, Stopping threads took: 0.0001057 seconds
2020-06-27T17:18:51.032+0100: 233.293: Total time for which application threads were stopped: 0.0001439 seconds, Stopping threads took: 0.0000521 seconds
2020-06-27T17:18:51.036+0100: 233.296: Total time for which application threads were stopped: 0.0001523 seconds, Stopping threads took: 0.0000953 seconds
2020-06-27T17:18:51.036+0100: 233.296: Total time for which application threads were stopped: 0.0000870 seconds, Stopping threads took: 0.0000472 seconds
2020-06-27T17:18:51.053+0100: 233.313: Total time for which application threads were stopped: 0.0001403 seconds, Stopping threads took: 0.0000761 seconds
2020-06-27T17:18:51.053+0100: 233.313: Total time for which application threads were stopped: 0.0000869 seconds, Stopping threads took: 0.0000450 seconds
{Heap before GC invocations=24 (full 2):
 par new generation   total 109248K, used 109248K [0x00000000e0000000, 0x00000000e8000000, 0x00000000e8000000)
  eden space 87424K, 100% used [0x00000000e0000000, 0x00000000e5560000, 0x00000000e5560000)
  from space 21824K, 100% used [0x00000000e5560000, 0x00000000e6ab0000, 0x00000000e6ab0000)
  to   space 21824K,   0% used [0x00000000e6ab0000, 0x00000000e6ab0000, 0x00000000e8000000)
 concurrent mark-sweep generation total 393216K, used 116958K [0x00000000e8000000, 0x0000000100000000, 0x0000000100000000)
 Metaspace       used 59688K, capacity 61225K, committed 61556K, reserved 1103872K
  class space    used 7238K, capacity 7620K, committed 7648K, reserved 1048576K
2020-06-27T17:18:51.178+0100: 233.438: [GC (Allocation Failure) 2020-06-27T17:18:51.178+0100: 233.438: [ParNew
Desired survivor size 20112992 bytes, new threshold 5 (max 8)
- age   1:    5824328 bytes,    5824328 total
- age   2:    2935200 bytes,    8759528 total
- age   3:    2913128 bytes,   11672656 total
- age   4:    3717096 bytes,   15389752 total
- age   5:    4948472 bytes,   20338224 total
- age   6:    2002496 bytes,   22340720 total
: 109248K->21824K(109248K), 0.0195627 secs] 226206K->147009K(502464K), 0.0196681 secs] [Times: user=0.05 sys=0.01, real=0.02 secs] 
Heap after GC invocations=25 (full 2):
 par new generation   total 109248K, used 21824K [0x00000000e0000000, 0x00000000e8000000, 0x00000000e8000000)
  eden space 87424K,   0% used [0x00000000e0000000, 0x00000000e0000000, 0x00000000e5560000)
  from space 21824K, 100% used [0x00000000e6ab0000, 0x00000000e8000000, 0x00000000e8000000)
  to   space 21824K,   0% used [0x00000000e5560000, 0x00000000e5560000, 0x00000000e6ab0000)
 concurrent mark-sweep generation total 393216K, used 125185K [0x00000000e8000000, 0x0000000100000000, 0x0000000100000000)
 Metaspace       used 59688K, capacity 61225K, committed 61556K, reserved 1103872K
  class space    used 7238K, capacity 7620K, committed 7648K, reserved 1048576K
}
2020-06-27T17:18:51.198+0100: 233.458: Total time for which application threads were stopped: 0.0199764 seconds, Stopping threads took: 0.0000935 seconds
2020-06-27T17:18:51.198+0100: 233.458: Total time for which application threads were stopped: 0.0002420 seconds, Stopping threads took: 0.0001626 seconds
2020-06-27T17:18:51.198+0100: 233.459: Total time for which application threads were stopped: 0.0001376 seconds, Stopping threads took: 0.0000607 seconds
{Heap before GC invocations=25 (full 2):
 par new generation   total 109248K, used 109248K [0x00000000e0000000, 0x00000000e8000000, 0x00000000e8000000)
  eden space 87424K, 100% used [0x00000000e0000000, 0x00000000e5560000, 0x00000000e5560000)
  from space 21824K, 100% used [0x00000000e6ab0000, 0x00000000e8000000, 0x00000000e8000000)
  to   space 21824K,   0% used [0x00000000e5560000, 0x00000000e5560000, 0x00000000e6ab0000)
 concurrent mark-sweep generation total 393216K, used 125185K [0x00000000e8000000, 0x0000000100000000, 0x0000000100000000)
 Metaspace       used 59703K, capacity 61289K, committed 61556K, reserved 1103872K
  class space    used 7238K, capacity 7620K, committed 7648K, reserved 1048576K
2020-06-27T17:18:51.412+0100: 233.673: [GC (Allocation Failure) 2020-06-27T17:18:51.412+0100: 233.673: [ParNew
Desired survivor size 20112992 bytes, new threshold 5 (max 8)
- age   1:    9904216 bytes,    9904216 total
- age   2:    2259288 bytes,   12163504 total
- age   3:    2860896 bytes,   15024400 total
- age   4:    2723352 bytes,   17747752 total
- age   5:    3717096 bytes,   21464848 total
: 109248K->21824K(109248K), 0.0190567 secs] 234433K->155736K(502464K), 0.0191503 secs] [Times: user=0.13 sys=0.00, real=0.02 secs] 
Heap after GC invocations=26 (full 2):
 par new generation   total 109248K, used 21824K [0x00000000e0000000, 0x00000000e8000000, 0x00000000e8000000)
  eden space 87424K,   0% used [0x00000000e0000000, 0x00000000e0000000, 0x00000000e5560000)
  from space 21824K, 100% used [0x00000000e5560000, 0x00000000e6ab0000, 0x00000000e6ab0000)
  to   space 21824K,   0% used [0x00000000e6ab0000, 0x00000000e6ab0000, 0x00000000e8000000)
 concurrent mark-sweep generation total 393216K, used 133912K [0x00000000e8000000, 0x0000000100000000, 0x0000000100000000)
 Metaspace       used 59703K, capacity 61289K, committed 61556K, reserved 1103872K
  class space    used 7238K, capacity 7620K, committed 7648K, reserved 1048576K
}
2020-06-27T17:18:51.432+0100: 233.692: Total time for which application threads were stopped: 0.0194463 seconds, Stopping threads took: 0.0000733 seconds
2020-06-27T17:18:51.432+0100: 233.692: Total time for which application threads were stopped: 0.0003581 seconds, Stopping threads took: 0.0000748 seconds
2020-06-27T17:18:51.433+0100: 233.693: Total time for which application threads were stopped: 0.0001946 seconds, Stopping threads took: 0.0000932 seconds
2020-06-27T17:18:51.535+0100: 233.795: Total time for which application threads were stopped: 0.0001719 seconds, Stopping threads took: 0.0000716 seconds
2020-06-27T17:18:51.546+0100: 233.807: Total time for which application threads were stopped: 0.0002983 seconds, Stopping threads took: 0.0002441 seconds
2020-06-27T17:18:51.551+0100: 233.811: Total time for which application threads were stopped: 0.0001379 seconds, Stopping threads took: 0.0000735 seconds
2020-06-27T17:18:51.558+0100: 233.819: Total time for which application threads were stopped: 0.0001261 seconds, Stopping threads took: 0.0000645 seconds
2020-06-27T17:18:52.377+0100: 234.638: Total time for which application threads were stopped: 0.0001541 seconds, Stopping threads took: 0.0000796 seconds
2020-06-27T17:18:52.378+0100: 234.638: Total time for which application threads were stopped: 0.0000918 seconds, Stopping threads took: 0.0000546 seconds
2020-06-27T17:18:52.378+0100: 234.639: Total time for which application threads were stopped: 0.0001155 seconds, Stopping threads took: 0.0000633 seconds
2020-06-27T17:18:52.380+0100: 234.641: Total time for which application threads were stopped: 0.0000919 seconds, Stopping threads took: 0.0000437 seconds
2020-06-27T17:18:52.381+0100: 234.641: Total time for which application threads were stopped: 0.0000823 seconds, Stopping threads took: 0.0000424 seconds
2020-06-27T17:18:52.381+0100: 234.641: Total time for which application threads were stopped: 0.0000524 seconds, Stopping threads took: 0.0000189 seconds
2020-06-27T17:18:52.381+0100: 234.641: Total time for which application threads were stopped: 0.0000456 seconds, Stopping threads took: 0.0000161 seconds
2020-06-27T17:18:52.647+0100: 234.908: Total time for which application threads were stopped: 0.0003094 seconds, Stopping threads took: 0.0002562 seconds
2020-06-27T17:18:52.652+0100: 234.913: Total time for which application threads were stopped: 0.0002956 seconds, Stopping threads took: 0.0000797 seconds
2020-06-27T17:18:52.655+0100: 234.916: Total time for which application threads were stopped: 0.0001572 seconds, Stopping threads took: 0.0000857 seconds
2020-06-27T17:18:52.658+0100: 234.919: Total time for which application threads were stopped: 0.0001631 seconds, Stopping threads took: 0.0000923 seconds
{Heap before GC invocations=26 (full 2):
 par new generation   total 109248K, used 109248K [0x00000000e0000000, 0x00000000e8000000, 0x00000000e8000000)
  eden space 87424K, 100% used [0x00000000e0000000, 0x00000000e5560000, 0x00000000e5560000)
  from space 21824K, 100% used [0x00000000e5560000, 0x00000000e6ab0000, 0x00000000e6ab0000)
  to   space 21824K,   0% used [0x00000000e6ab0000, 0x00000000e6ab0000, 0x00000000e8000000)
 concurrent mark-sweep generation total 393216K, used 133912K [0x00000000e8000000, 0x0000000100000000, 0x0000000100000000)
 Metaspace       used 59826K, capacity 61423K, committed 61812K, reserved 1103872K
  class space    used 7239K, capacity 7621K, committed 7648K, reserved 1048576K
2020-06-27T17:18:52.804+0100: 235.064: [GC (Allocation Failure) 2020-06-27T17:18:52.804+0100: 235.064: [ParNew
Desired survivor size 20112992 bytes, new threshold 5 (max 8)
- age   1:    8948056 bytes,    8948056 total
- age   2:    4049832 bytes,   12997888 total
- age   3:    2162752 bytes,   15160640 total
- age   4:    2525352 bytes,   17685992 total
- age   5:    2577496 bytes,   20263488 total
: 109248K->21824K(109248K), 0.0150703 secs] 243160K->160274K(502464K), 0.0151509 secs] [Times: user=0.03 sys=0.00, real=0.02 secs] 
Heap after GC invocations=27 (full 2):
 par new generation   total 109248K, used 21824K [0x00000000e0000000, 0x00000000e8000000, 0x00000000e8000000)
  eden space 87424K,   0% used [0x00000000e0000000, 0x00000000e0000000, 0x00000000e5560000)
  from space 21824K, 100% used [0x00000000e6ab0000, 0x00000000e8000000, 0x00000000e8000000)
  to   space 21824K,   0% used [0x00000000e5560000, 0x00000000e5560000, 0x00000000e6ab0000)
 concurrent mark-sweep generation total 393216K, used 138450K [0x00000000e8000000, 0x0000000100000000, 0x0000000100000000)
 Metaspace       used 59826K, capacity 61423K, committed 61812K, reserved 1103872K
  class space    used 7239K, capacity 7621K, committed 7648K, reserved 1048576K
}
2020-06-27T17:18:52.819+0100: 235.079: Total time for which application threads were stopped: 0.0155313 seconds, Stopping threads took: 0.0000750 seconds
2020-06-27T17:18:52.819+0100: 235.080: Total time for which application threads were stopped: 0.0001802 seconds, Stopping threads took: 0.0000686 seconds
2020-06-27T17:18:52.827+0100: 235.088: Total time for which application threads were stopped: 0.0002958 seconds, Stopping threads took: 0.0000627 seconds
{Heap before GC invocations=27 (full 2):
 par new generation   total 109248K, used 109248K [0x00000000e0000000, 0x00000000e8000000, 0x00000000e8000000)
  eden space 87424K, 100% used [0x00000000e0000000, 0x00000000e5560000, 0x00000000e5560000)
  from space 21824K, 100% used [0x00000000e6ab0000, 0x00000000e8000000, 0x00000000e8000000)
  to   space 21824K,   0% used [0x00000000e5560000, 0x00000000e5560000, 0x00000000e6ab0000)
 concurrent mark-sweep generation total 393216K, used 138450K [0x00000000e8000000, 0x0000000100000000, 0x0000000100000000)
 Metaspace       used 59842K, capacity 61423K, committed 61812K, reserved 1103872K
  class space    used 7239K, capacity 7621K, committed 7648K, reserved 1048576K
2020-06-27T17:18:52.964+0100: 235.224: [GC (Allocation Failure) 2020-06-27T17:18:52.964+0100: 235.225: [ParNew
Desired survivor size 20112992 bytes, new threshold 8 (max 8)
- age   1:    6733496 bytes,    6733496 total
- age   2:    3580888 bytes,   10314384 total
- age   3:    4045176 bytes,   14359560 total
- age   4:    2162304 bytes,   16521864 total
- age   5:    2523680 bytes,   19045544 total
: 109248K->21824K(109248K), 0.0162026 secs] 247698K->168255K(502464K), 0.0163053 secs] [Times: user=0.06 sys=0.00, real=0.02 secs] 
Heap after GC invocations=28 (full 2):
 par new generation   total 109248K, used 21824K [0x00000000e0000000, 0x00000000e8000000, 0x00000000e8000000)
  eden space 87424K,   0% used [0x00000000e0000000, 0x00000000e0000000, 0x00000000e5560000)
  from space 21824K, 100% used [0x00000000e5560000, 0x00000000e6ab0000, 0x00000000e6ab0000)
  to   space 21824K,   0% used [0x00000000e6ab0000, 0x00000000e6ab0000, 0x00000000e8000000)
 concurrent mark-sweep generation total 393216K, used 146431K [0x00000000e8000000, 0x0000000100000000, 0x0000000100000000)
 Metaspace       used 59842K, capacity 61423K, committed 61812K, reserved 1103872K
  class space    used 7239K, capacity 7621K, committed 7648K, reserved 1048576K
}
2020-06-27T17:18:52.980+0100: 235.241: Total time for which application threads were stopped: 0.0169205 seconds, Stopping threads took: 0.0003532 seconds
2020-06-27T17:18:52.981+0100: 235.241: Total time for which application threads were stopped: 0.0001558 seconds, Stopping threads took: 0.0000574 seconds
2020-06-27T17:18:52.981+0100: 235.241: Total time for which application threads were stopped: 0.0001182 seconds, Stopping threads took: 0.0000509 seconds
{Heap before GC invocations=28 (full 2):
 par new generation   total 109248K, used 109248K [0x00000000e0000000, 0x00000000e8000000, 0x00000000e8000000)
  eden space 87424K, 100% used [0x00000000e0000000, 0x00000000e5560000, 0x00000000e5560000)
  from space 21824K, 100% used [0x00000000e5560000, 0x00000000e6ab0000, 0x00000000e6ab0000)
  to   space 21824K,   0% used [0x00000000e6ab0000, 0x00000000e6ab0000, 0x00000000e8000000)
 concurrent mark-sweep generation total 393216K, used 146431K [0x00000000e8000000, 0x0000000100000000, 0x0000000100000000)
 Metaspace       used 59854K, capacity 61423K, committed 61812K, reserved 1103872K
  class space    used 7239K, capacity 7621K, committed 7648K, reserved 1048576K
2020-06-27T17:18:53.113+0100: 235.374: [GC (Allocation Failure) 2020-06-27T17:18:53.113+0100: 235.374: [ParNew
Desired survivor size 20112992 bytes, new threshold 6 (max 8)
- age   1:    6472152 bytes,    6472152 total
- age   2:    4231272 bytes,   10703424 total
- age   3:    2941992 bytes,   13645416 total
- age   4:    4045176 bytes,   17690592 total
- age   5:    2162304 bytes,   19852896 total
- age   6:    2477248 bytes,   22330144 total
: 109248K->21824K(109248K), 0.0172448 secs] 255679K->173319K(502464K), 0.0173048 secs] [Times: user=0.06 sys=0.00, real=0.02 secs] 
Heap after GC invocations=29 (full 2):
 par new generation   total 109248K, used 21824K [0x00000000e0000000, 0x00000000e8000000, 0x00000000e8000000)
  eden space 87424K,   0% used [0x00000000e0000000, 0x00000000e0000000, 0x00000000e5560000)
  from space 21824K, 100% used [0x00000000e6ab0000, 0x00000000e8000000, 0x00000000e8000000)
  to   space 21824K,   0% used [0x00000000e5560000, 0x00000000e5560000, 0x00000000e6ab0000)
 concurrent mark-sweep generation total 393216K, used 151495K [0x00000000e8000000, 0x0000000100000000, 0x0000000100000000)
 Metaspace       used 59854K, capacity 61423K, committed 61812K, reserved 1103872K
  class space    used 7239K, capacity 7621K, committed 7648K, reserved 1048576K
}
2020-06-27T17:18:53.130+0100: 235.391: Total time for which application threads were stopped: 0.0175340 seconds, Stopping threads took: 0.0000672 seconds
2020-06-27T17:18:53.131+0100: 235.391: Total time for which application threads were stopped: 0.0001685 seconds, Stopping threads took: 0.0000828 seconds
2020-06-27T17:18:53.131+0100: 235.391: Total time for which application threads were stopped: 0.0001152 seconds, Stopping threads took: 0.0000598 seconds
2020-06-27T17:18:53.924+0100: 236.185: Total time for which application threads were stopped: 0.0001711 seconds, Stopping threads took: 0.0000837 seconds
2020-06-27T17:18:53.925+0100: 236.185: Total time for which application threads were stopped: 0.0000973 seconds, Stopping threads took: 0.0000618 seconds
2020-06-27T17:18:53.925+0100: 236.186: Total time for which application threads were stopped: 0.0001036 seconds, Stopping threads took: 0.0000454 seconds
2020-06-27T17:18:53.928+0100: 236.189: Total time for which application threads were stopped: 0.0001253 seconds, Stopping threads took: 0.0000675 seconds
2020-06-27T17:18:53.929+0100: 236.189: Total time for which application threads were stopped: 0.0000864 seconds, Stopping threads took: 0.0000391 seconds
2020-06-27T17:18:53.929+0100: 236.189: Total time for which application threads were stopped: 0.0000998 seconds, Stopping threads took: 0.0000488 seconds
2020-06-27T17:18:53.929+0100: 236.190: Total time for which application threads were stopped: 0.0001955 seconds, Stopping threads took: 0.0000357 seconds
2020-06-27T17:18:55.056+0100: 237.316: Total time for which application threads were stopped: 0.0003867 seconds, Stopping threads took: 0.0003253 seconds
2020-06-27T17:18:55.070+0100: 237.330: Total time for which application threads were stopped: 0.0001503 seconds, Stopping threads took: 0.0000860 seconds
2020-06-27T17:18:55.074+0100: 237.334: Total time for which application threads were stopped: 0.0003585 seconds, Stopping threads took: 0.0002594 seconds
2020-06-27T17:18:55.077+0100: 237.338: Total time for which application threads were stopped: 0.0001493 seconds, Stopping threads took: 0.0000643 seconds
2020-06-27T17:18:55.102+0100: 237.362: Total time for which application threads were stopped: 0.0001600 seconds, Stopping threads took: 0.0000661 seconds
2020-06-27T17:18:55.102+0100: 237.363: Total time for which application threads were stopped: 0.0000986 seconds, Stopping threads took: 0.0000424 seconds
2020-06-27T17:18:55.102+0100: 237.363: Total time for which application threads were stopped: 0.0001148 seconds, Stopping threads took: 0.0000371 seconds
2020-06-27T17:18:55.318+0100: 237.579: Total time for which application threads were stopped: 0.0001118 seconds, Stopping threads took: 0.0000540 seconds
2020-06-27T17:18:55.318+0100: 237.579: Total time for which application threads were stopped: 0.0000735 seconds, Stopping threads took: 0.0000380 seconds
2020-06-27T17:18:55.318+0100: 237.579: Total time for which application threads were stopped: 0.0000675 seconds, Stopping threads took: 0.0000354 seconds
{Heap before GC invocations=29 (full 2):
 par new generation   total 109248K, used 109248K [0x00000000e0000000, 0x00000000e8000000, 0x00000000e8000000)
  eden space 87424K, 100% used [0x00000000e0000000, 0x00000000e5560000, 0x00000000e5560000)
  from space 21824K, 100% used [0x00000000e6ab0000, 0x00000000e8000000, 0x00000000e8000000)
  to   space 21824K,   0% used [0x00000000e5560000, 0x00000000e5560000, 0x00000000e6ab0000)
 concurrent mark-sweep generation total 393216K, used 151495K [0x00000000e8000000, 0x0000000100000000, 0x0000000100000000)
 Metaspace       used 59966K, capacity 61517K, committed 61812K, reserved 1103872K
  class space    used 7241K, capacity 7626K, committed 7648K, reserved 1048576K
2020-06-27T17:18:55.353+0100: 237.614: [GC (Allocation Failure) 2020-06-27T17:18:55.354+0100: 237.614: [ParNew
Desired survivor size 20112992 bytes, new threshold 6 (max 8)
- age   1:    6273104 bytes,    6273104 total
- age   2:    3695032 bytes,    9968136 total
- age   3:    3575312 bytes,   13543448 total
- age   4:    2687104 bytes,   16230552 total
- age   5:    3803056 bytes,   20033608 total
- age   6:    2160384 bytes,   22193992 total
: 109248K->21824K(109248K), 0.0200826 secs] 260743K->182105K(502464K), 0.0201867 secs] [Times: user=0.06 sys=0.00, real=0.02 secs] 
Heap after GC invocations=30 (full 2):
 par new generation   total 109248K, used 21824K [0x00000000e0000000, 0x00000000e8000000, 0x00000000e8000000)
  eden space 87424K,   0% used [0x00000000e0000000, 0x00000000e0000000, 0x00000000e5560000)
  from space 21824K, 100% used [0x00000000e5560000, 0x00000000e6ab0000, 0x00000000e6ab0000)
  to   space 21824K,   0% used [0x00000000e6ab0000, 0x00000000e6ab0000, 0x00000000e8000000)
 concurrent mark-sweep generation total 393216K, used 160281K [0x00000000e8000000, 0x0000000100000000, 0x0000000100000000)
 Metaspace       used 59966K, capacity 61517K, committed 61812K, reserved 1103872K
  class space    used 7241K, capacity 7626K, committed 7648K, reserved 1048576K
}
2020-06-27T17:18:55.374+0100: 237.634: Total time for which application threads were stopped: 0.0205359 seconds, Stopping threads took: 0.0000904 seconds
2020-06-27T17:18:55.374+0100: 237.635: Total time for which application threads were stopped: 0.0002961 seconds, Stopping threads took: 0.0002129 seconds
2020-06-27T17:18:55.409+0100: 237.670: Total time for which application threads were stopped: 0.0004165 seconds, Stopping threads took: 0.0003313 seconds
{Heap before GC invocations=30 (full 2):
 par new generation   total 109248K, used 109248K [0x00000000e0000000, 0x00000000e8000000, 0x00000000e8000000)
  eden space 87424K, 100% used [0x00000000e0000000, 0x00000000e5560000, 0x00000000e5560000)
  from space 21824K, 100% used [0x00000000e5560000, 0x00000000e6ab0000, 0x00000000e6ab0000)
  to   space 21824K,   0% used [0x00000000e6ab0000, 0x00000000e6ab0000, 0x00000000e8000000)
 concurrent mark-sweep generation total 393216K, used 160281K [0x00000000e8000000, 0x0000000100000000, 0x0000000100000000)
 Metaspace       used 59994K, capacity 61517K, committed 61812K, reserved 1103872K
  class space    used 7241K, capacity 7626K, committed 7648K, reserved 1048576K
2020-06-27T17:18:55.883+0100: 238.143: [GC (Allocation Failure) 2020-06-27T17:18:55.883+0100: 238.143: [ParNew
Desired survivor size 20112992 bytes, new threshold 6 (max 8)
- age   1:    3879328 bytes,    3879328 total
- age   2:    4828768 bytes,    8708096 total
- age   3:    3170376 bytes,   11878472 total
- age   4:    3535424 bytes,   15413896 total
- age   5:    2686280 bytes,   18100176 total
- age   6:    3802784 bytes,   21902960 total
: 109248K->21824K(109248K), 0.0181930 secs] 269529K->191901K(502464K), 0.0182494 secs] [Times: user=0.06 sys=0.00, real=0.02 secs] 
Heap after GC invocations=31 (full 2):
 par new generation   total 109248K, used 21824K [0x00000000e0000000, 0x00000000e8000000, 0x00000000e8000000)
  eden space 87424K,   0% used [0x00000000e0000000, 0x00000000e0000000, 0x00000000e5560000)
  from space 21824K, 100% used [0x00000000e6ab0000, 0x00000000e8000000, 0x00000000e8000000)
  to   space 21824K,   0% used [0x00000000e5560000, 0x00000000e5560000, 0x00000000e6ab0000)
 concurrent mark-sweep generation total 393216K, used 170077K [0x00000000e8000000, 0x0000000100000000, 0x0000000100000000)
 Metaspace       used 59994K, capacity 61517K, committed 61812K, reserved 1103872K
  class space    used 7241K, capacity 7626K, committed 7648K, reserved 1048576K
}
2020-06-27T17:18:55.901+0100: 238.162: Total time for which application threads were stopped: 0.0184497 seconds, Stopping threads took: 0.0000580 seconds
2020-06-27T17:18:55.902+0100: 238.162: Total time for which application threads were stopped: 0.0001388 seconds, Stopping threads took: 0.0000703 seconds
2020-06-27T17:18:55.902+0100: 238.162: Total time for which application threads were stopped: 0.0001277 seconds, Stopping threads took: 0.0000649 seconds
{Heap before GC invocations=31 (full 2):
 par new generation   total 109248K, used 109248K [0x00000000e0000000, 0x00000000e8000000, 0x00000000e8000000)
  eden space 87424K, 100% used [0x00000000e0000000, 0x00000000e5560000, 0x00000000e5560000)
  from space 21824K, 100% used [0x00000000e6ab0000, 0x00000000e8000000, 0x00000000e8000000)
  to   space 21824K,   0% used [0x00000000e5560000, 0x00000000e5560000, 0x00000000e6ab0000)
 concurrent mark-sweep generation total 393216K, used 170077K [0x00000000e8000000, 0x0000000100000000, 0x0000000100000000)
 Metaspace       used 60001K, capacity 61517K, committed 61812K, reserved 1103872K
  class space    used 7241K, capacity 7626K, committed 7648K, reserved 1048576K
2020-06-27T17:18:56.336+0100: 238.596: [GC (Allocation Failure) 2020-06-27T17:18:56.336+0100: 238.596: [ParNew
Desired survivor size 20112992 bytes, new threshold 6 (max 8)
- age   1:    6734992 bytes,    6734992 total
- age   2:    2365280 bytes,    9100272 total
- age   3:    4486952 bytes,   13587224 total
- age   4:    3170312 bytes,   16757536 total
- age   5:    2951816 bytes,   19709352 total
- age   6:    2621264 bytes,   22330616 total
: 109248K->21824K(109248K), 0.0205344 secs] 279325K->199841K(502464K), 0.0206243 secs] [Times: user=0.06 sys=0.00, real=0.02 secs] 
Heap after GC invocations=32 (full 2):
 par new generation   total 109248K, used 21824K [0x00000000e0000000, 0x00000000e8000000, 0x00000000e8000000)
  eden space 87424K,   0% used [0x00000000e0000000, 0x00000000e0000000, 0x00000000e5560000)
  from space 21824K, 100% used [0x00000000e5560000, 0x00000000e6ab0000, 0x00000000e6ab0000)
  to   space 21824K,   0% used [0x00000000e6ab0000, 0x00000000e6ab0000, 0x00000000e8000000)
 concurrent mark-sweep generation total 393216K, used 178017K [0x00000000e8000000, 0x0000000100000000, 0x0000000100000000)
 Metaspace       used 60001K, capacity 61517K, committed 61812K, reserved 1103872K
  class space    used 7241K, capacity 7626K, committed 7648K, reserved 1048576K
}
2020-06-27T17:18:56.357+0100: 238.617: Total time for which application threads were stopped: 0.0208688 seconds, Stopping threads took: 0.0000648 seconds
2020-06-27T17:18:56.357+0100: 238.617: Total time for which application threads were stopped: 0.0002940 seconds, Stopping threads took: 0.0001964 seconds
2020-06-27T17:18:56.357+0100: 238.618: Total time for which application threads were stopped: 0.0002339 seconds, Stopping threads took: 0.0001483 seconds
2020-06-27T17:18:56.440+0100: 238.701: Total time for which application threads were stopped: 0.0001795 seconds, Stopping threads took: 0.0000936 seconds
2020-06-27T17:18:56.452+0100: 238.712: Total time for which application threads were stopped: 0.0008992 seconds, Stopping threads took: 0.0006028 seconds
2020-06-27T17:18:57.448+0100: 239.708: Total time for which application threads were stopped: 0.0001349 seconds, Stopping threads took: 0.0000639 seconds
2020-06-27T17:18:57.448+0100: 239.709: Total time for which application threads were stopped: 0.0001271 seconds, Stopping threads took: 0.0000872 seconds
2020-06-27T17:18:57.449+0100: 239.709: Total time for which application threads were stopped: 0.0001297 seconds, Stopping threads took: 0.0000744 seconds
2020-06-27T17:18:57.451+0100: 239.712: Total time for which application threads were stopped: 0.0000926 seconds, Stopping threads took: 0.0000537 seconds
2020-06-27T17:18:57.452+0100: 239.712: Total time for which application threads were stopped: 0.0000872 seconds, Stopping threads took: 0.0000400 seconds
2020-06-27T17:18:58.453+0100: 240.713: Total time for which application threads were stopped: 0.0001667 seconds, Stopping threads took: 0.0001203 seconds
2020-06-27T17:19:05.302+0100: 247.562: Total time for which application threads were stopped: 0.0001096 seconds, Stopping threads took: 0.0000560 seconds
2020-06-27T17:19:05.308+0100: 247.568: Total time for which application threads were stopped: 0.0001447 seconds, Stopping threads took: 0.0000815 seconds
2020-06-27T17:19:05.341+0100: 247.601: Total time for which application threads were stopped: 0.0001165 seconds, Stopping threads took: 0.0000600 seconds
2020-06-27T17:19:05.341+0100: 247.601: Total time for which application threads were stopped: 0.0000922 seconds, Stopping threads took: 0.0000606 seconds
2020-06-27T17:19:05.341+0100: 247.601: Total time for which application threads were stopped: 0.0000758 seconds, Stopping threads took: 0.0000501 seconds
{Heap before GC invocations=32 (full 2):
 par new generation   total 109248K, used 109248K [0x00000000e0000000, 0x00000000e8000000, 0x00000000e8000000)
  eden space 87424K, 100% used [0x00000000e0000000, 0x00000000e5560000, 0x00000000e5560000)
  from space 21824K, 100% used [0x00000000e5560000, 0x00000000e6ab0000, 0x00000000e6ab0000)
  to   space 21824K,   0% used [0x00000000e6ab0000, 0x00000000e6ab0000, 0x00000000e8000000)
 concurrent mark-sweep generation total 393216K, used 178017K [0x00000000e8000000, 0x0000000100000000, 0x0000000100000000)
 Metaspace       used 60134K, capacity 61793K, committed 62068K, reserved 1103872K
  class space    used 7248K, capacity 7628K, committed 7648K, reserved 1048576K
2020-06-27T17:19:05.518+0100: 247.779: [GC (Allocation Failure) 2020-06-27T17:19:05.518+0100: 247.779: [ParNew
Desired survivor size 20112992 bytes, new threshold 6 (max 8)
- age   1:    4512272 bytes,    4512272 total
- age   2:    5340712 bytes,    9852984 total
- age   3:    2232256 bytes,   12085240 total
- age   4:    3876808 bytes,   15962048 total
- age   5:    3170312 bytes,   19132360 total
- age   6:    2936296 bytes,   22068656 total
: 109248K->21824K(109248K), 0.0152221 secs] 287265K->204723K(502464K), 0.0152902 secs] [Times: user=0.06 sys=0.00, real=0.02 secs] 
Heap after GC invocations=33 (full 2):
 par new generation   total 109248K, used 21824K [0x00000000e0000000, 0x00000000e8000000, 0x00000000e8000000)
  eden space 87424K,   0% used [0x00000000e0000000, 0x00000000e0000000, 0x00000000e5560000)
  from space 21824K, 100% used [0x00000000e6ab0000, 0x00000000e8000000, 0x00000000e8000000)
  to   space 21824K,   0% used [0x00000000e5560000, 0x00000000e5560000, 0x00000000e6ab0000)
 concurrent mark-sweep generation total 393216K, used 182899K [0x00000000e8000000, 0x0000000100000000, 0x0000000100000000)
 Metaspace       used 60134K, capacity 61793K, committed 62068K, reserved 1103872K
  class space    used 7248K, capacity 7628K, committed 7648K, reserved 1048576K
}
2020-06-27T17:19:05.533+0100: 247.794: Total time for which application threads were stopped: 0.0155348 seconds, Stopping threads took: 0.0000994 seconds
2020-06-27T17:19:05.534+0100: 247.794: Total time for which application threads were stopped: 0.0001559 seconds, Stopping threads took: 0.0000925 seconds
2020-06-27T17:19:05.540+0100: 247.800: Total time for which application threads were stopped: 0.0001091 seconds, Stopping threads took: 0.0000679 seconds
2020-06-27T17:19:05.540+0100: 247.800: Total time for which application threads were stopped: 0.0000760 seconds, Stopping threads took: 0.0000457 seconds
2020-06-27T17:19:05.540+0100: 247.801: Total time for which application threads were stopped: 0.0000687 seconds, Stopping threads took: 0.0000438 seconds
2020-06-27T17:19:05.602+0100: 247.863: Total time for which application threads were stopped: 0.0001678 seconds, Stopping threads took: 0.0000942 seconds
{Heap before GC invocations=33 (full 2):
 par new generation   total 109248K, used 109248K [0x00000000e0000000, 0x00000000e8000000, 0x00000000e8000000)
  eden space 87424K, 100% used [0x00000000e0000000, 0x00000000e5560000, 0x00000000e5560000)
  from space 21824K, 100% used [0x00000000e6ab0000, 0x00000000e8000000, 0x00000000e8000000)
  to   space 21824K,   0% used [0x00000000e5560000, 0x00000000e5560000, 0x00000000e6ab0000)
 concurrent mark-sweep generation total 393216K, used 182899K [0x00000000e8000000, 0x0000000100000000, 0x0000000100000000)
 Metaspace       used 60152K, capacity 61793K, committed 62068K, reserved 1103872K
  class space    used 7248K, capacity 7628K, committed 7648K, reserved 1048576K
2020-06-27T17:19:05.800+0100: 248.061: [GC (Allocation Failure) 2020-06-27T17:19:05.800+0100: 248.061: [ParNew
Desired survivor size 20112992 bytes, new threshold 6 (max 8)
- age   1:    4574968 bytes,    4574968 total
- age   2:    3972528 bytes,    8547496 total
- age   3:    4638400 bytes,   13185896 total
- age   4:    2051816 bytes,   15237712 total
- age   5:    3810952 bytes,   19048664 total
- age   6:    3170216 bytes,   22218880 total
: 109248K->21824K(109248K), 0.0162147 secs] 292147K->211912K(502464K), 0.0163181 secs] [Times: user=0.05 sys=0.02, real=0.02 secs] 
Heap after GC invocations=34 (full 2):
 par new generation   total 109248K, used 21824K [0x00000000e0000000, 0x00000000e8000000, 0x00000000e8000000)
  eden space 87424K,   0% used [0x00000000e0000000, 0x00000000e0000000, 0x00000000e5560000)
  from space 21824K, 100% used [0x00000000e5560000, 0x00000000e6ab0000, 0x00000000e6ab0000)
  to   space 21824K,   0% used [0x00000000e6ab0000, 0x00000000e6ab0000, 0x00000000e8000000)
 concurrent mark-sweep generation total 393216K, used 190088K [0x00000000e8000000, 0x0000000100000000, 0x0000000100000000)
 Metaspace       used 60152K, capacity 61793K, committed 62068K, reserved 1103872K
  class space    used 7248K, capacity 7628K, committed 7648K, reserved 1048576K
}
2020-06-27T17:19:05.817+0100: 248.077: Total time for which application threads were stopped: 0.0166603 seconds, Stopping threads took: 0.0000920 seconds
2020-06-27T17:19:05.817+0100: 248.077: Total time for which application threads were stopped: 0.0001821 seconds, Stopping threads took: 0.0000655 seconds
{Heap before GC invocations=34 (full 2):
 par new generation   total 109248K, used 109248K [0x00000000e0000000, 0x00000000e8000000, 0x00000000e8000000)
  eden space 87424K, 100% used [0x00000000e0000000, 0x00000000e5560000, 0x00000000e5560000)
  from space 21824K, 100% used [0x00000000e5560000, 0x00000000e6ab0000, 0x00000000e6ab0000)
  to   space 21824K,   0% used [0x00000000e6ab0000, 0x00000000e6ab0000, 0x00000000e8000000)
 concurrent mark-sweep generation total 393216K, used 190088K [0x00000000e8000000, 0x0000000100000000, 0x0000000100000000)
 Metaspace       used 60160K, capacity 61793K, committed 62068K, reserved 1103872K
  class space    used 7248K, capacity 7628K, committed 7648K, reserved 1048576K
2020-06-27T17:19:06.209+0100: 248.469: [GC (Allocation Failure) 2020-06-27T17:19:06.209+0100: 248.469: [ParNew
Desired survivor size 20112992 bytes, new threshold 6 (max 8)
- age   1:    4686672 bytes,    4686672 total
- age   2:    3079880 bytes,    7766552 total
- age   3:    3970880 bytes,   11737432 total
- age   4:    4638400 bytes,   16375832 total
- age   5:    2051816 bytes,   18427648 total
- age   6:    3810952 bytes,   22238600 total
: 109248K->21824K(109248K), 0.0181563 secs] 299336K->220041K(502464K), 0.0182187 secs] [Times: user=0.13 sys=0.00, real=0.02 secs] 
Heap after GC invocations=35 (full 2):
 par new generation   total 109248K, used 21824K [0x00000000e0000000, 0x00000000e8000000, 0x00000000e8000000)
  eden space 87424K,   0% used [0x00000000e0000000, 0x00000000e0000000, 0x00000000e5560000)
  from space 21824K, 100% used [0x00000000e6ab0000, 0x00000000e8000000, 0x00000000e8000000)
  to   space 21824K,   0% used [0x00000000e5560000, 0x00000000e5560000, 0x00000000e6ab0000)
 concurrent mark-sweep generation total 393216K, used 198217K [0x00000000e8000000, 0x0000000100000000, 0x0000000100000000)
 Metaspace       used 60160K, capacity 61793K, committed 62068K, reserved 1103872K
  class space    used 7248K, capacity 7628K, committed 7648K, reserved 1048576K
}
2020-06-27T17:19:06.227+0100: 248.487: Total time for which application threads were stopped: 0.0184265 seconds, Stopping threads took: 0.0000583 seconds
2020-06-27T17:19:06.227+0100: 248.488: [GC (CMS Initial Mark) [1 CMS-initial-mark: 198217K(393216K)] 221200K(502464K), 0.0035222 secs] [Times: user=0.00 sys=0.00, real=0.00 secs] 
2020-06-27T17:19:06.231+0100: 248.491: Total time for which application threads were stopped: 0.0036839 seconds, Stopping threads took: 0.0000797 seconds
2020-06-27T17:19:06.231+0100: 248.491: [CMS-concurrent-mark-start]
2020-06-27T17:19:06.257+0100: 248.517: Total time for which application threads were stopped: 0.0002264 seconds, Stopping threads took: 0.0000897 seconds
2020-06-27T17:19:06.257+0100: 248.518: Total time for which application threads were stopped: 0.0001826 seconds, Stopping threads took: 0.0000689 seconds
2020-06-27T17:19:06.260+0100: 248.521: [CMS-concurrent-mark: 0.028/0.030 secs] [Times: user=0.13 sys=0.00, real=0.03 secs] 
2020-06-27T17:19:06.260+0100: 248.521: [CMS-concurrent-preclean-start]
2020-06-27T17:19:06.262+0100: 248.522: [CMS-concurrent-preclean: 0.002/0.002 secs] [Times: user=0.00 sys=0.00, real=0.00 secs] 
2020-06-27T17:19:06.262+0100: 248.522: [CMS-concurrent-abortable-preclean-start]
2020-06-27T17:19:06.557+0100: 248.817: [CMS-concurrent-abortable-preclean: 0.095/0.294 secs] [Times: user=0.58 sys=0.00, real=0.29 secs] 
2020-06-27T17:19:06.557+0100: 248.817: [GC (CMS Final Remark) [YG occupancy: 107554 K (109248 K)]{Heap before GC invocations=35 (full 3):
 par new generation   total 109248K, used 107554K [0x00000000e0000000, 0x00000000e8000000, 0x00000000e8000000)
  eden space 87424K,  98% used [0x00000000e0000000, 0x00000000e53b88d8, 0x00000000e5560000)
  from space 21824K, 100% used [0x00000000e6ab0000, 0x00000000e8000000, 0x00000000e8000000)
  to   space 21824K,   0% used [0x00000000e5560000, 0x00000000e5560000, 0x00000000e6ab0000)
 concurrent mark-sweep generation total 393216K, used 198217K [0x00000000e8000000, 0x0000000100000000, 0x0000000100000000)
 Metaspace       used 60171K, capacity 61793K, committed 62068K, reserved 1103872K
  class space    used 7248K, capacity 7628K, committed 7648K, reserved 1048576K
2020-06-27T17:19:06.557+0100: 248.817: [GC (CMS Final Remark) 2020-06-27T17:19:06.557+0100: 248.817: [ParNew
Desired survivor size 20112992 bytes, new threshold 8 (max 8)
- age   1:    3527744 bytes,    3527744 total
- age   2:    1635088 bytes,    5162832 total
- age   3:    3079760 bytes,    8242592 total
- age   4:    3970880 bytes,   12213472 total
- age   5:    4638400 bytes,   16851872 total
- age   6:    2051816 bytes,   18903688 total
: 107554K->21824K(109248K), 0.0144822 secs] 305771K->225830K(502464K), 0.0145303 secs] [Times: user=0.06 sys=0.00, real=0.01 secs] 
Heap after GC invocations=36 (full 3):
 par new generation   total 109248K, used 21824K [0x00000000e0000000, 0x00000000e8000000, 0x00000000e8000000)
  eden space 87424K,   0% used [0x00000000e0000000, 0x00000000e0000000, 0x00000000e5560000)
  from space 21824K, 100% used [0x00000000e5560000, 0x00000000e6ab0000, 0x00000000e6ab0000)
  to   space 21824K,   0% used [0x00000000e6ab0000, 0x00000000e6ab0000, 0x00000000e8000000)
 concurrent mark-sweep generation total 393216K, used 204006K [0x00000000e8000000, 0x0000000100000000, 0x0000000100000000)
 Metaspace       used 60171K, capacity 61793K, committed 62068K, reserved 1103872K
  class space    used 7248K, capacity 7628K, committed 7648K, reserved 1048576K
}
2020-06-27T17:19:06.571+0100: 248.832: [Rescan (parallel) , 0.0049796 secs]2020-06-27T17:19:06.576+0100: 248.837: [weak refs processing, 0.0029696 secs]2020-06-27T17:19:06.579+0100: 248.840: [class unloading, 0.0082614 secs]2020-06-27T17:19:06.588+0100: 248.848: [scrub symbol table, 0.0115897 secs]2020-06-27T17:19:06.599+0100: 248.860: [scrub string table, 0.0007869 secs][1 CMS-remark: 204006K(393216K)] 225830K(502464K), 0.0439053 secs] [Times: user=0.09 sys=0.00, real=0.04 secs] 
2020-06-27T17:19:06.601+0100: 248.861: Total time for which application threads were stopped: 0.0440504 seconds, Stopping threads took: 0.0000486 seconds
2020-06-27T17:19:06.601+0100: 248.861: [CMS-concurrent-sweep-start]
2020-06-27T17:19:06.602+0100: 248.862: Total time for which application threads were stopped: 0.0001457 seconds, Stopping threads took: 0.0000784 seconds
2020-06-27T17:19:06.602+0100: 248.863: Total time for which application threads were stopped: 0.0001213 seconds, Stopping threads took: 0.0000668 seconds
2020-06-27T17:19:06.603+0100: 248.863: Total time for which application threads were stopped: 0.0000967 seconds, Stopping threads took: 0.0000493 seconds
2020-06-27T17:19:06.603+0100: 248.864: Total time for which application threads were stopped: 0.0000927 seconds, Stopping threads took: 0.0000574 seconds
2020-06-27T17:19:06.603+0100: 248.864: Total time for which application threads were stopped: 0.0000756 seconds, Stopping threads took: 0.0000491 seconds
2020-06-27T17:19:06.686+0100: 248.946: [CMS-concurrent-sweep: 0.084/0.085 secs] [Times: user=0.31 sys=0.00, real=0.09 secs] 
2020-06-27T17:19:06.686+0100: 248.946: [CMS-concurrent-reset-start]
2020-06-27T17:19:06.686+0100: 248.947: [CMS-concurrent-reset: 0.001/0.001 secs] [Times: user=0.00 sys=0.00, real=0.00 secs] 
2020-06-27T17:19:07.604+0100: 249.864: Total time for which application threads were stopped: 0.0001219 seconds, Stopping threads took: 0.0000606 seconds
2020-06-27T17:19:07.905+0100: 250.166: Total time for which application threads were stopped: 0.0001439 seconds, Stopping threads took: 0.0000844 seconds
2020-06-27T17:19:07.905+0100: 250.166: Total time for which application threads were stopped: 0.0000917 seconds, Stopping threads took: 0.0000555 seconds
2020-06-27T17:19:07.906+0100: 250.167: Total time for which application threads were stopped: 0.0001385 seconds, Stopping threads took: 0.0000757 seconds
2020-06-27T17:19:07.910+0100: 250.170: Total time for which application threads were stopped: 0.0001446 seconds, Stopping threads took: 0.0000608 seconds
2020-06-27T17:19:07.910+0100: 250.171: Total time for which application threads were stopped: 0.0001252 seconds, Stopping threads took: 0.0000684 seconds
2020-06-27T17:19:07.910+0100: 250.171: Total time for which application threads were stopped: 0.0000780 seconds, Stopping threads took: 0.0000370 seconds
2020-06-27T17:19:07.911+0100: 250.171: Total time for which application threads were stopped: 0.0001354 seconds, Stopping threads took: 0.0000563 seconds
2020-06-27T17:19:07.911+0100: 250.171: Total time for which application threads were stopped: 0.0001343 seconds, Stopping threads took: 0.0000975 seconds
2020-06-27T17:19:26.920+0100: 269.180: Total time for which application threads were stopped: 0.0001017 seconds, Stopping threads took: 0.0000382 seconds
2020-06-27T17:21:04.347+0100: 366.608: Total time for which application threads were stopped: 0.0003524 seconds, Stopping threads took: 0.0002373 seconds
2020-06-27T17:21:04.364+0100: 366.625: Total time for which application threads were stopped: 0.0001460 seconds, Stopping threads took: 0.0000712 seconds
2020-06-27T17:21:04.365+0100: 366.626: Total time for which application threads were stopped: 0.0001176 seconds, Stopping threads took: 0.0000598 seconds
2020-06-27T17:21:04.403+0100: 366.664: Total time for which application threads were stopped: 0.0002834 seconds, Stopping threads took: 0.0002216 seconds
2020-06-27T17:21:04.403+0100: 366.664: Total time for which application threads were stopped: 0.0001006 seconds, Stopping threads took: 0.0000457 seconds
2020-06-27T17:21:04.403+0100: 366.664: Total time for which application threads were stopped: 0.0000541 seconds, Stopping threads took: 0.0000207 seconds
2020-06-27T17:21:04.475+0100: 366.735: Total time for which application threads were stopped: 0.0017594 seconds, Stopping threads took: 0.0015763 seconds
2020-06-27T17:21:04.475+0100: 366.736: Total time for which application threads were stopped: 0.0001177 seconds, Stopping threads took: 0.0000730 seconds
2020-06-27T17:21:04.475+0100: 366.736: Total time for which application threads were stopped: 0.0000881 seconds, Stopping threads took: 0.0000450 seconds
2020-06-27T17:21:04.577+0100: 366.838: Total time for which application threads were stopped: 0.0001527 seconds, Stopping threads took: 0.0000778 seconds
{Heap before GC invocations=36 (full 3):
 par new generation   total 109248K, used 109248K [0x00000000e0000000, 0x00000000e8000000, 0x00000000e8000000)
  eden space 87424K, 100% used [0x00000000e0000000, 0x00000000e5560000, 0x00000000e5560000)
  from space 21824K, 100% used [0x00000000e5560000, 0x00000000e6ab0000, 0x00000000e6ab0000)
  to   space 21824K,   0% used [0x00000000e6ab0000, 0x00000000e6ab0000, 0x00000000e8000000)
 concurrent mark-sweep generation total 393216K, used 88978K [0x00000000e8000000, 0x0000000100000000, 0x0000000100000000)
 Metaspace       used 60259K, capacity 61939K, committed 62068K, reserved 1103872K
  class space    used 7250K, capacity 7631K, committed 7648K, reserved 1048576K
2020-06-27T17:21:04.585+0100: 366.846: [GC (Allocation Failure) 2020-06-27T17:21:04.585+0100: 366.846: [ParNew
Desired survivor size 20112992 bytes, new threshold 8 (max 8)
- age   1:    3883664 bytes,    3883664 total
- age   2:    2576496 bytes,    6460160 total
- age   3:    1579232 bytes,    8039392 total
- age   4:    2326096 bytes,   10365488 total
- age   5:    3491448 bytes,   13856936 total
- age   6:    3128112 bytes,   16985048 total
- age   7:    2051288 bytes,   19036336 total
: 109248K->21824K(109248K), 0.0141056 secs] 198226K->110802K(502464K), 0.0142942 secs] [Times: user=0.00 sys=0.00, real=0.01 secs] 
Heap after GC invocations=37 (full 3):
 par new generation   total 109248K, used 21824K [0x00000000e0000000, 0x00000000e8000000, 0x00000000e8000000)
  eden space 87424K,   0% used [0x00000000e0000000, 0x00000000e0000000, 0x00000000e5560000)
  from space 21824K, 100% used [0x00000000e6ab0000, 0x00000000e8000000, 0x00000000e8000000)
  to   space 21824K,   0% used [0x00000000e5560000, 0x00000000e5560000, 0x00000000e6ab0000)
 concurrent mark-sweep generation total 393216K, used 88978K [0x00000000e8000000, 0x0000000100000000, 0x0000000100000000)
 Metaspace       used 60259K, capacity 61939K, committed 62068K, reserved 1103872K
  class space    used 7250K, capacity 7631K, committed 7648K, reserved 1048576K
}
2020-06-27T17:21:04.599+0100: 366.860: Total time for which application threads were stopped: 0.0145822 seconds, Stopping threads took: 0.0000757 seconds
2020-06-27T17:21:04.600+0100: 366.861: Total time for which application threads were stopped: 0.0001736 seconds, Stopping threads took: 0.0000948 seconds
{Heap before GC invocations=37 (full 3):
 par new generation   total 109248K, used 109248K [0x00000000e0000000, 0x00000000e8000000, 0x00000000e8000000)
  eden space 87424K, 100% used [0x00000000e0000000, 0x00000000e5560000, 0x00000000e5560000)
  from space 21824K, 100% used [0x00000000e6ab0000, 0x00000000e8000000, 0x00000000e8000000)
  to   space 21824K,   0% used [0x00000000e5560000, 0x00000000e5560000, 0x00000000e6ab0000)
 concurrent mark-sweep generation total 393216K, used 88978K [0x00000000e8000000, 0x0000000100000000, 0x0000000100000000)
 Metaspace       used 60261K, capacity 61939K, committed 62068K, reserved 1103872K
  class space    used 7250K, capacity 7631K, committed 7648K, reserved 1048576K
2020-06-27T17:21:04.829+0100: 367.090: [GC (Allocation Failure) 2020-06-27T17:21:04.829+0100: 367.090: [ParNew
Desired survivor size 20112992 bytes, new threshold 8 (max 8)
- age   1:    5967768 bytes,    5967768 total
- age   2:     807456 bytes,    6775224 total
- age   3:    2575368 bytes,    9350592 total
- age   4:    1578608 bytes,   10929200 total
- age   5:    2324240 bytes,   13253440 total
- age   6:    3381392 bytes,   16634832 total
- age   7:    3128032 bytes,   19762864 total
- age   8:    2050816 bytes,   21813680 total
: 109248K->21824K(109248K), 0.0161744 secs] 198226K->116754K(502464K), 0.0162767 secs] [Times: user=0.06 sys=0.00, real=0.02 secs] 
Heap after GC invocations=38 (full 3):
 par new generation   total 109248K, used 21824K [0x00000000e0000000, 0x00000000e8000000, 0x00000000e8000000)
  eden space 87424K,   0% used [0x00000000e0000000, 0x00000000e0000000, 0x00000000e5560000)
  from space 21824K, 100% used [0x00000000e5560000, 0x00000000e6ab0000, 0x00000000e6ab0000)
  to   space 21824K,   0% used [0x00000000e6ab0000, 0x00000000e6ab0000, 0x00000000e8000000)
 concurrent mark-sweep generation total 393216K, used 94930K [0x00000000e8000000, 0x0000000100000000, 0x0000000100000000)
 Metaspace       used 60261K, capacity 61939K, committed 62068K, reserved 1103872K
  class space    used 7250K, capacity 7631K, committed 7648K, reserved 1048576K
}
2020-06-27T17:21:04.845+0100: 367.106: Total time for which application threads were stopped: 0.0165739 seconds, Stopping threads took: 0.0000690 seconds
2020-06-27T17:21:04.846+0100: 367.107: Total time for which application threads were stopped: 0.0002064 seconds, Stopping threads took: 0.0000994 seconds
2020-06-27T17:21:04.846+0100: 367.107: Total time for which application threads were stopped: 0.0001503 seconds, Stopping threads took: 0.0000636 seconds
2020-06-27T17:21:04.846+0100: 367.107: Total time for which application threads were stopped: 0.0001425 seconds, Stopping threads took: 0.0000797 seconds
2020-06-27T17:21:04.846+0100: 367.107: Total time for which application threads were stopped: 0.0001112 seconds, Stopping threads took: 0.0000598 seconds
2020-06-27T17:21:04.847+0100: 367.108: Total time for which application threads were stopped: 0.0001055 seconds, Stopping threads took: 0.0000498 seconds
2020-06-27T17:21:04.847+0100: 367.108: Total time for which application threads were stopped: 0.0001160 seconds, Stopping threads took: 0.0000552 seconds
{Heap before GC invocations=38 (full 3):
 par new generation   total 109248K, used 109248K [0x00000000e0000000, 0x00000000e8000000, 0x00000000e8000000)
  eden space 87424K, 100% used [0x00000000e0000000, 0x00000000e5560000, 0x00000000e5560000)
  from space 21824K, 100% used [0x00000000e5560000, 0x00000000e6ab0000, 0x00000000e6ab0000)
  to   space 21824K,   0% used [0x00000000e6ab0000, 0x00000000e6ab0000, 0x00000000e8000000)
 concurrent mark-sweep generation total 393216K, used 94930K [0x00000000e8000000, 0x0000000100000000, 0x0000000100000000)
 Metaspace       used 60264K, capacity 61939K, committed 62068K, reserved 1103872K
  class space    used 7250K, capacity 7631K, committed 7648K, reserved 1048576K
2020-06-27T17:21:05.215+0100: 367.476: [GC (Allocation Failure) 2020-06-27T17:21:05.215+0100: 367.476: [ParNew
Desired survivor size 20112992 bytes, new threshold 8 (max 8)
- age   1:    5284952 bytes,    5284952 total
- age   2:    3266600 bytes,    8551552 total
- age   3:     788808 bytes,    9340360 total
- age   4:    2575368 bytes,   11915728 total
- age   5:    1578608 bytes,   13494336 total
- age   6:    2324240 bytes,   15818576 total
- age   7:    3381104 bytes,   19199680 total
- age   8:    3128032 bytes,   22327712 total
: 109248K->21824K(109248K), 0.0207233 secs] 204178K->125162K(502464K), 0.0208509 secs] [Times: user=0.06 sys=0.00, real=0.02 secs] 
Heap after GC invocations=39 (full 3):
 par new generation   total 109248K, used 21824K [0x00000000e0000000, 0x00000000e8000000, 0x00000000e8000000)
  eden space 87424K,   0% used [0x00000000e0000000, 0x00000000e0000000, 0x00000000e5560000)
  from space 21824K, 100% used [0x00000000e6ab0000, 0x00000000e8000000, 0x00000000e8000000)
  to   space 21824K,   0% used [0x00000000e5560000, 0x00000000e5560000, 0x00000000e6ab0000)
 concurrent mark-sweep generation total 393216K, used 103338K [0x00000000e8000000, 0x0000000100000000, 0x0000000100000000)
 Metaspace       used 60264K, capacity 61939K, committed 62068K, reserved 1103872K
  class space    used 7250K, capacity 7631K, committed 7648K, reserved 1048576K
}
2020-06-27T17:21:05.236+0100: 367.497: Total time for which application threads were stopped: 0.0212031 seconds, Stopping threads took: 0.0000690 seconds
2020-06-27T17:21:05.236+0100: 367.497: Total time for which application threads were stopped: 0.0001676 seconds, Stopping threads took: 0.0000650 seconds
2020-06-27T17:21:05.237+0100: 367.498: Total time for which application threads were stopped: 0.0002683 seconds, Stopping threads took: 0.0000625 seconds
2020-06-27T17:21:06.238+0100: 368.499: Total time for which application threads were stopped: 0.0001578 seconds, Stopping threads took: 0.0000670 seconds
2020-06-27T17:21:06.299+0100: 368.560: Total time for which application threads were stopped: 0.0002152 seconds, Stopping threads took: 0.0001243 seconds
2020-06-27T17:21:06.299+0100: 368.560: Total time for which application threads were stopped: 0.0001088 seconds, Stopping threads took: 0.0000343 seconds
2020-06-27T17:21:06.302+0100: 368.563: Total time for which application threads were stopped: 0.0001390 seconds, Stopping threads took: 0.0000638 seconds
2020-06-27T17:21:06.306+0100: 368.567: Total time for which application threads were stopped: 0.0002165 seconds, Stopping threads took: 0.0001298 seconds
2020-06-27T17:21:06.306+0100: 368.567: Total time for which application threads were stopped: 0.0001042 seconds, Stopping threads took: 0.0000505 seconds
2020-06-27T17:21:06.307+0100: 368.568: Total time for which application threads were stopped: 0.0001266 seconds, Stopping threads took: 0.0000751 seconds
2020-06-27T17:21:06.318+0100: 368.579: Total time for which application threads were stopped: 0.0003287 seconds, Stopping threads took: 0.0002523 seconds
2020-06-27T17:21:07.318+0100: 369.579: Total time for which application threads were stopped: 0.0001585 seconds, Stopping threads took: 0.0000917 seconds
2020-06-27T17:21:10.319+0100: 372.580: Total time for which application threads were stopped: 0.0001410 seconds, Stopping threads took: 0.0000739 seconds
2020-06-27T17:21:13.654+0100: 375.915: Total time for which application threads were stopped: 0.0004459 seconds, Stopping threads took: 0.0003774 seconds
2020-06-27T17:21:13.668+0100: 375.929: Total time for which application threads were stopped: 0.0005433 seconds, Stopping threads took: 0.0004403 seconds
2020-06-27T17:21:13.671+0100: 375.932: Total time for which application threads were stopped: 0.0002482 seconds, Stopping threads took: 0.0001802 seconds
2020-06-27T17:21:13.697+0100: 375.958: Total time for which application threads were stopped: 0.0006683 seconds, Stopping threads took: 0.0006007 seconds
2020-06-27T17:21:13.699+0100: 375.960: Total time for which application threads were stopped: 0.0002628 seconds, Stopping threads took: 0.0001570 seconds
2020-06-27T17:21:13.724+0100: 375.985: Total time for which application threads were stopped: 0.0002022 seconds, Stopping threads took: 0.0001128 seconds
2020-06-27T17:21:13.724+0100: 375.985: Total time for which application threads were stopped: 0.0001196 seconds, Stopping threads took: 0.0000643 seconds
2020-06-27T17:21:13.724+0100: 375.985: Total time for which application threads were stopped: 0.0001056 seconds, Stopping threads took: 0.0000615 seconds
2020-06-27T17:21:13.759+0100: 376.020: Total time for which application threads were stopped: 0.0001533 seconds, Stopping threads took: 0.0000658 seconds
2020-06-27T17:21:13.759+0100: 376.020: Total time for which application threads were stopped: 0.0001045 seconds, Stopping threads took: 0.0000553 seconds
2020-06-27T17:21:13.760+0100: 376.021: Total time for which application threads were stopped: 0.0002719 seconds, Stopping threads took: 0.0000513 seconds
{Heap before GC invocations=39 (full 3):
 par new generation   total 109248K, used 109248K [0x00000000e0000000, 0x00000000e8000000, 0x00000000e8000000)
  eden space 87424K, 100% used [0x00000000e0000000, 0x00000000e5560000, 0x00000000e5560000)
  from space 21824K, 100% used [0x00000000e6ab0000, 0x00000000e8000000, 0x00000000e8000000)
  to   space 21824K,   0% used [0x00000000e5560000, 0x00000000e5560000, 0x00000000e6ab0000)
 concurrent mark-sweep generation total 393216K, used 103338K [0x00000000e8000000, 0x0000000100000000, 0x0000000100000000)
 Metaspace       used 60388K, capacity 62011K, committed 62068K, reserved 1103872K
  class space    used 7257K, capacity 7643K, committed 7648K, reserved 1048576K
2020-06-27T17:21:13.799+0100: 376.060: [GC (Allocation Failure) 2020-06-27T17:21:13.799+0100: 376.060: [ParNew
Desired survivor size 20112992 bytes, new threshold 8 (max 8)
- age   1:    5612824 bytes,    5612824 total
- age   2:    3162984 bytes,    8775808 total
- age   3:    3229312 bytes,   12005120 total
- age   4:     249160 bytes,   12254280 total
- age   5:    2575368 bytes,   14829648 total
- age   6:    1578608 bytes,   16408256 total
- age   7:    2323936 bytes,   18732192 total
- age   8:    3256160 bytes,   21988352 total
: 109248K->21824K(109248K), 0.0181305 secs] 212586K->132210K(502464K), 0.0182242 secs] [Times: user=0.06 sys=0.00, real=0.02 secs] 
Heap after GC invocations=40 (full 3):
 par new generation   total 109248K, used 21824K [0x00000000e0000000, 0x00000000e8000000, 0x00000000e8000000)
  eden space 87424K,   0% used [0x00000000e0000000, 0x00000000e0000000, 0x00000000e5560000)
  from space 21824K, 100% used [0x00000000e5560000, 0x00000000e6ab0000, 0x00000000e6ab0000)
  to   space 21824K,   0% used [0x00000000e6ab0000, 0x00000000e6ab0000, 0x00000000e8000000)
 concurrent mark-sweep generation total 393216K, used 110386K [0x00000000e8000000, 0x0000000100000000, 0x0000000100000000)
 Metaspace       used 60388K, capacity 62011K, committed 62068K, reserved 1103872K
  class space    used 7257K, capacity 7643K, committed 7648K, reserved 1048576K
}
2020-06-27T17:21:13.817+0100: 376.078: Total time for which application threads were stopped: 0.0185545 seconds, Stopping threads took: 0.0000841 seconds
2020-06-27T17:21:13.818+0100: 376.078: Total time for which application threads were stopped: 0.0002215 seconds, Stopping threads took: 0.0000767 seconds
2020-06-27T17:21:13.851+0100: 376.112: Total time for which application threads were stopped: 0.0012314 seconds, Stopping threads took: 0.0011475 seconds
{Heap before GC invocations=40 (full 3):
 par new generation   total 109248K, used 109248K [0x00000000e0000000, 0x00000000e8000000, 0x00000000e8000000)
  eden space 87424K, 100% used [0x00000000e0000000, 0x00000000e5560000, 0x00000000e5560000)
  from space 21824K, 100% used [0x00000000e5560000, 0x00000000e6ab0000, 0x00000000e6ab0000)
  to   space 21824K,   0% used [0x00000000e6ab0000, 0x00000000e6ab0000, 0x00000000e8000000)
 concurrent mark-sweep generation total 393216K, used 110386K [0x00000000e8000000, 0x0000000100000000, 0x0000000100000000)
 Metaspace       used 60405K, capacity 62011K, committed 62068K, reserved 1103872K
  class space    used 7257K, capacity 7643K, committed 7648K, reserved 1048576K
2020-06-27T17:21:13.976+0100: 376.237: [GC (Allocation Failure) 2020-06-27T17:21:13.976+0100: 376.237: [ParNew
Desired survivor size 20112992 bytes, new threshold 8 (max 8)
- age   1:    4575552 bytes,    4575552 total
- age   2:    5048896 bytes,    9624448 total
- age   3:    3162752 bytes,   12787200 total
- age   4:    3228936 bytes,   16016136 total
- age   5:     247224 bytes,   16263360 total
- age   6:    2139512 bytes,   18402872 total
- age   7:    1578608 bytes,   19981480 total
- age   8:    2323936 bytes,   22305416 total
: 109248K->21824K(109248K), 0.0203927 secs] 219634K->143556K(502464K), 0.0204871 secs] [Times: user=0.06 sys=0.00, real=0.02 secs] 
Heap after GC invocations=41 (full 3):
 par new generation   total 109248K, used 21824K [0x00000000e0000000, 0x00000000e8000000, 0x00000000e8000000)
  eden space 87424K,   0% used [0x00000000e0000000, 0x00000000e0000000, 0x00000000e5560000)
  from space 21824K, 100% used [0x00000000e6ab0000, 0x00000000e8000000, 0x00000000e8000000)
  to   space 21824K,   0% used [0x00000000e5560000, 0x00000000e5560000, 0x00000000e6ab0000)
 concurrent mark-sweep generation total 393216K, used 121732K [0x00000000e8000000, 0x0000000100000000, 0x0000000100000000)
 Metaspace       used 60405K, capacity 62011K, committed 62068K, reserved 1103872K
  class space    used 7257K, capacity 7643K, committed 7648K, reserved 1048576K
}
2020-06-27T17:21:13.997+0100: 376.258: Total time for which application threads were stopped: 0.0207953 seconds, Stopping threads took: 0.0000778 seconds
2020-06-27T17:21:13.997+0100: 376.258: Total time for which application threads were stopped: 0.0001949 seconds, Stopping threads took: 0.0000944 seconds
2020-06-27T17:21:13.998+0100: 376.258: Total time for which application threads were stopped: 0.0001749 seconds, Stopping threads took: 0.0000762 seconds
{Heap before GC invocations=41 (full 3):
 par new generation   total 109248K, used 109248K [0x00000000e0000000, 0x00000000e8000000, 0x00000000e8000000)
  eden space 87424K, 100% used [0x00000000e0000000, 0x00000000e5560000, 0x00000000e5560000)
  from space 21824K, 100% used [0x00000000e6ab0000, 0x00000000e8000000, 0x00000000e8000000)
  to   space 21824K,   0% used [0x00000000e5560000, 0x00000000e5560000, 0x00000000e6ab0000)
 concurrent mark-sweep generation total 393216K, used 121732K [0x00000000e8000000, 0x0000000100000000, 0x0000000100000000)
 Metaspace       used 60415K, capacity 62011K, committed 62068K, reserved 1103872K
  class space    used 7257K, capacity 7643K, committed 7648K, reserved 1048576K
2020-06-27T17:21:14.186+0100: 376.447: [GC (Allocation Failure) 2020-06-27T17:21:14.186+0100: 376.447: [ParNew
Desired survivor size 20112992 bytes, new threshold 7 (max 8)
- age   1:    3211232 bytes,    3211232 total
- age   2:    3940560 bytes,    7151792 total
- age   3:    5046648 bytes,   12198440 total
- age   4:    3003608 bytes,   15202048 total
- age   5:    3228936 bytes,   18430984 total
- age   6:     247064 bytes,   18678048 total
- age   7:    2097248 bytes,   20775296 total
- age   8:    1573200 bytes,   22348496 total
: 109248K->21824K(109248K), 0.0193093 secs] 230980K->152251K(502464K), 0.0194114 secs] [Times: user=0.06 sys=0.00, real=0.02 secs] 
Heap after GC invocations=42 (full 3):
 par new generation   total 109248K, used 21824K [0x00000000e0000000, 0x00000000e8000000, 0x00000000e8000000)
  eden space 87424K,   0% used [0x00000000e0000000, 0x00000000e0000000, 0x00000000e5560000)
  from space 21824K, 100% used [0x00000000e5560000, 0x00000000e6ab0000, 0x00000000e6ab0000)
  to   space 21824K,   0% used [0x00000000e6ab0000, 0x00000000e6ab0000, 0x00000000e8000000)
 concurrent mark-sweep generation total 393216K, used 130427K [0x00000000e8000000, 0x0000000100000000, 0x0000000100000000)
 Metaspace       used 60415K, capacity 62011K, committed 62068K, reserved 1103872K
  class space    used 7257K, capacity 7643K, committed 7648K, reserved 1048576K
}
2020-06-27T17:21:14.206+0100: 376.467: Total time for which application threads were stopped: 0.0197334 seconds, Stopping threads took: 0.0000828 seconds
2020-06-27T17:21:14.207+0100: 376.467: Total time for which application threads were stopped: 0.0001958 seconds, Stopping threads took: 0.0000691 seconds
2020-06-27T17:21:14.207+0100: 376.468: Total time for which application threads were stopped: 0.0001769 seconds, Stopping threads took: 0.0000784 seconds
2020-06-27T17:21:15.042+0100: 377.303: Total time for which application threads were stopped: 0.0002081 seconds, Stopping threads took: 0.0000976 seconds
2020-06-27T17:21:15.043+0100: 377.304: Total time for which application threads were stopped: 0.0001891 seconds, Stopping threads took: 0.0000918 seconds
2020-06-27T17:21:15.043+0100: 377.304: Total time for which application threads were stopped: 0.0001659 seconds, Stopping threads took: 0.0000946 seconds
2020-06-27T17:21:15.051+0100: 377.312: Total time for which application threads were stopped: 0.0001415 seconds, Stopping threads took: 0.0000789 seconds
2020-06-27T17:21:15.052+0100: 377.313: Total time for which application threads were stopped: 0.0001279 seconds, Stopping threads took: 0.0000713 seconds
2020-06-27T17:21:15.052+0100: 377.313: Total time for which application threads were stopped: 0.0001090 seconds, Stopping threads took: 0.0000573 seconds
2020-06-27T17:21:15.052+0100: 377.313: Total time for which application threads were stopped: 0.0000947 seconds, Stopping threads took: 0.0000513 seconds
2020-06-27T17:21:16.053+0100: 378.314: Total time for which application threads were stopped: 0.0001346 seconds, Stopping threads took: 0.0000668 seconds
2020-06-27T17:21:27.056+0100: 389.317: Total time for which application threads were stopped: 0.0001617 seconds, Stopping threads took: 0.0000753 seconds
2020-06-27T17:21:28.702+0100: 390.963: Total time for which application threads were stopped: 0.0000768 seconds, Stopping threads took: 0.0000303 seconds
2020-06-27T17:22:23.733+0100: 445.994: Total time for which application threads were stopped: 0.0001565 seconds, Stopping threads took: 0.0000667 seconds
2020-06-27T17:22:26.735+0100: 448.996: Total time for which application threads were stopped: 0.0000970 seconds, Stopping threads took: 0.0000393 seconds
2020-06-27T17:22:53.270+0100: 475.531: Total time for which application threads were stopped: 0.0002642 seconds, Stopping threads took: 0.0002140 seconds
2020-06-27T17:22:53.287+0100: 475.548: Total time for which application threads were stopped: 0.0000940 seconds, Stopping threads took: 0.0000350 seconds
2020-06-27T17:22:53.289+0100: 475.550: Total time for which application threads were stopped: 0.0001022 seconds, Stopping threads took: 0.0000355 seconds
2020-06-27T17:22:53.334+0100: 475.595: Total time for which application threads were stopped: 0.0001289 seconds, Stopping threads took: 0.0000577 seconds
2020-06-27T17:22:53.395+0100: 475.655: Total time for which application threads were stopped: 0.0006189 seconds, Stopping threads took: 0.0005445 seconds
{Heap before GC invocations=42 (full 3):
 par new generation   total 109248K, used 109248K [0x00000000e0000000, 0x00000000e8000000, 0x00000000e8000000)
  eden space 87424K, 100% used [0x00000000e0000000, 0x00000000e5560000, 0x00000000e5560000)
  from space 21824K, 100% used [0x00000000e5560000, 0x00000000e6ab0000, 0x00000000e6ab0000)
  to   space 21824K,   0% used [0x00000000e6ab0000, 0x00000000e6ab0000, 0x00000000e8000000)
 concurrent mark-sweep generation total 393216K, used 130427K [0x00000000e8000000, 0x0000000100000000, 0x0000000100000000)
 Metaspace       used 60503K, capacity 62139K, committed 62324K, reserved 1103872K
  class space    used 7258K, capacity 7643K, committed 7648K, reserved 1048576K
2020-06-27T17:22:53.400+0100: 475.661: [GC (Allocation Failure) 2020-06-27T17:22:53.400+0100: 475.661: [ParNew
Desired survivor size 20112992 bytes, new threshold 6 (max 8)
- age   1:    4192952 bytes,    4192952 total
- age   2:    2309576 bytes,    6502528 total
- age   3:    3591584 bytes,   10094112 total
- age   4:    4727088 bytes,   14821200 total
- age   5:    3003608 bytes,   17824808 total
- age   6:    3228936 bytes,   21053744 total
- age   7:     241440 bytes,   21295184 total
: 109248K->21824K(109248K), 0.0186003 secs] 239675K->158804K(502464K), 0.0186714 secs] [Times: user=0.06 sys=0.00, real=0.02 secs] 
Heap after GC invocations=43 (full 3):
 par new generation   total 109248K, used 21824K [0x00000000e0000000, 0x00000000e8000000, 0x00000000e8000000)
  eden space 87424K,   0% used [0x00000000e0000000, 0x00000000e0000000, 0x00000000e5560000)
  from space 21824K, 100% used [0x00000000e6ab0000, 0x00000000e8000000, 0x00000000e8000000)
  to   space 21824K,   0% used [0x00000000e5560000, 0x00000000e5560000, 0x00000000e6ab0000)
 concurrent mark-sweep generation total 393216K, used 136980K [0x00000000e8000000, 0x0000000100000000, 0x0000000100000000)
 Metaspace       used 60503K, capacity 62139K, committed 62324K, reserved 1103872K
  class space    used 7258K, capacity 7643K, committed 7648K, reserved 1048576K
}
2020-06-27T17:22:53.419+0100: 475.680: Total time for which application threads were stopped: 0.0190119 seconds, Stopping threads took: 0.0000694 seconds
2020-06-27T17:22:53.420+0100: 475.680: Total time for which application threads were stopped: 0.0002165 seconds, Stopping threads took: 0.0000790 seconds
2020-06-27T17:22:53.502+0100: 475.763: Total time for which application threads were stopped: 0.0002123 seconds, Stopping threads took: 0.0001194 seconds
{Heap before GC invocations=43 (full 3):
 par new generation   total 109248K, used 109248K [0x00000000e0000000, 0x00000000e8000000, 0x00000000e8000000)
  eden space 87424K, 100% used [0x00000000e0000000, 0x00000000e5560000, 0x00000000e5560000)
  from space 21824K, 100% used [0x00000000e6ab0000, 0x00000000e8000000, 0x00000000e8000000)
  to   space 21824K,   0% used [0x00000000e5560000, 0x00000000e5560000, 0x00000000e6ab0000)
 concurrent mark-sweep generation total 393216K, used 136980K [0x00000000e8000000, 0x0000000100000000, 0x0000000100000000)
 Metaspace       used 60510K, capacity 62139K, committed 62324K, reserved 1103872K
  class space    used 7258K, capacity 7643K, committed 7648K, reserved 1048576K
2020-06-27T17:22:53.588+0100: 475.849: [GC (Allocation Failure) 2020-06-27T17:22:53.588+0100: 475.849: [ParNew
Desired survivor size 20112992 bytes, new threshold 8 (max 8)
- age   1:    2721272 bytes,    2721272 total
- age   2:    2744576 bytes,    5465848 total
- age   3:    2307584 bytes,    7773432 total
- age   4:    3589376 bytes,   11362808 total
- age   5:    4726600 bytes,   16089408 total
- age   6:    3003608 bytes,   19093016 total
: 109248K->21824K(109248K), 0.0160606 secs] 246228K->163802K(502464K), 0.0161490 secs] [Times: user=0.06 sys=0.00, real=0.02 secs] 
Heap after GC invocations=44 (full 3):
 par new generation   total 109248K, used 21824K [0x00000000e0000000, 0x00000000e8000000, 0x00000000e8000000)
  eden space 87424K,   0% used [0x00000000e0000000, 0x00000000e0000000, 0x00000000e5560000)
  from space 21824K, 100% used [0x00000000e5560000, 0x00000000e6ab0000, 0x00000000e6ab0000)
  to   space 21824K,   0% used [0x00000000e6ab0000, 0x00000000e6ab0000, 0x00000000e8000000)
 concurrent mark-sweep generation total 393216K, used 141978K [0x00000000e8000000, 0x0000000100000000, 0x0000000100000000)
 Metaspace       used 60510K, capacity 62139K, committed 62324K, reserved 1103872K
  class space    used 7258K, capacity 7643K, committed 7648K, reserved 1048576K
}
2020-06-27T17:22:53.604+0100: 475.865: Total time for which application threads were stopped: 0.0166779 seconds, Stopping threads took: 0.0002769 seconds
2020-06-27T17:22:53.605+0100: 475.866: Total time for which application threads were stopped: 0.0001631 seconds, Stopping threads took: 0.0000828 seconds
{Heap before GC invocations=44 (full 3):
 par new generation   total 109248K, used 109248K [0x00000000e0000000, 0x00000000e8000000, 0x00000000e8000000)
  eden space 87424K, 100% used [0x00000000e0000000, 0x00000000e5560000, 0x00000000e5560000)
  from space 21824K, 100% used [0x00000000e5560000, 0x00000000e6ab0000, 0x00000000e6ab0000)
  to   space 21824K,   0% used [0x00000000e6ab0000, 0x00000000e6ab0000, 0x00000000e8000000)
 concurrent mark-sweep generation total 393216K, used 141978K [0x00000000e8000000, 0x0000000100000000, 0x0000000100000000)
 Metaspace       used 60518K, capacity 62139K, committed 62324K, reserved 1103872K
  class space    used 7258K, capacity 7643K, committed 7648K, reserved 1048576K
2020-06-27T17:22:53.768+0100: 476.029: [GC (Allocation Failure) 2020-06-27T17:22:53.768+0100: 476.029: [ParNew
Desired survivor size 20112992 bytes, new threshold 7 (max 8)
- age   1:    4554280 bytes,    4554280 total
- age   2:    1641456 bytes,    6195736 total
- age   3:    2536488 bytes,    8732224 total
- age   4:    2306416 bytes,   11038640 total
- age   5:    3588576 bytes,   14627216 total
- age   6:    4718328 bytes,   19345544 total
- age   7:    2994864 bytes,   22340408 total
: 109248K->21824K(109248K), 0.0175375 secs] 251226K->168915K(502464K), 0.0176262 secs] [Times: user=0.06 sys=0.00, real=0.02 secs] 
Heap after GC invocations=45 (full 3):
 par new generation   total 109248K, used 21824K [0x00000000e0000000, 0x00000000e8000000, 0x00000000e8000000)
  eden space 87424K,   0% used [0x00000000e0000000, 0x00000000e0000000, 0x00000000e5560000)
  from space 21824K, 100% used [0x00000000e6ab0000, 0x00000000e8000000, 0x00000000e8000000)
  to   space 21824K,   0% used [0x00000000e5560000, 0x00000000e5560000, 0x00000000e6ab0000)
 concurrent mark-sweep generation total 393216K, used 147091K [0x00000000e8000000, 0x0000000100000000, 0x0000000100000000)
 Metaspace       used 60518K, capacity 62139K, committed 62324K, reserved 1103872K
  class space    used 7258K, capacity 7643K, committed 7648K, reserved 1048576K
}
2020-06-27T17:22:53.786+0100: 476.047: Total time for which application threads were stopped: 0.0179900 seconds, Stopping threads took: 0.0000777 seconds
2020-06-27T17:22:53.786+0100: 476.047: Total time for which application threads were stopped: 0.0001973 seconds, Stopping threads took: 0.0000887 seconds
2020-06-27T17:22:53.786+0100: 476.047: Total time for which application threads were stopped: 0.0001696 seconds, Stopping threads took: 0.0000812 seconds
{Heap before GC invocations=45 (full 3):
 par new generation   total 109248K, used 109248K [0x00000000e0000000, 0x00000000e8000000, 0x00000000e8000000)
  eden space 87424K, 100% used [0x00000000e0000000, 0x00000000e5560000, 0x00000000e5560000)
  from space 21824K, 100% used [0x00000000e6ab0000, 0x00000000e8000000, 0x00000000e8000000)
  to   space 21824K,   0% used [0x00000000e5560000, 0x00000000e5560000, 0x00000000e6ab0000)
 concurrent mark-sweep generation total 393216K, used 147091K [0x00000000e8000000, 0x0000000100000000, 0x0000000100000000)
 Metaspace       used 60551K, capacity 62207K, committed 62324K, reserved 1103872K
  class space    used 7258K, capacity 7643K, committed 7648K, reserved 1048576K
2020-06-27T17:22:54.112+0100: 476.373: [GC (Allocation Failure) 2020-06-27T17:22:54.112+0100: 476.373: [ParNew
Desired survivor size 20112992 bytes, new threshold 8 (max 8)
- age   1:    3643384 bytes,    3643384 total
- age   2:    1763560 bytes,    5406944 total
- age   3:    1422648 bytes,    6829592 total
- age   4:    2525608 bytes,    9355200 total
- age   5:    2306416 bytes,   11661616 total
- age   6:    3588576 bytes,   15250192 total
- age   7:    4718328 bytes,   19968520 total
: 109248K->21824K(109248K), 0.0165768 secs] 256339K->173769K(502464K), 0.0166804 secs] [Times: user=0.06 sys=0.00, real=0.02 secs] 
Heap after GC invocations=46 (full 3):
 par new generation   total 109248K, used 21824K [0x00000000e0000000, 0x00000000e8000000, 0x00000000e8000000)
  eden space 87424K,   0% used [0x00000000e0000000, 0x00000000e0000000, 0x00000000e5560000)
  from space 21824K, 100% used [0x00000000e5560000, 0x00000000e6ab0000, 0x00000000e6ab0000)
  to   space 21824K,   0% used [0x00000000e6ab0000, 0x00000000e6ab0000, 0x00000000e8000000)
 concurrent mark-sweep generation total 393216K, used 151945K [0x00000000e8000000, 0x0000000100000000, 0x0000000100000000)
 Metaspace       used 60551K, capacity 62207K, committed 62324K, reserved 1103872K
  class space    used 7258K, capacity 7643K, committed 7648K, reserved 1048576K
}
2020-06-27T17:22:54.129+0100: 476.390: Total time for which application threads were stopped: 0.0169983 seconds, Stopping threads took: 0.0000818 seconds
2020-06-27T17:22:54.129+0100: 476.390: Total time for which application threads were stopped: 0.0001506 seconds, Stopping threads took: 0.0000633 seconds
2020-06-27T17:22:55.020+0100: 477.281: Total time for which application threads were stopped: 0.0001978 seconds, Stopping threads took: 0.0000897 seconds
2020-06-27T17:22:55.020+0100: 477.281: Total time for which application threads were stopped: 0.0000974 seconds, Stopping threads took: 0.0000412 seconds
2020-06-27T17:22:55.021+0100: 477.282: Total time for which application threads were stopped: 0.0003712 seconds, Stopping threads took: 0.0003110 seconds
2020-06-27T17:22:55.044+0100: 477.305: Total time for which application threads were stopped: 0.0002014 seconds, Stopping threads took: 0.0001314 seconds
2020-06-27T17:22:55.044+0100: 477.305: Total time for which application threads were stopped: 0.0001154 seconds, Stopping threads took: 0.0000439 seconds
2020-06-27T17:22:55.044+0100: 477.305: Total time for which application threads were stopped: 0.0000964 seconds, Stopping threads took: 0.0000475 seconds
2020-06-27T17:22:55.045+0100: 477.306: Total time for which application threads were stopped: 0.0001110 seconds, Stopping threads took: 0.0000509 seconds
2020-06-27T17:23:03.885+0100: 486.146: Total time for which application threads were stopped: 0.0003202 seconds, Stopping threads took: 0.0002511 seconds
2020-06-27T17:23:03.890+0100: 486.151: Total time for which application threads were stopped: 0.0002376 seconds, Stopping threads took: 0.0001328 seconds
2020-06-27T17:23:03.893+0100: 486.154: Total time for which application threads were stopped: 0.0002015 seconds, Stopping threads took: 0.0001090 seconds
2020-06-27T17:23:04.049+0100: 486.310: Total time for which application threads were stopped: 0.0001949 seconds, Stopping threads took: 0.0000890 seconds
{Heap before GC invocations=46 (full 3):
 par new generation   total 109248K, used 109248K [0x00000000e0000000, 0x00000000e8000000, 0x00000000e8000000)
  eden space 87424K, 100% used [0x00000000e0000000, 0x00000000e5560000, 0x00000000e5560000)
  from space 21824K, 100% used [0x00000000e5560000, 0x00000000e6ab0000, 0x00000000e6ab0000)
  to   space 21824K,   0% used [0x00000000e6ab0000, 0x00000000e6ab0000, 0x00000000e8000000)
 concurrent mark-sweep generation total 393216K, used 151945K [0x00000000e8000000, 0x0000000100000000, 0x0000000100000000)
 Metaspace       used 60583K, capacity 62207K, committed 62324K, reserved 1103872K
  class space    used 7258K, capacity 7643K, committed 7648K, reserved 1048576K
2020-06-27T17:23:04.066+0100: 486.327: [GC (Allocation Failure) 2020-06-27T17:23:04.066+0100: 486.327: [ParNew
Desired survivor size 20112992 bytes, new threshold 8 (max 8)
- age   1:    3497136 bytes,    3497136 total
- age   2:    2619840 bytes,    6116976 total
- age   3:    1709080 bytes,    7826056 total
- age   4:    1266376 bytes,    9092432 total
- age   5:    2338320 bytes,   11430752 total
- age   6:    2351472 bytes,   13782224 total
- age   7:    3588272 bytes,   17370496 total
- age   8:    4713552 bytes,   22084048 total
: 109248K->21824K(109248K), 0.0151068 secs] 261193K->177439K(502464K), 0.0152363 secs] [Times: user=0.06 sys=0.00, real=0.02 secs] 
Heap after GC invocations=47 (full 3):
 par new generation   total 109248K, used 21824K [0x00000000e0000000, 0x00000000e8000000, 0x00000000e8000000)
  eden space 87424K,   0% used [0x00000000e0000000, 0x00000000e0000000, 0x00000000e5560000)
  from space 21824K, 100% used [0x00000000e6ab0000, 0x00000000e8000000, 0x00000000e8000000)
  to   space 21824K,   0% used [0x00000000e5560000, 0x00000000e5560000, 0x00000000e6ab0000)
 concurrent mark-sweep generation total 393216K, used 155615K [0x00000000e8000000, 0x0000000100000000, 0x0000000100000000)
 Metaspace       used 60583K, capacity 62207K, committed 62324K, reserved 1103872K
  class space    used 7258K, capacity 7643K, committed 7648K, reserved 1048576K
}
2020-06-27T17:23:04.081+0100: 486.342: Total time for which application threads were stopped: 0.0155986 seconds, Stopping threads took: 0.0000940 seconds
2020-06-27T17:23:04.082+0100: 486.343: Total time for which application threads were stopped: 0.0001876 seconds, Stopping threads took: 0.0000846 seconds
2020-06-27T17:23:04.082+0100: 486.343: Total time for which application threads were stopped: 0.0002138 seconds, Stopping threads took: 0.0001355 seconds
{Heap before GC invocations=47 (full 3):
 par new generation   total 109248K, used 109248K [0x00000000e0000000, 0x00000000e8000000, 0x00000000e8000000)
  eden space 87424K, 100% used [0x00000000e0000000, 0x00000000e5560000, 0x00000000e5560000)
  from space 21824K, 100% used [0x00000000e6ab0000, 0x00000000e8000000, 0x00000000e8000000)
  to   space 21824K,   0% used [0x00000000e5560000, 0x00000000e5560000, 0x00000000e6ab0000)
 concurrent mark-sweep generation total 393216K, used 155615K [0x00000000e8000000, 0x0000000100000000, 0x0000000100000000)
 Metaspace       used 60583K, capacity 62207K, committed 62324K, reserved 1103872K
  class space    used 7258K, capacity 7643K, committed 7648K, reserved 1048576K
2020-06-27T17:23:04.262+0100: 486.523: [GC (Allocation Failure) 2020-06-27T17:23:04.262+0100: 486.523: [ParNew
Desired survivor size 20112992 bytes, new threshold 8 (max 8)
- age   1:    5480176 bytes,    5480176 total
- age   2:    2715136 bytes,    8195312 total
- age   3:    2619880 bytes,   10815192 total
- age   4:    1709008 bytes,   12524200 total
- age   5:    1264328 bytes,   13788528 total
- age   6:    2338056 bytes,   16126584 total
- age   7:    2306416 bytes,   18433000 total
- age   8:    3588272 bytes,   22021272 total
: 109248K->21824K(109248K), 0.0157137 secs] 264863K->182653K(502464K), 0.0158098 secs] [Times: user=0.06 sys=0.00, real=0.01 secs] 
Heap after GC invocations=48 (full 3):
 par new generation   total 109248K, used 21824K [0x00000000e0000000, 0x00000000e8000000, 0x00000000e8000000)
  eden space 87424K,   0% used [0x00000000e0000000, 0x00000000e0000000, 0x00000000e5560000)
  from space 21824K, 100% used [0x00000000e5560000, 0x00000000e6ab0000, 0x00000000e6ab0000)
  to   space 21824K,   0% used [0x00000000e6ab0000, 0x00000000e6ab0000, 0x00000000e8000000)
 concurrent mark-sweep generation total 393216K, used 160829K [0x00000000e8000000, 0x0000000100000000, 0x0000000100000000)
 Metaspace       used 60583K, capacity 62207K, committed 62324K, reserved 1103872K
  class space    used 7258K, capacity 7643K, committed 7648K, reserved 1048576K
}
2020-06-27T17:23:04.278+0100: 486.539: Total time for which application threads were stopped: 0.0161516 seconds, Stopping threads took: 0.0000774 seconds
2020-06-27T17:23:04.278+0100: 486.539: Total time for which application threads were stopped: 0.0001840 seconds, Stopping threads took: 0.0000847 seconds
2020-06-27T17:23:04.278+0100: 486.539: Total time for which application threads were stopped: 0.0001632 seconds, Stopping threads took: 0.0000724 seconds
2020-06-27T17:23:04.396+0100: 486.657: Total time for which application threads were stopped: 0.0001455 seconds, Stopping threads took: 0.0000738 seconds
{Heap before GC invocations=48 (full 3):
 par new generation   total 109248K, used 109248K [0x00000000e0000000, 0x00000000e8000000, 0x00000000e8000000)
  eden space 87424K, 100% used [0x00000000e0000000, 0x00000000e5560000, 0x00000000e5560000)
  from space 21824K, 100% used [0x00000000e5560000, 0x00000000e6ab0000, 0x00000000e6ab0000)
  to   space 21824K,   0% used [0x00000000e6ab0000, 0x00000000e6ab0000, 0x00000000e8000000)
 concurrent mark-sweep generation total 393216K, used 160829K [0x00000000e8000000, 0x0000000100000000, 0x0000000100000000)
 Metaspace       used 60596K, capacity 62215K, committed 62324K, reserved 1103872K
  class space    used 7258K, capacity 7643K, committed 7648K, reserved 1048576K
2020-06-27T17:23:04.442+0100: 486.703: [GC (Allocation Failure) 2020-06-27T17:23:04.442+0100: 486.703: [ParNew
Desired survivor size 20112992 bytes, new threshold 8 (max 8)
- age   1:    5887272 bytes,    5887272 total
- age   2:    2991280 bytes,    8878552 total
- age   3:    2584160 bytes,   11462712 total
- age   4:    2619840 bytes,   14082552 total
- age   5:    1709008 bytes,   15791560 total
- age   6:    1264328 bytes,   17055888 total
- age   7:    2337832 bytes,   19393720 total
- age   8:    2306456 bytes,   21700176 total
: 109248K->21824K(109248K), 0.0223705 secs] 270077K->192264K(502464K), 0.0224558 secs] [Times: user=0.06 sys=0.00, real=0.02 secs] 
Heap after GC invocations=49 (full 3):
 par new generation   total 109248K, used 21824K [0x00000000e0000000, 0x00000000e8000000, 0x00000000e8000000)
  eden space 87424K,   0% used [0x00000000e0000000, 0x00000000e0000000, 0x00000000e5560000)
  from space 21824K, 100% used [0x00000000e6ab0000, 0x00000000e8000000, 0x00000000e8000000)
  to   space 21824K,   0% used [0x00000000e5560000, 0x00000000e5560000, 0x00000000e6ab0000)
 concurrent mark-sweep generation total 393216K, used 170440K [0x00000000e8000000, 0x0000000100000000, 0x0000000100000000)
 Metaspace       used 60596K, capacity 62215K, committed 62324K, reserved 1103872K
  class space    used 7258K, capacity 7643K, committed 7648K, reserved 1048576K
}
2020-06-27T17:23:04.464+0100: 486.725: Total time for which application threads were stopped: 0.0227247 seconds, Stopping threads took: 0.0000683 seconds
2020-06-27T17:23:04.465+0100: 486.726: Total time for which application threads were stopped: 0.0003037 seconds, Stopping threads took: 0.0000662 seconds
2020-06-27T17:23:04.465+0100: 486.726: Total time for which application threads were stopped: 0.0001222 seconds, Stopping threads took: 0.0000505 seconds
2020-06-27T17:23:05.201+0100: 487.462: Total time for which application threads were stopped: 0.0001773 seconds, Stopping threads took: 0.0000988 seconds
2020-06-27T17:23:05.202+0100: 487.463: Total time for which application threads were stopped: 0.0001294 seconds, Stopping threads took: 0.0000798 seconds
2020-06-27T17:23:05.202+0100: 487.463: Total time for which application threads were stopped: 0.0001078 seconds, Stopping threads took: 0.0000634 seconds
2020-06-27T17:23:05.204+0100: 487.465: Total time for which application threads were stopped: 0.0001270 seconds, Stopping threads took: 0.0000549 seconds
2020-06-27T17:23:05.205+0100: 487.466: Total time for which application threads were stopped: 0.0001079 seconds, Stopping threads took: 0.0000426 seconds
2020-06-27T17:23:05.205+0100: 487.466: Total time for which application threads were stopped: 0.0001139 seconds, Stopping threads took: 0.0000522 seconds
2020-06-27T17:23:05.205+0100: 487.466: Total time for which application threads were stopped: 0.0001492 seconds, Stopping threads took: 0.0000480 seconds
2020-06-27T17:23:05.205+0100: 487.466: Total time for which application threads were stopped: 0.0001151 seconds, Stopping threads took: 0.0000493 seconds
2020-06-27T17:23:06.205+0100: 488.466: Total time for which application threads were stopped: 0.0003867 seconds, Stopping threads took: 0.0002714 seconds
2020-06-27T17:23:18.921+0100: 501.182: Total time for which application threads were stopped: 0.0001466 seconds, Stopping threads took: 0.0000438 seconds
2020-06-27T17:23:26.927+0100: 509.188: Total time for which application threads were stopped: 0.0001152 seconds, Stopping threads took: 0.0000440 seconds
2020-06-27T17:23:32.919+0100: 515.180: Total time for which application threads were stopped: 0.0004629 seconds, Stopping threads took: 0.0002524 seconds
2020-06-27T17:23:32.935+0100: 515.196: Total time for which application threads were stopped: 0.0001055 seconds, Stopping threads took: 0.0000313 seconds
2020-06-27T17:23:32.937+0100: 515.198: Total time for which application threads were stopped: 0.0000910 seconds, Stopping threads took: 0.0000323 seconds
{Heap before GC invocations=49 (full 3):
 par new generation   total 109248K, used 109248K [0x00000000e0000000, 0x00000000e8000000, 0x00000000e8000000)
  eden space 87424K, 100% used [0x00000000e0000000, 0x00000000e5560000, 0x00000000e5560000)
  from space 21824K, 100% used [0x00000000e6ab0000, 0x00000000e8000000, 0x00000000e8000000)
  to   space 21824K,   0% used [0x00000000e5560000, 0x00000000e5560000, 0x00000000e6ab0000)
 concurrent mark-sweep generation total 393216K, used 170440K [0x00000000e8000000, 0x0000000100000000, 0x0000000100000000)
 Metaspace       used 60637K, capacity 62281K, committed 62324K, reserved 1103872K
  class space    used 7259K, capacity 7644K, committed 7648K, reserved 1048576K
2020-06-27T17:23:33.110+0100: 515.371: [GC (Allocation Failure) 2020-06-27T17:23:33.110+0100: 515.371: [ParNew
Desired survivor size 20112992 bytes, new threshold 8 (max 8)
- age   1:    7521904 bytes,    7521904 total
- age   2:    3058584 bytes,   10580488 total
- age   3:    2782656 bytes,   13363144 total
- age   4:    1108800 bytes,   14471944 total
- age   5:    2618992 bytes,   17090936 total
- age   6:    1708976 bytes,   18799912 total
- age   7:    1246848 bytes,   20046760 total
- age   8:    2258880 bytes,   22305640 total
: 109248K->21824K(109248K), 0.0210398 secs] 279688K->200130K(502464K), 0.0211635 secs] [Times: user=0.06 sys=0.00, real=0.02 secs] 
Heap after GC invocations=50 (full 3):
 par new generation   total 109248K, used 21824K [0x00000000e0000000, 0x00000000e8000000, 0x00000000e8000000)
  eden space 87424K,   0% used [0x00000000e0000000, 0x00000000e0000000, 0x00000000e5560000)
  from space 21824K, 100% used [0x00000000e5560000, 0x00000000e6ab0000, 0x00000000e6ab0000)
  to   space 21824K,   0% used [0x00000000e6ab0000, 0x00000000e6ab0000, 0x00000000e8000000)
 concurrent mark-sweep generation total 393216K, used 178306K [0x00000000e8000000, 0x0000000100000000, 0x0000000100000000)
 Metaspace       used 60637K, capacity 62281K, committed 62324K, reserved 1103872K
  class space    used 7259K, capacity 7644K, committed 7648K, reserved 1048576K
}
2020-06-27T17:23:33.131+0100: 515.392: Total time for which application threads were stopped: 0.0220809 seconds, Stopping threads took: 0.0006316 seconds
2020-06-27T17:23:33.133+0100: 515.394: Total time for which application threads were stopped: 0.0008509 seconds, Stopping threads took: 0.0006183 seconds
2020-06-27T17:23:33.154+0100: 515.414: Total time for which application threads were stopped: 0.0003271 seconds, Stopping threads took: 0.0000727 seconds
{Heap before GC invocations=50 (full 3):
 par new generation   total 109248K, used 109248K [0x00000000e0000000, 0x00000000e8000000, 0x00000000e8000000)
  eden space 87424K, 100% used [0x00000000e0000000, 0x00000000e5560000, 0x00000000e5560000)
  from space 21824K, 100% used [0x00000000e5560000, 0x00000000e6ab0000, 0x00000000e6ab0000)
  to   space 21824K,   0% used [0x00000000e6ab0000, 0x00000000e6ab0000, 0x00000000e8000000)
 concurrent mark-sweep generation total 393216K, used 178306K [0x00000000e8000000, 0x0000000100000000, 0x0000000100000000)
 Metaspace       used 60637K, capacity 62281K, committed 62324K, reserved 1103872K
  class space    used 7259K, capacity 7644K, committed 7648K, reserved 1048576K
2020-06-27T17:23:33.294+0100: 515.555: [GC (Allocation Failure) 2020-06-27T17:23:33.294+0100: 515.555: [ParNew
Desired survivor size 20112992 bytes, new threshold 7 (max 8)
- age   1:    4121880 bytes,    4121880 total
- age   2:    5501448 bytes,    9623328 total
- age   3:    3058544 bytes,   12681872 total
- age   4:    2782208 bytes,   15464080 total
- age   5:    1106704 bytes,   16570784 total
- age   6:    2618992 bytes,   19189776 total
- age   7:    1708976 bytes,   20898752 total
- age   8:    1246848 bytes,   22145600 total
: 109248K->21824K(109248K), 0.0218882 secs] 287554K->209722K(502464K), 0.0219811 secs] [Times: user=0.06 sys=0.00, real=0.02 secs] 
Heap after GC invocations=51 (full 3):
 par new generation   total 109248K, used 21824K [0x00000000e0000000, 0x00000000e8000000, 0x00000000e8000000)
  eden space 87424K,   0% used [0x00000000e0000000, 0x00000000e0000000, 0x00000000e5560000)
  from space 21824K, 100% used [0x00000000e6ab0000, 0x00000000e8000000, 0x00000000e8000000)
  to   space 21824K,   0% used [0x00000000e5560000, 0x00000000e5560000, 0x00000000e6ab0000)
 concurrent mark-sweep generation total 393216K, used 187898K [0x00000000e8000000, 0x0000000100000000, 0x0000000100000000)
 Metaspace       used 60637K, capacity 62281K, committed 62324K, reserved 1103872K
  class space    used 7259K, capacity 7644K, committed 7648K, reserved 1048576K
}
2020-06-27T17:23:33.316+0100: 515.577: Total time for which application threads were stopped: 0.0223112 seconds, Stopping threads took: 0.0000832 seconds
2020-06-27T17:23:33.317+0100: 515.578: Total time for which application threads were stopped: 0.0001983 seconds, Stopping threads took: 0.0000771 seconds
2020-06-27T17:23:33.317+0100: 515.578: Total time for which application threads were stopped: 0.0001588 seconds, Stopping threads took: 0.0000669 seconds
{Heap before GC invocations=51 (full 3):
 par new generation   total 109248K, used 109248K [0x00000000e0000000, 0x00000000e8000000, 0x00000000e8000000)
  eden space 87424K, 100% used [0x00000000e0000000, 0x00000000e5560000, 0x00000000e5560000)
  from space 21824K, 100% used [0x00000000e6ab0000, 0x00000000e8000000, 0x00000000e8000000)
  to   space 21824K,   0% used [0x00000000e5560000, 0x00000000e5560000, 0x00000000e6ab0000)
 concurrent mark-sweep generation total 393216K, used 187898K [0x00000000e8000000, 0x0000000100000000, 0x0000000100000000)
 Metaspace       used 60641K, capacity 62281K, committed 62324K, reserved 1103872K
  class space    used 7259K, capacity 7644K, committed 7648K, reserved 1048576K
2020-06-27T17:23:33.496+0100: 515.757: [GC (Allocation Failure) 2020-06-27T17:23:33.496+0100: 515.757: [ParNew
Desired survivor size 20112992 bytes, new threshold 7 (max 8)
- age   1:    4384280 bytes,    4384280 total
- age   2:    2324624 bytes,    6708904 total
- age   3:    5008288 bytes,   11717192 total
- age   4:    3058088 bytes,   14775280 total
- age   5:    2765640 bytes,   17540920 total
- age   6:    1105760 bytes,   18646680 total
- age   7:    2618432 bytes,   21265112 total
: 109248K->21824K(109248K), 0.0231891 secs] 297146K->218729K(502464K), 0.0232925 secs] [Times: user=0.06 sys=0.00, real=0.02 secs] 
Heap after GC invocations=52 (full 3):
 par new generation   total 109248K, used 21824K [0x00000000e0000000, 0x00000000e8000000, 0x00000000e8000000)
  eden space 87424K,   0% used [0x00000000e0000000, 0x00000000e0000000, 0x00000000e5560000)
  from space 21824K, 100% used [0x00000000e5560000, 0x00000000e6ab0000, 0x00000000e6ab0000)
  to   space 21824K,   0% used [0x00000000e6ab0000, 0x00000000e6ab0000, 0x00000000e8000000)
 concurrent mark-sweep generation total 393216K, used 196905K [0x00000000e8000000, 0x0000000100000000, 0x0000000100000000)
 Metaspace       used 60641K, capacity 62281K, committed 62324K, reserved 1103872K
  class space    used 7259K, capacity 7644K, committed 7648K, reserved 1048576K
}
2020-06-27T17:23:33.520+0100: 515.781: Total time for which application threads were stopped: 0.0236136 seconds, Stopping threads took: 0.0000678 seconds
2020-06-27T17:23:33.520+0100: 515.781: [GC (CMS Initial Mark) [1 CMS-initial-mark: 196905K(393216K)] 218731K(502464K), 0.0052458 secs] [Times: user=0.06 sys=0.00, real=0.01 secs] 
2020-06-27T17:23:33.525+0100: 515.786: Total time for which application threads were stopped: 0.0054713 seconds, Stopping threads took: 0.0000703 seconds
2020-06-27T17:23:33.525+0100: 515.786: [CMS-concurrent-mark-start]
2020-06-27T17:23:33.554+0100: 515.815: [CMS-concurrent-mark: 0.028/0.028 secs] [Times: user=0.13 sys=0.00, real=0.03 secs] 
2020-06-27T17:23:33.554+0100: 515.815: [CMS-concurrent-preclean-start]
2020-06-27T17:23:33.555+0100: 515.816: Total time for which application threads were stopped: 0.0003143 seconds, Stopping threads took: 0.0001722 seconds
2020-06-27T17:23:33.555+0100: 515.816: Total time for which application threads were stopped: 0.0001096 seconds, Stopping threads took: 0.0000198 seconds
2020-06-27T17:23:33.556+0100: 515.817: [CMS-concurrent-preclean: 0.002/0.002 secs] [Times: user=0.00 sys=0.00, real=0.00 secs] 
2020-06-27T17:23:33.556+0100: 515.817: [GC (CMS Final Remark) [YG occupancy: 23165 K (109248 K)]2020-06-27T17:23:33.556+0100: 515.817: [Rescan (parallel) , 0.0053565 secs]2020-06-27T17:23:33.561+0100: 515.822: [weak refs processing, 0.0058798 secs]2020-06-27T17:23:33.567+0100: 515.828: [class unloading, 0.0247903 secs]2020-06-27T17:23:33.592+0100: 515.853: [scrub symbol table, 0.0231049 secs]2020-06-27T17:23:33.615+0100: 515.876: [scrub string table, 0.0023307 secs][1 CMS-remark: 196905K(393216K)] 220070K(502464K), 0.0620602 secs] [Times: user=0.03 sys=0.02, real=0.06 secs] 
2020-06-27T17:23:33.618+0100: 515.879: Total time for which application threads were stopped: 0.0622670 seconds, Stopping threads took: 0.0000745 seconds
{Heap before GC invocations=52 (full 4):
 par new generation   total 109248K, used 23183K [0x00000000e0000000, 0x00000000e8000000, 0x00000000e8000000)
  eden space 87424K,   1% used [0x00000000e0000000, 0x00000000e0153cf8, 0x00000000e5560000)
  from space 21824K, 100% used [0x00000000e5560000, 0x00000000e6ab0000, 0x00000000e6ab0000)
  to   space 21824K,   0% used [0x00000000e6ab0000, 0x00000000e6ab0000, 0x00000000e8000000)
 concurrent mark-sweep generation total 393216K, used 196905K [0x00000000e8000000, 0x0000000100000000, 0x0000000100000000)
 Metaspace       used 60641K, capacity 62281K, committed 62324K, reserved 1103872K
  class space    used 7259K, capacity 7644K, committed 7648K, reserved 1048576K
2020-06-27T17:23:33.619+0100: 515.880: [GC (GCLocker Initiated GC) 2020-06-27T17:23:33.619+0100: 515.880: [ParNew
Desired survivor size 20112992 bytes, new threshold 8 (max 8)
- age   1:      91384 bytes,      91384 total
- age   2:    3622560 bytes,    3713944 total
- age   3:    2102704 bytes,    5816648 total
- age   4:    3345824 bytes,    9162472 total
- age   5:    2690672 bytes,   11853144 total
- age   6:    2761088 bytes,   14614232 total
- age   7:    1103584 bytes,   15717816 total
: 23183K->21824K(109248K), 0.0152460 secs] 220089K->222257K(502464K), 0.0153322 secs] [Times: user=0.06 sys=0.00, real=0.02 secs] 
Heap after GC invocations=53 (full 4):
 par new generation   total 109248K, used 21824K [0x00000000e0000000, 0x00000000e8000000, 0x00000000e8000000)
  eden space 87424K,   0% used [0x00000000e0000000, 0x00000000e0000000, 0x00000000e5560000)
  from space 21824K, 100% used [0x00000000e6ab0000, 0x00000000e8000000, 0x00000000e8000000)
  to   space 21824K,   0% used [0x00000000e5560000, 0x00000000e5560000, 0x00000000e6ab0000)
 concurrent mark-sweep generation total 393216K, used 200433K [0x00000000e8000000, 0x0000000100000000, 0x0000000100000000)
 Metaspace       used 60641K, capacity 62281K, committed 62324K, reserved 1103872K
  class space    used 7259K, capacity 7644K, committed 7648K, reserved 1048576K
}
2020-06-27T17:23:33.634+0100: 515.895: Total time for which application threads were stopped: 0.0156774 seconds, Stopping threads took: 0.0000902 seconds
2020-06-27T17:23:33.634+0100: 515.895: [CMS-concurrent-sweep-start]
2020-06-27T17:23:33.635+0100: 515.896: Total time for which application threads were stopped: 0.0000961 seconds, Stopping threads took: 0.0000294 seconds
2020-06-27T17:23:33.635+0100: 515.896: Total time for which application threads were stopped: 0.0001333 seconds, Stopping threads took: 0.0000623 seconds
2020-06-27T17:23:33.636+0100: 515.896: Total time for which application threads were stopped: 0.0001443 seconds, Stopping threads took: 0.0000524 seconds
2020-06-27T17:23:33.649+0100: 515.910: Total time for which application threads were stopped: 0.0001975 seconds, Stopping threads took: 0.0000857 seconds
2020-06-27T17:23:33.651+0100: 515.912: Total time for which application threads were stopped: 0.0003638 seconds, Stopping threads took: 0.0002907 seconds
2020-06-27T17:23:33.651+0100: 515.912: Total time for which application threads were stopped: 0.0001052 seconds, Stopping threads took: 0.0000477 seconds
2020-06-27T17:23:33.651+0100: 515.912: Total time for which application threads were stopped: 0.0001073 seconds, Stopping threads took: 0.0000553 seconds
2020-06-27T17:23:33.651+0100: 515.912: Total time for which application threads were stopped: 0.0001094 seconds, Stopping threads took: 0.0000561 seconds
2020-06-27T17:23:33.652+0100: 515.913: Total time for which application threads were stopped: 0.0001534 seconds, Stopping threads took: 0.0000678 seconds
2020-06-27T17:23:33.652+0100: 515.913: Total time for which application threads were stopped: 0.0001239 seconds, Stopping threads took: 0.0000694 seconds
2020-06-27T17:23:33.653+0100: 515.914: Total time for which application threads were stopped: 0.0001431 seconds, Stopping threads took: 0.0000814 seconds
2020-06-27T17:23:33.653+0100: 515.914: Total time for which application threads were stopped: 0.0001279 seconds, Stopping threads took: 0.0000591 seconds
2020-06-27T17:23:33.654+0100: 515.915: Total time for which application threads were stopped: 0.0001261 seconds, Stopping threads took: 0.0000609 seconds
2020-06-27T17:23:33.654+0100: 515.915: Total time for which application threads were stopped: 0.0001095 seconds, Stopping threads took: 0.0000559 seconds
2020-06-27T17:23:33.654+0100: 515.915: Total time for which application threads were stopped: 0.0001381 seconds, Stopping threads took: 0.0000784 seconds
2020-06-27T17:23:33.655+0100: 515.915: Total time for which application threads were stopped: 0.0001261 seconds, Stopping threads took: 0.0000616 seconds
2020-06-27T17:23:33.655+0100: 515.916: Total time for which application threads were stopped: 0.0001467 seconds, Stopping threads took: 0.0000537 seconds
2020-06-27T17:23:33.655+0100: 515.916: Total time for which application threads were stopped: 0.0001151 seconds, Stopping threads took: 0.0000565 seconds
2020-06-27T17:23:33.656+0100: 515.917: Total time for which application threads were stopped: 0.0001441 seconds, Stopping threads took: 0.0000741 seconds
2020-06-27T17:23:33.656+0100: 515.917: Total time for which application threads were stopped: 0.0001276 seconds, Stopping threads took: 0.0000698 seconds
2020-06-27T17:23:33.656+0100: 515.917: Total time for which application threads were stopped: 0.0001336 seconds, Stopping threads took: 0.0000528 seconds
2020-06-27T17:23:33.657+0100: 515.918: Total time for which application threads were stopped: 0.0000990 seconds, Stopping threads took: 0.0000549 seconds
2020-06-27T17:23:33.657+0100: 515.918: Total time for which application threads were stopped: 0.0001098 seconds, Stopping threads took: 0.0000511 seconds
2020-06-27T17:23:33.657+0100: 515.918: Total time for which application threads were stopped: 0.0001103 seconds, Stopping threads took: 0.0000449 seconds
2020-06-27T17:23:33.751+0100: 516.012: [CMS-concurrent-sweep: 0.113/0.117 secs] [Times: user=0.22 sys=0.00, real=0.12 secs] 
2020-06-27T17:23:33.751+0100: 516.012: [CMS-concurrent-reset-start]
2020-06-27T17:23:33.752+0100: 516.013: [CMS-concurrent-reset: 0.001/0.001 secs] [Times: user=0.00 sys=0.00, real=0.00 secs] 
2020-06-27T17:23:34.658+0100: 516.919: Total time for which application threads were stopped: 0.0003259 seconds, Stopping threads took: 0.0000719 seconds
2020-06-27T17:23:34.817+0100: 517.078: Total time for which application threads were stopped: 0.0002294 seconds, Stopping threads took: 0.0001250 seconds
2020-06-27T17:23:34.817+0100: 517.078: Total time for which application threads were stopped: 0.0001122 seconds, Stopping threads took: 0.0000542 seconds
2020-06-27T17:23:34.818+0100: 517.079: Total time for which application threads were stopped: 0.0001186 seconds, Stopping threads took: 0.0000545 seconds
2020-06-27T17:23:34.820+0100: 517.081: Total time for which application threads were stopped: 0.0001296 seconds, Stopping threads took: 0.0000725 seconds
2020-06-27T17:23:34.821+0100: 517.082: Total time for which application threads were stopped: 0.0001259 seconds, Stopping threads took: 0.0000604 seconds
2020-06-27T17:23:34.821+0100: 517.082: Total time for which application threads were stopped: 0.0001043 seconds, Stopping threads took: 0.0000520 seconds
2020-06-27T17:23:34.821+0100: 517.082: Total time for which application threads were stopped: 0.0002374 seconds, Stopping threads took: 0.0000550 seconds
2020-06-27T17:23:35.822+0100: 518.083: Total time for which application threads were stopped: 0.0001292 seconds, Stopping threads took: 0.0000707 seconds
2020-06-27T17:23:40.269+0100: 522.530: Total time for which application threads were stopped: 0.0002703 seconds, Stopping threads took: 0.0001797 seconds
2020-06-27T17:23:40.275+0100: 522.536: Total time for which application threads were stopped: 0.0002940 seconds, Stopping threads took: 0.0000865 seconds
2020-06-27T17:23:40.277+0100: 522.538: Total time for which application threads were stopped: 0.0002515 seconds, Stopping threads took: 0.0001612 seconds
{Heap before GC invocations=53 (full 4):
 par new generation   total 109248K, used 109248K [0x00000000e0000000, 0x00000000e8000000, 0x00000000e8000000)
  eden space 87424K, 100% used [0x00000000e0000000, 0x00000000e5560000, 0x00000000e5560000)
  from space 21824K, 100% used [0x00000000e6ab0000, 0x00000000e8000000, 0x00000000e8000000)
  to   space 21824K,   0% used [0x00000000e5560000, 0x00000000e5560000, 0x00000000e6ab0000)
 concurrent mark-sweep generation total 393216K, used 84888K [0x00000000e8000000, 0x0000000100000000, 0x0000000100000000)
 Metaspace       used 60626K, capacity 62203K, committed 62324K, reserved 1103872K
  class space    used 7249K, capacity 7627K, committed 7648K, reserved 1048576K
2020-06-27T17:23:40.365+0100: 522.625: [GC (Allocation Failure) 2020-06-27T17:23:40.365+0100: 522.626: [ParNew
Desired survivor size 20112992 bytes, new threshold 7 (max 8)
- age   1:    7754296 bytes,    7754296 total
- age   2:       8536 bytes,    7762832 total
- age   3:    3177776 bytes,   10940608 total
- age   4:    1730216 bytes,   12670824 total
- age   5:    3110792 bytes,   15781616 total
- age   6:    2690672 bytes,   18472288 total
- age   7:    2761088 bytes,   21233376 total
- age   8:    1102392 bytes,   22335768 total
: 109248K->21824K(109248K), 0.0140773 secs] 194136K->109887K(502464K), 0.0142798 secs] [Times: user=0.00 sys=0.00, real=0.01 secs] 
Heap after GC invocations=54 (full 4):
 par new generation   total 109248K, used 21824K [0x00000000e0000000, 0x00000000e8000000, 0x00000000e8000000)
  eden space 87424K,   0% used [0x00000000e0000000, 0x00000000e0000000, 0x00000000e5560000)
  from space 21824K, 100% used [0x00000000e5560000, 0x00000000e6ab0000, 0x00000000e6ab0000)
  to   space 21824K,   0% used [0x00000000e6ab0000, 0x00000000e6ab0000, 0x00000000e8000000)
 concurrent mark-sweep generation total 393216K, used 88063K [0x00000000e8000000, 0x0000000100000000, 0x0000000100000000)
 Metaspace       used 60626K, capacity 62203K, committed 62324K, reserved 1103872K
  class space    used 7249K, capacity 7627K, committed 7648K, reserved 1048576K
}
2020-06-27T17:23:40.379+0100: 522.640: Total time for which application threads were stopped: 0.0146624 seconds, Stopping threads took: 0.0000702 seconds
2020-06-27T17:23:40.379+0100: 522.640: Total time for which application threads were stopped: 0.0001758 seconds, Stopping threads took: 0.0000818 seconds
2020-06-27T17:23:40.433+0100: 522.694: Total time for which application threads were stopped: 0.0001787 seconds, Stopping threads took: 0.0000866 seconds
{Heap before GC invocations=54 (full 4):
 par new generation   total 109248K, used 109248K [0x00000000e0000000, 0x00000000e8000000, 0x00000000e8000000)
  eden space 87424K, 100% used [0x00000000e0000000, 0x00000000e5560000, 0x00000000e5560000)
  from space 21824K, 100% used [0x00000000e5560000, 0x00000000e6ab0000, 0x00000000e6ab0000)
  to   space 21824K,   0% used [0x00000000e6ab0000, 0x00000000e6ab0000, 0x00000000e8000000)
 concurrent mark-sweep generation total 393216K, used 88063K [0x00000000e8000000, 0x0000000100000000, 0x0000000100000000)
 Metaspace       used 60681K, capacity 62299K, committed 62708K, reserved 1103872K
  class space    used 7251K, capacity 7659K, committed 7776K, reserved 1048576K
2020-06-27T17:23:40.554+0100: 522.815: [GC (Allocation Failure) 2020-06-27T17:23:40.554+0100: 522.815: [ParNew
Desired survivor size 20112992 bytes, new threshold 7 (max 8)
- age   1:    4303016 bytes,    4303016 total
- age   2:    7635608 bytes,   11938624 total
- age   3:       8416 bytes,   11947040 total
- age   4:    2908192 bytes,   14855232 total
- age   5:    1728136 bytes,   16583368 total
- age   6:    3045712 bytes,   19629080 total
- age   7:    2690656 bytes,   22319736 total
: 109248K->21824K(109248K), 0.0185584 secs] 197311K->119423K(502464K), 0.0186434 secs] [Times: user=0.06 sys=0.00, real=0.02 secs] 
Heap after GC invocations=55 (full 4):
 par new generation   total 109248K, used 21824K [0x00000000e0000000, 0x00000000e8000000, 0x00000000e8000000)
  eden space 87424K,   0% used [0x00000000e0000000, 0x00000000e0000000, 0x00000000e5560000)
  from space 21824K, 100% used [0x00000000e6ab0000, 0x00000000e8000000, 0x00000000e8000000)
  to   space 21824K,   0% used [0x00000000e5560000, 0x00000000e5560000, 0x00000000e6ab0000)
 concurrent mark-sweep generation total 393216K, used 97599K [0x00000000e8000000, 0x0000000100000000, 0x0000000100000000)
 Metaspace       used 60681K, capacity 62299K, committed 62708K, reserved 1103872K
  class space    used 7251K, capacity 7659K, committed 7776K, reserved 1048576K
}
2020-06-27T17:23:40.573+0100: 522.834: Total time for which application threads were stopped: 0.0190092 seconds, Stopping threads took: 0.0000929 seconds
2020-06-27T17:23:40.573+0100: 522.834: Total time for which application threads were stopped: 0.0002013 seconds, Stopping threads took: 0.0000861 seconds
2020-06-27T17:23:40.573+0100: 522.834: Total time for which application threads were stopped: 0.0001535 seconds, Stopping threads took: 0.0000672 seconds
{Heap before GC invocations=55 (full 4):
 par new generation   total 109248K, used 109248K [0x00000000e0000000, 0x00000000e8000000, 0x00000000e8000000)
  eden space 87424K, 100% used [0x00000000e0000000, 0x00000000e5560000, 0x00000000e5560000)
  from space 21824K, 100% used [0x00000000e6ab0000, 0x00000000e8000000, 0x00000000e8000000)
  to   space 21824K,   0% used [0x00000000e5560000, 0x00000000e5560000, 0x00000000e6ab0000)
 concurrent mark-sweep generation total 393216K, used 97599K [0x00000000e8000000, 0x0000000100000000, 0x0000000100000000)
 Metaspace       used 60698K, capacity 62299K, committed 62708K, reserved 1103872K
  class space    used 7251K, capacity 7659K, committed 7776K, reserved 1048576K
2020-06-27T17:23:40.722+0100: 522.983: [GC (Allocation Failure) 2020-06-27T17:23:40.722+0100: 522.983: [ParNew
Desired survivor size 20112992 bytes, new threshold 8 (max 8)
- age   1:    3392136 bytes,    3392136 total
- age   2:    3543360 bytes,    6935496 total
- age   3:    5265200 bytes,   12200696 total
- age   4:        184 bytes,   12200880 total
- age   5:    2358048 bytes,   14558928 total
- age   6:    1728016 bytes,   16286944 total
- age   7:    2986120 bytes,   19273064 total
: 109248K->21824K(109248K), 0.0174576 secs] 206847K->128469K(502464K), 0.0175740 secs] [Times: user=0.09 sys=0.00, real=0.02 secs] 
Heap after GC invocations=56 (full 4):
 par new generation   total 109248K, used 21824K [0x00000000e0000000, 0x00000000e8000000, 0x00000000e8000000)
  eden space 87424K,   0% used [0x00000000e0000000, 0x00000000e0000000, 0x00000000e5560000)
  from space 21824K, 100% used [0x00000000e5560000, 0x00000000e6ab0000, 0x00000000e6ab0000)
  to   space 21824K,   0% used [0x00000000e6ab0000, 0x00000000e6ab0000, 0x00000000e8000000)
 concurrent mark-sweep generation total 393216K, used 106645K [0x00000000e8000000, 0x0000000100000000, 0x0000000100000000)
 Metaspace       used 60698K, capacity 62299K, committed 62708K, reserved 1103872K
  class space    used 7251K, capacity 7659K, committed 7776K, reserved 1048576K
}
2020-06-27T17:23:40.740+0100: 523.001: Total time for which application threads were stopped: 0.0183920 seconds, Stopping threads took: 0.0005582 seconds
2020-06-27T17:23:40.746+0100: 523.007: Total time for which application threads were stopped: 0.0001942 seconds, Stopping threads took: 0.0000966 seconds
2020-06-27T17:23:40.746+0100: 523.007: Total time for which application threads were stopped: 0.0001310 seconds, Stopping threads took: 0.0000606 seconds
2020-06-27T17:23:41.747+0100: 524.008: Total time for which application threads were stopped: 0.0017390 seconds, Stopping threads took: 0.0016629 seconds
2020-06-27T17:23:41.943+0100: 524.204: Total time for which application threads were stopped: 0.0002894 seconds, Stopping threads took: 0.0002034 seconds
2020-06-27T17:23:41.943+0100: 524.204: Total time for which application threads were stopped: 0.0001237 seconds, Stopping threads took: 0.0000518 seconds
2020-06-27T17:23:41.944+0100: 524.205: Total time for which application threads were stopped: 0.0001219 seconds, Stopping threads took: 0.0000641 seconds
2020-06-27T17:23:41.951+0100: 524.212: Total time for which application threads were stopped: 0.0001384 seconds, Stopping threads took: 0.0000632 seconds
2020-06-27T17:23:41.951+0100: 524.212: Total time for which application threads were stopped: 0.0001218 seconds, Stopping threads took: 0.0000475 seconds
2020-06-27T17:23:42.745+0100: 525.005: Total time for which application threads were stopped: 0.0001962 seconds, Stopping threads took: 0.0001423 seconds
2020-06-27T17:23:42.749+0100: 525.010: Total time for which application threads were stopped: 0.0001773 seconds, Stopping threads took: 0.0000987 seconds
2020-06-27T17:23:42.750+0100: 525.011: Total time for which application threads were stopped: 0.0002910 seconds, Stopping threads took: 0.0001011 seconds
2020-06-27T17:23:42.781+0100: 525.042: Total time for which application threads were stopped: 0.0001480 seconds, Stopping threads took: 0.0000823 seconds
2020-06-27T17:23:42.782+0100: 525.043: Total time for which application threads were stopped: 0.0001264 seconds, Stopping threads took: 0.0000640 seconds
{Heap before GC invocations=56 (full 4):
 par new generation   total 109248K, used 109248K [0x00000000e0000000, 0x00000000e8000000, 0x00000000e8000000)
  eden space 87424K, 100% used [0x00000000e0000000, 0x00000000e5560000, 0x00000000e5560000)
  from space 21824K, 100% used [0x00000000e5560000, 0x00000000e6ab0000, 0x00000000e6ab0000)
  to   space 21824K,   0% used [0x00000000e6ab0000, 0x00000000e6ab0000, 0x00000000e8000000)
 concurrent mark-sweep generation total 393216K, used 106645K [0x00000000e8000000, 0x0000000100000000, 0x0000000100000000)
 Metaspace       used 60736K, capacity 62363K, committed 62708K, reserved 1103872K
  class space    used 7251K, capacity 7659K, committed 7776K, reserved 1048576K
2020-06-27T17:23:42.812+0100: 525.073: [GC (Allocation Failure) 2020-06-27T17:23:42.812+0100: 525.073: [ParNew
Desired survivor size 20112992 bytes, new threshold 8 (max 8)
- age   1:    3246800 bytes,    3246800 total
- age   2:    2141648 bytes,    5388448 total
- age   3:    2956480 bytes,    8344928 total
- age   4:    4342600 bytes,   12687528 total
- age   5:        184 bytes,   12687712 total
- age   6:    2357968 bytes,   15045680 total
- age   7:    1727712 bytes,   16773392 total
- age   8:    2985240 bytes,   19758632 total
: 109248K->21824K(109248K), 0.0144265 secs] 215893K->129967K(502464K), 0.0145312 secs] [Times: user=0.06 sys=0.00, real=0.01 secs] 
Heap after GC invocations=57 (full 4):
 par new generation   total 109248K, used 21824K [0x00000000e0000000, 0x00000000e8000000, 0x00000000e8000000)
  eden space 87424K,   0% used [0x00000000e0000000, 0x00000000e0000000, 0x00000000e5560000)
  from space 21824K, 100% used [0x00000000e6ab0000, 0x00000000e8000000, 0x00000000e8000000)
  to   space 21824K,   0% used [0x00000000e5560000, 0x00000000e5560000, 0x00000000e6ab0000)
 concurrent mark-sweep generation total 393216K, used 108143K [0x00000000e8000000, 0x0000000100000000, 0x0000000100000000)
 Metaspace       used 60736K, capacity 62363K, committed 62708K, reserved 1103872K
  class space    used 7251K, capacity 7659K, committed 7776K, reserved 1048576K
}
2020-06-27T17:23:42.826+0100: 525.087: Total time for which application threads were stopped: 0.0148687 seconds, Stopping threads took: 0.0000865 seconds
2020-06-27T17:23:42.861+0100: 525.122: Total time for which application threads were stopped: 0.0001337 seconds, Stopping threads took: 0.0000657 seconds
2020-06-27T17:23:42.933+0100: 525.194: Total time for which application threads were stopped: 0.0002013 seconds, Stopping threads took: 0.0001123 seconds
{Heap before GC invocations=57 (full 4):
 par new generation   total 109248K, used 109248K [0x00000000e0000000, 0x00000000e8000000, 0x00000000e8000000)
  eden space 87424K, 100% used [0x00000000e0000000, 0x00000000e5560000, 0x00000000e5560000)
  from space 21824K, 100% used [0x00000000e6ab0000, 0x00000000e8000000, 0x00000000e8000000)
  to   space 21824K,   0% used [0x00000000e5560000, 0x00000000e5560000, 0x00000000e6ab0000)
 concurrent mark-sweep generation total 393216K, used 108143K [0x00000000e8000000, 0x0000000100000000, 0x0000000100000000)
 Metaspace       used 60736K, capacity 62363K, committed 62708K, reserved 1103872K
  class space    used 7251K, capacity 7659K, committed 7776K, reserved 1048576K
2020-06-27T17:23:42.980+0100: 525.241: [GC (Allocation Failure) 2020-06-27T17:23:42.981+0100: 525.241: [ParNew
Desired survivor size 20112992 bytes, new threshold 7 (max 8)
- age   1:    5708080 bytes,    5708080 total
- age   2:    3109256 bytes,    8817336 total
- age   3:    2141496 bytes,   10958832 total
- age   4:    2954432 bytes,   13913264 total
- age   5:    4342376 bytes,   18255640 total
- age   6:        184 bytes,   18255824 total
- age   7:    2357968 bytes,   20613792 total
- age   8:    1727712 bytes,   22341504 total
: 109248K->21824K(109248K), 0.0170934 secs] 217391K->136944K(502464K), 0.0172015 secs] [Times: user=0.06 sys=0.00, real=0.02 secs] 
Heap after GC invocations=58 (full 4):
 par new generation   total 109248K, used 21824K [0x00000000e0000000, 0x00000000e8000000, 0x00000000e8000000)
  eden space 87424K,   0% used [0x00000000e0000000, 0x00000000e0000000, 0x00000000e5560000)
  from space 21824K, 100% used [0x00000000e5560000, 0x00000000e6ab0000, 0x00000000e6ab0000)
  to   space 21824K,   0% used [0x00000000e6ab0000, 0x00000000e6ab0000, 0x00000000e8000000)
 concurrent mark-sweep generation total 393216K, used 115120K [0x00000000e8000000, 0x0000000100000000, 0x0000000100000000)
 Metaspace       used 60736K, capacity 62363K, committed 62708K, reserved 1103872K
  class space    used 7251K, capacity 7659K, committed 7776K, reserved 1048576K
}
2020-06-27T17:23:42.998+0100: 525.259: Total time for which application threads were stopped: 0.0175061 seconds, Stopping threads took: 0.0000672 seconds
2020-06-27T17:23:42.998+0100: 525.259: Total time for which application threads were stopped: 0.0001832 seconds, Stopping threads took: 0.0000778 seconds
2020-06-27T17:23:42.998+0100: 525.259: Total time for which application threads were stopped: 0.0001554 seconds, Stopping threads took: 0.0000710 seconds
{Heap before GC invocations=58 (full 4):
 par new generation   total 109248K, used 109248K [0x00000000e0000000, 0x00000000e8000000, 0x00000000e8000000)
  eden space 87424K, 100% used [0x00000000e0000000, 0x00000000e5560000, 0x00000000e5560000)
  from space 21824K, 100% used [0x00000000e5560000, 0x00000000e6ab0000, 0x00000000e6ab0000)
  to   space 21824K,   0% used [0x00000000e6ab0000, 0x00000000e6ab0000, 0x00000000e8000000)
 concurrent mark-sweep generation total 393216K, used 115120K [0x00000000e8000000, 0x0000000100000000, 0x0000000100000000)
 Metaspace       used 60744K, capacity 62363K, committed 62708K, reserved 1103872K
  class space    used 7251K, capacity 7659K, committed 7776K, reserved 1048576K
2020-06-27T17:23:43.144+0100: 525.405: [GC (Allocation Failure) 2020-06-27T17:23:43.144+0100: 525.405: [ParNew
Desired survivor size 20112992 bytes, new threshold 6 (max 8)
- age   1:    5678168 bytes,    5678168 total
- age   2:    3295104 bytes,    8973272 total
- age   3:    3108008 bytes,   12081280 total
- age   4:    2141536 bytes,   14222816 total
- age   5:    2954432 bytes,   17177248 total
- age   6:    4342376 bytes,   21519624 total
- age   7:        184 bytes,   21519808 total
: 109248K->21824K(109248K), 0.0182416 secs] 224368K->144598K(502464K), 0.0183149 secs] [Times: user=0.08 sys=0.00, real=0.02 secs] 
Heap after GC invocations=59 (full 4):
 par new generation   total 109248K, used 21824K [0x00000000e0000000, 0x00000000e8000000, 0x00000000e8000000)
  eden space 87424K,   0% used [0x00000000e0000000, 0x00000000e0000000, 0x00000000e5560000)
  from space 21824K, 100% used [0x00000000e6ab0000, 0x00000000e8000000, 0x00000000e8000000)
  to   space 21824K,   0% used [0x00000000e5560000, 0x00000000e5560000, 0x00000000e6ab0000)
 concurrent mark-sweep generation total 393216K, used 122774K [0x00000000e8000000, 0x0000000100000000, 0x0000000100000000)
 Metaspace       used 60744K, capacity 62363K, committed 62708K, reserved 1103872K
  class space    used 7251K, capacity 7659K, committed 7776K, reserved 1048576K
}
2020-06-27T17:23:43.163+0100: 525.424: Total time for which application threads were stopped: 0.0185896 seconds, Stopping threads took: 0.0000768 seconds
2020-06-27T17:23:43.163+0100: 525.424: Total time for which application threads were stopped: 0.0001738 seconds, Stopping threads took: 0.0000817 seconds
2020-06-27T17:23:43.163+0100: 525.424: Total time for which application threads were stopped: 0.0001326 seconds, Stopping threads took: 0.0000574 seconds
{Heap before GC invocations=59 (full 4):
 par new generation   total 109248K, used 109248K [0x00000000e0000000, 0x00000000e8000000, 0x00000000e8000000)
  eden space 87424K, 100% used [0x00000000e0000000, 0x00000000e5560000, 0x00000000e5560000)
  from space 21824K, 100% used [0x00000000e6ab0000, 0x00000000e8000000, 0x00000000e8000000)
  to   space 21824K,   0% used [0x00000000e5560000, 0x00000000e5560000, 0x00000000e6ab0000)
 concurrent mark-sweep generation total 393216K, used 122774K [0x00000000e8000000, 0x0000000100000000, 0x0000000100000000)
 Metaspace       used 60746K, capacity 62363K, committed 62708K, reserved 1103872K
  class space    used 7251K, capacity 7659K, committed 7776K, reserved 1048576K
2020-06-27T17:23:43.301+0100: 525.562: [GC (Allocation Failure) 2020-06-27T17:23:43.301+0100: 525.562: [ParNew
Desired survivor size 20112992 bytes, new threshold 6 (max 8)
- age   1:    6338792 bytes,    6338792 total
- age   2:    4121432 bytes,   10460224 total
- age   3:    3294424 bytes,   13754648 total
- age   4:    3108008 bytes,   16862656 total
- age   5:    2141496 bytes,   19004152 total
- age   6:    2954432 bytes,   21958584 total
: 109248K->21824K(109248K), 0.0186133 secs] 232022K->153407K(502464K), 0.0186945 secs] [Times: user=0.08 sys=0.00, real=0.02 secs] 
Heap after GC invocations=60 (full 4):
 par new generation   total 109248K, used 21824K [0x00000000e0000000, 0x00000000e8000000, 0x00000000e8000000)
  eden space 87424K,   0% used [0x00000000e0000000, 0x00000000e0000000, 0x00000000e5560000)
  from space 21824K, 100% used [0x00000000e5560000, 0x00000000e6ab0000, 0x00000000e6ab0000)
  to   space 21824K,   0% used [0x00000000e6ab0000, 0x00000000e6ab0000, 0x00000000e8000000)
 concurrent mark-sweep generation total 393216K, used 131583K [0x00000000e8000000, 0x0000000100000000, 0x0000000100000000)
 Metaspace       used 60746K, capacity 62363K, committed 62708K, reserved 1103872K
  class space    used 7251K, capacity 7659K, committed 7776K, reserved 1048576K
}
2020-06-27T17:23:43.320+0100: 525.581: Total time for which application threads were stopped: 0.0190191 seconds, Stopping threads took: 0.0000839 seconds
2020-06-27T17:23:43.320+0100: 525.581: Total time for which application threads were stopped: 0.0001993 seconds, Stopping threads took: 0.0000841 seconds
2020-06-27T17:23:44.226+0100: 526.487: Total time for which application threads were stopped: 0.0001422 seconds, Stopping threads took: 0.0000653 seconds
2020-06-27T17:23:44.226+0100: 526.487: Total time for which application threads were stopped: 0.0000934 seconds, Stopping threads took: 0.0000460 seconds
2020-06-27T17:23:44.227+0100: 526.488: Total time for which application threads were stopped: 0.0001132 seconds, Stopping threads took: 0.0000562 seconds
2020-06-27T17:23:44.227+0100: 526.488: Total time for which application threads were stopped: 0.0001429 seconds, Stopping threads took: 0.0000652 seconds
2020-06-27T17:23:44.238+0100: 526.499: Total time for which application threads were stopped: 0.0001498 seconds, Stopping threads took: 0.0000727 seconds
2020-06-27T17:23:44.241+0100: 526.502: Total time for which application threads were stopped: 0.0005333 seconds, Stopping threads took: 0.0004655 seconds
2020-06-27T17:23:44.241+0100: 526.502: Total time for which application threads were stopped: 0.0001117 seconds, Stopping threads took: 0.0000598 seconds
2020-06-27T17:23:44.241+0100: 526.502: Total time for which application threads were stopped: 0.0001570 seconds, Stopping threads took: 0.0001109 seconds
2020-06-27T17:23:44.499+0100: 526.760: Total time for which application threads were stopped: 0.0008848 seconds, Stopping threads took: 0.0008221 seconds
2020-06-27T17:23:44.504+0100: 526.765: Total time for which application threads were stopped: 0.0001664 seconds, Stopping threads took: 0.0000828 seconds
2020-06-27T17:23:44.505+0100: 526.766: Total time for which application threads were stopped: 0.0001582 seconds, Stopping threads took: 0.0000758 seconds
2020-06-27T17:23:44.588+0100: 526.849: Total time for which application threads were stopped: 0.0002163 seconds, Stopping threads took: 0.0001188 seconds
2020-06-27T17:23:44.588+0100: 526.849: Total time for which application threads were stopped: 0.0001031 seconds, Stopping threads took: 0.0000440 seconds
2020-06-27T17:23:44.634+0100: 526.895: Total time for which application threads were stopped: 0.0001489 seconds, Stopping threads took: 0.0000650 seconds
2020-06-27T17:23:44.634+0100: 526.895: Total time for which application threads were stopped: 0.0001092 seconds, Stopping threads took: 0.0000504 seconds
{Heap before GC invocations=60 (full 4):
 par new generation   total 109248K, used 109248K [0x00000000e0000000, 0x00000000e8000000, 0x00000000e8000000)
  eden space 87424K, 100% used [0x00000000e0000000, 0x00000000e5560000, 0x00000000e5560000)
  from space 21824K, 100% used [0x00000000e5560000, 0x00000000e6ab0000, 0x00000000e6ab0000)
  to   space 21824K,   0% used [0x00000000e6ab0000, 0x00000000e6ab0000, 0x00000000e8000000)
 concurrent mark-sweep generation total 393216K, used 131583K [0x00000000e8000000, 0x0000000100000000, 0x0000000100000000)
 Metaspace       used 60771K, capacity 62491K, committed 62708K, reserved 1103872K
  class space    used 7251K, capacity 7659K, committed 7776K, reserved 1048576K
2020-06-27T17:23:44.743+0100: 527.004: [GC (Allocation Failure) 2020-06-27T17:23:44.743+0100: 527.004: [ParNew
Desired survivor size 20112992 bytes, new threshold 6 (max 8)
- age   1:    5972872 bytes,    5972872 total
- age   2:    4151128 bytes,   10124000 total
- age   3:    4028560 bytes,   14152560 total
- age   4:    2954696 bytes,   17107256 total
- age   5:    2833320 bytes,   19940576 total
- age   6:    2141496 bytes,   22082072 total
: 109248K->21824K(109248K), 0.0201465 secs] 240831K->160406K(502464K), 0.0202922 secs] [Times: user=0.06 sys=0.00, real=0.02 secs] 
Heap after GC invocations=61 (full 4):
 par new generation   total 109248K, used 21824K [0x00000000e0000000, 0x00000000e8000000, 0x00000000e8000000)
  eden space 87424K,   0% used [0x00000000e0000000, 0x00000000e0000000, 0x00000000e5560000)
  from space 21824K, 100% used [0x00000000e6ab0000, 0x00000000e8000000, 0x00000000e8000000)
  to   space 21824K,   0% used [0x00000000e5560000, 0x00000000e5560000, 0x00000000e6ab0000)
 concurrent mark-sweep generation total 393216K, used 138582K [0x00000000e8000000, 0x0000000100000000, 0x0000000100000000)
 Metaspace       used 60771K, capacity 62491K, committed 62708K, reserved 1103872K
  class space    used 7251K, capacity 7659K, committed 7776K, reserved 1048576K
}
2020-06-27T17:23:44.763+0100: 527.024: Total time for which application threads were stopped: 0.0205868 seconds, Stopping threads took: 0.0000736 seconds
2020-06-27T17:23:44.764+0100: 527.025: Total time for which application threads were stopped: 0.0001294 seconds, Stopping threads took: 0.0000386 seconds
2020-06-27T17:23:44.768+0100: 527.029: Total time for which application threads were stopped: 0.0001432 seconds, Stopping threads took: 0.0000683 seconds
{Heap before GC invocations=61 (full 4):
 par new generation   total 109248K, used 109248K [0x00000000e0000000, 0x00000000e8000000, 0x00000000e8000000)
  eden space 87424K, 100% used [0x00000000e0000000, 0x00000000e5560000, 0x00000000e5560000)
  from space 21824K, 100% used [0x00000000e6ab0000, 0x00000000e8000000, 0x00000000e8000000)
  to   space 21824K,   0% used [0x00000000e5560000, 0x00000000e5560000, 0x00000000e6ab0000)
 concurrent mark-sweep generation total 393216K, used 138582K [0x00000000e8000000, 0x0000000100000000, 0x0000000100000000)
 Metaspace       used 60782K, capacity 62491K, committed 62708K, reserved 1103872K
  class space    used 7251K, capacity 7659K, committed 7776K, reserved 1048576K
2020-06-27T17:23:44.949+0100: 527.210: [GC (Allocation Failure) 2020-06-27T17:23:44.949+0100: 527.210: [ParNew
Desired survivor size 20112992 bytes, new threshold 6 (max 8)
- age   1:    3435728 bytes,    3435728 total
- age   2:    5663176 bytes,    9098904 total
- age   3:    3603000 bytes,   12701904 total
- age   4:    3907880 bytes,   16609784 total
- age   5:    2617200 bytes,   19226984 total
- age   6:    2518768 bytes,   21745752 total
: 109248K->21824K(109248K), 0.0212843 secs] 247830K->172766K(502464K), 0.0213751 secs] [Times: user=0.06 sys=0.00, real=0.02 secs] 
Heap after GC invocations=62 (full 4):
 par new generation   total 109248K, used 21824K [0x00000000e0000000, 0x00000000e8000000, 0x00000000e8000000)
  eden space 87424K,   0% used [0x00000000e0000000, 0x00000000e0000000, 0x00000000e5560000)
  from space 21824K, 100% used [0x00000000e5560000, 0x00000000e6ab0000, 0x00000000e6ab0000)
  to   space 21824K,   0% used [0x00000000e6ab0000, 0x00000000e6ab0000, 0x00000000e8000000)
 concurrent mark-sweep generation total 393216K, used 150942K [0x00000000e8000000, 0x0000000100000000, 0x0000000100000000)
 Metaspace       used 60782K, capacity 62491K, committed 62708K, reserved 1103872K
  class space    used 7251K, capacity 7659K, committed 7776K, reserved 1048576K
}
2020-06-27T17:23:44.970+0100: 527.231: Total time for which application threads were stopped: 0.0217310 seconds, Stopping threads took: 0.0000758 seconds
{Heap before GC invocations=62 (full 4):
 par new generation   total 109248K, used 109248K [0x00000000e0000000, 0x00000000e8000000, 0x00000000e8000000)
  eden space 87424K, 100% used [0x00000000e0000000, 0x00000000e5560000, 0x00000000e5560000)
  from space 21824K, 100% used [0x00000000e5560000, 0x00000000e6ab0000, 0x00000000e6ab0000)
  to   space 21824K,   0% used [0x00000000e6ab0000, 0x00000000e6ab0000, 0x00000000e8000000)
 concurrent mark-sweep generation total 393216K, used 150942K [0x00000000e8000000, 0x0000000100000000, 0x0000000100000000)
 Metaspace       used 60782K, capacity 62491K, committed 62708K, reserved 1103872K
  class space    used 7251K, capacity 7659K, committed 7776K, reserved 1048576K
2020-06-27T17:23:45.158+0100: 527.419: [GC (Allocation Failure) 2020-06-27T17:23:45.158+0100: 527.419: [ParNew
Desired survivor size 20112992 bytes, new threshold 6 (max 8)
- age   1:    2928848 bytes,    2928848 total
- age   2:    2850648 bytes,    5779496 total
- age   3:    5650448 bytes,   11429944 total
- age   4:    3603000 bytes,   15032944 total
- age   5:    3907880 bytes,   18940824 total
- age   6:    2617200 bytes,   21558024 total
: 109248K->21824K(109248K), 0.0217452 secs] 260190K->183715K(502464K), 0.0218305 secs] [Times: user=0.09 sys=0.00, real=0.02 secs] 
Heap after GC invocations=63 (full 4):
 par new generation   total 109248K, used 21824K [0x00000000e0000000, 0x00000000e8000000, 0x00000000e8000000)
  eden space 87424K,   0% used [0x00000000e0000000, 0x00000000e0000000, 0x00000000e5560000)
  from space 21824K, 100% used [0x00000000e6ab0000, 0x00000000e8000000, 0x00000000e8000000)
  to   space 21824K,   0% used [0x00000000e5560000, 0x00000000e5560000, 0x00000000e6ab0000)
 concurrent mark-sweep generation total 393216K, used 161891K [0x00000000e8000000, 0x0000000100000000, 0x0000000100000000)
 Metaspace       used 60782K, capacity 62491K, committed 62708K, reserved 1103872K
  class space    used 7251K, capacity 7659K, committed 7776K, reserved 1048576K
}
2020-06-27T17:23:45.180+0100: 527.441: Total time for which application threads were stopped: 0.0221432 seconds, Stopping threads took: 0.0000708 seconds
2020-06-27T17:23:45.181+0100: 527.442: Total time for which application threads were stopped: 0.0002406 seconds, Stopping threads took: 0.0000876 seconds
2020-06-27T17:23:45.181+0100: 527.442: Total time for which application threads were stopped: 0.0001436 seconds, Stopping threads took: 0.0000542 seconds
2020-06-27T17:23:45.181+0100: 527.442: Total time for which application threads were stopped: 0.0001578 seconds, Stopping threads took: 0.0000703 seconds
2020-06-27T17:23:46.133+0100: 528.394: Total time for which application threads were stopped: 0.0001232 seconds, Stopping threads took: 0.0000592 seconds
2020-06-27T17:23:46.133+0100: 528.394: Total time for which application threads were stopped: 0.0002254 seconds, Stopping threads took: 0.0000682 seconds
2020-06-27T17:23:46.133+0100: 528.394: Total time for which application threads were stopped: 0.0001312 seconds, Stopping threads took: 0.0000868 seconds
2020-06-27T17:23:46.136+0100: 528.397: Total time for which application threads were stopped: 0.0001694 seconds, Stopping threads took: 0.0000857 seconds
2020-06-27T17:23:46.136+0100: 528.397: Total time for which application threads were stopped: 0.0001295 seconds, Stopping threads took: 0.0000710 seconds
2020-06-27T17:23:46.136+0100: 528.397: Total time for which application threads were stopped: 0.0001205 seconds, Stopping threads took: 0.0000672 seconds
2020-06-27T17:23:46.136+0100: 528.397: Total time for which application threads were stopped: 0.0000992 seconds, Stopping threads took: 0.0000531 seconds
2020-06-27T17:23:46.136+0100: 528.397: Total time for which application threads were stopped: 0.0001141 seconds, Stopping threads took: 0.0000643 seconds
2020-06-27T17:23:47.137+0100: 529.398: Total time for which application threads were stopped: 0.0001127 seconds, Stopping threads took: 0.0000600 seconds
2020-06-27T17:23:49.421+0100: 531.682: Total time for which application threads were stopped: 0.0002334 seconds, Stopping threads took: 0.0001778 seconds
2020-06-27T17:23:49.434+0100: 531.695: Total time for which application threads were stopped: 0.0002176 seconds, Stopping threads took: 0.0001150 seconds
2020-06-27T17:23:49.435+0100: 531.696: Total time for which application threads were stopped: 0.0002144 seconds, Stopping threads took: 0.0001250 seconds
{Heap before GC invocations=63 (full 4):
 par new generation   total 109248K, used 109248K [0x00000000e0000000, 0x00000000e8000000, 0x00000000e8000000)
  eden space 87424K, 100% used [0x00000000e0000000, 0x00000000e5560000, 0x00000000e5560000)
  from space 21824K, 100% used [0x00000000e6ab0000, 0x00000000e8000000, 0x00000000e8000000)
  to   space 21824K,   0% used [0x00000000e5560000, 0x00000000e5560000, 0x00000000e6ab0000)
 concurrent mark-sweep generation total 393216K, used 161891K [0x00000000e8000000, 0x0000000100000000, 0x0000000100000000)
 Metaspace       used 61164K, capacity 63053K, committed 63220K, reserved 1105920K
  class space    used 7297K, capacity 7742K, committed 7776K, reserved 1048576K
2020-06-27T17:23:49.558+0100: 531.819: [GC (Allocation Failure) 2020-06-27T17:23:49.558+0100: 531.819: [ParNew
Desired survivor size 20112992 bytes, new threshold 6 (max 8)
- age   1:    4308344 bytes,    4308344 total
- age   2:    2155248 bytes,    6463592 total
- age   3:    2475792 bytes,    8939384 total
- age   4:    5535792 bytes,   14475176 total
- age   5:    3602304 bytes,   18077480 total
- age   6:    3902920 bytes,   21980400 total
: 109248K->21824K(109248K), 0.0206242 secs] 271139K->192477K(502464K), 0.0207708 secs] [Times: user=0.06 sys=0.00, real=0.02 secs] 
Heap after GC invocations=64 (full 4):
 par new generation   total 109248K, used 21824K [0x00000000e0000000, 0x00000000e8000000, 0x00000000e8000000)
  eden space 87424K,   0% used [0x00000000e0000000, 0x00000000e0000000, 0x00000000e5560000)
  from space 21824K, 100% used [0x00000000e5560000, 0x00000000e6ab0000, 0x00000000e6ab0000)
  to   space 21824K,   0% used [0x00000000e6ab0000, 0x00000000e6ab0000, 0x00000000e8000000)
 concurrent mark-sweep generation total 393216K, used 170653K [0x00000000e8000000, 0x0000000100000000, 0x0000000100000000)
 Metaspace       used 61164K, capacity 63053K, committed 63220K, reserved 1105920K
  class space    used 7297K, capacity 7742K, committed 7776K, reserved 1048576K
}
2020-06-27T17:23:49.579+0100: 531.840: Total time for which application threads were stopped: 0.0211075 seconds, Stopping threads took: 0.0000621 seconds
2020-06-27T17:23:49.580+0100: 531.841: Total time for which application threads were stopped: 0.0004352 seconds, Stopping threads took: 0.0000820 seconds
2020-06-27T17:23:49.582+0100: 531.843: Total time for which application threads were stopped: 0.0001628 seconds, Stopping threads took: 0.0000619 seconds
2020-06-27T17:23:49.614+0100: 531.875: Total time for which application threads were stopped: 0.0001596 seconds, Stopping threads took: 0.0000685 seconds
{Heap before GC invocations=64 (full 4):
 par new generation   total 109248K, used 109248K [0x00000000e0000000, 0x00000000e8000000, 0x00000000e8000000)
  eden space 87424K, 100% used [0x00000000e0000000, 0x00000000e5560000, 0x00000000e5560000)
  from space 21824K, 100% used [0x00000000e5560000, 0x00000000e6ab0000, 0x00000000e6ab0000)
  to   space 21824K,   0% used [0x00000000e6ab0000, 0x00000000e6ab0000, 0x00000000e8000000)
 concurrent mark-sweep generation total 393216K, used 170653K [0x00000000e8000000, 0x0000000100000000, 0x0000000100000000)
 Metaspace       used 61165K, capacity 63053K, committed 63220K, reserved 1105920K
  class space    used 7297K, capacity 7742K, committed 7776K, reserved 1048576K
2020-06-27T17:23:49.724+0100: 531.985: [GC (Allocation Failure) 2020-06-27T17:23:49.724+0100: 531.985: [ParNew
Desired survivor size 20112992 bytes, new threshold 6 (max 8)
- age   1:    7007800 bytes,    7007800 total
- age   2:    1700168 bytes,    8707968 total
- age   3:    2146984 bytes,   10854952 total
- age   4:    2473472 bytes,   13328424 total
- age   5:    5411088 bytes,   18739512 total
- age   6:    3593800 bytes,   22333312 total
: 109248K->21824K(109248K), 0.0218551 secs] 279901K->203225K(502464K), 0.0219719 secs] [Times: user=0.13 sys=0.00, real=0.02 secs] 
Heap after GC invocations=65 (full 4):
 par new generation   total 109248K, used 21824K [0x00000000e0000000, 0x00000000e8000000, 0x00000000e8000000)
  eden space 87424K,   0% used [0x00000000e0000000, 0x00000000e0000000, 0x00000000e5560000)
  from space 21824K, 100% used [0x00000000e6ab0000, 0x00000000e8000000, 0x00000000e8000000)
  to   space 21824K,   0% used [0x00000000e5560000, 0x00000000e5560000, 0x00000000e6ab0000)
 concurrent mark-sweep generation total 393216K, used 181401K [0x00000000e8000000, 0x0000000100000000, 0x0000000100000000)
 Metaspace       used 61165K, capacity 63053K, committed 63220K, reserved 1105920K
  class space    used 7297K, capacity 7742K, committed 7776K, reserved 1048576K
}
2020-06-27T17:23:49.746+0100: 532.007: Total time for which application threads were stopped: 0.0223700 seconds, Stopping threads took: 0.0000637 seconds
2020-06-27T17:23:49.746+0100: 532.007: Total time for which application threads were stopped: 0.0002121 seconds, Stopping threads took: 0.0000907 seconds
2020-06-27T17:23:49.746+0100: 532.007: Total time for which application threads were stopped: 0.0001643 seconds, Stopping threads took: 0.0000527 seconds
{Heap before GC invocations=65 (full 4):
 par new generation   total 109248K, used 109248K [0x00000000e0000000, 0x00000000e8000000, 0x00000000e8000000)
  eden space 87424K, 100% used [0x00000000e0000000, 0x00000000e5560000, 0x00000000e5560000)
  from space 21824K, 100% used [0x00000000e6ab0000, 0x00000000e8000000, 0x00000000e8000000)
  to   space 21824K,   0% used [0x00000000e5560000, 0x00000000e5560000, 0x00000000e6ab0000)
 concurrent mark-sweep generation total 393216K, used 181401K [0x00000000e8000000, 0x0000000100000000, 0x0000000100000000)
 Metaspace       used 61165K, capacity 63053K, committed 63220K, reserved 1105920K
  class space    used 7297K, capacity 7742K, committed 7776K, reserved 1048576K
2020-06-27T17:23:49.880+0100: 532.141: [GC (Allocation Failure) 2020-06-27T17:23:49.880+0100: 532.141: [ParNew
Desired survivor size 20112992 bytes, new threshold 6 (max 8)
- age   1:    6007216 bytes,    6007216 total
- age   2:    4748872 bytes,   10756088 total
- age   3:    1567592 bytes,   12323680 total
- age   4:    2125080 bytes,   14448760 total
- age   5:    2473264 bytes,   16922024 total
- age   6:    5411088 bytes,   22333112 total
: 109248K->21824K(109248K), 0.0216805 secs] 290649K->211066K(502464K), 0.0217692 secs] [Times: user=0.13 sys=0.00, real=0.02 secs] 
Heap after GC invocations=66 (full 4):
 par new generation   total 109248K, used 21824K [0x00000000e0000000, 0x00000000e8000000, 0x00000000e8000000)
  eden space 87424K,   0% used [0x00000000e0000000, 0x00000000e0000000, 0x00000000e5560000)
  from space 21824K, 100% used [0x00000000e5560000, 0x00000000e6ab0000, 0x00000000e6ab0000)
  to   space 21824K,   0% used [0x00000000e6ab0000, 0x00000000e6ab0000, 0x00000000e8000000)
 concurrent mark-sweep generation total 393216K, used 189242K [0x00000000e8000000, 0x0000000100000000, 0x0000000100000000)
 Metaspace       used 61165K, capacity 63053K, committed 63220K, reserved 1105920K
  class space    used 7297K, capacity 7742K, committed 7776K, reserved 1048576K
}
2020-06-27T17:23:49.902+0100: 532.163: Total time for which application threads were stopped: 0.0221389 seconds, Stopping threads took: 0.0000837 seconds
2020-06-27T17:23:49.902+0100: 532.163: Total time for which application threads were stopped: 0.0002022 seconds, Stopping threads took: 0.0000707 seconds
2020-06-27T17:23:49.902+0100: 532.163: Total time for which application threads were stopped: 0.0001835 seconds, Stopping threads took: 0.0000784 seconds
2020-06-27T17:23:50.904+0100: 533.165: Total time for which application threads were stopped: 0.0001410 seconds, Stopping threads took: 0.0000682 seconds
2020-06-27T17:23:50.948+0100: 533.209: Total time for which application threads were stopped: 0.0001844 seconds, Stopping threads took: 0.0000899 seconds
2020-06-27T17:23:50.949+0100: 533.210: Total time for which application threads were stopped: 0.0001961 seconds, Stopping threads took: 0.0001263 seconds
2020-06-27T17:23:50.965+0100: 533.226: Total time for which application threads were stopped: 0.0001663 seconds, Stopping threads took: 0.0000665 seconds
2020-06-27T17:23:50.966+0100: 533.227: Total time for which application threads were stopped: 0.0002108 seconds, Stopping threads took: 0.0001268 seconds
2020-06-27T17:23:50.967+0100: 533.228: Total time for which application threads were stopped: 0.0004047 seconds, Stopping threads took: 0.0003269 seconds
2020-06-27T17:23:50.967+0100: 533.228: Total time for which application threads were stopped: 0.0001525 seconds, Stopping threads took: 0.0000558 seconds
2020-06-27T17:23:50.967+0100: 533.228: Total time for which application threads were stopped: 0.0000999 seconds, Stopping threads took: 0.0000401 seconds
2020-06-27T17:23:51.968+0100: 534.229: Total time for which application threads were stopped: 0.0001577 seconds, Stopping threads took: 0.0000705 seconds
2020-06-27T17:23:52.848+0100: 535.109: Total time for which application threads were stopped: 0.0002376 seconds, Stopping threads took: 0.0001592 seconds
2020-06-27T17:23:52.852+0100: 535.113: Total time for which application threads were stopped: 0.0001571 seconds, Stopping threads took: 0.0000701 seconds
2020-06-27T17:23:52.853+0100: 535.114: Total time for which application threads were stopped: 0.0001818 seconds, Stopping threads took: 0.0000950 seconds
{Heap before GC invocations=66 (full 4):
 par new generation   total 109248K, used 109248K [0x00000000e0000000, 0x00000000e8000000, 0x00000000e8000000)
  eden space 87424K, 100% used [0x00000000e0000000, 0x00000000e5560000, 0x00000000e5560000)
  from space 21824K, 100% used [0x00000000e5560000, 0x00000000e6ab0000, 0x00000000e6ab0000)
  to   space 21824K,   0% used [0x00000000e6ab0000, 0x00000000e6ab0000, 0x00000000e8000000)
 concurrent mark-sweep generation total 393216K, used 189242K [0x00000000e8000000, 0x0000000100000000, 0x0000000100000000)
 Metaspace       used 61332K, capacity 63261K, committed 63476K, reserved 1105920K
  class space    used 7310K, capacity 7766K, committed 7776K, reserved 1048576K
2020-06-27T17:23:52.949+0100: 535.210: [GC (Allocation Failure) 2020-06-27T17:23:52.949+0100: 535.210: [ParNew
Desired survivor size 20112992 bytes, new threshold 6 (max 8)
- age   1:    5645368 bytes,    5645368 total
- age   2:    4773120 bytes,   10418488 total
- age   3:    4674568 bytes,   15093056 total
- age   4:    1405192 bytes,   16498248 total
- age   5:    2117888 bytes,   18616136 total
- age   6:    2473264 bytes,   21089400 total
: 109248K->21824K(109248K), 0.0186881 secs] 298490K->218043K(502464K), 0.0187984 secs] [Times: user=0.06 sys=0.00, real=0.02 secs] 
Heap after GC invocations=67 (full 4):
 par new generation   total 109248K, used 21824K [0x00000000e0000000, 0x00000000e8000000, 0x00000000e8000000)
  eden space 87424K,   0% used [0x00000000e0000000, 0x00000000e0000000, 0x00000000e5560000)
  from space 21824K, 100% used [0x00000000e6ab0000, 0x00000000e8000000, 0x00000000e8000000)
  to   space 21824K,   0% used [0x00000000e5560000, 0x00000000e5560000, 0x00000000e6ab0000)
 concurrent mark-sweep generation total 393216K, used 196219K [0x00000000e8000000, 0x0000000100000000, 0x0000000100000000)
 Metaspace       used 61332K, capacity 63261K, committed 63476K, reserved 1105920K
  class space    used 7310K, capacity 7766K, committed 7776K, reserved 1048576K
}
2020-06-27T17:23:52.968+0100: 535.229: Total time for which application threads were stopped: 0.0191180 seconds, Stopping threads took: 0.0000668 seconds
2020-06-27T17:23:52.968+0100: 535.229: Total time for which application threads were stopped: 0.0002848 seconds, Stopping threads took: 0.0001672 seconds
2020-06-27T17:23:53.042+0100: 535.303: Total time for which application threads were stopped: 0.0001618 seconds, Stopping threads took: 0.0000675 seconds
{Heap before GC invocations=67 (full 4):
 par new generation   total 109248K, used 109248K [0x00000000e0000000, 0x00000000e8000000, 0x00000000e8000000)
  eden space 87424K, 100% used [0x00000000e0000000, 0x00000000e5560000, 0x00000000e5560000)
  from space 21824K, 100% used [0x00000000e6ab0000, 0x00000000e8000000, 0x00000000e8000000)
  to   space 21824K,   0% used [0x00000000e5560000, 0x00000000e5560000, 0x00000000e6ab0000)
 concurrent mark-sweep generation total 393216K, used 196219K [0x00000000e8000000, 0x0000000100000000, 0x0000000100000000)
 Metaspace       used 61333K, capacity 63261K, committed 63476K, reserved 1105920K
  class space    used 7310K, capacity 7766K, committed 7776K, reserved 1048576K
2020-06-27T17:23:53.104+0100: 535.365: [GC (Allocation Failure) 2020-06-27T17:23:53.104+0100: 535.365: [ParNew
Desired survivor size 20112992 bytes, new threshold 6 (max 8)
- age   1:    3905664 bytes,    3905664 total
- age   2:    4339232 bytes,    8244896 total
- age   3:    3975856 bytes,   12220752 total
- age   4:    4673048 bytes,   16893800 total
- age   5:    1404992 bytes,   18298792 total
- age   6:    2117888 bytes,   20416680 total
: 109248K->21824K(109248K), 0.0161653 secs] 305467K->224912K(502464K), 0.0162932 secs] [Times: user=0.06 sys=0.00, real=0.02 secs] 
Heap after GC invocations=68 (full 4):
 par new generation   total 109248K, used 21824K [0x00000000e0000000, 0x00000000e8000000, 0x00000000e8000000)
  eden space 87424K,   0% used [0x00000000e0000000, 0x00000000e0000000, 0x00000000e5560000)
  from space 21824K, 100% used [0x00000000e5560000, 0x00000000e6ab0000, 0x00000000e6ab0000)
  to   space 21824K,   0% used [0x00000000e6ab0000, 0x00000000e6ab0000, 0x00000000e8000000)
 concurrent mark-sweep generation total 393216K, used 203088K [0x00000000e8000000, 0x0000000100000000, 0x0000000100000000)
 Metaspace       used 61333K, capacity 63261K, committed 63476K, reserved 1105920K
  class space    used 7310K, capacity 7766K, committed 7776K, reserved 1048576K
}
2020-06-27T17:23:53.121+0100: 535.382: Total time for which application threads were stopped: 0.0166190 seconds, Stopping threads took: 0.0000813 seconds
2020-06-27T17:23:53.121+0100: 535.382: [GC (CMS Initial Mark) [1 CMS-initial-mark: 203088K(393216K)] 224912K(502464K), 0.0050393 secs] [Times: user=0.00 sys=0.00, real=0.00 secs] 
2020-06-27T17:23:53.126+0100: 535.387: Total time for which application threads were stopped: 0.0052692 seconds, Stopping threads took: 0.0000792 seconds
2020-06-27T17:23:53.126+0100: 535.387: [CMS-concurrent-mark-start]
2020-06-27T17:23:53.153+0100: 535.414: Total time for which application threads were stopped: 0.0002136 seconds, Stopping threads took: 0.0001041 seconds
2020-06-27T17:23:53.155+0100: 535.416: [CMS-concurrent-mark: 0.028/0.029 secs] [Times: user=0.13 sys=0.00, real=0.03 secs] 
2020-06-27T17:23:53.155+0100: 535.416: [CMS-concurrent-preclean-start]
2020-06-27T17:23:53.157+0100: 535.418: [CMS-concurrent-preclean: 0.001/0.001 secs] [Times: user=0.00 sys=0.00, real=0.00 secs] 
2020-06-27T17:23:53.158+0100: 535.419: [GC (CMS Final Remark) [YG occupancy: 22743 K (109248 K)]{Heap before GC invocations=68 (full 5):
 par new generation   total 109248K, used 22743K [0x00000000e0000000, 0x00000000e8000000, 0x00000000e8000000)
  eden space 87424K,   1% used [0x00000000e0000000, 0x00000000e00e5e40, 0x00000000e5560000)
  from space 21824K, 100% used [0x00000000e5560000, 0x00000000e6ab0000, 0x00000000e6ab0000)
  to   space 21824K,   0% used [0x00000000e6ab0000, 0x00000000e6ab0000, 0x00000000e8000000)
 concurrent mark-sweep generation total 393216K, used 203088K [0x00000000e8000000, 0x0000000100000000, 0x0000000100000000)
 Metaspace       used 61335K, capacity 63261K, committed 63476K, reserved 1105920K
  class space    used 7310K, capacity 7766K, committed 7776K, reserved 1048576K
2020-06-27T17:23:53.158+0100: 535.419: [GC (CMS Final Remark) 2020-06-27T17:23:53.158+0100: 535.419: [ParNew
Desired survivor size 20112992 bytes, new threshold 8 (max 8)
- age   1:      55688 bytes,      55688 total
- age   2:    3241792 bytes,    3297480 total
- age   3:    4263184 bytes,    7560664 total
- age   4:    3895976 bytes,   11456640 total
- age   5:    4672136 bytes,   16128776 total
- age   6:    1404264 bytes,   17533040 total
: 22743K->21824K(109248K), 0.0138431 secs] 225831K->227528K(502464K), 0.0139242 secs] [Times: user=0.06 sys=0.00, real=0.01 secs] 
Heap after GC invocations=69 (full 5):
 par new generation   total 109248K, used 21824K [0x00000000e0000000, 0x00000000e8000000, 0x00000000e8000000)
  eden space 87424K,   0% used [0x00000000e0000000, 0x00000000e0000000, 0x00000000e5560000)
  from space 21824K, 100% used [0x00000000e6ab0000, 0x00000000e8000000, 0x00000000e8000000)
  to   space 21824K,   0% used [0x00000000e5560000, 0x00000000e5560000, 0x00000000e6ab0000)
 concurrent mark-sweep generation total 393216K, used 205704K [0x00000000e8000000, 0x0000000100000000, 0x0000000100000000)
 Metaspace       used 61335K, capacity 63261K, committed 63476K, reserved 1105920K
  class space    used 7310K, capacity 7766K, committed 7776K, reserved 1048576K
}
2020-06-27T17:23:53.172+0100: 535.433: [Rescan (parallel) , 0.0065506 secs]2020-06-27T17:23:53.179+0100: 535.440: [weak refs processing, 0.0059285 secs]2020-06-27T17:23:53.185+0100: 535.446: [class unloading, 0.0169433 secs]2020-06-27T17:23:53.202+0100: 535.463: [scrub symbol table, 0.0172873 secs]2020-06-27T17:23:53.219+0100: 535.480: [scrub string table, 0.0013306 secs][1 CMS-remark: 205704K(393216K)] 227528K(502464K), 0.0625808 secs] [Times: user=0.16 sys=0.00, real=0.06 secs] 
2020-06-27T17:23:53.221+0100: 535.482: Total time for which application threads were stopped: 0.0627878 seconds, Stopping threads took: 0.0000774 seconds
2020-06-27T17:23:53.221+0100: 535.482: [CMS-concurrent-sweep-start]
2020-06-27T17:23:53.222+0100: 535.483: Total time for which application threads were stopped: 0.0001599 seconds, Stopping threads took: 0.0000782 seconds
2020-06-27T17:23:53.223+0100: 535.484: Total time for which application threads were stopped: 0.0001377 seconds, Stopping threads took: 0.0000704 seconds
2020-06-27T17:23:53.223+0100: 535.484: Total time for which application threads were stopped: 0.0003000 seconds, Stopping threads took: 0.0000545 seconds
2020-06-27T17:23:53.224+0100: 535.484: Total time for which application threads were stopped: 0.0002776 seconds, Stopping threads took: 0.0000598 seconds
2020-06-27T17:23:53.317+0100: 535.577: [CMS-concurrent-sweep: 0.095/0.096 secs] [Times: user=0.28 sys=0.00, real=0.10 secs] 
2020-06-27T17:23:53.317+0100: 535.578: [CMS-concurrent-reset-start]
2020-06-27T17:23:53.317+0100: 535.578: [CMS-concurrent-reset: 0.001/0.001 secs] [Times: user=0.00 sys=0.00, real=0.00 secs] 
{Heap before GC invocations=69 (full 5):
 par new generation   total 109248K, used 109248K [0x00000000e0000000, 0x00000000e8000000, 0x00000000e8000000)
  eden space 87424K, 100% used [0x00000000e0000000, 0x00000000e5560000, 0x00000000e5560000)
  from space 21824K, 100% used [0x00000000e6ab0000, 0x00000000e8000000, 0x00000000e8000000)
  to   space 21824K,   0% used [0x00000000e5560000, 0x00000000e5560000, 0x00000000e6ab0000)
 concurrent mark-sweep generation total 393216K, used 90757K [0x00000000e8000000, 0x0000000100000000, 0x0000000100000000)
 Metaspace       used 61336K, capacity 63261K, committed 63476K, reserved 1105920K
  class space    used 7310K, capacity 7766K, committed 7776K, reserved 1048576K
2020-06-27T17:23:53.384+0100: 535.645: [GC (Allocation Failure) 2020-06-27T17:23:53.385+0100: 535.645: [ParNew
Desired survivor size 20112992 bytes, new threshold 7 (max 8)
- age   1:    5611336 bytes,    5611336 total
- age   2:      50024 bytes,    5661360 total
- age   3:    3206944 bytes,    8868304 total
- age   4:    4007216 bytes,   12875520 total
- age   5:    3057768 bytes,   15933288 total
- age   6:    3666576 bytes,   19599864 total
- age   7:     779560 bytes,   20379424 total
: 109248K->21824K(109248K), 0.0154042 secs] 200005K->117111K(502464K), 0.0155266 secs] [Times: user=0.06 sys=0.00, real=0.02 secs] 
Heap after GC invocations=70 (full 5):
 par new generation   total 109248K, used 21824K [0x00000000e0000000, 0x00000000e8000000, 0x00000000e8000000)
  eden space 87424K,   0% used [0x00000000e0000000, 0x00000000e0000000, 0x00000000e5560000)
  from space 21824K, 100% used [0x00000000e5560000, 0x00000000e6ab0000, 0x00000000e6ab0000)
  to   space 21824K,   0% used [0x00000000e6ab0000, 0x00000000e6ab0000, 0x00000000e8000000)
 concurrent mark-sweep generation total 393216K, used 95287K [0x00000000e8000000, 0x0000000100000000, 0x0000000100000000)
 Metaspace       used 61336K, capacity 63261K, committed 63476K, reserved 1105920K
  class space    used 7310K, capacity 7766K, committed 7776K, reserved 1048576K
}
2020-06-27T17:23:53.400+0100: 535.661: Total time for which application threads were stopped: 0.0159180 seconds, Stopping threads took: 0.0000653 seconds
2020-06-27T17:23:53.401+0100: 535.662: Total time for which application threads were stopped: 0.0002011 seconds, Stopping threads took: 0.0000748 seconds
2020-06-27T17:23:53.402+0100: 535.663: Total time for which application threads were stopped: 0.0001738 seconds, Stopping threads took: 0.0000621 seconds
{Heap before GC invocations=70 (full 5):
 par new generation   total 109248K, used 109222K [0x00000000e0000000, 0x00000000e8000000, 0x00000000e8000000)
  eden space 87424K,  99% used [0x00000000e0000000, 0x00000000e55599d0, 0x00000000e5560000)
  from space 21824K, 100% used [0x00000000e5560000, 0x00000000e6ab0000, 0x00000000e6ab0000)
  to   space 21824K,   0% used [0x00000000e6ab0000, 0x00000000e6ab0000, 0x00000000e8000000)
 concurrent mark-sweep generation total 393216K, used 95287K [0x00000000e8000000, 0x0000000100000000, 0x0000000100000000)
 Metaspace       used 61355K, capacity 63261K, committed 63476K, reserved 1105920K
  class space    used 7310K, capacity 7766K, committed 7776K, reserved 1048576K
2020-06-27T17:23:53.726+0100: 535.987: [GC (Allocation Failure) 2020-06-27T17:23:53.726+0100: 535.987: [ParNew
Desired survivor size 20112992 bytes, new threshold 7 (max 8)
- age   1:    3941136 bytes,    3941136 total
- age   2:    4276256 bytes,    8217392 total
- age   3:      47128 bytes,    8264520 total
- age   4:    3035960 bytes,   11300480 total
- age   5:    3873936 bytes,   15174416 total
- age   6:    3048032 bytes,   18222448 total
- age   7:    3586560 bytes,   21809008 total
: 109222K->21824K(109248K), 0.0168188 secs] 204510K->120493K(502464K), 0.0169259 secs] [Times: user=0.06 sys=0.00, real=0.02 secs] 
Heap after GC invocations=71 (full 5):
 par new generation   total 109248K, used 21824K [0x00000000e0000000, 0x00000000e8000000, 0x00000000e8000000)
  eden space 87424K,   0% used [0x00000000e0000000, 0x00000000e0000000, 0x00000000e5560000)
  from space 21824K, 100% used [0x00000000e6ab0000, 0x00000000e8000000, 0x00000000e8000000)
  to   space 21824K,   0% used [0x00000000e5560000, 0x00000000e5560000, 0x00000000e6ab0000)
 concurrent mark-sweep generation total 393216K, used 98669K [0x00000000e8000000, 0x0000000100000000, 0x0000000100000000)
 Metaspace       used 61355K, capacity 63261K, committed 63476K, reserved 1105920K
  class space    used 7310K, capacity 7766K, committed 7776K, reserved 1048576K
}
2020-06-27T17:23:53.743+0100: 536.004: Total time for which application threads were stopped: 0.0173366 seconds, Stopping threads took: 0.0001169 seconds
2020-06-27T17:23:53.744+0100: 536.005: Total time for which application threads were stopped: 0.0001854 seconds, Stopping threads took: 0.0000906 seconds
2020-06-27T17:23:54.745+0100: 537.006: Total time for which application threads were stopped: 0.0001648 seconds, Stopping threads took: 0.0000730 seconds
2020-06-27T17:23:54.869+0100: 537.130: Total time for which application threads were stopped: 0.0002088 seconds, Stopping threads took: 0.0001173 seconds
2020-06-27T17:23:54.870+0100: 537.131: Total time for which application threads were stopped: 0.0001265 seconds, Stopping threads took: 0.0000597 seconds
2020-06-27T17:23:54.892+0100: 537.153: Total time for which application threads were stopped: 0.0002171 seconds, Stopping threads took: 0.0000765 seconds
2020-06-27T17:23:54.897+0100: 537.158: Total time for which application threads were stopped: 0.0001479 seconds, Stopping threads took: 0.0000600 seconds
2020-06-27T17:23:54.897+0100: 537.158: Total time for which application threads were stopped: 0.0001224 seconds, Stopping threads took: 0.0000517 seconds
2020-06-27T17:23:54.897+0100: 537.158: Total time for which application threads were stopped: 0.0001067 seconds, Stopping threads took: 0.0000481 seconds
2020-06-27T17:23:54.897+0100: 537.158: Total time for which application threads were stopped: 0.0001351 seconds, Stopping threads took: 0.0000669 seconds
2020-06-27T17:24:07.895+0100: 550.156: Total time for which application threads were stopped: 0.0000944 seconds, Stopping threads took: 0.0000267 seconds
2020-06-27T17:24:14.010+0100: 556.271: Total time for which application threads were stopped: 0.0002037 seconds, Stopping threads took: 0.0001524 seconds
2020-06-27T17:24:14.025+0100: 556.286: Total time for which application threads were stopped: 0.0001100 seconds, Stopping threads took: 0.0000344 seconds
2020-06-27T17:24:14.027+0100: 556.288: Total time for which application threads were stopped: 0.0000944 seconds, Stopping threads took: 0.0000342 seconds
2020-06-27T17:24:14.300+0100: 556.561: Total time for which application threads were stopped: 0.0002504 seconds, Stopping threads took: 0.0001475 seconds
{Heap before GC invocations=71 (full 5):
 par new generation   total 109248K, used 109248K [0x00000000e0000000, 0x00000000e8000000, 0x00000000e8000000)
  eden space 87424K, 100% used [0x00000000e0000000, 0x00000000e5560000, 0x00000000e5560000)
  from space 21824K, 100% used [0x00000000e6ab0000, 0x00000000e8000000, 0x00000000e8000000)
  to   space 21824K,   0% used [0x00000000e5560000, 0x00000000e5560000, 0x00000000e6ab0000)
 concurrent mark-sweep generation total 393216K, used 98669K [0x00000000e8000000, 0x0000000100000000, 0x0000000100000000)
 Metaspace       used 61377K, capacity 63261K, committed 63476K, reserved 1105920K
  class space    used 7310K, capacity 7766K, committed 7776K, reserved 1048576K
2020-06-27T17:24:14.320+0100: 556.581: [GC (Allocation Failure) 2020-06-27T17:24:14.320+0100: 556.581: [ParNew
Desired survivor size 20112992 bytes, new threshold 8 (max 8)
- age   1:    3763504 bytes,    3763504 total
- age   2:    2442184 bytes,    6205688 total
- age   3:    4163200 bytes,   10368888 total
- age   4:      46784 bytes,   10415672 total
- age   5:    2806568 bytes,   13222240 total
- age   6:    3727704 bytes,   16949944 total
- age   7:    2548928 bytes,   19498872 total
: 109248K->21824K(109248K), 0.0204831 secs] 207917K->128440K(502464K), 0.0205995 secs] [Times: user=0.06 sys=0.00, real=0.02 secs] 
Heap after GC invocations=72 (full 5):
 par new generation   total 109248K, used 21824K [0x00000000e0000000, 0x00000000e8000000, 0x00000000e8000000)
  eden space 87424K,   0% used [0x00000000e0000000, 0x00000000e0000000, 0x00000000e5560000)
  from space 21824K, 100% used [0x00000000e5560000, 0x00000000e6ab0000, 0x00000000e6ab0000)
  to   space 21824K,   0% used [0x00000000e6ab0000, 0x00000000e6ab0000, 0x00000000e8000000)
 concurrent mark-sweep generation total 393216K, used 106616K [0x00000000e8000000, 0x0000000100000000, 0x0000000100000000)
 Metaspace       used 61377K, capacity 63261K, committed 63476K, reserved 1105920K
  class space    used 7310K, capacity 7766K, committed 7776K, reserved 1048576K
}
2020-06-27T17:24:14.341+0100: 556.602: Total time for which application threads were stopped: 0.0209380 seconds, Stopping threads took: 0.0000731 seconds
2020-06-27T17:24:14.341+0100: 556.602: Total time for which application threads were stopped: 0.0002034 seconds, Stopping threads took: 0.0001039 seconds
2020-06-27T17:24:14.341+0100: 556.602: Total time for which application threads were stopped: 0.0001587 seconds, Stopping threads took: 0.0000695 seconds
{Heap before GC invocations=72 (full 5):
 par new generation   total 109248K, used 109248K [0x00000000e0000000, 0x00000000e8000000, 0x00000000e8000000)
  eden space 87424K, 100% used [0x00000000e0000000, 0x00000000e5560000, 0x00000000e5560000)
  from space 21824K, 100% used [0x00000000e5560000, 0x00000000e6ab0000, 0x00000000e6ab0000)
  to   space 21824K,   0% used [0x00000000e6ab0000, 0x00000000e6ab0000, 0x00000000e8000000)
 concurrent mark-sweep generation total 393216K, used 106616K [0x00000000e8000000, 0x0000000100000000, 0x0000000100000000)
 Metaspace       used 61380K, capacity 63261K, committed 63476K, reserved 1105920K
  class space    used 7310K, capacity 7766K, committed 7776K, reserved 1048576K
2020-06-27T17:24:14.552+0100: 556.813: [GC (Allocation Failure) 2020-06-27T17:24:14.552+0100: 556.813: [ParNew
Desired survivor size 20112992 bytes, new threshold 8 (max 8)
- age   1:    3225648 bytes,    3225648 total
- age   2:    2787856 bytes,    6013504 total
- age   3:    2437816 bytes,    8451320 total
- age   4:    4163200 bytes,   12614520 total
- age   5:      46784 bytes,   12661304 total
- age   6:    2806568 bytes,   15467872 total
- age   7:    3727704 bytes,   19195576 total
- age   8:    2548928 bytes,   21744504 total
: 109248K->21824K(109248K), 0.0165634 secs] 215864K->131061K(502464K), 0.0166495 secs] [Times: user=0.03 sys=0.02, real=0.02 secs] 
Heap after GC invocations=73 (full 5):
 par new generation   total 109248K, used 21824K [0x00000000e0000000, 0x00000000e8000000, 0x00000000e8000000)
  eden space 87424K,   0% used [0x00000000e0000000, 0x00000000e0000000, 0x00000000e5560000)
  from space 21824K, 100% used [0x00000000e6ab0000, 0x00000000e8000000, 0x00000000e8000000)
  to   space 21824K,   0% used [0x00000000e5560000, 0x00000000e5560000, 0x00000000e6ab0000)
 concurrent mark-sweep generation total 393216K, used 109237K [0x00000000e8000000, 0x0000000100000000, 0x0000000100000000)
 Metaspace       used 61380K, capacity 63261K, committed 63476K, reserved 1105920K
  class space    used 7310K, capacity 7766K, committed 7776K, reserved 1048576K
}
2020-06-27T17:24:14.569+0100: 556.830: Total time for which application threads were stopped: 0.0180491 seconds, Stopping threads took: 0.0011495 seconds
2020-06-27T17:24:14.570+0100: 556.831: Total time for which application threads were stopped: 0.0003496 seconds, Stopping threads took: 0.0002593 seconds
2020-06-27T17:24:14.572+0100: 556.833: Total time for which application threads were stopped: 0.0016375 seconds, Stopping threads took: 0.0014557 seconds
{Heap before GC invocations=73 (full 5):
 par new generation   total 109248K, used 109248K [0x00000000e0000000, 0x00000000e8000000, 0x00000000e8000000)
  eden space 87424K, 100% used [0x00000000e0000000, 0x00000000e5560000, 0x00000000e5560000)
  from space 21824K, 100% used [0x00000000e6ab0000, 0x00000000e8000000, 0x00000000e8000000)
  to   space 21824K,   0% used [0x00000000e5560000, 0x00000000e5560000, 0x00000000e6ab0000)
 concurrent mark-sweep generation total 393216K, used 109237K [0x00000000e8000000, 0x0000000100000000, 0x0000000100000000)
 Metaspace       used 61380K, capacity 63261K, committed 63476K, reserved 1105920K
  class space    used 7310K, capacity 7766K, committed 7776K, reserved 1048576K
2020-06-27T17:24:14.792+0100: 557.053: [GC (Allocation Failure) 2020-06-27T17:24:14.792+0100: 557.053: [ParNew
Desired survivor size 20112992 bytes, new threshold 8 (max 8)
- age   1:    4875136 bytes,    4875136 total
- age   2:     952888 bytes,    5828024 total
- age   3:    2715832 bytes,    8543856 total
- age   4:    2323512 bytes,   10867368 total
- age   5:    4163200 bytes,   15030568 total
- age   6:      46768 bytes,   15077336 total
- age   7:    2800992 bytes,   17878328 total
- age   8:    3285344 bytes,   21163672 total
: 109248K->21824K(109248K), 0.0208817 secs] 218485K->141453K(502464K), 0.0210893 secs] [Times: user=0.06 sys=0.00, real=0.02 secs] 
Heap after GC invocations=74 (full 5):
 par new generation   total 109248K, used 21824K [0x00000000e0000000, 0x00000000e8000000, 0x00000000e8000000)
  eden space 87424K,   0% used [0x00000000e0000000, 0x00000000e0000000, 0x00000000e5560000)
  from space 21824K, 100% used [0x00000000e5560000, 0x00000000e6ab0000, 0x00000000e6ab0000)
  to   space 21824K,   0% used [0x00000000e6ab0000, 0x00000000e6ab0000, 0x00000000e8000000)
 concurrent mark-sweep generation total 393216K, used 119629K [0x00000000e8000000, 0x0000000100000000, 0x0000000100000000)
 Metaspace       used 61380K, capacity 63261K, committed 63476K, reserved 1105920K
  class space    used 7310K, capacity 7766K, committed 7776K, reserved 1048576K
}
2020-06-27T17:24:14.813+0100: 557.074: Total time for which application threads were stopped: 0.0216590 seconds, Stopping threads took: 0.0001759 seconds
2020-06-27T17:24:14.813+0100: 557.074: Total time for which application threads were stopped: 0.0002124 seconds, Stopping threads took: 0.0000988 seconds
2020-06-27T17:24:15.665+0100: 557.926: Total time for which application threads were stopped: 0.0001625 seconds, Stopping threads took: 0.0000626 seconds
2020-06-27T17:24:15.666+0100: 557.927: Total time for which application threads were stopped: 0.0001500 seconds, Stopping threads took: 0.0000564 seconds
2020-06-27T17:24:15.667+0100: 557.928: Total time for which application threads were stopped: 0.0001184 seconds, Stopping threads took: 0.0000533 seconds
2020-06-27T17:24:15.668+0100: 557.929: Total time for which application threads were stopped: 0.0001056 seconds, Stopping threads took: 0.0000478 seconds
2020-06-27T17:24:15.668+0100: 557.929: Total time for which application threads were stopped: 0.0000849 seconds, Stopping threads took: 0.0000505 seconds
2020-06-27T17:24:15.668+0100: 557.929: Total time for which application threads were stopped: 0.0000918 seconds, Stopping threads took: 0.0000488 seconds
2020-06-27T17:24:20.920+0100: 563.181: Total time for which application threads were stopped: 0.0002952 seconds, Stopping threads took: 0.0002200 seconds
2020-06-27T17:24:20.923+0100: 563.184: Total time for which application threads were stopped: 0.0003520 seconds, Stopping threads took: 0.0000951 seconds
2020-06-27T17:24:20.924+0100: 563.185: Total time for which application threads were stopped: 0.0001752 seconds, Stopping threads took: 0.0000758 seconds
2020-06-27T17:24:20.926+0100: 563.187: Total time for which application threads were stopped: 0.0001763 seconds, Stopping threads took: 0.0000944 seconds
{Heap before GC invocations=74 (full 5):
 par new generation   total 109248K, used 109248K [0x00000000e0000000, 0x00000000e8000000, 0x00000000e8000000)
  eden space 87424K, 100% used [0x00000000e0000000, 0x00000000e5560000, 0x00000000e5560000)
  from space 21824K, 100% used [0x00000000e5560000, 0x00000000e6ab0000, 0x00000000e6ab0000)
  to   space 21824K,   0% used [0x00000000e6ab0000, 0x00000000e6ab0000, 0x00000000e8000000)
 concurrent mark-sweep generation total 393216K, used 119629K [0x00000000e8000000, 0x0000000100000000, 0x0000000100000000)
 Metaspace       used 61429K, capacity 63261K, committed 63476K, reserved 1105920K
  class space    used 7310K, capacity 7766K, committed 7776K, reserved 1048576K
2020-06-27T17:24:21.048+0100: 563.309: [GC (Allocation Failure) 2020-06-27T17:24:21.048+0100: 563.309: [ParNew
Desired survivor size 20112992 bytes, new threshold 8 (max 8)
- age   1:    7427352 bytes,    7427352 total
- age   2:    1979776 bytes,    9407128 total
- age   3:     915632 bytes,   10322760 total
- age   4:    2663320 bytes,   12986080 total
- age   5:    2323176 bytes,   15309256 total
- age   6:    4163168 bytes,   19472424 total
- age   7:      46768 bytes,   19519192 total
- age   8:    2800992 bytes,   22320184 total
: 109248K->21824K(109248K), 0.0168759 secs] 228877K->147353K(502464K), 0.0170278 secs] [Times: user=0.06 sys=0.00, real=0.02 secs] 
Heap after GC invocations=75 (full 5):
 par new generation   total 109248K, used 21824K [0x00000000e0000000, 0x00000000e8000000, 0x00000000e8000000)
  eden space 87424K,   0% used [0x00000000e0000000, 0x00000000e0000000, 0x00000000e5560000)
  from space 21824K, 100% used [0x00000000e6ab0000, 0x00000000e8000000, 0x00000000e8000000)
  to   space 21824K,   0% used [0x00000000e5560000, 0x00000000e5560000, 0x00000000e6ab0000)
 concurrent mark-sweep generation total 393216K, used 125529K [0x00000000e8000000, 0x0000000100000000, 0x0000000100000000)
 Metaspace       used 61429K, capacity 63261K, committed 63476K, reserved 1105920K
  class space    used 7310K, capacity 7766K, committed 7776K, reserved 1048576K
}
2020-06-27T17:24:21.065+0100: 563.326: Total time for which application threads were stopped: 0.0174101 seconds, Stopping threads took: 0.0000859 seconds
2020-06-27T17:24:21.066+0100: 563.327: Total time for which application threads were stopped: 0.0002081 seconds, Stopping threads took: 0.0000772 seconds
2020-06-27T17:24:21.085+0100: 563.345: Total time for which application threads were stopped: 0.0001579 seconds, Stopping threads took: 0.0000655 seconds
{Heap before GC invocations=75 (full 5):
 par new generation   total 109248K, used 109248K [0x00000000e0000000, 0x00000000e8000000, 0x00000000e8000000)
  eden space 87424K, 100% used [0x00000000e0000000, 0x00000000e5560000, 0x00000000e5560000)
  from space 21824K, 100% used [0x00000000e6ab0000, 0x00000000e8000000, 0x00000000e8000000)
  to   space 21824K,   0% used [0x00000000e5560000, 0x00000000e5560000, 0x00000000e6ab0000)
 concurrent mark-sweep generation total 393216K, used 125529K [0x00000000e8000000, 0x0000000100000000, 0x0000000100000000)
 Metaspace       used 61443K, capacity 63261K, committed 63476K, reserved 1105920K
  class space    used 7310K, capacity 7766K, committed 7776K, reserved 1048576K
2020-06-27T17:24:21.198+0100: 563.459: [GC (Allocation Failure) 2020-06-27T17:24:21.198+0100: 563.459: [ParNew
Desired survivor size 20112992 bytes, new threshold 7 (max 8)
- age   1:    5812984 bytes,    5812984 total
- age   2:    4461752 bytes,   10274736 total
- age   3:    1646296 bytes,   11921032 total
- age   4:     895872 bytes,   12816904 total
- age   5:    2644880 bytes,   15461784 total
- age   6:    2320944 bytes,   17782728 total
- age   7:    4045296 bytes,   21828024 total
- age   8:      46768 bytes,   21874792 total
: 109248K->21824K(109248K), 0.0198559 secs] 234777K->156862K(502464K), 0.0199662 secs] [Times: user=0.06 sys=0.00, real=0.02 secs] 
Heap after GC invocations=76 (full 5):
 par new generation   total 109248K, used 21824K [0x00000000e0000000, 0x00000000e8000000, 0x00000000e8000000)
  eden space 87424K,   0% used [0x00000000e0000000, 0x00000000e0000000, 0x00000000e5560000)
  from space 21824K, 100% used [0x00000000e5560000, 0x00000000e6ab0000, 0x00000000e6ab0000)
  to   space 21824K,   0% used [0x00000000e6ab0000, 0x00000000e6ab0000, 0x00000000e8000000)
 concurrent mark-sweep generation total 393216K, used 135038K [0x00000000e8000000, 0x0000000100000000, 0x0000000100000000)
 Metaspace       used 61443K, capacity 63261K, committed 63476K, reserved 1105920K
  class space    used 7310K, capacity 7766K, committed 7776K, reserved 1048576K
}
2020-06-27T17:24:21.218+0100: 563.479: Total time for which application threads were stopped: 0.0203355 seconds, Stopping threads took: 0.0000691 seconds
2020-06-27T17:24:21.218+0100: 563.479: Total time for which application threads were stopped: 0.0002436 seconds, Stopping threads took: 0.0000684 seconds
2020-06-27T17:24:21.219+0100: 563.480: Total time for which application threads were stopped: 0.0001725 seconds, Stopping threads took: 0.0000705 seconds
{Heap before GC invocations=76 (full 5):
 par new generation   total 109248K, used 109248K [0x00000000e0000000, 0x00000000e8000000, 0x00000000e8000000)
  eden space 87424K, 100% used [0x00000000e0000000, 0x00000000e5560000, 0x00000000e5560000)
  from space 21824K, 100% used [0x00000000e5560000, 0x00000000e6ab0000, 0x00000000e6ab0000)
  to   space 21824K,   0% used [0x00000000e6ab0000, 0x00000000e6ab0000, 0x00000000e8000000)
 concurrent mark-sweep generation total 393216K, used 135038K [0x00000000e8000000, 0x0000000100000000, 0x0000000100000000)
 Metaspace       used 61449K, capacity 63325K, committed 63476K, reserved 1105920K
  class space    used 7310K, capacity 7766K, committed 7776K, reserved 1048576K
2020-06-27T17:24:21.356+0100: 563.617: [GC (Allocation Failure) 2020-06-27T17:24:21.356+0100: 563.617: [ParNew
Desired survivor size 20112992 bytes, new threshold 7 (max 8)
- age   1:    5621248 bytes,    5621248 total
- age   2:    4711480 bytes,   10332728 total
- age   3:    3839080 bytes,   14171808 total
- age   4:    1633080 bytes,   15804888 total
- age   5:     872384 bytes,   16677272 total
- age   6:    2507568 bytes,   19184840 total
- age   7:    2319704 bytes,   21504544 total
: 109248K->21824K(109248K), 0.0204362 secs] 244286K->166631K(502464K), 0.0205233 secs] [Times: user=0.06 sys=0.00, real=0.02 secs] 
Heap after GC invocations=77 (full 5):
 par new generation   total 109248K, used 21824K [0x00000000e0000000, 0x00000000e8000000, 0x00000000e8000000)
  eden space 87424K,   0% used [0x00000000e0000000, 0x00000000e0000000, 0x00000000e5560000)
  from space 21824K, 100% used [0x00000000e6ab0000, 0x00000000e8000000, 0x00000000e8000000)
  to   space 21824K,   0% used [0x00000000e5560000, 0x00000000e5560000, 0x00000000e6ab0000)
 concurrent mark-sweep generation total 393216K, used 144807K [0x00000000e8000000, 0x0000000100000000, 0x0000000100000000)
 Metaspace       used 61449K, capacity 63325K, committed 63476K, reserved 1105920K
  class space    used 7310K, capacity 7766K, committed 7776K, reserved 1048576K
}
2020-06-27T17:24:21.377+0100: 563.638: Total time for which application threads were stopped: 0.0208168 seconds, Stopping threads took: 0.0000665 seconds
2020-06-27T17:24:21.377+0100: 563.638: Total time for which application threads were stopped: 0.0001953 seconds, Stopping threads took: 0.0000852 seconds
2020-06-27T17:24:21.378+0100: 563.639: Total time for which application threads were stopped: 0.0001877 seconds, Stopping threads took: 0.0000737 seconds
2020-06-27T17:24:22.330+0100: 564.591: Total time for which application threads were stopped: 0.0003727 seconds, Stopping threads took: 0.0000812 seconds
2020-06-27T17:24:22.337+0100: 564.598: Total time for which application threads were stopped: 0.0001435 seconds, Stopping threads took: 0.0000654 seconds
2020-06-27T17:24:22.337+0100: 564.598: Total time for which application threads were stopped: 0.0001254 seconds, Stopping threads took: 0.0000504 seconds
2020-06-27T17:24:22.337+0100: 564.598: Total time for which application threads were stopped: 0.0000997 seconds, Stopping threads took: 0.0000440 seconds
2020-06-27T17:24:22.338+0100: 564.599: Total time for which application threads were stopped: 0.0001423 seconds, Stopping threads took: 0.0000607 seconds
2020-06-27T17:24:22.338+0100: 564.599: Total time for which application threads were stopped: 0.0001264 seconds, Stopping threads took: 0.0000517 seconds
2020-06-27T17:24:23.747+0100: 566.008: Total time for which application threads were stopped: 0.0002398 seconds, Stopping threads took: 0.0001679 seconds
2020-06-27T17:24:23.751+0100: 566.012: Total time for which application threads were stopped: 0.0001919 seconds, Stopping threads took: 0.0000969 seconds
2020-06-27T17:24:23.753+0100: 566.014: Total time for which application threads were stopped: 0.0002052 seconds, Stopping threads took: 0.0001213 seconds
{Heap before GC invocations=77 (full 5):
 par new generation   total 109248K, used 109248K [0x00000000e0000000, 0x00000000e8000000, 0x00000000e8000000)
  eden space 87424K, 100% used [0x00000000e0000000, 0x00000000e5560000, 0x00000000e5560000)
  from space 21824K, 100% used [0x00000000e6ab0000, 0x00000000e8000000, 0x00000000e8000000)
  to   space 21824K,   0% used [0x00000000e5560000, 0x00000000e5560000, 0x00000000e6ab0000)
 concurrent mark-sweep generation total 393216K, used 144807K [0x00000000e8000000, 0x0000000100000000, 0x0000000100000000)
 Metaspace       used 61515K, capacity 63453K, committed 63476K, reserved 1105920K
  class space    used 7310K, capacity 7766K, committed 7776K, reserved 1048576K
2020-06-27T17:24:23.840+0100: 566.101: [GC (Allocation Failure) 2020-06-27T17:24:23.841+0100: 566.101: [ParNew
Desired survivor size 20112992 bytes, new threshold 7 (max 8)
- age   1:    5000096 bytes,    5000096 total
- age   2:    4509792 bytes,    9509888 total
- age   3:    4331016 bytes,   13840904 total
- age   4:    3356768 bytes,   17197672 total
- age   5:    1627024 bytes,   18824696 total
- age   6:     867872 bytes,   19692568 total
- age   7:    2496936 bytes,   22189504 total
: 109248K->21824K(109248K), 0.0190974 secs] 254055K->175065K(502464K), 0.0191979 secs] [Times: user=0.06 sys=0.00, real=0.02 secs] 
Heap after GC invocations=78 (full 5):
 par new generation   total 109248K, used 21824K [0x00000000e0000000, 0x00000000e8000000, 0x00000000e8000000)
  eden space 87424K,   0% used [0x00000000e0000000, 0x00000000e0000000, 0x00000000e5560000)
  from space 21824K, 100% used [0x00000000e5560000, 0x00000000e6ab0000, 0x00000000e6ab0000)
  to   space 21824K,   0% used [0x00000000e6ab0000, 0x00000000e6ab0000, 0x00000000e8000000)
 concurrent mark-sweep generation total 393216K, used 153241K [0x00000000e8000000, 0x0000000100000000, 0x0000000100000000)
 Metaspace       used 61515K, capacity 63453K, committed 63476K, reserved 1105920K
  class space    used 7310K, capacity 7766K, committed 7776K, reserved 1048576K
}
2020-06-27T17:24:23.860+0100: 566.121: Total time for which application threads were stopped: 0.0195418 seconds, Stopping threads took: 0.0001051 seconds
2020-06-27T17:24:23.860+0100: 566.121: Total time for which application threads were stopped: 0.0002233 seconds, Stopping threads took: 0.0000757 seconds
2020-06-27T17:24:23.916+0100: 566.177: Total time for which application threads were stopped: 0.0001912 seconds, Stopping threads took: 0.0000663 seconds
{Heap before GC invocations=78 (full 5):
 par new generation   total 109248K, used 109248K [0x00000000e0000000, 0x00000000e8000000, 0x00000000e8000000)
  eden space 87424K, 100% used [0x00000000e0000000, 0x00000000e5560000, 0x00000000e5560000)
  from space 21824K, 100% used [0x00000000e5560000, 0x00000000e6ab0000, 0x00000000e6ab0000)
  to   space 21824K,   0% used [0x00000000e6ab0000, 0x00000000e6ab0000, 0x00000000e8000000)
 concurrent mark-sweep generation total 393216K, used 153241K [0x00000000e8000000, 0x0000000100000000, 0x0000000100000000)
 Metaspace       used 61521K, capacity 63453K, committed 63476K, reserved 1105920K
  class space    used 7310K, capacity 7766K, committed 7776K, reserved 1048576K
2020-06-27T17:24:23.999+0100: 566.260: [GC (Allocation Failure) 2020-06-27T17:24:23.999+0100: 566.260: [ParNew
Desired survivor size 20112992 bytes, new threshold 6 (max 8)
- age   1:    3282704 bytes,    3282704 total
- age   2:    4492064 bytes,    7774768 total
- age   3:    4508536 bytes,   12283304 total
- age   4:    4327008 bytes,   16610312 total
- age   5:    3248920 bytes,   19859232 total
- age   6:    1620528 bytes,   21479760 total
- age   7:     867872 bytes,   22347632 total
: 109248K->21824K(109248K), 0.0201004 secs] 262489K->184646K(502464K), 0.0201887 secs] [Times: user=0.06 sys=0.00, real=0.02 secs] 
Heap after GC invocations=79 (full 5):
 par new generation   total 109248K, used 21824K [0x00000000e0000000, 0x00000000e8000000, 0x00000000e8000000)
  eden space 87424K,   0% used [0x00000000e0000000, 0x00000000e0000000, 0x00000000e5560000)
  from space 21824K, 100% used [0x00000000e6ab0000, 0x00000000e8000000, 0x00000000e8000000)
  to   space 21824K,   0% used [0x00000000e5560000, 0x00000000e5560000, 0x00000000e6ab0000)
 concurrent mark-sweep generation total 393216K, used 162822K [0x00000000e8000000, 0x0000000100000000, 0x0000000100000000)
 Metaspace       used 61521K, capacity 63453K, committed 63476K, reserved 1105920K
  class space    used 7310K, capacity 7766K, committed 7776K, reserved 1048576K
}
2020-06-27T17:24:24.019+0100: 566.280: Total time for which application threads were stopped: 0.0205055 seconds, Stopping threads took: 0.0000741 seconds
2020-06-27T17:24:24.019+0100: 566.280: Total time for which application threads were stopped: 0.0002069 seconds, Stopping threads took: 0.0000911 seconds
2020-06-27T17:24:24.020+0100: 566.281: Total time for which application threads were stopped: 0.0001672 seconds, Stopping threads took: 0.0000655 seconds
{Heap before GC invocations=79 (full 5):
 par new generation   total 109248K, used 109248K [0x00000000e0000000, 0x00000000e8000000, 0x00000000e8000000)
  eden space 87424K, 100% used [0x00000000e0000000, 0x00000000e5560000, 0x00000000e5560000)
  from space 21824K, 100% used [0x00000000e6ab0000, 0x00000000e8000000, 0x00000000e8000000)
  to   space 21824K,   0% used [0x00000000e5560000, 0x00000000e5560000, 0x00000000e6ab0000)
 concurrent mark-sweep generation total 393216K, used 162822K [0x00000000e8000000, 0x0000000100000000, 0x0000000100000000)
 Metaspace       used 61545K, capacity 63453K, committed 63476K, reserved 1105920K
  class space    used 7310K, capacity 7766K, committed 7776K, reserved 1048576K
2020-06-27T17:24:24.152+0100: 566.413: [GC (Allocation Failure) 2020-06-27T17:24:24.152+0100: 566.413: [ParNew
Desired survivor size 20112992 bytes, new threshold 6 (max 8)
- age   1:    3063576 bytes,    3063576 total
- age   2:    2419824 bytes,    5483400 total
- age   3:    3604904 bytes,    9088304 total
- age   4:    4201416 bytes,   13289720 total
- age   5:    4327008 bytes,   17616728 total
- age   6:    3248920 bytes,   20865648 total
: 109248K->21824K(109248K), 0.0172065 secs] 272070K->191800K(502464K), 0.0172936 secs] [Times: user=0.06 sys=0.00, real=0.02 secs] 
Heap after GC invocations=80 (full 5):
 par new generation   total 109248K, used 21824K [0x00000000e0000000, 0x00000000e8000000, 0x00000000e8000000)
  eden space 87424K,   0% used [0x00000000e0000000, 0x00000000e0000000, 0x00000000e5560000)
  from space 21824K, 100% used [0x00000000e5560000, 0x00000000e6ab0000, 0x00000000e6ab0000)
  to   space 21824K,   0% used [0x00000000e6ab0000, 0x00000000e6ab0000, 0x00000000e8000000)
 concurrent mark-sweep generation total 393216K, used 169976K [0x00000000e8000000, 0x0000000100000000, 0x0000000100000000)
 Metaspace       used 61545K, capacity 63453K, committed 63476K, reserved 1105920K
  class space    used 7310K, capacity 7766K, committed 7776K, reserved 1048576K
}
2020-06-27T17:24:24.170+0100: 566.431: Total time for which application threads were stopped: 0.0176503 seconds, Stopping threads took: 0.0000899 seconds
2020-06-27T17:24:24.170+0100: 566.431: Total time for which application threads were stopped: 0.0001930 seconds, Stopping threads took: 0.0000836 seconds
2020-06-27T17:24:24.170+0100: 566.431: Total time for which application threads were stopped: 0.0002275 seconds, Stopping threads took: 0.0000914 seconds
2020-06-27T17:24:25.170+0100: 567.431: Total time for which application threads were stopped: 0.0006750 seconds, Stopping threads took: 0.0005929 seconds
2020-06-27T17:24:25.226+0100: 567.487: Total time for which application threads were stopped: 0.0003033 seconds, Stopping threads took: 0.0000512 seconds
2020-06-27T17:24:25.228+0100: 567.489: Total time for which application threads were stopped: 0.0001738 seconds, Stopping threads took: 0.0000603 seconds
2020-06-27T17:24:25.228+0100: 567.489: Total time for which application threads were stopped: 0.0001349 seconds, Stopping threads took: 0.0000625 seconds
2020-06-27T17:24:25.228+0100: 567.489: Total time for which application threads were stopped: 0.0001174 seconds, Stopping threads took: 0.0000507 seconds
2020-06-27T17:24:25.228+0100: 567.489: Total time for which application threads were stopped: 0.0001191 seconds, Stopping threads took: 0.0000523 seconds
2020-06-27T17:24:25.755+0100: 568.016: Total time for which application threads were stopped: 0.0008950 seconds, Stopping threads took: 0.0008205 seconds
2020-06-27T17:24:25.769+0100: 568.029: Total time for which application threads were stopped: 0.0009273 seconds, Stopping threads took: 0.0008423 seconds
2020-06-27T17:24:25.770+0100: 568.031: Total time for which application threads were stopped: 0.0002153 seconds, Stopping threads took: 0.0000948 seconds
2020-06-27T17:24:25.781+0100: 568.042: Total time for which application threads were stopped: 0.0001508 seconds, Stopping threads took: 0.0000658 seconds
2020-06-27T17:24:25.783+0100: 568.044: Total time for which application threads were stopped: 0.0001340 seconds, Stopping threads took: 0.0000610 seconds
{Heap before GC invocations=80 (full 5):
 par new generation   total 109248K, used 109248K [0x00000000e0000000, 0x00000000e8000000, 0x00000000e8000000)
  eden space 87424K, 100% used [0x00000000e0000000, 0x00000000e5560000, 0x00000000e5560000)
  from space 21824K, 100% used [0x00000000e5560000, 0x00000000e6ab0000, 0x00000000e6ab0000)
  to   space 21824K,   0% used [0x00000000e6ab0000, 0x00000000e6ab0000, 0x00000000e8000000)
 concurrent mark-sweep generation total 393216K, used 169976K [0x00000000e8000000, 0x0000000100000000, 0x0000000100000000)
 Metaspace       used 61591K, capacity 63453K, committed 63476K, reserved 1105920K
  class space    used 7310K, capacity 7766K, committed 7776K, reserved 1048576K
2020-06-27T17:24:25.800+0100: 568.061: [GC (Allocation Failure) 2020-06-27T17:24:25.800+0100: 568.061: [ParNew
Desired survivor size 20112992 bytes, new threshold 6 (max 8)
- age   1:    3983704 bytes,    3983704 total
- age   2:    2060096 bytes,    6043800 total
- age   3:    2048144 bytes,    8091944 total
- age   4:    3517128 bytes,   11609072 total
- age   5:    4201416 bytes,   15810488 total
- age   6:    4327008 bytes,   20137496 total
: 109248K->21824K(109248K), 0.0145083 secs] 279224K->195095K(502464K), 0.0146218 secs] [Times: user=0.06 sys=0.00, real=0.02 secs] 
Heap after GC invocations=81 (full 5):
 par new generation   total 109248K, used 21824K [0x00000000e0000000, 0x00000000e8000000, 0x00000000e8000000)
  eden space 87424K,   0% used [0x00000000e0000000, 0x00000000e0000000, 0x00000000e5560000)
  from space 21824K, 100% used [0x00000000e6ab0000, 0x00000000e8000000, 0x00000000e8000000)
  to   space 21824K,   0% used [0x00000000e5560000, 0x00000000e5560000, 0x00000000e6ab0000)
 concurrent mark-sweep generation total 393216K, used 173271K [0x00000000e8000000, 0x0000000100000000, 0x0000000100000000)
 Metaspace       used 61591K, capacity 63453K, committed 63476K, reserved 1105920K
  class space    used 7310K, capacity 7766K, committed 7776K, reserved 1048576K
}
2020-06-27T17:24:25.815+0100: 568.076: Total time for which application threads were stopped: 0.0150087 seconds, Stopping threads took: 0.0000820 seconds
2020-06-27T17:24:25.940+0100: 568.201: Total time for which application threads were stopped: 0.0001719 seconds, Stopping threads took: 0.0000687 seconds
{Heap before GC invocations=81 (full 5):
 par new generation   total 109248K, used 109248K [0x00000000e0000000, 0x00000000e8000000, 0x00000000e8000000)
  eden space 87424K, 100% used [0x00000000e0000000, 0x00000000e5560000, 0x00000000e5560000)
  from space 21824K, 100% used [0x00000000e6ab0000, 0x00000000e8000000, 0x00000000e8000000)
  to   space 21824K,   0% used [0x00000000e5560000, 0x00000000e5560000, 0x00000000e6ab0000)
 concurrent mark-sweep generation total 393216K, used 173271K [0x00000000e8000000, 0x0000000100000000, 0x0000000100000000)
 Metaspace       used 61599K, capacity 63453K, committed 63476K, reserved 1105920K
  class space    used 7310K, capacity 7766K, committed 7776K, reserved 1048576K
2020-06-27T17:24:25.983+0100: 568.244: [GC (Allocation Failure) 2020-06-27T17:24:25.983+0100: 568.244: [ParNew
Desired survivor size 20112992 bytes, new threshold 6 (max 8)
- age   1:    6152232 bytes,    6152232 total
- age   2:    3530952 bytes,    9683184 total
- age   3:    1774776 bytes,   11457960 total
- age   4:    2045824 bytes,   13503784 total
- age   5:    3439544 bytes,   16943328 total
- age   6:    4201416 bytes,   21144744 total
: 109248K->21824K(109248K), 0.0167220 secs] 282519K->202852K(502464K), 0.0168212 secs] [Times: user=0.06 sys=0.00, real=0.02 secs] 
Heap after GC invocations=82 (full 5):
 par new generation   total 109248K, used 21824K [0x00000000e0000000, 0x00000000e8000000, 0x00000000e8000000)
  eden space 87424K,   0% used [0x00000000e0000000, 0x00000000e0000000, 0x00000000e5560000)
  from space 21824K, 100% used [0x00000000e5560000, 0x00000000e6ab0000, 0x00000000e6ab0000)
  to   space 21824K,   0% used [0x00000000e6ab0000, 0x00000000e6ab0000, 0x00000000e8000000)
 concurrent mark-sweep generation total 393216K, used 181028K [0x00000000e8000000, 0x0000000100000000, 0x0000000100000000)
 Metaspace       used 61599K, capacity 63453K, committed 63476K, reserved 1105920K
  class space    used 7310K, capacity 7766K, committed 7776K, reserved 1048576K
}
2020-06-27T17:24:26.000+0100: 568.261: Total time for which application threads were stopped: 0.0171153 seconds, Stopping threads took: 0.0000723 seconds
2020-06-27T17:24:26.001+0100: 568.261: Total time for which application threads were stopped: 0.0002156 seconds, Stopping threads took: 0.0000836 seconds
2020-06-27T17:24:26.001+0100: 568.262: Total time for which application threads were stopped: 0.0001448 seconds, Stopping threads took: 0.0000534 seconds
2020-06-27T17:24:26.003+0100: 568.264: Total time for which application threads were stopped: 0.0002048 seconds, Stopping threads took: 0.0000941 seconds
2020-06-27T17:24:26.003+0100: 568.264: Total time for which application threads were stopped: 0.0001273 seconds, Stopping threads took: 0.0000586 seconds
{Heap before GC invocations=82 (full 5):
 par new generation   total 109248K, used 109248K [0x00000000e0000000, 0x00000000e8000000, 0x00000000e8000000)
  eden space 87424K, 100% used [0x00000000e0000000, 0x00000000e5560000, 0x00000000e5560000)
  from space 21824K, 100% used [0x00000000e5560000, 0x00000000e6ab0000, 0x00000000e6ab0000)
  to   space 21824K,   0% used [0x00000000e6ab0000, 0x00000000e6ab0000, 0x00000000e8000000)
 concurrent mark-sweep generation total 393216K, used 181028K [0x00000000e8000000, 0x0000000100000000, 0x0000000100000000)
 Metaspace       used 61599K, capacity 63453K, committed 63476K, reserved 1105920K
  class space    used 7310K, capacity 7766K, committed 7776K, reserved 1048576K
2020-06-27T17:24:26.363+0100: 568.624: [GC (Allocation Failure) 2020-06-27T17:24:26.363+0100: 568.624: [ParNew
Desired survivor size 20112992 bytes, new threshold 6 (max 8)
- age   1:    6649424 bytes,    6649424 total
- age   2:    3671704 bytes,   10321128 total
- age   3:    3409848 bytes,   13730976 total
- age   4:    1774776 bytes,   15505752 total
- age   5:    2045768 bytes,   17551520 total
- age   6:    3439296 bytes,   20990816 total
: 109248K->21824K(109248K), 0.0168354 secs] 290276K->209686K(502464K), 0.0169369 secs] [Times: user=0.06 sys=0.00, real=0.02 secs] 
Heap after GC invocations=83 (full 5):
 par new generation   total 109248K, used 21824K [0x00000000e0000000, 0x00000000e8000000, 0x00000000e8000000)
  eden space 87424K,   0% used [0x00000000e0000000, 0x00000000e0000000, 0x00000000e5560000)
  from space 21824K, 100% used [0x00000000e6ab0000, 0x00000000e8000000, 0x00000000e8000000)
  to   space 21824K,   0% used [0x00000000e5560000, 0x00000000e5560000, 0x00000000e6ab0000)
 concurrent mark-sweep generation total 393216K, used 187862K [0x00000000e8000000, 0x0000000100000000, 0x0000000100000000)
 Metaspace       used 61599K, capacity 63453K, committed 63476K, reserved 1105920K
  class space    used 7310K, capacity 7766K, committed 7776K, reserved 1048576K
}
2020-06-27T17:24:26.380+0100: 568.641: Total time for which application threads were stopped: 0.0172804 seconds, Stopping threads took: 0.0000850 seconds
2020-06-27T17:24:26.380+0100: 568.641: Total time for which application threads were stopped: 0.0001986 seconds, Stopping threads took: 0.0000702 seconds
2020-06-27T17:24:26.381+0100: 568.642: Total time for which application threads were stopped: 0.0001761 seconds, Stopping threads took: 0.0000622 seconds
{Heap before GC invocations=83 (full 5):
 par new generation   total 109248K, used 108989K [0x00000000e0000000, 0x00000000e8000000, 0x00000000e8000000)
  eden space 87424K,  99% used [0x00000000e0000000, 0x00000000e551f768, 0x00000000e5560000)
  from space 21824K, 100% used [0x00000000e6ab0000, 0x00000000e8000000, 0x00000000e8000000)
  to   space 21824K,   0% used [0x00000000e5560000, 0x00000000e5560000, 0x00000000e6ab0000)
 concurrent mark-sweep generation total 393216K, used 187862K [0x00000000e8000000, 0x0000000100000000, 0x0000000100000000)
 Metaspace       used 61600K, capacity 63517K, committed 63732K, reserved 1105920K
  class space    used 7310K, capacity 7766K, committed 7776K, reserved 1048576K
2020-06-27T17:24:26.575+0100: 568.836: [GC (Allocation Failure) 2020-06-27T17:24:26.575+0100: 568.836: [ParNew
Desired survivor size 20112992 bytes, new threshold 8 (max 8)
- age   1:    4241000 bytes,    4241000 total
- age   2:    4644048 bytes,    8885048 total
- age   3:    3088280 bytes,   11973328 total
- age   4:    3408032 bytes,   15381360 total
- age   5:    1696160 bytes,   17077520 total
- age   6:    2045728 bytes,   19123248 total
: 108989K->21824K(109248K), 0.0283023 secs] 296851K->220357K(502464K), 0.0284070 secs] [Times: user=0.08 sys=0.00, real=0.03 secs] 
Heap after GC invocations=84 (full 5):
 par new generation   total 109248K, used 21824K [0x00000000e0000000, 0x00000000e8000000, 0x00000000e8000000)
  eden space 87424K,   0% used [0x00000000e0000000, 0x00000000e0000000, 0x00000000e5560000)
  from space 21824K, 100% used [0x00000000e5560000, 0x00000000e6ab0000, 0x00000000e6ab0000)
  to   space 21824K,   0% used [0x00000000e6ab0000, 0x00000000e6ab0000, 0x00000000e8000000)
 concurrent mark-sweep generation total 393216K, used 198533K [0x00000000e8000000, 0x0000000100000000, 0x0000000100000000)
 Metaspace       used 61600K, capacity 63517K, committed 63732K, reserved 1105920K
  class space    used 7310K, capacity 7766K, committed 7776K, reserved 1048576K
}
2020-06-27T17:24:26.604+0100: 568.865: Total time for which application threads were stopped: 0.0286889 seconds, Stopping threads took: 0.0000645 seconds
2020-06-27T17:24:26.607+0100: 568.868: [GC (CMS Initial Mark) [1 CMS-initial-mark: 198533K(393216K)] 220637K(502464K), 0.0045941 secs] [Times: user=0.00 sys=0.00, real=0.00 secs] 
2020-06-27T17:24:26.612+0100: 568.873: Total time for which application threads were stopped: 0.0048066 seconds, Stopping threads took: 0.0000714 seconds
2020-06-27T17:24:26.612+0100: 568.873: [CMS-concurrent-mark-start]
2020-06-27T17:24:26.639+0100: 568.900: [CMS-concurrent-mark: 0.028/0.028 secs] [Times: user=0.13 sys=0.00, real=0.03 secs] 
2020-06-27T17:24:26.639+0100: 568.900: [CMS-concurrent-preclean-start]
2020-06-27T17:24:26.641+0100: 568.902: [CMS-concurrent-preclean: 0.002/0.002 secs] [Times: user=0.00 sys=0.00, real=0.00 secs] 
2020-06-27T17:24:26.646+0100: 568.907: Total time for which application threads were stopped: 0.0003041 seconds, Stopping threads took: 0.0001873 seconds
2020-06-27T17:24:26.659+0100: 568.919: [GC (CMS Final Remark) [YG occupancy: 28820 K (109248 K)]{Heap before GC invocations=84 (full 6):
 par new generation   total 109248K, used 28820K [0x00000000e0000000, 0x00000000e8000000, 0x00000000e8000000)
  eden space 87424K,   8% used [0x00000000e0000000, 0x00000000e06d51e0, 0x00000000e5560000)
  from space 21824K, 100% used [0x00000000e5560000, 0x00000000e6ab0000, 0x00000000e6ab0000)
  to   space 21824K,   0% used [0x00000000e6ab0000, 0x00000000e6ab0000, 0x00000000e8000000)
 concurrent mark-sweep generation total 393216K, used 198533K [0x00000000e8000000, 0x0000000100000000, 0x0000000100000000)
 Metaspace       used 61600K, capacity 63517K, committed 63732K, reserved 1105920K
  class space    used 7310K, capacity 7766K, committed 7776K, reserved 1048576K
2020-06-27T17:24:26.659+0100: 568.920: [GC (CMS Final Remark) 2020-06-27T17:24:26.659+0100: 568.920: [ParNew
Desired survivor size 20112992 bytes, new threshold 8 (max 8)
- age   1:     882824 bytes,     882824 total
- age   2:    3248824 bytes,    4131648 total
- age   3:    4606336 bytes,    8737984 total
- age   4:    3088280 bytes,   11826264 total
- age   5:    3367920 bytes,   15194184 total
- age   6:    1696160 bytes,   16890344 total
- age   7:    2024144 bytes,   18914488 total
: 28820K->21824K(109248K), 0.0115154 secs] 227354K->220423K(502464K), 0.0116432 secs] [Times: user=0.06 sys=0.00, real=0.01 secs] 
Heap after GC invocations=85 (full 6):
 par new generation   total 109248K, used 21824K [0x00000000e0000000, 0x00000000e8000000, 0x00000000e8000000)
  eden space 87424K,   0% used [0x00000000e0000000, 0x00000000e0000000, 0x00000000e5560000)
  from space 21824K, 100% used [0x00000000e6ab0000, 0x00000000e8000000, 0x00000000e8000000)
  to   space 21824K,   0% used [0x00000000e5560000, 0x00000000e5560000, 0x00000000e6ab0000)
 concurrent mark-sweep generation total 393216K, used 198599K [0x00000000e8000000, 0x0000000100000000, 0x0000000100000000)
 Metaspace       used 61600K, capacity 63517K, committed 63732K, reserved 1105920K
  class space    used 7310K, capacity 7766K, committed 7776K, reserved 1048576K
}
2020-06-27T17:24:26.670+0100: 568.931: [Rescan (parallel) , 0.0053006 secs]2020-06-27T17:24:26.676+0100: 568.937: [weak refs processing, 0.0084542 secs]2020-06-27T17:24:26.684+0100: 568.945: [class unloading, 0.0208720 secs]2020-06-27T17:24:26.705+0100: 568.966: [scrub symbol table, 0.0186649 secs]2020-06-27T17:24:26.724+0100: 568.985: [scrub string table, 0.0013740 secs][1 CMS-remark: 198599K(393216K)] 220423K(502464K), 0.0669315 secs] [Times: user=0.22 sys=0.00, real=0.07 secs] 
2020-06-27T17:24:26.726+0100: 568.986: Total time for which application threads were stopped: 0.0677976 seconds, Stopping threads took: 0.0007243 seconds
2020-06-27T17:24:26.731+0100: 568.992: [CMS-concurrent-sweep-start]
2020-06-27T17:24:26.773+0100: 569.034: Total time for which application threads were stopped: 0.0017933 seconds, Stopping threads took: 0.0016561 seconds
2020-06-27T17:24:26.773+0100: 569.034: Total time for which application threads were stopped: 0.0001244 seconds, Stopping threads took: 0.0000620 seconds
2020-06-27T17:24:26.786+0100: 569.047: Total time for which application threads were stopped: 0.0001704 seconds, Stopping threads took: 0.0000593 seconds
2020-06-27T17:24:26.786+0100: 569.047: Total time for which application threads were stopped: 0.0001676 seconds, Stopping threads took: 0.0000507 seconds
2020-06-27T17:24:26.822+0100: 569.083: [CMS-concurrent-sweep: 0.089/0.091 secs] [Times: user=0.28 sys=0.05, real=0.09 secs] 
2020-06-27T17:24:26.822+0100: 569.083: [CMS-concurrent-reset-start]
2020-06-27T17:24:26.822+0100: 569.083: [CMS-concurrent-reset: 0.001/0.001 secs] [Times: user=0.00 sys=0.00, real=0.00 secs] 
2020-06-27T17:24:27.787+0100: 570.048: Total time for which application threads were stopped: 0.0004137 seconds, Stopping threads took: 0.0000973 seconds
2020-06-27T17:24:27.913+0100: 570.174: Total time for which application threads were stopped: 0.0014767 seconds, Stopping threads took: 0.0012061 seconds
2020-06-27T17:24:27.923+0100: 570.184: Total time for which application threads were stopped: 0.0001538 seconds, Stopping threads took: 0.0000705 seconds
2020-06-27T17:24:27.923+0100: 570.184: Total time for which application threads were stopped: 0.0001053 seconds, Stopping threads took: 0.0000567 seconds
2020-06-27T17:24:27.923+0100: 570.184: Total time for which application threads were stopped: 0.0001036 seconds, Stopping threads took: 0.0000537 seconds
2020-06-27T17:24:28.923+0100: 571.184: Total time for which application threads were stopped: 0.0001581 seconds, Stopping threads took: 0.0000715 seconds
2020-06-27T17:24:40.784+0100: 583.045: Total time for which application threads were stopped: 0.0001236 seconds, Stopping threads took: 0.0000544 seconds
2020-06-27T17:24:51.283+0100: 593.544: Total time for which application threads were stopped: 0.0002717 seconds, Stopping threads took: 0.0001782 seconds
2020-06-27T17:24:51.298+0100: 593.559: Total time for which application threads were stopped: 0.0001153 seconds, Stopping threads took: 0.0000287 seconds
2020-06-27T17:24:51.300+0100: 593.561: Total time for which application threads were stopped: 0.0001087 seconds, Stopping threads took: 0.0000343 seconds
2020-06-27T17:24:51.494+0100: 593.755: Total time for which application threads were stopped: 0.0002057 seconds, Stopping threads took: 0.0000697 seconds
{Heap before GC invocations=85 (full 6):
 par new generation   total 109248K, used 109248K [0x00000000e0000000, 0x00000000e8000000, 0x00000000e8000000)
  eden space 87424K, 100% used [0x00000000e0000000, 0x00000000e5560000, 0x00000000e5560000)
  from space 21824K, 100% used [0x00000000e6ab0000, 0x00000000e8000000, 0x00000000e8000000)
  to   space 21824K,   0% used [0x00000000e5560000, 0x00000000e5560000, 0x00000000e6ab0000)
 concurrent mark-sweep generation total 393216K, used 93304K [0x00000000e8000000, 0x0000000100000000, 0x0000000100000000)
 Metaspace       used 61599K, capacity 63460K, committed 63732K, reserved 1105920K
  class space    used 7303K, capacity 7753K, committed 7776K, reserved 1048576K
2020-06-27T17:24:51.502+0100: 593.763: [GC (Allocation Failure) 2020-06-27T17:24:51.502+0100: 593.763: [ParNew
Desired survivor size 20112992 bytes, new threshold 8 (max 8)
- age   1:    2429744 bytes,    2429744 total
- age   2:     689552 bytes,    3119296 total
- age   3:    3212712 bytes,    6332008 total
- age   4:    4422440 bytes,   10754448 total
- age   5:    2275704 bytes,   13030152 total
- age   6:    2574624 bytes,   15604776 total
- age   7:    1656224 bytes,   17261000 total
- age   8:    1751432 bytes,   19012432 total
: 109248K->21824K(109248K), 0.0129782 secs] 202552K->117299K(502464K), 0.0130788 secs] [Times: user=0.06 sys=0.00, real=0.01 secs] 
Heap after GC invocations=86 (full 6):
 par new generation   total 109248K, used 21824K [0x00000000e0000000, 0x00000000e8000000, 0x00000000e8000000)
  eden space 87424K,   0% used [0x00000000e0000000, 0x00000000e0000000, 0x00000000e5560000)
  from space 21824K, 100% used [0x00000000e5560000, 0x00000000e6ab0000, 0x00000000e6ab0000)
  to   space 21824K,   0% used [0x00000000e6ab0000, 0x00000000e6ab0000, 0x00000000e8000000)
 concurrent mark-sweep generation total 393216K, used 95475K [0x00000000e8000000, 0x0000000100000000, 0x0000000100000000)
 Metaspace       used 61599K, capacity 63460K, committed 63732K, reserved 1105920K
  class space    used 7303K, capacity 7753K, committed 7776K, reserved 1048576K
}
2020-06-27T17:24:51.515+0100: 593.776: Total time for which application threads were stopped: 0.0134148 seconds, Stopping threads took: 0.0000902 seconds
2020-06-27T17:24:51.515+0100: 593.776: Total time for which application threads were stopped: 0.0001724 seconds, Stopping threads took: 0.0000676 seconds
{Heap before GC invocations=86 (full 6):
 par new generation   total 109248K, used 109248K [0x00000000e0000000, 0x00000000e8000000, 0x00000000e8000000)
  eden space 87424K, 100% used [0x00000000e0000000, 0x00000000e5560000, 0x00000000e5560000)
  from space 21824K, 100% used [0x00000000e5560000, 0x00000000e6ab0000, 0x00000000e6ab0000)
  to   space 21824K,   0% used [0x00000000e6ab0000, 0x00000000e6ab0000, 0x00000000e8000000)
 concurrent mark-sweep generation total 393216K, used 95475K [0x00000000e8000000, 0x0000000100000000, 0x0000000100000000)
 Metaspace       used 61612K, capacity 63460K, committed 63732K, reserved 1105920K
  class space    used 7303K, capacity 7753K, committed 7776K, reserved 1048576K
2020-06-27T17:24:51.660+0100: 593.921: [GC (Allocation Failure) 2020-06-27T17:24:51.660+0100: 593.921: [ParNew
Desired survivor size 20112992 bytes, new threshold 8 (max 8)
- age   1:    4911896 bytes,    4911896 total
- age   2:    1289840 bytes,    6201736 total
- age   3:     688896 bytes,    6890632 total
- age   4:    3212624 bytes,   10103256 total
- age   5:    4421952 bytes,   14525208 total
- age   6:    2243608 bytes,   16768816 total
- age   7:    2546536 bytes,   19315352 total
- age   8:    1656224 bytes,   20971576 total
: 109248K->21824K(109248K), 0.0223964 secs] 204723K->126070K(502464K), 0.0224923 secs] [Times: user=0.06 sys=0.00, real=0.02 secs] 
Heap after GC invocations=87 (full 6):
 par new generation   total 109248K, used 21824K [0x00000000e0000000, 0x00000000e8000000, 0x00000000e8000000)
  eden space 87424K,   0% used [0x00000000e0000000, 0x00000000e0000000, 0x00000000e5560000)
  from space 21824K, 100% used [0x00000000e6ab0000, 0x00000000e8000000, 0x00000000e8000000)
  to   space 21824K,   0% used [0x00000000e5560000, 0x00000000e5560000, 0x00000000e6ab0000)
 concurrent mark-sweep generation total 393216K, used 104246K [0x00000000e8000000, 0x0000000100000000, 0x0000000100000000)
 Metaspace       used 61612K, capacity 63460K, committed 63732K, reserved 1105920K
  class space    used 7303K, capacity 7753K, committed 7776K, reserved 1048576K
}
2020-06-27T17:24:51.683+0100: 593.944: Total time for which application threads were stopped: 0.0228698 seconds, Stopping threads took: 0.0000642 seconds
2020-06-27T17:24:51.683+0100: 593.944: Total time for which application threads were stopped: 0.0001989 seconds, Stopping threads took: 0.0000782 seconds
2020-06-27T17:24:51.683+0100: 593.944: Total time for which application threads were stopped: 0.0001597 seconds, Stopping threads took: 0.0000729 seconds
2020-06-27T17:24:51.683+0100: 593.944: Total time for which application threads were stopped: 0.0001351 seconds, Stopping threads took: 0.0000751 seconds
2020-06-27T17:24:51.683+0100: 593.944: Total time for which application threads were stopped: 0.0001300 seconds, Stopping threads took: 0.0000767 seconds
{Heap before GC invocations=87 (full 6):
 par new generation   total 109248K, used 109248K [0x00000000e0000000, 0x00000000e8000000, 0x00000000e8000000)
  eden space 87424K, 100% used [0x00000000e0000000, 0x00000000e5560000, 0x00000000e5560000)
  from space 21824K, 100% used [0x00000000e6ab0000, 0x00000000e8000000, 0x00000000e8000000)
  to   space 21824K,   0% used [0x00000000e5560000, 0x00000000e5560000, 0x00000000e6ab0000)
 concurrent mark-sweep generation total 393216K, used 104246K [0x00000000e8000000, 0x0000000100000000, 0x0000000100000000)
 Metaspace       used 61613K, capacity 63460K, committed 63732K, reserved 1105920K
  class space    used 7303K, capacity 7753K, committed 7776K, reserved 1048576K
2020-06-27T17:24:51.908+0100: 594.169: [GC (Allocation Failure) 2020-06-27T17:24:51.908+0100: 594.169: [ParNew
Desired survivor size 20112992 bytes, new threshold 8 (max 8)
- age   1:    4267616 bytes,    4267616 total
- age   2:    3614080 bytes,    7881696 total
- age   3:    1271152 bytes,    9152848 total
- age   4:     688896 bytes,    9841744 total
- age   5:    3212624 bytes,   13054368 total
- age   6:    4421952 bytes,   17476320 total
- age   7:    2243464 bytes,   19719784 total
- age   8:    2546536 bytes,   22266320 total
: 109248K->21824K(109248K), 0.0238874 secs] 213494K->134798K(502464K), 0.0240027 secs] [Times: user=0.02 sys=0.00, real=0.02 secs] 
Heap after GC invocations=88 (full 6):
 par new generation   total 109248K, used 21824K [0x00000000e0000000, 0x00000000e8000000, 0x00000000e8000000)
  eden space 87424K,   0% used [0x00000000e0000000, 0x00000000e0000000, 0x00000000e5560000)
  from space 21824K, 100% used [0x00000000e5560000, 0x00000000e6ab0000, 0x00000000e6ab0000)
  to   space 21824K,   0% used [0x00000000e6ab0000, 0x00000000e6ab0000, 0x00000000e8000000)
 concurrent mark-sweep generation total 393216K, used 112974K [0x00000000e8000000, 0x0000000100000000, 0x0000000100000000)
 Metaspace       used 61613K, capacity 63460K, committed 63732K, reserved 1105920K
  class space    used 7303K, capacity 7753K, committed 7776K, reserved 1048576K
}
2020-06-27T17:24:51.932+0100: 594.193: Total time for which application threads were stopped: 0.0243628 seconds, Stopping threads took: 0.0000993 seconds
2020-06-27T17:24:51.933+0100: 594.194: Total time for which application threads were stopped: 0.0003678 seconds, Stopping threads took: 0.0000603 seconds
2020-06-27T17:24:51.939+0100: 594.199: Total time for which application threads were stopped: 0.0001824 seconds, Stopping threads took: 0.0000731 seconds
2020-06-27T17:24:52.815+0100: 595.075: Total time for which application threads were stopped: 0.0001849 seconds, Stopping threads took: 0.0000732 seconds
2020-06-27T17:24:52.818+0100: 595.079: Total time for which application threads were stopped: 0.0001361 seconds, Stopping threads took: 0.0000618 seconds
2020-06-27T17:24:52.818+0100: 595.079: Total time for which application threads were stopped: 0.0001162 seconds, Stopping threads took: 0.0000538 seconds
2020-06-27T17:24:52.819+0100: 595.079: Total time for which application threads were stopped: 0.0001065 seconds, Stopping threads took: 0.0000502 seconds
2020-06-27T17:24:52.819+0100: 595.080: Total time for which application threads were stopped: 0.0002738 seconds, Stopping threads took: 0.0000367 seconds
2020-06-27T17:24:53.820+0100: 596.081: Total time for which application threads were stopped: 0.0001438 seconds, Stopping threads took: 0.0000838 seconds
2020-06-27T17:24:57.585+0100: 599.846: Total time for which application threads were stopped: 0.0002481 seconds, Stopping threads took: 0.0001652 seconds
2020-06-27T17:24:57.590+0100: 599.851: Total time for which application threads were stopped: 0.0002591 seconds, Stopping threads took: 0.0000768 seconds
2020-06-27T17:24:57.591+0100: 599.852: Total time for which application threads were stopped: 0.0002072 seconds, Stopping threads took: 0.0000935 seconds
2020-06-27T17:24:57.603+0100: 599.864: Total time for which application threads were stopped: 0.0002072 seconds, Stopping threads took: 0.0001143 seconds
{Heap before GC invocations=88 (full 6):
 par new generation   total 109248K, used 109248K [0x00000000e0000000, 0x00000000e8000000, 0x00000000e8000000)
  eden space 87424K, 100% used [0x00000000e0000000, 0x00000000e5560000, 0x00000000e5560000)
  from space 21824K, 100% used [0x00000000e5560000, 0x00000000e6ab0000, 0x00000000e6ab0000)
  to   space 21824K,   0% used [0x00000000e6ab0000, 0x00000000e6ab0000, 0x00000000e8000000)
 concurrent mark-sweep generation total 393216K, used 112974K [0x00000000e8000000, 0x0000000100000000, 0x0000000100000000)
 Metaspace       used 61660K, capacity 63524K, committed 63732K, reserved 1105920K
  class space    used 7303K, capacity 7753K, committed 7776K, reserved 1048576K
2020-06-27T17:24:57.700+0100: 599.960: [GC (Allocation Failure) 2020-06-27T17:24:57.700+0100: 599.961: [ParNew
Desired survivor size 20112992 bytes, new threshold 8 (max 8)
- age   1:    5875824 bytes,    5875824 total
- age   2:    1632424 bytes,    7508248 total
- age   3:    3576912 bytes,   11085160 total
- age   4:     689032 bytes,   11774192 total
- age   5:     688896 bytes,   12463088 total
- age   6:    3212624 bytes,   15675712 total
- age   7:    4421576 bytes,   20097288 total
- age   8:    2241552 bytes,   22338840 total
: 109248K->21824K(109248K), 0.0182014 secs] 222222K->141424K(502464K), 0.0183067 secs] [Times: user=0.06 sys=0.00, real=0.02 secs] 
Heap after GC invocations=89 (full 6):
 par new generation   total 109248K, used 21824K [0x00000000e0000000, 0x00000000e8000000, 0x00000000e8000000)
  eden space 87424K,   0% used [0x00000000e0000000, 0x00000000e0000000, 0x00000000e5560000)
  from space 21824K, 100% used [0x00000000e6ab0000, 0x00000000e8000000, 0x00000000e8000000)
  to   space 21824K,   0% used [0x00000000e5560000, 0x00000000e5560000, 0x00000000e6ab0000)
 concurrent mark-sweep generation total 393216K, used 119600K [0x00000000e8000000, 0x0000000100000000, 0x0000000100000000)
 Metaspace       used 61660K, capacity 63524K, committed 63732K, reserved 1105920K
  class space    used 7303K, capacity 7753K, committed 7776K, reserved 1048576K
}
2020-06-27T17:24:57.718+0100: 599.979: Total time for which application threads were stopped: 0.0186899 seconds, Stopping threads took: 0.0000932 seconds
2020-06-27T17:24:57.718+0100: 599.979: Total time for which application threads were stopped: 0.0002270 seconds, Stopping threads took: 0.0001041 seconds
2020-06-27T17:24:57.747+0100: 600.008: Total time for which application threads were stopped: 0.0003766 seconds, Stopping threads took: 0.0000652 seconds
{Heap before GC invocations=89 (full 6):
 par new generation   total 109248K, used 109248K [0x00000000e0000000, 0x00000000e8000000, 0x00000000e8000000)
  eden space 87424K, 100% used [0x00000000e0000000, 0x00000000e5560000, 0x00000000e5560000)
  from space 21824K, 100% used [0x00000000e6ab0000, 0x00000000e8000000, 0x00000000e8000000)
  to   space 21824K,   0% used [0x00000000e5560000, 0x00000000e5560000, 0x00000000e6ab0000)
 concurrent mark-sweep generation total 393216K, used 119600K [0x00000000e8000000, 0x0000000100000000, 0x0000000100000000)
 Metaspace       used 61663K, capacity 63524K, committed 63732K, reserved 1105920K
  class space    used 7303K, capacity 7753K, committed 7776K, reserved 1048576K
2020-06-27T17:24:57.851+0100: 600.112: [GC (Allocation Failure) 2020-06-27T17:24:57.851+0100: 600.112: [ParNew
Desired survivor size 20112992 bytes, new threshold 8 (max 8)
- age   1:    3049888 bytes,    3049888 total
- age   2:    4939344 bytes,    7989232 total
- age   3:    1632152 bytes,    9621384 total
- age   4:    3576056 bytes,   13197440 total
- age   5:     674920 bytes,   13872360 total
- age   6:     688896 bytes,   14561256 total
- age   7:    3124064 bytes,   17685320 total
- age   8:    4415120 bytes,   22100440 total
: 109248K->21824K(109248K), 0.0180647 secs] 228848K->152483K(502464K), 0.0181514 secs] [Times: user=0.06 sys=0.00, real=0.02 secs] 
Heap after GC invocations=90 (full 6):
 par new generation   total 109248K, used 21824K [0x00000000e0000000, 0x00000000e8000000, 0x00000000e8000000)
  eden space 87424K,   0% used [0x00000000e0000000, 0x00000000e0000000, 0x00000000e5560000)
  from space 21824K, 100% used [0x00000000e5560000, 0x00000000e6ab0000, 0x00000000e6ab0000)
  to   space 21824K,   0% used [0x00000000e6ab0000, 0x00000000e6ab0000, 0x00000000e8000000)
 concurrent mark-sweep generation total 393216K, used 130659K [0x00000000e8000000, 0x0000000100000000, 0x0000000100000000)
 Metaspace       used 61663K, capacity 63524K, committed 63732K, reserved 1105920K
  class space    used 7303K, capacity 7753K, committed 7776K, reserved 1048576K
}
2020-06-27T17:24:57.870+0100: 600.130: Total time for which application threads were stopped: 0.0184841 seconds, Stopping threads took: 0.0000726 seconds
2020-06-27T17:24:57.870+0100: 600.131: Total time for which application threads were stopped: 0.0001816 seconds, Stopping threads took: 0.0000842 seconds
2020-06-27T17:24:57.870+0100: 600.131: Total time for which application threads were stopped: 0.0001420 seconds, Stopping threads took: 0.0000607 seconds
{Heap before GC invocations=90 (full 6):
 par new generation   total 109248K, used 109248K [0x00000000e0000000, 0x00000000e8000000, 0x00000000e8000000)
  eden space 87424K, 100% used [0x00000000e0000000, 0x00000000e5560000, 0x00000000e5560000)
  from space 21824K, 100% used [0x00000000e5560000, 0x00000000e6ab0000, 0x00000000e6ab0000)
  to   space 21824K,   0% used [0x00000000e6ab0000, 0x00000000e6ab0000, 0x00000000e8000000)
 concurrent mark-sweep generation total 393216K, used 130659K [0x00000000e8000000, 0x0000000100000000, 0x0000000100000000)
 Metaspace       used 61668K, capacity 63524K, committed 63732K, reserved 1105920K
  class space    used 7303K, capacity 7753K, committed 7776K, reserved 1048576K
2020-06-27T17:24:57.993+0100: 600.254: [GC (Allocation Failure) 2020-06-27T17:24:57.993+0100: 600.254: [ParNew
Desired survivor size 20112992 bytes, new threshold 8 (max 8)
- age   1:    5046912 bytes,    5046912 total
- age   2:    2611304 bytes,    7658216 total
- age   3:    4939344 bytes,   12597560 total
- age   4:    1632152 bytes,   14229712 total
- age   5:    3576056 bytes,   17805768 total
- age   6:     674920 bytes,   18480688 total
- age   7:     688896 bytes,   19169584 total
- age   8:    3124064 bytes,   22293648 total
: 109248K->21824K(109248K), 0.0184758 secs] 239907K->161045K(502464K), 0.0185511 secs] [Times: user=0.06 sys=0.00, real=0.02 secs] 
Heap after GC invocations=91 (full 6):
 par new generation   total 109248K, used 21824K [0x00000000e0000000, 0x00000000e8000000, 0x00000000e8000000)
  eden space 87424K,   0% used [0x00000000e0000000, 0x00000000e0000000, 0x00000000e5560000)
  from space 21824K, 100% used [0x00000000e6ab0000, 0x00000000e8000000, 0x00000000e8000000)
  to   space 21824K,   0% used [0x00000000e5560000, 0x00000000e5560000, 0x00000000e6ab0000)
 concurrent mark-sweep generation total 393216K, used 139221K [0x00000000e8000000, 0x0000000100000000, 0x0000000100000000)
 Metaspace       used 61668K, capacity 63524K, committed 63732K, reserved 1105920K
  class space    used 7303K, capacity 7753K, committed 7776K, reserved 1048576K
}
2020-06-27T17:24:58.012+0100: 600.272: Total time for which application threads were stopped: 0.0188215 seconds, Stopping threads took: 0.0000896 seconds
2020-06-27T17:24:58.012+0100: 600.273: Total time for which application threads were stopped: 0.0001624 seconds, Stopping threads took: 0.0000716 seconds
2020-06-27T17:24:58.012+0100: 600.273: Total time for which application threads were stopped: 0.0001591 seconds, Stopping threads took: 0.0000606 seconds
2020-06-27T17:24:59.013+0100: 601.274: Total time for which application threads were stopped: 0.0001667 seconds, Stopping threads took: 0.0000705 seconds
2020-06-27T17:24:59.246+0100: 601.507: Total time for which application threads were stopped: 0.0001777 seconds, Stopping threads took: 0.0000904 seconds
2020-06-27T17:24:59.249+0100: 601.510: Total time for which application threads were stopped: 0.0001422 seconds, Stopping threads took: 0.0000622 seconds
2020-06-27T17:24:59.249+0100: 601.510: Total time for which application threads were stopped: 0.0001437 seconds, Stopping threads took: 0.0000569 seconds
2020-06-27T17:25:00.250+0100: 602.511: Total time for which application threads were stopped: 0.0001410 seconds, Stopping threads took: 0.0000711 seconds
2020-06-27T17:25:00.983+0100: 603.244: Total time for which application threads were stopped: 0.0002894 seconds, Stopping threads took: 0.0002250 seconds
2020-06-27T17:25:00.987+0100: 603.248: Total time for which application threads were stopped: 0.0001646 seconds, Stopping threads took: 0.0000720 seconds
2020-06-27T17:25:00.988+0100: 603.249: Total time for which application threads were stopped: 0.0001484 seconds, Stopping threads took: 0.0000728 seconds
2020-06-27T17:25:00.995+0100: 603.256: Total time for which application threads were stopped: 0.0001463 seconds, Stopping threads took: 0.0000806 seconds
2020-06-27T17:25:00.997+0100: 603.258: Total time for which application threads were stopped: 0.0001336 seconds, Stopping threads took: 0.0000731 seconds
{Heap before GC invocations=91 (full 6):
 par new generation   total 109248K, used 109248K [0x00000000e0000000, 0x00000000e8000000, 0x00000000e8000000)
  eden space 87424K, 100% used [0x00000000e0000000, 0x00000000e5560000, 0x00000000e5560000)
  from space 21824K, 100% used [0x00000000e6ab0000, 0x00000000e8000000, 0x00000000e8000000)
  to   space 21824K,   0% used [0x00000000e5560000, 0x00000000e5560000, 0x00000000e6ab0000)
 concurrent mark-sweep generation total 393216K, used 139221K [0x00000000e8000000, 0x0000000100000000, 0x0000000100000000)
 Metaspace       used 61704K, capacity 63524K, committed 63732K, reserved 1105920K
  class space    used 7303K, capacity 7753K, committed 7776K, reserved 1048576K
2020-06-27T17:25:01.062+0100: 603.323: [GC (Allocation Failure) 2020-06-27T17:25:01.062+0100: 603.323: [ParNew
Desired survivor size 20112992 bytes, new threshold 7 (max 8)
- age   1:    3547040 bytes,    3547040 total
- age   2:    3920816 bytes,    7467856 total
- age   3:    2610640 bytes,   10078496 total
- age   4:    4812568 bytes,   14891064 total
- age   5:    1632152 bytes,   16523216 total
- age   6:    3576056 bytes,   20099272 total
- age   7:     674856 bytes,   20774128 total
- age   8:     688896 bytes,   21463024 total
: 109248K->21824K(109248K), 0.0187498 secs] 248469K->169518K(502464K), 0.0188550 secs] [Times: user=0.06 sys=0.00, real=0.02 secs] 
Heap after GC invocations=92 (full 6):
 par new generation   total 109248K, used 21824K [0x00000000e0000000, 0x00000000e8000000, 0x00000000e8000000)
  eden space 87424K,   0% used [0x00000000e0000000, 0x00000000e0000000, 0x00000000e5560000)
  from space 21824K, 100% used [0x00000000e5560000, 0x00000000e6ab0000, 0x00000000e6ab0000)
  to   space 21824K,   0% used [0x00000000e6ab0000, 0x00000000e6ab0000, 0x00000000e8000000)
 concurrent mark-sweep generation total 393216K, used 147694K [0x00000000e8000000, 0x0000000100000000, 0x0000000100000000)
 Metaspace       used 61704K, capacity 63524K, committed 63732K, reserved 1105920K
  class space    used 7303K, capacity 7753K, committed 7776K, reserved 1048576K
}
2020-06-27T17:25:01.081+0100: 603.342: Total time for which application threads were stopped: 0.0192181 seconds, Stopping threads took: 0.0000833 seconds
2020-06-27T17:25:01.081+0100: 603.342: Total time for which application threads were stopped: 0.0002061 seconds, Stopping threads took: 0.0000831 seconds
2020-06-27T17:25:01.139+0100: 603.400: Total time for which application threads were stopped: 0.0001631 seconds, Stopping threads took: 0.0000660 seconds
{Heap before GC invocations=92 (full 6):
 par new generation   total 109248K, used 109248K [0x00000000e0000000, 0x00000000e8000000, 0x00000000e8000000)
  eden space 87424K, 100% used [0x00000000e0000000, 0x00000000e5560000, 0x00000000e5560000)
  from space 21824K, 100% used [0x00000000e5560000, 0x00000000e6ab0000, 0x00000000e6ab0000)
  to   space 21824K,   0% used [0x00000000e6ab0000, 0x00000000e6ab0000, 0x00000000e8000000)
 concurrent mark-sweep generation total 393216K, used 147694K [0x00000000e8000000, 0x0000000100000000, 0x0000000100000000)
 Metaspace       used 61709K, capacity 63588K, committed 63732K, reserved 1105920K
  class space    used 7303K, capacity 7753K, committed 7776K, reserved 1048576K
2020-06-27T17:25:01.205+0100: 603.466: [GC (Allocation Failure) 2020-06-27T17:25:01.205+0100: 603.466: [ParNew
Desired survivor size 20112992 bytes, new threshold 7 (max 8)
- age   1:    3756384 bytes,    3756384 total
- age   2:    2865704 bytes,    6622088 total
- age   3:    3812152 bytes,   10434240 total
- age   4:    2386384 bytes,   12820624 total
- age   5:    4380488 bytes,   17201112 total
- age   6:    1564352 bytes,   18765464 total
- age   7:    3576056 bytes,   22341520 total
: 109248K->21824K(109248K), 0.0166879 secs] 256942K->175787K(502464K), 0.0167720 secs] [Times: user=0.02 sys=0.01, real=0.02 secs] 
Heap after GC invocations=93 (full 6):
 par new generation   total 109248K, used 21824K [0x00000000e0000000, 0x00000000e8000000, 0x00000000e8000000)
  eden space 87424K,   0% used [0x00000000e0000000, 0x00000000e0000000, 0x00000000e5560000)
  from space 21824K, 100% used [0x00000000e6ab0000, 0x00000000e8000000, 0x00000000e8000000)
  to   space 21824K,   0% used [0x00000000e5560000, 0x00000000e5560000, 0x00000000e6ab0000)
 concurrent mark-sweep generation total 393216K, used 153963K [0x00000000e8000000, 0x0000000100000000, 0x0000000100000000)
 Metaspace       used 61709K, capacity 63588K, committed 63732K, reserved 1105920K
  class space    used 7303K, capacity 7753K, committed 7776K, reserved 1048576K
}
2020-06-27T17:25:01.222+0100: 603.482: Total time for which application threads were stopped: 0.0170787 seconds, Stopping threads took: 0.0000835 seconds
2020-06-27T17:25:01.222+0100: 603.483: Total time for which application threads were stopped: 0.0001793 seconds, Stopping threads took: 0.0000732 seconds
2020-06-27T17:25:01.222+0100: 603.483: Total time for which application threads were stopped: 0.0001558 seconds, Stopping threads took: 0.0000681 seconds
{Heap before GC invocations=93 (full 6):
 par new generation   total 109248K, used 108924K [0x00000000e0000000, 0x00000000e8000000, 0x00000000e8000000)
  eden space 87424K,  99% used [0x00000000e0000000, 0x00000000e550f0d0, 0x00000000e5560000)
  from space 21824K, 100% used [0x00000000e6ab0000, 0x00000000e8000000, 0x00000000e8000000)
  to   space 21824K,   0% used [0x00000000e5560000, 0x00000000e5560000, 0x00000000e6ab0000)
 concurrent mark-sweep generation total 393216K, used 153963K [0x00000000e8000000, 0x0000000100000000, 0x0000000100000000)
 Metaspace       used 61709K, capacity 63588K, committed 63732K, reserved 1105920K
  class space    used 7303K, capacity 7753K, committed 7776K, reserved 1048576K
2020-06-27T17:25:01.352+0100: 603.613: [GC (Allocation Failure) 2020-06-27T17:25:01.352+0100: 603.613: [ParNew
Desired survivor size 20112992 bytes, new threshold 7 (max 8)
- age   1:    3497040 bytes,    3497040 total
- age   2:    3084176 bytes,    6581216 total
- age   3:    2805784 bytes,    9387000 total
- age   4:    3721704 bytes,   13108704 total
- age   5:    2386384 bytes,   15495088 total
- age   6:    4380368 bytes,   19875456 total
- age   7:    1564352 bytes,   21439808 total
: 108924K->21824K(109248K), 0.0155159 secs] 262887K->180654K(502464K), 0.0156084 secs] [Times: user=0.06 sys=0.00, real=0.02 secs] 
Heap after GC invocations=94 (full 6):
 par new generation   total 109248K, used 21824K [0x00000000e0000000, 0x00000000e8000000, 0x00000000e8000000)
  eden space 87424K,   0% used [0x00000000e0000000, 0x00000000e0000000, 0x00000000e5560000)
  from space 21824K, 100% used [0x00000000e5560000, 0x00000000e6ab0000, 0x00000000e6ab0000)
  to   space 21824K,   0% used [0x00000000e6ab0000, 0x00000000e6ab0000, 0x00000000e8000000)
 concurrent mark-sweep generation total 393216K, used 158830K [0x00000000e8000000, 0x0000000100000000, 0x0000000100000000)
 Metaspace       used 61709K, capacity 63588K, committed 63732K, reserved 1105920K
  class space    used 7303K, capacity 7753K, committed 7776K, reserved 1048576K
}
2020-06-27T17:25:01.368+0100: 603.629: Total time for which application threads were stopped: 0.0159362 seconds, Stopping threads took: 0.0000780 seconds
2020-06-27T17:25:01.368+0100: 603.629: Total time for which application threads were stopped: 0.0001964 seconds, Stopping threads took: 0.0000830 seconds
{Heap before GC invocations=94 (full 6):
 par new generation   total 109248K, used 109248K [0x00000000e0000000, 0x00000000e8000000, 0x00000000e8000000)
  eden space 87424K, 100% used [0x00000000e0000000, 0x00000000e5560000, 0x00000000e5560000)
  from space 21824K, 100% used [0x00000000e5560000, 0x00000000e6ab0000, 0x00000000e6ab0000)
  to   space 21824K,   0% used [0x00000000e6ab0000, 0x00000000e6ab0000, 0x00000000e8000000)
 concurrent mark-sweep generation total 393216K, used 158830K [0x00000000e8000000, 0x0000000100000000, 0x0000000100000000)
 Metaspace       used 61719K, capacity 63588K, committed 63732K, reserved 1105920K
  class space    used 7303K, capacity 7753K, committed 7776K, reserved 1048576K
2020-06-27T17:25:01.720+0100: 603.981: [GC (Allocation Failure) 2020-06-27T17:25:01.720+0100: 603.981: [ParNew
Desired survivor size 20112992 bytes, new threshold 7 (max 8)
- age   1:    3352064 bytes,    3352064 total
- age   2:    2879840 bytes,    6231904 total
- age   3:    3075136 bytes,    9307040 total
- age   4:    2395120 bytes,   11702160 total
- age   5:    3520488 bytes,   15222648 total
- age   6:    2386384 bytes,   17609032 total
- age   7:    3951656 bytes,   21560688 total
: 109248K->21824K(109248K), 0.0180267 secs] 268078K->185460K(502464K), 0.0181205 secs] [Times: user=0.06 sys=0.00, real=0.02 secs] 
Heap after GC invocations=95 (full 6):
 par new generation   total 109248K, used 21824K [0x00000000e0000000, 0x00000000e8000000, 0x00000000e8000000)
  eden space 87424K,   0% used [0x00000000e0000000, 0x00000000e0000000, 0x00000000e5560000)
  from space 21824K, 100% used [0x00000000e6ab0000, 0x00000000e8000000, 0x00000000e8000000)
  to   space 21824K,   0% used [0x00000000e5560000, 0x00000000e5560000, 0x00000000e6ab0000)
 concurrent mark-sweep generation total 393216K, used 163636K [0x00000000e8000000, 0x0000000100000000, 0x0000000100000000)
 Metaspace       used 61719K, capacity 63588K, committed 63732K, reserved 1105920K
  class space    used 7303K, capacity 7753K, committed 7776K, reserved 1048576K
}
2020-06-27T17:25:01.738+0100: 603.999: Total time for which application threads were stopped: 0.0184458 seconds, Stopping threads took: 0.0000758 seconds
2020-06-27T17:25:01.739+0100: 604.000: Total time for which application threads were stopped: 0.0001737 seconds, Stopping threads took: 0.0000760 seconds
2020-06-27T17:25:02.934+0100: 605.195: Total time for which application threads were stopped: 0.0002706 seconds, Stopping threads took: 0.0000966 seconds
2020-06-27T17:25:03.232+0100: 605.493: Total time for which application threads were stopped: 0.0001488 seconds, Stopping threads took: 0.0000629 seconds
2020-06-27T17:25:03.235+0100: 605.496: Total time for which application threads were stopped: 0.0001795 seconds, Stopping threads took: 0.0001021 seconds
2020-06-27T17:25:03.235+0100: 605.496: Total time for which application threads were stopped: 0.0001080 seconds, Stopping threads took: 0.0000569 seconds
2020-06-27T17:25:03.235+0100: 605.496: Total time for which application threads were stopped: 0.0001202 seconds, Stopping threads took: 0.0000718 seconds
2020-06-27T17:25:03.235+0100: 605.496: Total time for which application threads were stopped: 0.0001040 seconds, Stopping threads took: 0.0000611 seconds
2020-06-27T17:25:27.249+0100: 629.510: Total time for which application threads were stopped: 0.0001006 seconds, Stopping threads took: 0.0000308 seconds
2020-06-27T17:25:34.808+0100: 637.068: Total time for which application threads were stopped: 0.0001800 seconds, Stopping threads took: 0.0000674 seconds
{Heap before GC invocations=95 (full 6):
 par new generation   total 109248K, used 109248K [0x00000000e0000000, 0x00000000e8000000, 0x00000000e8000000)
  eden space 87424K, 100% used [0x00000000e0000000, 0x00000000e5560000, 0x00000000e5560000)
  from space 21824K, 100% used [0x00000000e6ab0000, 0x00000000e8000000, 0x00000000e8000000)
  to   space 21824K,   0% used [0x00000000e5560000, 0x00000000e5560000, 0x00000000e6ab0000)
 concurrent mark-sweep generation total 393216K, used 163636K [0x00000000e8000000, 0x0000000100000000, 0x0000000100000000)
 Metaspace       used 61777K, capacity 63592K, committed 63732K, reserved 1105920K
  class space    used 7303K, capacity 7753K, committed 7776K, reserved 1048576K
2020-06-27T17:25:34.843+0100: 637.104: [GC (Allocation Failure) 2020-06-27T17:25:34.843+0100: 637.104: [ParNew
Desired survivor size 20112992 bytes, new threshold 7 (max 8)
- age   1:    4066704 bytes,    4066704 total
- age   2:    3106408 bytes,    7173112 total
- age   3:    2792408 bytes,    9965520 total
- age   4:    3074856 bytes,   13040376 total
- age   5:    2262024 bytes,   15302400 total
- age   6:    3520488 bytes,   18822888 total
- age   7:    2386384 bytes,   21209272 total
: 109248K->21824K(109248K), 0.0178191 secs] 272884K->193301K(502464K), 0.0179875 secs] [Times: user=0.05 sys=0.00, real=0.02 secs] 
Heap after GC invocations=96 (full 6):
 par new generation   total 109248K, used 21824K [0x00000000e0000000, 0x00000000e8000000, 0x00000000e8000000)
  eden space 87424K,   0% used [0x00000000e0000000, 0x00000000e0000000, 0x00000000e5560000)
  from space 21824K, 100% used [0x00000000e5560000, 0x00000000e6ab0000, 0x00000000e6ab0000)
  to   space 21824K,   0% used [0x00000000e6ab0000, 0x00000000e6ab0000, 0x00000000e8000000)
 concurrent mark-sweep generation total 393216K, used 171477K [0x00000000e8000000, 0x0000000100000000, 0x0000000100000000)
 Metaspace       used 61777K, capacity 63592K, committed 63732K, reserved 1105920K
  class space    used 7303K, capacity 7753K, committed 7776K, reserved 1048576K
}
2020-06-27T17:25:34.861+0100: 637.122: Total time for which application threads were stopped: 0.0183142 seconds, Stopping threads took: 0.0000741 seconds
2020-06-27T17:25:34.862+0100: 637.122: Total time for which application threads were stopped: 0.0001873 seconds, Stopping threads took: 0.0000641 seconds
2020-06-27T17:25:34.862+0100: 637.122: Total time for which application threads were stopped: 0.0001813 seconds, Stopping threads took: 0.0000482 seconds
{Heap before GC invocations=96 (full 6):
 par new generation   total 109248K, used 109248K [0x00000000e0000000, 0x00000000e8000000, 0x00000000e8000000)
  eden space 87424K, 100% used [0x00000000e0000000, 0x00000000e5560000, 0x00000000e5560000)
  from space 21824K, 100% used [0x00000000e5560000, 0x00000000e6ab0000, 0x00000000e6ab0000)
  to   space 21824K,   0% used [0x00000000e6ab0000, 0x00000000e6ab0000, 0x00000000e8000000)
 concurrent mark-sweep generation total 393216K, used 171477K [0x00000000e8000000, 0x0000000100000000, 0x0000000100000000)
 Metaspace       used 61789K, capacity 63592K, committed 63732K, reserved 1105920K
  class space    used 7303K, capacity 7753K, committed 7776K, reserved 1048576K
2020-06-27T17:25:35.009+0100: 637.269: [GC (Allocation Failure) 2020-06-27T17:25:35.009+0100: 637.269: [ParNew
Desired survivor size 20112992 bytes, new threshold 7 (max 8)
- age   1:    4903880 bytes,    4903880 total
- age   2:    2665912 bytes,    7569792 total
- age   3:    3106408 bytes,   10676200 total
- age   4:    2792336 bytes,   13468536 total
- age   5:    3074792 bytes,   16543328 total
- age   6:    2261528 bytes,   18804856 total
- age   7:    3520488 bytes,   22325344 total
: 109248K->21824K(109248K), 0.0185015 secs] 280725K->199744K(502464K), 0.0185876 secs] [Times: user=0.06 sys=0.00, real=0.02 secs] 
Heap after GC invocations=97 (full 6):
 par new generation   total 109248K, used 21824K [0x00000000e0000000, 0x00000000e8000000, 0x00000000e8000000)
  eden space 87424K,   0% used [0x00000000e0000000, 0x00000000e0000000, 0x00000000e5560000)
  from space 21824K, 100% used [0x00000000e6ab0000, 0x00000000e8000000, 0x00000000e8000000)
  to   space 21824K,   0% used [0x00000000e5560000, 0x00000000e5560000, 0x00000000e6ab0000)
 concurrent mark-sweep generation total 393216K, used 177920K [0x00000000e8000000, 0x0000000100000000, 0x0000000100000000)
 Metaspace       used 61789K, capacity 63592K, committed 63732K, reserved 1105920K
  class space    used 7303K, capacity 7753K, committed 7776K, reserved 1048576K
}
2020-06-27T17:25:35.027+0100: 637.288: Total time for which application threads were stopped: 0.0189283 seconds, Stopping threads took: 0.0000900 seconds
2020-06-27T17:25:35.028+0100: 637.288: Total time for which application threads were stopped: 0.0001987 seconds, Stopping threads took: 0.0000772 seconds
2020-06-27T17:25:35.028+0100: 637.288: Total time for which application threads were stopped: 0.0001681 seconds, Stopping threads took: 0.0000579 seconds
{Heap before GC invocations=97 (full 6):
 par new generation   total 109248K, used 109248K [0x00000000e0000000, 0x00000000e8000000, 0x00000000e8000000)
  eden space 87424K, 100% used [0x00000000e0000000, 0x00000000e5560000, 0x00000000e5560000)
  from space 21824K, 100% used [0x00000000e6ab0000, 0x00000000e8000000, 0x00000000e8000000)
  to   space 21824K,   0% used [0x00000000e5560000, 0x00000000e5560000, 0x00000000e6ab0000)
 concurrent mark-sweep generation total 393216K, used 177920K [0x00000000e8000000, 0x0000000100000000, 0x0000000100000000)
 Metaspace       used 61789K, capacity 63592K, committed 63732K, reserved 1105920K
  class space    used 7303K, capacity 7753K, committed 7776K, reserved 1048576K
2020-06-27T17:25:35.214+0100: 637.474: [GC (Allocation Failure) 2020-06-27T17:25:35.214+0100: 637.474: [ParNew
Desired survivor size 20112992 bytes, new threshold 7 (max 8)
- age   1:    5532056 bytes,    5532056 total
- age   2:    2729272 bytes,    8261328 total
- age   3:    2655896 bytes,   10917224 total
- age   4:    3101872 bytes,   14019096 total
- age   5:    2792144 bytes,   16811240 total
- age   6:    3074504 bytes,   19885744 total
- age   7:    1978216 bytes,   21863960 total
: 109248K->21824K(109248K), 0.0249086 secs] 287168K->209596K(502464K), 0.0250702 secs] [Times: user=0.06 sys=0.00, real=0.03 secs] 
Heap after GC invocations=98 (full 6):
 par new generation   total 109248K, used 21824K [0x00000000e0000000, 0x00000000e8000000, 0x00000000e8000000)
  eden space 87424K,   0% used [0x00000000e0000000, 0x00000000e0000000, 0x00000000e5560000)
  from space 21824K, 100% used [0x00000000e5560000, 0x00000000e6ab0000, 0x00000000e6ab0000)
  to   space 21824K,   0% used [0x00000000e6ab0000, 0x00000000e6ab0000, 0x00000000e8000000)
 concurrent mark-sweep generation total 393216K, used 187772K [0x00000000e8000000, 0x0000000100000000, 0x0000000100000000)
 Metaspace       used 61789K, capacity 63592K, committed 63732K, reserved 1105920K
  class space    used 7303K, capacity 7753K, committed 7776K, reserved 1048576K
}
2020-06-27T17:25:35.239+0100: 637.499: Total time for which application threads were stopped: 0.0253961 seconds, Stopping threads took: 0.0000696 seconds
2020-06-27T17:25:35.240+0100: 637.500: Total time for which application threads were stopped: 0.0002357 seconds, Stopping threads took: 0.0001081 seconds
2020-06-27T17:25:36.192+0100: 638.453: Total time for which application threads were stopped: 0.0002003 seconds, Stopping threads took: 0.0000743 seconds
2020-06-27T17:25:36.193+0100: 638.453: Total time for which application threads were stopped: 0.0001500 seconds, Stopping threads took: 0.0000542 seconds
2020-06-27T17:25:36.193+0100: 638.453: Total time for which application threads were stopped: 0.0001258 seconds, Stopping threads took: 0.0000537 seconds
2020-06-27T17:25:36.193+0100: 638.453: Total time for which application threads were stopped: 0.0001514 seconds, Stopping threads took: 0.0000609 seconds
2020-06-27T17:25:36.193+0100: 638.454: Total time for which application threads were stopped: 0.0001326 seconds, Stopping threads took: 0.0000595 seconds
2020-06-27T17:25:41.178+0100: 643.438: Total time for which application threads were stopped: 0.0002590 seconds, Stopping threads took: 0.0001859 seconds
2020-06-27T17:25:41.183+0100: 643.443: Total time for which application threads were stopped: 0.0001941 seconds, Stopping threads took: 0.0000882 seconds
2020-06-27T17:25:41.184+0100: 643.444: Total time for which application threads were stopped: 0.0001571 seconds, Stopping threads took: 0.0000573 seconds
2020-06-27T17:25:41.194+0100: 643.455: Total time for which application threads were stopped: 0.0001393 seconds, Stopping threads took: 0.0000647 seconds
2020-06-27T17:25:41.196+0100: 643.456: Total time for which application threads were stopped: 0.0001350 seconds, Stopping threads took: 0.0000634 seconds
{Heap before GC invocations=98 (full 6):
 par new generation   total 109248K, used 109248K [0x00000000e0000000, 0x00000000e8000000, 0x00000000e8000000)
  eden space 87424K, 100% used [0x00000000e0000000, 0x00000000e5560000, 0x00000000e5560000)
  from space 21824K, 100% used [0x00000000e5560000, 0x00000000e6ab0000, 0x00000000e6ab0000)
  to   space 21824K,   0% used [0x00000000e6ab0000, 0x00000000e6ab0000, 0x00000000e8000000)
 concurrent mark-sweep generation total 393216K, used 187772K [0x00000000e8000000, 0x0000000100000000, 0x0000000100000000)
 Metaspace       used 61840K, capacity 63656K, committed 63732K, reserved 1105920K
  class space    used 7303K, capacity 7753K, committed 7776K, reserved 1048576K
2020-06-27T17:25:41.296+0100: 643.556: [GC (Allocation Failure) 2020-06-27T17:25:41.296+0100: 643.556: [ParNew
Desired survivor size 20112992 bytes, new threshold 7 (max 8)
- age   1:    5598504 bytes,    5598504 total
- age   2:    2248040 bytes,    7846544 total
- age   3:    2633544 bytes,   10480088 total
- age   4:    2203376 bytes,   12683464 total
- age   5:    3100920 bytes,   15784384 total
- age   6:    2792144 bytes,   18576528 total
- age   7:    3074392 bytes,   21650920 total
: 109248K->21824K(109248K), 0.0175028 secs] 297020K->216232K(502464K), 0.0176522 secs] [Times: user=0.06 sys=0.00, real=0.02 secs] 
Heap after GC invocations=99 (full 6):
 par new generation   total 109248K, used 21824K [0x00000000e0000000, 0x00000000e8000000, 0x00000000e8000000)
  eden space 87424K,   0% used [0x00000000e0000000, 0x00000000e0000000, 0x00000000e5560000)
  from space 21824K, 100% used [0x00000000e6ab0000, 0x00000000e8000000, 0x00000000e8000000)
  to   space 21824K,   0% used [0x00000000e5560000, 0x00000000e5560000, 0x00000000e6ab0000)
 concurrent mark-sweep generation total 393216K, used 194408K [0x00000000e8000000, 0x0000000100000000, 0x0000000100000000)
 Metaspace       used 61840K, capacity 63656K, committed 63732K, reserved 1105920K
  class space    used 7303K, capacity 7753K, committed 7776K, reserved 1048576K
}
2020-06-27T17:25:41.313+0100: 643.574: Total time for which application threads were stopped: 0.0179713 seconds, Stopping threads took: 0.0000860 seconds
2020-06-27T17:25:41.314+0100: 643.574: Total time for which application threads were stopped: 0.0001946 seconds, Stopping threads took: 0.0000828 seconds
2020-06-27T17:25:41.329+0100: 643.590: Total time for which application threads were stopped: 0.0001634 seconds, Stopping threads took: 0.0000659 seconds
{Heap before GC invocations=99 (full 6):
 par new generation   total 109248K, used 109248K [0x00000000e0000000, 0x00000000e8000000, 0x00000000e8000000)
  eden space 87424K, 100% used [0x00000000e0000000, 0x00000000e5560000, 0x00000000e5560000)
  from space 21824K, 100% used [0x00000000e6ab0000, 0x00000000e8000000, 0x00000000e8000000)
  to   space 21824K,   0% used [0x00000000e5560000, 0x00000000e5560000, 0x00000000e6ab0000)
 concurrent mark-sweep generation total 393216K, used 194408K [0x00000000e8000000, 0x0000000100000000, 0x0000000100000000)
 Metaspace       used 61857K, capacity 63656K, committed 63732K, reserved 1105920K
  class space    used 7303K, capacity 7753K, committed 7776K, reserved 1048576K
2020-06-27T17:25:41.444+0100: 643.704: [GC (Allocation Failure) 2020-06-27T17:25:41.444+0100: 643.704: [ParNew
Desired survivor size 20112992 bytes, new threshold 7 (max 8)
- age   1:    5518952 bytes,    5518952 total
- age   2:    3241056 bytes,    8760008 total
- age   3:    2237848 bytes,   10997856 total
- age   4:    2131792 bytes,   13129648 total
- age   5:    2096648 bytes,   15226296 total
- age   6:    3100920 bytes,   18327216 total
- age   7:    2792144 bytes,   21119360 total
: 109248K->21824K(109248K), 0.0183615 secs] 303656K->227147K(502464K), 0.0184405 secs] [Times: user=0.06 sys=0.00, real=0.02 secs] 
Heap after GC invocations=100 (full 6):
 par new generation   total 109248K, used 21824K [0x00000000e0000000, 0x00000000e8000000, 0x00000000e8000000)
  eden space 87424K,   0% used [0x00000000e0000000, 0x00000000e0000000, 0x00000000e5560000)
  from space 21824K, 100% used [0x00000000e5560000, 0x00000000e6ab0000, 0x00000000e6ab0000)
  to   space 21824K,   0% used [0x00000000e6ab0000, 0x00000000e6ab0000, 0x00000000e8000000)
 concurrent mark-sweep generation total 393216K, used 205323K [0x00000000e8000000, 0x0000000100000000, 0x0000000100000000)
 Metaspace       used 61857K, capacity 63656K, committed 63732K, reserved 1105920K
  class space    used 7303K, capacity 7753K, committed 7776K, reserved 1048576K
}
2020-06-27T17:25:41.462+0100: 643.722: Total time for which application threads were stopped: 0.0187648 seconds, Stopping threads took: 0.0000958 seconds
2020-06-27T17:25:41.462+0100: 643.723: [GC (CMS Initial Mark) [1 CMS-initial-mark: 205323K(393216K)] 227147K(502464K), 0.0068195 secs] [Times: user=0.00 sys=0.00, real=0.01 secs] 
2020-06-27T17:25:41.469+0100: 643.729: Total time for which application threads were stopped: 0.0070377 seconds, Stopping threads took: 0.0000836 seconds
2020-06-27T17:25:41.469+0100: 643.729: [CMS-concurrent-mark-start]
2020-06-27T17:25:41.504+0100: 643.764: [CMS-concurrent-mark: 0.035/0.035 secs] [Times: user=0.13 sys=0.00, real=0.03 secs] 
2020-06-27T17:25:41.504+0100: 643.764: [CMS-concurrent-preclean-start]
2020-06-27T17:25:41.504+0100: 643.764: Total time for which application threads were stopped: 0.0002151 seconds, Stopping threads took: 0.0000702 seconds
2020-06-27T17:25:41.504+0100: 643.765: Total time for which application threads were stopped: 0.0002270 seconds, Stopping threads took: 0.0001171 seconds
2020-06-27T17:25:41.505+0100: 643.765: Total time for which application threads were stopped: 0.0001329 seconds, Stopping threads took: 0.0000743 seconds
2020-06-27T17:25:41.506+0100: 643.766: Total time for which application threads were stopped: 0.0001718 seconds, Stopping threads took: 0.0000989 seconds
2020-06-27T17:25:41.506+0100: 643.766: [CMS-concurrent-preclean: 0.002/0.002 secs] [Times: user=0.00 sys=0.00, real=0.00 secs] 
2020-06-27T17:25:41.507+0100: 643.767: [GC (CMS Final Remark) [YG occupancy: 22932 K (109248 K)]2020-06-27T17:25:41.507+0100: 643.767: [Rescan (parallel) , 0.0051656 secs]2020-06-27T17:25:41.512+0100: 643.772: [weak refs processing, 0.0047627 secs]2020-06-27T17:25:41.517+0100: 643.777: [class unloading, 0.0169940 secs]2020-06-27T17:25:41.534+0100: 643.794: [scrub symbol table, 0.0160943 secs]2020-06-27T17:25:41.550+0100: 643.810: [scrub string table, 0.0011896 secs][1 CMS-remark: 205323K(393216K)] 228255K(502464K), 0.0446630 secs] [Times: user=0.03 sys=0.02, real=0.04 secs] 
2020-06-27T17:25:41.551+0100: 643.811: Total time for which application threads were stopped: 0.0448785 seconds, Stopping threads took: 0.0000589 seconds
2020-06-27T17:25:41.551+0100: 643.812: [CMS-concurrent-sweep-start]
2020-06-27T17:25:41.552+0100: 643.813: Total time for which application threads were stopped: 0.0001605 seconds, Stopping threads took: 0.0000799 seconds
2020-06-27T17:25:41.553+0100: 643.813: Total time for which application threads were stopped: 0.0001299 seconds, Stopping threads took: 0.0000584 seconds
{Heap before GC invocations=100 (full 7):
 par new generation   total 109248K, used 22941K [0x00000000e0000000, 0x00000000e8000000, 0x00000000e8000000)
  eden space 87424K,   1% used [0x00000000e0000000, 0x00000000e0117530, 0x00000000e5560000)
  from space 21824K, 100% used [0x00000000e5560000, 0x00000000e6ab0000, 0x00000000e6ab0000)
  to   space 21824K,   0% used [0x00000000e6ab0000, 0x00000000e6ab0000, 0x00000000e8000000)
 concurrent mark-sweep generation total 393216K, used 205160K [0x00000000e8000000, 0x0000000100000000, 0x0000000100000000)
 Metaspace       used 61857K, capacity 63656K, committed 63732K, reserved 1105920K
  class space    used 7303K, capacity 7753K, committed 7776K, reserved 1048576K
2020-06-27T17:25:41.553+0100: 643.813: [GC (GCLocker Initiated GC) 2020-06-27T17:25:41.553+0100: 643.813: [ParNew
Desired survivor size 20112992 bytes, new threshold 8 (max 8)
- age   1:      90560 bytes,      90560 total
- age   2:    5429368 bytes,    5519928 total
- age   3:    2386096 bytes,    7906024 total
- age   4:    1545392 bytes,    9451416 total
- age   5:    2129584 bytes,   11581000 total
- age   6:    2095728 bytes,   13676728 total
- age   7:    2936488 bytes,   16613216 total
: 22941K->21824K(109248K), 0.0141656 secs] 228102K->229707K(502464K), 0.0142412 secs] [Times: user=0.06 sys=0.00, real=0.01 secs] 
Heap after GC invocations=101 (full 7):
 par new generation   total 109248K, used 21824K [0x00000000e0000000, 0x00000000e8000000, 0x00000000e8000000)
  eden space 87424K,   0% used [0x00000000e0000000, 0x00000000e0000000, 0x00000000e5560000)
  from space 21824K, 100% used [0x00000000e6ab0000, 0x00000000e8000000, 0x00000000e8000000)
  to   space 21824K,   0% used [0x00000000e5560000, 0x00000000e5560000, 0x00000000e6ab0000)
 concurrent mark-sweep generation total 393216K, used 207883K [0x00000000e8000000, 0x0000000100000000, 0x0000000100000000)
 Metaspace       used 61857K, capacity 63656K, committed 63732K, reserved 1105920K
  class space    used 7303K, capacity 7753K, committed 7776K, reserved 1048576K
}
2020-06-27T17:25:41.567+0100: 643.827: Total time for which application threads were stopped: 0.0144667 seconds, Stopping threads took: 0.0000510 seconds
2020-06-27T17:25:41.570+0100: 643.831: Total time for which application threads were stopped: 0.0001803 seconds, Stopping threads took: 0.0000781 seconds
2020-06-27T17:25:41.599+0100: 643.859: Total time for which application threads were stopped: 0.0002992 seconds, Stopping threads took: 0.0002166 seconds
2020-06-27T17:25:41.600+0100: 643.860: Total time for which application threads were stopped: 0.0001193 seconds, Stopping threads took: 0.0000523 seconds
2020-06-27T17:25:41.600+0100: 643.860: Total time for which application threads were stopped: 0.0001216 seconds, Stopping threads took: 0.0000514 seconds
2020-06-27T17:25:41.601+0100: 643.862: Total time for which application threads were stopped: 0.0001266 seconds, Stopping threads took: 0.0000635 seconds
2020-06-27T17:25:41.601+0100: 643.862: Total time for which application threads were stopped: 0.0000984 seconds, Stopping threads took: 0.0000506 seconds
2020-06-27T17:25:41.602+0100: 643.862: Total time for which application threads were stopped: 0.0000816 seconds, Stopping threads took: 0.0000380 seconds
2020-06-27T17:25:41.602+0100: 643.862: Total time for which application threads were stopped: 0.0000679 seconds, Stopping threads took: 0.0000335 seconds
2020-06-27T17:25:41.607+0100: 643.867: Total time for which application threads were stopped: 0.0002163 seconds, Stopping threads took: 0.0000790 seconds
2020-06-27T17:25:41.607+0100: 643.867: Total time for which application threads were stopped: 0.0001523 seconds, Stopping threads took: 0.0000621 seconds
2020-06-27T17:25:41.608+0100: 643.869: Total time for which application threads were stopped: 0.0001375 seconds, Stopping threads took: 0.0000692 seconds
2020-06-27T17:25:41.609+0100: 643.869: Total time for which application threads were stopped: 0.0001016 seconds, Stopping threads took: 0.0000482 seconds
2020-06-27T17:25:41.618+0100: 643.878: Total time for which application threads were stopped: 0.0001955 seconds, Stopping threads took: 0.0000810 seconds
2020-06-27T17:25:41.618+0100: 643.878: Total time for which application threads were stopped: 0.0001023 seconds, Stopping threads took: 0.0000550 seconds
2020-06-27T17:25:41.618+0100: 643.878: Total time for which application threads were stopped: 0.0001198 seconds, Stopping threads took: 0.0000582 seconds
2020-06-27T17:25:41.618+0100: 643.878: Total time for which application threads were stopped: 0.0001144 seconds, Stopping threads took: 0.0000524 seconds
2020-06-27T17:25:41.619+0100: 643.879: Total time for which application threads were stopped: 0.0000942 seconds, Stopping threads took: 0.0000475 seconds
2020-06-27T17:25:41.619+0100: 643.879: Total time for which application threads were stopped: 0.0000980 seconds, Stopping threads took: 0.0000561 seconds
2020-06-27T17:25:41.619+0100: 643.879: Total time for which application threads were stopped: 0.0001512 seconds, Stopping threads took: 0.0000483 seconds
2020-06-27T17:25:41.619+0100: 643.880: Total time for which application threads were stopped: 0.0001274 seconds, Stopping threads took: 0.0000532 seconds
2020-06-27T17:25:41.668+0100: 643.928: [CMS-concurrent-sweep: 0.098/0.116 secs] [Times: user=0.47 sys=0.00, real=0.12 secs] 
2020-06-27T17:25:41.668+0100: 643.928: [CMS-concurrent-reset-start]
2020-06-27T17:25:41.669+0100: 643.929: [CMS-concurrent-reset: 0.001/0.001 secs] [Times: user=0.00 sys=0.00, real=0.00 secs] 
{Heap before GC invocations=101 (full 7):
 par new generation   total 109248K, used 109248K [0x00000000e0000000, 0x00000000e8000000, 0x00000000e8000000)
  eden space 87424K, 100% used [0x00000000e0000000, 0x00000000e5560000, 0x00000000e5560000)
  from space 21824K, 100% used [0x00000000e6ab0000, 0x00000000e8000000, 0x00000000e8000000)
  to   space 21824K,   0% used [0x00000000e5560000, 0x00000000e5560000, 0x00000000e6ab0000)
 concurrent mark-sweep generation total 393216K, used 88158K [0x00000000e8000000, 0x0000000100000000, 0x0000000100000000)
 Metaspace       used 61864K, capacity 63656K, committed 63732K, reserved 1105920K
  class space    used 7303K, capacity 7753K, committed 7776K, reserved 1048576K
2020-06-27T17:25:41.717+0100: 643.977: [GC (Allocation Failure) 2020-06-27T17:25:41.717+0100: 643.977: [ParNew
Desired survivor size 20112992 bytes, new threshold 8 (max 8)
- age   1:    6968504 bytes,    6968504 total
- age   2:       6216 bytes,    6974720 total
- age   3:    4273336 bytes,   11248056 total
- age   4:    2385752 bytes,   13633808 total
- age   5:    1545352 bytes,   15179160 total
- age   6:    2129584 bytes,   17308744 total
- age   7:    2095728 bytes,   19404472 total
- age   8:    2936488 bytes,   22340960 total
: 109248K->21824K(109248K), 0.0165441 secs] 197406K->114158K(502464K), 0.0166151 secs] [Times: user=0.06 sys=0.00, real=0.02 secs] 
Heap after GC invocations=102 (full 7):
 par new generation   total 109248K, used 21824K [0x00000000e0000000, 0x00000000e8000000, 0x00000000e8000000)
  eden space 87424K,   0% used [0x00000000e0000000, 0x00000000e0000000, 0x00000000e5560000)
  from space 21824K, 100% used [0x00000000e5560000, 0x00000000e6ab0000, 0x00000000e6ab0000)
  to   space 21824K,   0% used [0x00000000e6ab0000, 0x00000000e6ab0000, 0x00000000e8000000)
 concurrent mark-sweep generation total 393216K, used 92334K [0x00000000e8000000, 0x0000000100000000, 0x0000000100000000)
 Metaspace       used 61864K, capacity 63656K, committed 63732K, reserved 1105920K
  class space    used 7303K, capacity 7753K, committed 7776K, reserved 1048576K
}
2020-06-27T17:25:41.733+0100: 643.994: Total time for which application threads were stopped: 0.0169134 seconds, Stopping threads took: 0.0000735 seconds
2020-06-27T17:25:41.734+0100: 643.994: Total time for which application threads were stopped: 0.0001876 seconds, Stopping threads took: 0.0000717 seconds
2020-06-27T17:25:41.734+0100: 643.994: Total time for which application threads were stopped: 0.0001686 seconds, Stopping threads took: 0.0000644 seconds
2020-06-27T17:25:42.735+0100: 644.995: Total time for which application threads were stopped: 0.0001828 seconds, Stopping threads took: 0.0000757 seconds
2020-06-27T17:25:42.878+0100: 645.138: Total time for which application threads were stopped: 0.0006208 seconds, Stopping threads took: 0.0005392 seconds
2020-06-27T17:25:42.878+0100: 645.138: Total time for which application threads were stopped: 0.0001146 seconds, Stopping threads took: 0.0000505 seconds
2020-06-27T17:25:42.887+0100: 645.147: Total time for which application threads were stopped: 0.0001716 seconds, Stopping threads took: 0.0000919 seconds
2020-06-27T17:25:42.888+0100: 645.148: Total time for which application threads were stopped: 0.0001482 seconds, Stopping threads took: 0.0000629 seconds
2020-06-27T17:25:42.888+0100: 645.148: Total time for which application threads were stopped: 0.0001143 seconds, Stopping threads took: 0.0000497 seconds
2020-06-27T17:25:42.888+0100: 645.148: Total time for which application threads were stopped: 0.0001087 seconds, Stopping threads took: 0.0000467 seconds
2020-06-27T17:25:56.197+0100: 658.457: Total time for which application threads were stopped: 0.0000693 seconds, Stopping threads took: 0.0000248 seconds
2020-06-27T17:25:59.998+0100: 662.258: Total time for which application threads were stopped: 0.0002237 seconds, Stopping threads took: 0.0001732 seconds
2020-06-27T17:26:00.012+0100: 662.272: Total time for which application threads were stopped: 0.0002861 seconds, Stopping threads took: 0.0001947 seconds
2020-06-27T17:26:00.014+0100: 662.275: Total time for which application threads were stopped: 0.0001105 seconds, Stopping threads took: 0.0000295 seconds
{Heap before GC invocations=102 (full 7):
 par new generation   total 109248K, used 109248K [0x00000000e0000000, 0x00000000e8000000, 0x00000000e8000000)
  eden space 87424K, 100% used [0x00000000e0000000, 0x00000000e5560000, 0x00000000e5560000)
  from space 21824K, 100% used [0x00000000e5560000, 0x00000000e6ab0000, 0x00000000e6ab0000)
  to   space 21824K,   0% used [0x00000000e6ab0000, 0x00000000e6ab0000, 0x00000000e8000000)
 concurrent mark-sweep generation total 393216K, used 92334K [0x00000000e8000000, 0x0000000100000000, 0x0000000100000000)
 Metaspace       used 61886K, capacity 63660K, committed 63732K, reserved 1105920K
  class space    used 7303K, capacity 7753K, committed 7776K, reserved 1048576K
2020-06-27T17:26:00.139+0100: 662.399: [GC (Allocation Failure) 2020-06-27T17:26:00.139+0100: 662.400: [ParNew
Desired survivor size 20112992 bytes, new threshold 7 (max 8)
- age   1:    7349024 bytes,    7349024 total
- age   2:    3218480 bytes,   10567504 total
- age   3:       6096 bytes,   10573600 total
- age   4:    3901080 bytes,   14474680 total
- age   5:    2016728 bytes,   16491408 total
- age   6:    1545352 bytes,   18036760 total
- age   7:    2129584 bytes,   20166344 total
- age   8:    2094280 bytes,   22260624 total
: 109248K->21824K(109248K), 0.0173881 secs] 201582K->118249K(502464K), 0.0174959 secs] [Times: user=0.06 sys=0.00, real=0.02 secs] 
Heap after GC invocations=103 (full 7):
 par new generation   total 109248K, used 21824K [0x00000000e0000000, 0x00000000e8000000, 0x00000000e8000000)
  eden space 87424K,   0% used [0x00000000e0000000, 0x00000000e0000000, 0x00000000e5560000)
  from space 21824K, 100% used [0x00000000e6ab0000, 0x00000000e8000000, 0x00000000e8000000)
  to   space 21824K,   0% used [0x00000000e5560000, 0x00000000e5560000, 0x00000000e6ab0000)
 concurrent mark-sweep generation total 393216K, used 96425K [0x00000000e8000000, 0x0000000100000000, 0x0000000100000000)
 Metaspace       used 61886K, capacity 63660K, committed 63732K, reserved 1105920K
  class space    used 7303K, capacity 7753K, committed 7776K, reserved 1048576K
}
2020-06-27T17:26:00.157+0100: 662.417: Total time for which application threads were stopped: 0.0178348 seconds, Stopping threads took: 0.0000918 seconds
2020-06-27T17:26:00.157+0100: 662.417: Total time for which application threads were stopped: 0.0002285 seconds, Stopping threads took: 0.0000860 seconds
2020-06-27T17:26:00.208+0100: 662.468: Total time for which application threads were stopped: 0.0001820 seconds, Stopping threads took: 0.0000946 seconds
{Heap before GC invocations=103 (full 7):
 par new generation   total 109248K, used 109248K [0x00000000e0000000, 0x00000000e8000000, 0x00000000e8000000)
  eden space 87424K, 100% used [0x00000000e0000000, 0x00000000e5560000, 0x00000000e5560000)
  from space 21824K, 100% used [0x00000000e6ab0000, 0x00000000e8000000, 0x00000000e8000000)
  to   space 21824K,   0% used [0x00000000e5560000, 0x00000000e5560000, 0x00000000e6ab0000)
 concurrent mark-sweep generation total 393216K, used 96425K [0x00000000e8000000, 0x0000000100000000, 0x0000000100000000)
 Metaspace       used 61888K, capacity 63660K, committed 63732K, reserved 1105920K
  class space    used 7303K, capacity 7753K, committed 7776K, reserved 1048576K
2020-06-27T17:26:00.303+0100: 662.563: [GC (Allocation Failure) 2020-06-27T17:26:00.303+0100: 662.563: [ParNew
Desired survivor size 20112992 bytes, new threshold 6 (max 8)
- age   1:    6764080 bytes,    6764080 total
- age   2:    5241272 bytes,   12005352 total
- age   3:    3213560 bytes,   15218912 total
- age   4:       6096 bytes,   15225008 total
- age   5:    3893096 bytes,   19118104 total
- age   6:    1667912 bytes,   20786016 total
- age   7:    1545352 bytes,   22331368 total
: 109248K->21824K(109248K), 0.0206449 secs] 205673K->125687K(502464K), 0.0207367 secs] [Times: user=0.09 sys=0.02, real=0.02 secs] 
Heap after GC invocations=104 (full 7):
 par new generation   total 109248K, used 21824K [0x00000000e0000000, 0x00000000e8000000, 0x00000000e8000000)
  eden space 87424K,   0% used [0x00000000e0000000, 0x00000000e0000000, 0x00000000e5560000)
  from space 21824K, 100% used [0x00000000e5560000, 0x00000000e6ab0000, 0x00000000e6ab0000)
  to   space 21824K,   0% used [0x00000000e6ab0000, 0x00000000e6ab0000, 0x00000000e8000000)
 concurrent mark-sweep generation total 393216K, used 103863K [0x00000000e8000000, 0x0000000100000000, 0x0000000100000000)
 Metaspace       used 61888K, capacity 63660K, committed 63732K, reserved 1105920K
  class space    used 7303K, capacity 7753K, committed 7776K, reserved 1048576K
}
2020-06-27T17:26:00.324+0100: 662.584: Total time for which application threads were stopped: 0.0210527 seconds, Stopping threads took: 0.0000666 seconds
2020-06-27T17:26:00.324+0100: 662.585: Total time for which application threads were stopped: 0.0002171 seconds, Stopping threads took: 0.0000829 seconds
2020-06-27T17:26:00.325+0100: 662.585: Total time for which application threads were stopped: 0.0001995 seconds, Stopping threads took: 0.0001117 seconds
2020-06-27T17:26:00.325+0100: 662.585: Total time for which application threads were stopped: 0.0001422 seconds, Stopping threads took: 0.0000805 seconds
2020-06-27T17:26:00.325+0100: 662.585: Total time for which application threads were stopped: 0.0001145 seconds, Stopping threads took: 0.0000677 seconds
2020-06-27T17:26:00.326+0100: 662.586: Total time for which application threads were stopped: 0.0001608 seconds, Stopping threads took: 0.0000703 seconds
2020-06-27T17:26:00.326+0100: 662.586: Total time for which application threads were stopped: 0.0001151 seconds, Stopping threads took: 0.0000575 seconds
{Heap before GC invocations=104 (full 7):
 par new generation   total 109248K, used 109248K [0x00000000e0000000, 0x00000000e8000000, 0x00000000e8000000)
  eden space 87424K, 100% used [0x00000000e0000000, 0x00000000e5560000, 0x00000000e5560000)
  from space 21824K, 100% used [0x00000000e5560000, 0x00000000e6ab0000, 0x00000000e6ab0000)
  to   space 21824K,   0% used [0x00000000e6ab0000, 0x00000000e6ab0000, 0x00000000e8000000)
 concurrent mark-sweep generation total 393216K, used 103863K [0x00000000e8000000, 0x0000000100000000, 0x0000000100000000)
 Metaspace       used 61889K, capacity 63660K, committed 63732K, reserved 1105920K
  class space    used 7303K, capacity 7753K, committed 7776K, reserved 1048576K
2020-06-27T17:26:00.476+0100: 662.736: [GC (Allocation Failure) 2020-06-27T17:26:00.476+0100: 662.736: [ParNew
Desired survivor size 20112992 bytes, new threshold 8 (max 8)
- age   1:    3188272 bytes,    3188272 total
- age   2:    4242056 bytes,    7430328 total
- age   3:    5211552 bytes,   12641880 total
- age   4:    3210688 bytes,   15852568 total
- age   5:       6096 bytes,   15858664 total
- age   6:    3893032 bytes,   19751696 total
: 109248K->21824K(109248K), 0.0199037 secs] 213111K->133178K(502464K), 0.0199984 secs] [Times: user=0.06 sys=0.00, real=0.02 secs] 
Heap after GC invocations=105 (full 7):
 par new generation   total 109248K, used 21824K [0x00000000e0000000, 0x00000000e8000000, 0x00000000e8000000)
  eden space 87424K,   0% used [0x00000000e0000000, 0x00000000e0000000, 0x00000000e5560000)
  from space 21824K, 100% used [0x00000000e6ab0000, 0x00000000e8000000, 0x00000000e8000000)
  to   space 21824K,   0% used [0x00000000e5560000, 0x00000000e5560000, 0x00000000e6ab0000)
 concurrent mark-sweep generation total 393216K, used 111354K [0x00000000e8000000, 0x0000000100000000, 0x0000000100000000)
 Metaspace       used 61889K, capacity 63660K, committed 63732K, reserved 1105920K
  class space    used 7303K, capacity 7753K, committed 7776K, reserved 1048576K
}
2020-06-27T17:26:00.496+0100: 662.757: Total time for which application threads were stopped: 0.0203320 seconds, Stopping threads took: 0.0000869 seconds
2020-06-27T17:26:00.497+0100: 662.757: Total time for which application threads were stopped: 0.0002358 seconds, Stopping threads took: 0.0000823 seconds
2020-06-27T17:26:00.497+0100: 662.757: Total time for which application threads were stopped: 0.0002060 seconds, Stopping threads took: 0.0000833 seconds
2020-06-27T17:26:01.498+0100: 663.759: Total time for which application threads were stopped: 0.0009411 seconds, Stopping threads took: 0.0008259 seconds
2020-06-27T17:26:01.609+0100: 663.869: Total time for which application threads were stopped: 0.0001838 seconds, Stopping threads took: 0.0000969 seconds
2020-06-27T17:26:01.609+0100: 663.870: Total time for which application threads were stopped: 0.0001612 seconds, Stopping threads took: 0.0000690 seconds
2020-06-27T17:26:01.616+0100: 663.876: Total time for which application threads were stopped: 0.0002163 seconds, Stopping threads took: 0.0000610 seconds
2020-06-27T17:26:01.616+0100: 663.876: Total time for which application threads were stopped: 0.0001205 seconds, Stopping threads took: 0.0000494 seconds
2020-06-27T17:26:01.616+0100: 663.876: Total time for which application threads were stopped: 0.0001032 seconds, Stopping threads took: 0.0000503 seconds
2020-06-27T17:26:01.616+0100: 663.877: Total time for which application threads were stopped: 0.0001202 seconds, Stopping threads took: 0.0000641 seconds
2020-06-27T17:26:02.617+0100: 664.877: Total time for which application threads were stopped: 0.0001391 seconds, Stopping threads took: 0.0000704 seconds
2020-06-27T17:26:08.394+0100: 670.654: Total time for which application threads were stopped: 0.0007051 seconds, Stopping threads took: 0.0006248 seconds
2020-06-27T17:26:08.398+0100: 670.658: Total time for which application threads were stopped: 0.0001604 seconds, Stopping threads took: 0.0000712 seconds
2020-06-27T17:26:08.399+0100: 670.659: Total time for which application threads were stopped: 0.0001661 seconds, Stopping threads took: 0.0000818 seconds
{Heap before GC invocations=105 (full 7):
 par new generation   total 109248K, used 109248K [0x00000000e0000000, 0x00000000e8000000, 0x00000000e8000000)
  eden space 87424K, 100% used [0x00000000e0000000, 0x00000000e5560000, 0x00000000e5560000)
  from space 21824K, 100% used [0x00000000e6ab0000, 0x00000000e8000000, 0x00000000e8000000)
  to   space 21824K,   0% used [0x00000000e5560000, 0x00000000e5560000, 0x00000000e6ab0000)
 concurrent mark-sweep generation total 393216K, used 111354K [0x00000000e8000000, 0x0000000100000000, 0x0000000100000000)
 Metaspace       used 61898K, capacity 63724K, committed 63988K, reserved 1105920K
  class space    used 7303K, capacity 7753K, committed 7776K, reserved 1048576K
2020-06-27T17:26:08.449+0100: 670.709: [GC (Allocation Failure) 2020-06-27T17:26:08.449+0100: 670.709: [ParNew
Desired survivor size 20112992 bytes, new threshold 7 (max 8)
- age   1:    3568792 bytes,    3568792 total
- age   2:    2270056 bytes,    5838848 total
- age   3:    3677112 bytes,    9515960 total
- age   4:    5064616 bytes,   14580576 total
- age   5:    3210688 bytes,   17791264 total
- age   6:       6096 bytes,   17797360 total
- age   7:    3892728 bytes,   21690088 total
: 109248K->21824K(109248K), 0.0133730 secs] 220602K->133428K(502464K), 0.0134796 secs] [Times: user=0.06 sys=0.00, real=0.01 secs] 
Heap after GC invocations=106 (full 7):
 par new generation   total 109248K, used 21824K [0x00000000e0000000, 0x00000000e8000000, 0x00000000e8000000)
  eden space 87424K,   0% used [0x00000000e0000000, 0x00000000e0000000, 0x00000000e5560000)
  from space 21824K, 100% used [0x00000000e5560000, 0x00000000e6ab0000, 0x00000000e6ab0000)
  to   space 21824K,   0% used [0x00000000e6ab0000, 0x00000000e6ab0000, 0x00000000e8000000)
 concurrent mark-sweep generation total 393216K, used 111604K [0x00000000e8000000, 0x0000000100000000, 0x0000000100000000)
 Metaspace       used 61898K, capacity 63724K, committed 63988K, reserved 1105920K
  class space    used 7303K, capacity 7753K, committed 7776K, reserved 1048576K
}
2020-06-27T17:26:08.462+0100: 670.723: Total time for which application threads were stopped: 0.0138397 seconds, Stopping threads took: 0.0000792 seconds
2020-06-27T17:26:08.535+0100: 670.795: Total time for which application threads were stopped: 0.0001816 seconds, Stopping threads took: 0.0000727 seconds
{Heap before GC invocations=106 (full 7):
 par new generation   total 109248K, used 109248K [0x00000000e0000000, 0x00000000e8000000, 0x00000000e8000000)
  eden space 87424K, 100% used [0x00000000e0000000, 0x00000000e5560000, 0x00000000e5560000)
  from space 21824K, 100% used [0x00000000e5560000, 0x00000000e6ab0000, 0x00000000e6ab0000)
  to   space 21824K,   0% used [0x00000000e6ab0000, 0x00000000e6ab0000, 0x00000000e8000000)
 concurrent mark-sweep generation total 393216K, used 111604K [0x00000000e8000000, 0x0000000100000000, 0x0000000100000000)
 Metaspace       used 61900K, capacity 63724K, committed 63988K, reserved 1105920K
  class space    used 7303K, capacity 7753K, committed 7776K, reserved 1048576K
2020-06-27T17:26:08.581+0100: 670.841: [GC (Allocation Failure) 2020-06-27T17:26:08.581+0100: 670.841: [ParNew
Desired survivor size 20112992 bytes, new threshold 6 (max 8)
- age   1:    6212376 bytes,    6212376 total
- age   2:    3277296 bytes,    9489672 total
- age   3:    2058760 bytes,   11548432 total
- age   4:    3298272 bytes,   14846704 total
- age   5:    4182992 bytes,   19029696 total
- age   6:    3207536 bytes,   22237232 total
- age   7:       6096 bytes,   22243328 total
: 109248K->21824K(109248K), 0.0179622 secs] 220852K->142303K(502464K), 0.0180478 secs] [Times: user=0.06 sys=0.00, real=0.02 secs] 
Heap after GC invocations=107 (full 7):
 par new generation   total 109248K, used 21824K [0x00000000e0000000, 0x00000000e8000000, 0x00000000e8000000)
  eden space 87424K,   0% used [0x00000000e0000000, 0x00000000e0000000, 0x00000000e5560000)
  from space 21824K, 100% used [0x00000000e6ab0000, 0x00000000e8000000, 0x00000000e8000000)
  to   space 21824K,   0% used [0x00000000e5560000, 0x00000000e5560000, 0x00000000e6ab0000)
 concurrent mark-sweep generation total 393216K, used 120479K [0x00000000e8000000, 0x0000000100000000, 0x0000000100000000)
 Metaspace       used 61900K, capacity 63724K, committed 63988K, reserved 1105920K
  class space    used 7303K, capacity 7753K, committed 7776K, reserved 1048576K
}
2020-06-27T17:26:08.599+0100: 670.859: Total time for which application threads were stopped: 0.0183933 seconds, Stopping threads took: 0.0000939 seconds
2020-06-27T17:26:08.600+0100: 670.860: Total time for which application threads were stopped: 0.0002418 seconds, Stopping threads took: 0.0000921 seconds
2020-06-27T17:26:08.600+0100: 670.860: Total time for which application threads were stopped: 0.0001592 seconds, Stopping threads took: 0.0000541 seconds
{Heap before GC invocations=107 (full 7):
 par new generation   total 109248K, used 109248K [0x00000000e0000000, 0x00000000e8000000, 0x00000000e8000000)
  eden space 87424K, 100% used [0x00000000e0000000, 0x00000000e5560000, 0x00000000e5560000)
  from space 21824K, 100% used [0x00000000e6ab0000, 0x00000000e8000000, 0x00000000e8000000)
  to   space 21824K,   0% used [0x00000000e5560000, 0x00000000e5560000, 0x00000000e6ab0000)
 concurrent mark-sweep generation total 393216K, used 120479K [0x00000000e8000000, 0x0000000100000000, 0x0000000100000000)
 Metaspace       used 61905K, capacity 63724K, committed 63988K, reserved 1105920K
  class space    used 7303K, capacity 7753K, committed 7776K, reserved 1048576K
2020-06-27T17:26:08.729+0100: 670.989: [GC (Allocation Failure) 2020-06-27T17:26:08.729+0100: 670.989: [ParNew
Desired survivor size 20112992 bytes, new threshold 6 (max 8)
- age   1:    3265000 bytes,    3265000 total
- age   2:    5246192 bytes,    8511192 total
- age   3:    3276128 bytes,   11787320 total
- age   4:    2058760 bytes,   13846080 total
- age   5:    3298272 bytes,   17144352 total
- age   6:    4182992 bytes,   21327344 total
: 109248K->21824K(109248K), 0.0162200 secs] 229727K->151553K(502464K), 0.0163006 secs] [Times: user=0.06 sys=0.00, real=0.02 secs] 
Heap after GC invocations=108 (full 7):
 par new generation   total 109248K, used 21824K [0x00000000e0000000, 0x00000000e8000000, 0x00000000e8000000)
  eden space 87424K,   0% used [0x00000000e0000000, 0x00000000e0000000, 0x00000000e5560000)
  from space 21824K, 100% used [0x00000000e5560000, 0x00000000e6ab0000, 0x00000000e6ab0000)
  to   space 21824K,   0% used [0x00000000e6ab0000, 0x00000000e6ab0000, 0x00000000e8000000)
 concurrent mark-sweep generation total 393216K, used 129729K [0x00000000e8000000, 0x0000000100000000, 0x0000000100000000)
 Metaspace       used 61905K, capacity 63724K, committed 63988K, reserved 1105920K
  class space    used 7303K, capacity 7753K, committed 7776K, reserved 1048576K
}
2020-06-27T17:26:08.745+0100: 671.005: Total time for which application threads were stopped: 0.0166214 seconds, Stopping threads took: 0.0001073 seconds
2020-06-27T17:26:08.745+0100: 671.006: Total time for which application threads were stopped: 0.0001722 seconds, Stopping threads took: 0.0000854 seconds
2020-06-27T17:26:08.746+0100: 671.006: Total time for which application threads were stopped: 0.0001285 seconds, Stopping threads took: 0.0000642 seconds
{Heap before GC invocations=108 (full 7):
 par new generation   total 109248K, used 109248K [0x00000000e0000000, 0x00000000e8000000, 0x00000000e8000000)
  eden space 87424K, 100% used [0x00000000e0000000, 0x00000000e5560000, 0x00000000e5560000)
  from space 21824K, 100% used [0x00000000e5560000, 0x00000000e6ab0000, 0x00000000e6ab0000)
  to   space 21824K,   0% used [0x00000000e6ab0000, 0x00000000e6ab0000, 0x00000000e8000000)
 concurrent mark-sweep generation total 393216K, used 129729K [0x00000000e8000000, 0x0000000100000000, 0x0000000100000000)
 Metaspace       used 61905K, capacity 63724K, committed 63988K, reserved 1105920K
  class space    used 7303K, capacity 7753K, committed 7776K, reserved 1048576K
2020-06-27T17:26:08.878+0100: 671.138: [GC (Allocation Failure) 2020-06-27T17:26:08.878+0100: 671.138: [ParNew
Desired survivor size 20112992 bytes, new threshold 6 (max 8)
- age   1:    4988640 bytes,    4988640 total
- age   2:    1733720 bytes,    6722360 total
- age   3:    5246192 bytes,   11968552 total
- age   4:    3276128 bytes,   15244680 total
- age   5:    2058760 bytes,   17303440 total
- age   6:    3298272 bytes,   20601712 total
: 109248K->21824K(109248K), 0.0178925 secs] 238977K->161473K(502464K), 0.0179683 secs] [Times: user=0.06 sys=0.00, real=0.02 secs] 
Heap after GC invocations=109 (full 7):
 par new generation   total 109248K, used 21824K [0x00000000e0000000, 0x00000000e8000000, 0x00000000e8000000)
  eden space 87424K,   0% used [0x00000000e0000000, 0x00000000e0000000, 0x00000000e5560000)
  from space 21824K, 100% used [0x00000000e6ab0000, 0x00000000e8000000, 0x00000000e8000000)
  to   space 21824K,   0% used [0x00000000e5560000, 0x00000000e5560000, 0x00000000e6ab0000)
 concurrent mark-sweep generation total 393216K, used 139649K [0x00000000e8000000, 0x0000000100000000, 0x0000000100000000)
 Metaspace       used 61905K, capacity 63724K, committed 63988K, reserved 1105920K
  class space    used 7303K, capacity 7753K, committed 7776K, reserved 1048576K
}
2020-06-27T17:26:08.896+0100: 671.156: Total time for which application threads were stopped: 0.0183122 seconds, Stopping threads took: 0.0000898 seconds
2020-06-27T17:26:08.896+0100: 671.156: Total time for which application threads were stopped: 0.0003833 seconds, Stopping threads took: 0.0000867 seconds
2020-06-27T17:26:08.897+0100: 671.157: Total time for which application threads were stopped: 0.0001746 seconds, Stopping threads took: 0.0000689 seconds
2020-06-27T17:26:09.902+0100: 672.162: Total time for which application threads were stopped: 0.0054085 seconds, Stopping threads took: 0.0053129 seconds
2020-06-27T17:26:10.011+0100: 672.271: Total time for which application threads were stopped: 0.0007938 seconds, Stopping threads took: 0.0006849 seconds
2020-06-27T17:26:10.013+0100: 672.273: Total time for which application threads were stopped: 0.0002070 seconds, Stopping threads took: 0.0000750 seconds
2020-06-27T17:26:10.013+0100: 672.273: Total time for which application threads were stopped: 0.0001812 seconds, Stopping threads took: 0.0000572 seconds
2020-06-27T17:26:10.013+0100: 672.273: Total time for which application threads were stopped: 0.0001234 seconds, Stopping threads took: 0.0000535 seconds
2020-06-27T17:26:10.013+0100: 672.274: Total time for which application threads were stopped: 0.0001420 seconds, Stopping threads took: 0.0000529 seconds
2020-06-27T17:26:23.410+0100: 685.670: Total time for which application threads were stopped: 0.0001150 seconds, Stopping threads took: 0.0000402 seconds
2020-06-27T17:26:44.095+0100: 706.355: Total time for which application threads were stopped: 0.0002498 seconds, Stopping threads took: 0.0001664 seconds
2020-06-27T17:26:44.111+0100: 706.371: Total time for which application threads were stopped: 0.0001031 seconds, Stopping threads took: 0.0000311 seconds
2020-06-27T17:26:44.113+0100: 706.373: Total time for which application threads were stopped: 0.0001061 seconds, Stopping threads took: 0.0000349 seconds
{Heap before GC invocations=109 (full 7):
 par new generation   total 109248K, used 109248K [0x00000000e0000000, 0x00000000e8000000, 0x00000000e8000000)
  eden space 87424K, 100% used [0x00000000e0000000, 0x00000000e5560000, 0x00000000e5560000)
  from space 21824K, 100% used [0x00000000e6ab0000, 0x00000000e8000000, 0x00000000e8000000)
  to   space 21824K,   0% used [0x00000000e5560000, 0x00000000e5560000, 0x00000000e6ab0000)
 concurrent mark-sweep generation total 393216K, used 139649K [0x00000000e8000000, 0x0000000100000000, 0x0000000100000000)
 Metaspace       used 61928K, capacity 63788K, committed 63988K, reserved 1105920K
  class space    used 7303K, capacity 7753K, committed 7776K, reserved 1048576K
2020-06-27T17:26:44.263+0100: 706.523: [GC (Allocation Failure) 2020-06-27T17:26:44.263+0100: 706.523: [ParNew
Desired survivor size 20112992 bytes, new threshold 6 (max 8)
- age   1:    7703968 bytes,    7703968 total
- age   2:    2586960 bytes,   10290928 total
- age   3:    1636936 bytes,   11927864 total
- age   4:    4909872 bytes,   16837736 total
- age   5:    2902848 bytes,   19740584 total
- age   6:    2058760 bytes,   21799344 total
: 109248K->21824K(109248K), 0.0185610 secs] 248897K->166977K(502464K), 0.0186664 secs] [Times: user=0.06 sys=0.00, real=0.02 secs] 
Heap after GC invocations=110 (full 7):
 par new generation   total 109248K, used 21824K [0x00000000e0000000, 0x00000000e8000000, 0x00000000e8000000)
  eden space 87424K,   0% used [0x00000000e0000000, 0x00000000e0000000, 0x00000000e5560000)
  from space 21824K, 100% used [0x00000000e5560000, 0x00000000e6ab0000, 0x00000000e6ab0000)
  to   space 21824K,   0% used [0x00000000e6ab0000, 0x00000000e6ab0000, 0x00000000e8000000)
 concurrent mark-sweep generation total 393216K, used 145153K [0x00000000e8000000, 0x0000000100000000, 0x0000000100000000)
 Metaspace       used 61928K, capacity 63788K, committed 63988K, reserved 1105920K
  class space    used 7303K, capacity 7753K, committed 7776K, reserved 1048576K
}
2020-06-27T17:26:44.282+0100: 706.542: Total time for which application threads were stopped: 0.0189758 seconds, Stopping threads took: 0.0000684 seconds
2020-06-27T17:26:44.282+0100: 706.542: Total time for which application threads were stopped: 0.0002021 seconds, Stopping threads took: 0.0000871 seconds
2020-06-27T17:26:44.284+0100: 706.545: Total time for which application threads were stopped: 0.0002001 seconds, Stopping threads took: 0.0000732 seconds
{Heap before GC invocations=110 (full 7):
 par new generation   total 109248K, used 109248K [0x00000000e0000000, 0x00000000e8000000, 0x00000000e8000000)
  eden space 87424K, 100% used [0x00000000e0000000, 0x00000000e5560000, 0x00000000e5560000)
  from space 21824K, 100% used [0x00000000e5560000, 0x00000000e6ab0000, 0x00000000e6ab0000)
  to   space 21824K,   0% used [0x00000000e6ab0000, 0x00000000e6ab0000, 0x00000000e8000000)
 concurrent mark-sweep generation total 393216K, used 145153K [0x00000000e8000000, 0x0000000100000000, 0x0000000100000000)
 Metaspace       used 61934K, capacity 63788K, committed 63988K, reserved 1105920K
  class space    used 7303K, capacity 7753K, committed 7776K, reserved 1048576K
2020-06-27T17:26:44.507+0100: 706.767: [GC (Allocation Failure) 2020-06-27T17:26:44.507+0100: 706.767: [ParNew
Desired survivor size 20112992 bytes, new threshold 6 (max 8)
- age   1:    6291352 bytes,    6291352 total
- age   2:    3832496 bytes,   10123848 total
- age   3:    2422816 bytes,   12546664 total
- age   4:    1611488 bytes,   14158152 total
- age   5:    4873672 bytes,   19031824 total
- age   6:    2886072 bytes,   21917896 total
: 109248K->21824K(109248K), 0.0215786 secs] 254401K->175390K(502464K), 0.0216764 secs] [Times: user=0.03 sys=0.00, real=0.02 secs] 
Heap after GC invocations=111 (full 7):
 par new generation   total 109248K, used 21824K [0x00000000e0000000, 0x00000000e8000000, 0x00000000e8000000)
  eden space 87424K,   0% used [0x00000000e0000000, 0x00000000e0000000, 0x00000000e5560000)
  from space 21824K, 100% used [0x00000000e6ab0000, 0x00000000e8000000, 0x00000000e8000000)
  to   space 21824K,   0% used [0x00000000e5560000, 0x00000000e5560000, 0x00000000e6ab0000)
 concurrent mark-sweep generation total 393216K, used 153566K [0x00000000e8000000, 0x0000000100000000, 0x0000000100000000)
 Metaspace       used 61934K, capacity 63788K, committed 63988K, reserved 1105920K
  class space    used 7303K, capacity 7753K, committed 7776K, reserved 1048576K
}
2020-06-27T17:26:44.529+0100: 706.789: Total time for which application threads were stopped: 0.0220633 seconds, Stopping threads took: 0.0000758 seconds
2020-06-27T17:26:44.529+0100: 706.789: Total time for which application threads were stopped: 0.0002111 seconds, Stopping threads took: 0.0000720 seconds
2020-06-27T17:26:44.529+0100: 706.790: Total time for which application threads were stopped: 0.0001806 seconds, Stopping threads took: 0.0000831 seconds
{Heap before GC invocations=111 (full 7):
 par new generation   total 109248K, used 109248K [0x00000000e0000000, 0x00000000e8000000, 0x00000000e8000000)
  eden space 87424K, 100% used [0x00000000e0000000, 0x00000000e5560000, 0x00000000e5560000)
  from space 21824K, 100% used [0x00000000e6ab0000, 0x00000000e8000000, 0x00000000e8000000)
  to   space 21824K,   0% used [0x00000000e5560000, 0x00000000e5560000, 0x00000000e6ab0000)
 concurrent mark-sweep generation total 393216K, used 153566K [0x00000000e8000000, 0x0000000100000000, 0x0000000100000000)
 Metaspace       used 61934K, capacity 63788K, committed 63988K, reserved 1105920K
  class space    used 7303K, capacity 7753K, committed 7776K, reserved 1048576K
2020-06-27T17:26:44.722+0100: 706.982: [GC (Allocation Failure) 2020-06-27T17:26:44.722+0100: 706.982: [ParNew
Desired survivor size 20112992 bytes, new threshold 6 (max 8)
- age   1:    5193776 bytes,    5193776 total
- age   2:    4004624 bytes,    9198400 total
- age   3:    3597312 bytes,   12795712 total
- age   4:    2379880 bytes,   15175592 total
- age   5:    1220656 bytes,   16396248 total
- age   6:    4873608 bytes,   21269856 total
: 109248K->21824K(109248K), 0.0251628 secs] 262814K->185196K(502464K), 0.0252482 secs] [Times: user=0.13 sys=0.00, real=0.03 secs] 
Heap after GC invocations=112 (full 7):
 par new generation   total 109248K, used 21824K [0x00000000e0000000, 0x00000000e8000000, 0x00000000e8000000)
  eden space 87424K,   0% used [0x00000000e0000000, 0x00000000e0000000, 0x00000000e5560000)
  from space 21824K, 100% used [0x00000000e5560000, 0x00000000e6ab0000, 0x00000000e6ab0000)
  to   space 21824K,   0% used [0x00000000e6ab0000, 0x00000000e6ab0000, 0x00000000e8000000)
 concurrent mark-sweep generation total 393216K, used 163372K [0x00000000e8000000, 0x0000000100000000, 0x0000000100000000)
 Metaspace       used 61934K, capacity 63788K, committed 63988K, reserved 1105920K
  class space    used 7303K, capacity 7753K, committed 7776K, reserved 1048576K
}
2020-06-27T17:26:44.747+0100: 707.007: Total time for which application threads were stopped: 0.0256610 seconds, Stopping threads took: 0.0001635 seconds
2020-06-27T17:26:44.748+0100: 707.008: Total time for which application threads were stopped: 0.0002103 seconds, Stopping threads took: 0.0000931 seconds
2020-06-27T17:26:44.748+0100: 707.008: Total time for which application threads were stopped: 0.0001709 seconds, Stopping threads took: 0.0000740 seconds
2020-06-27T17:26:44.936+0100: 707.197: Total time for which application threads were stopped: 0.0002626 seconds, Stopping threads took: 0.0001483 seconds
2020-06-27T17:26:45.937+0100: 708.197: Total time for which application threads were stopped: 0.0001680 seconds, Stopping threads took: 0.0000795 seconds
2020-06-27T17:26:46.052+0100: 708.313: Total time for which application threads were stopped: 0.0001708 seconds, Stopping threads took: 0.0000793 seconds
2020-06-27T17:26:46.053+0100: 708.313: Total time for which application threads were stopped: 0.0001539 seconds, Stopping threads took: 0.0000886 seconds
2020-06-27T17:26:46.058+0100: 708.318: Total time for which application threads were stopped: 0.0001202 seconds, Stopping threads took: 0.0000589 seconds
2020-06-27T17:26:46.059+0100: 708.319: Total time for which application threads were stopped: 0.0000995 seconds, Stopping threads took: 0.0000482 seconds
2020-06-27T17:26:46.059+0100: 708.319: Total time for which application threads were stopped: 0.0001142 seconds, Stopping threads took: 0.0000666 seconds
2020-06-27T17:26:46.059+0100: 708.319: Total time for which application threads were stopped: 0.0002396 seconds, Stopping threads took: 0.0000433 seconds
2020-06-27T17:26:47.061+0100: 709.321: Total time for which application threads were stopped: 0.0001492 seconds, Stopping threads took: 0.0000806 seconds
2020-06-27T17:26:55.952+0100: 718.212: Total time for which application threads were stopped: 0.0005106 seconds, Stopping threads took: 0.0004201 seconds
2020-06-27T17:26:55.957+0100: 718.217: Total time for which application threads were stopped: 0.0001604 seconds, Stopping threads took: 0.0000670 seconds
2020-06-27T17:26:55.958+0100: 718.218: Total time for which application threads were stopped: 0.0002259 seconds, Stopping threads took: 0.0001138 seconds
2020-06-27T17:26:55.986+0100: 718.246: Total time for which application threads were stopped: 0.0001982 seconds, Stopping threads took: 0.0001263 seconds
{Heap before GC invocations=112 (full 7):
 par new generation   total 109248K, used 109248K [0x00000000e0000000, 0x00000000e8000000, 0x00000000e8000000)
  eden space 87424K, 100% used [0x00000000e0000000, 0x00000000e5560000, 0x00000000e5560000)
  from space 21824K, 100% used [0x00000000e5560000, 0x00000000e6ab0000, 0x00000000e6ab0000)
  to   space 21824K,   0% used [0x00000000e6ab0000, 0x00000000e6ab0000, 0x00000000e8000000)
 concurrent mark-sweep generation total 393216K, used 163372K [0x00000000e8000000, 0x0000000100000000, 0x0000000100000000)
 Metaspace       used 61983K, capacity 63852K, committed 63988K, reserved 1105920K
  class space    used 7304K, capacity 7753K, committed 7776K, reserved 1048576K
2020-06-27T17:26:56.073+0100: 718.334: [GC (Allocation Failure) 2020-06-27T17:26:56.074+0100: 718.334: [ParNew
Desired survivor size 20112992 bytes, new threshold 8 (max 8)
- age   1:    5719736 bytes,    5719736 total
- age   2:    3800896 bytes,    9520632 total
- age   3:    3468440 bytes,   12989072 total
- age   4:    3456984 bytes,   16446056 total
- age   5:    2379880 bytes,   18825936 total
- age   6:    1220656 bytes,   20046592 total
: 109248K->21824K(109248K), 0.0172425 secs] 272620K->194873K(502464K), 0.0173575 secs] [Times: user=0.06 sys=0.00, real=0.02 secs] 
Heap after GC invocations=113 (full 7):
 par new generation   total 109248K, used 21824K [0x00000000e0000000, 0x00000000e8000000, 0x00000000e8000000)
  eden space 87424K,   0% used [0x00000000e0000000, 0x00000000e0000000, 0x00000000e5560000)
  from space 21824K, 100% used [0x00000000e6ab0000, 0x00000000e8000000, 0x00000000e8000000)
  to   space 21824K,   0% used [0x00000000e5560000, 0x00000000e5560000, 0x00000000e6ab0000)
 concurrent mark-sweep generation total 393216K, used 173049K [0x00000000e8000000, 0x0000000100000000, 0x0000000100000000)
 Metaspace       used 61983K, capacity 63852K, committed 63988K, reserved 1105920K
  class space    used 7304K, capacity 7753K, committed 7776K, reserved 1048576K
}
2020-06-27T17:26:56.091+0100: 718.351: Total time for which application threads were stopped: 0.0176826 seconds, Stopping threads took: 0.0000818 seconds
2020-06-27T17:26:56.091+0100: 718.351: Total time for which application threads were stopped: 0.0002546 seconds, Stopping threads took: 0.0000810 seconds
2020-06-27T17:26:56.123+0100: 718.383: Total time for which application threads were stopped: 0.0001567 seconds, Stopping threads took: 0.0000705 seconds
{Heap before GC invocations=113 (full 7):
 par new generation   total 109248K, used 109248K [0x00000000e0000000, 0x00000000e8000000, 0x00000000e8000000)
  eden space 87424K, 100% used [0x00000000e0000000, 0x00000000e5560000, 0x00000000e5560000)
  from space 21824K, 100% used [0x00000000e6ab0000, 0x00000000e8000000, 0x00000000e8000000)
  to   space 21824K,   0% used [0x00000000e5560000, 0x00000000e5560000, 0x00000000e6ab0000)
 concurrent mark-sweep generation total 393216K, used 173049K [0x00000000e8000000, 0x0000000100000000, 0x0000000100000000)
 Metaspace       used 61989K, capacity 63852K, committed 63988K, reserved 1105920K
  class space    used 7304K, capacity 7753K, committed 7776K, reserved 1048576K
2020-06-27T17:26:56.223+0100: 718.483: [GC (Allocation Failure) 2020-06-27T17:26:56.223+0100: 718.483: [ParNew
Desired survivor size 20112992 bytes, new threshold 6 (max 8)
- age   1:    3540528 bytes,    3540528 total
- age   2:    4538456 bytes,    8078984 total
- age   3:    3769472 bytes,   11848456 total
- age   4:    3465704 bytes,   15314160 total
- age   5:    3456224 bytes,   18770384 total
- age   6:    2379880 bytes,   21150264 total
- age   7:    1195424 bytes,   22345688 total
: 109248K->21824K(109248K), 0.0175250 secs] 282297K->203382K(502464K), 0.0176070 secs] [Times: user=0.06 sys=0.00, real=0.02 secs] 
Heap after GC invocations=114 (full 7):
 par new generation   total 109248K, used 21824K [0x00000000e0000000, 0x00000000e8000000, 0x00000000e8000000)
  eden space 87424K,   0% used [0x00000000e0000000, 0x00000000e0000000, 0x00000000e5560000)
  from space 21824K, 100% used [0x00000000e5560000, 0x00000000e6ab0000, 0x00000000e6ab0000)
  to   space 21824K,   0% used [0x00000000e6ab0000, 0x00000000e6ab0000, 0x00000000e8000000)
 concurrent mark-sweep generation total 393216K, used 181558K [0x00000000e8000000, 0x0000000100000000, 0x0000000100000000)
 Metaspace       used 61989K, capacity 63852K, committed 63988K, reserved 1105920K
  class space    used 7304K, capacity 7753K, committed 7776K, reserved 1048576K
}
2020-06-27T17:26:56.240+0100: 718.501: Total time for which application threads were stopped: 0.0178804 seconds, Stopping threads took: 0.0000744 seconds
2020-06-27T17:26:56.241+0100: 718.501: Total time for which application threads were stopped: 0.0001829 seconds, Stopping threads took: 0.0000977 seconds
2020-06-27T17:26:56.241+0100: 718.501: Total time for which application threads were stopped: 0.0001543 seconds, Stopping threads took: 0.0000625 seconds
{Heap before GC invocations=114 (full 7):
 par new generation   total 109248K, used 109248K [0x00000000e0000000, 0x00000000e8000000, 0x00000000e8000000)
  eden space 87424K, 100% used [0x00000000e0000000, 0x00000000e5560000, 0x00000000e5560000)
  from space 21824K, 100% used [0x00000000e5560000, 0x00000000e6ab0000, 0x00000000e6ab0000)
  to   space 21824K,   0% used [0x00000000e6ab0000, 0x00000000e6ab0000, 0x00000000e8000000)
 concurrent mark-sweep generation total 393216K, used 181558K [0x00000000e8000000, 0x0000000100000000, 0x0000000100000000)
 Metaspace       used 61991K, capacity 63852K, committed 63988K, reserved 1105920K
  class space    used 7304K, capacity 7753K, committed 7776K, reserved 1048576K
2020-06-27T17:26:56.372+0100: 718.632: [GC (Allocation Failure) 2020-06-27T17:26:56.372+0100: 718.632: [ParNew
Desired survivor size 20112992 bytes, new threshold 6 (max 8)
- age   1:    4932792 bytes,    4932792 total
- age   2:    2118456 bytes,    7051248 total
- age   3:    4538336 bytes,   11589584 total
- age   4:    3769472 bytes,   15359056 total
- age   5:    3465704 bytes,   18824760 total
- age   6:    3456224 bytes,   22280984 total
: 109248K->21824K(109248K), 0.0187895 secs] 290806K->210334K(502464K), 0.0188853 secs] [Times: user=0.06 sys=0.00, real=0.02 secs] 
Heap after GC invocations=115 (full 7):
 par new generation   total 109248K, used 21824K [0x00000000e0000000, 0x00000000e8000000, 0x00000000e8000000)
  eden space 87424K,   0% used [0x00000000e0000000, 0x00000000e0000000, 0x00000000e5560000)
  from space 21824K, 100% used [0x00000000e6ab0000, 0x00000000e8000000, 0x00000000e8000000)
  to   space 21824K,   0% used [0x00000000e5560000, 0x00000000e5560000, 0x00000000e6ab0000)
 concurrent mark-sweep generation total 393216K, used 188510K [0x00000000e8000000, 0x0000000100000000, 0x0000000100000000)
 Metaspace       used 61991K, capacity 63852K, committed 63988K, reserved 1105920K
  class space    used 7304K, capacity 7753K, committed 7776K, reserved 1048576K
}
2020-06-27T17:26:56.391+0100: 718.651: Total time for which application threads were stopped: 0.0192382 seconds, Stopping threads took: 0.0000863 seconds
2020-06-27T17:26:56.391+0100: 718.651: Total time for which application threads were stopped: 0.0002273 seconds, Stopping threads took: 0.0000906 seconds
2020-06-27T17:26:56.391+0100: 718.652: Total time for which application threads were stopped: 0.0001822 seconds, Stopping threads took: 0.0000732 seconds
2020-06-27T17:26:57.404+0100: 719.664: Total time for which application threads were stopped: 0.0120155 seconds, Stopping threads took: 0.0119022 seconds
2020-06-27T17:26:57.822+0100: 720.082: Total time for which application threads were stopped: 0.0001660 seconds, Stopping threads took: 0.0000639 seconds
2020-06-27T17:26:57.824+0100: 720.084: Total time for which application threads were stopped: 0.0001327 seconds, Stopping threads took: 0.0000584 seconds
2020-06-27T17:26:57.825+0100: 720.085: Total time for which application threads were stopped: 0.0001394 seconds, Stopping threads took: 0.0000542 seconds
2020-06-27T17:26:58.825+0100: 721.085: Total time for which application threads were stopped: 0.0001339 seconds, Stopping threads took: 0.0000575 seconds
2020-06-27T17:27:10.988+0100: 733.248: Total time for which application threads were stopped: 0.0001031 seconds, Stopping threads took: 0.0000376 seconds
2020-06-27T17:27:22.207+0100: 744.467: Total time for which application threads were stopped: 0.0002511 seconds, Stopping threads took: 0.0001687 seconds
2020-06-27T17:27:22.217+0100: 744.477: Total time for which application threads were stopped: 0.0001263 seconds, Stopping threads took: 0.0000392 seconds
2020-06-27T17:27:22.221+0100: 744.481: Total time for which application threads were stopped: 0.0001372 seconds, Stopping threads took: 0.0000436 seconds
2020-06-27T17:27:22.222+0100: 744.482: Total time for which application threads were stopped: 0.0001410 seconds, Stopping threads took: 0.0000687 seconds
2020-06-27T17:27:22.223+0100: 744.483: Total time for which application threads were stopped: 0.0001446 seconds, Stopping threads took: 0.0000602 seconds
{Heap before GC invocations=115 (full 7):
 par new generation   total 109248K, used 109248K [0x00000000e0000000, 0x00000000e8000000, 0x00000000e8000000)
  eden space 87424K, 100% used [0x00000000e0000000, 0x00000000e5560000, 0x00000000e5560000)
  from space 21824K, 100% used [0x00000000e6ab0000, 0x00000000e8000000, 0x00000000e8000000)
  to   space 21824K,   0% used [0x00000000e5560000, 0x00000000e5560000, 0x00000000e6ab0000)
 concurrent mark-sweep generation total 393216K, used 188510K [0x00000000e8000000, 0x0000000100000000, 0x0000000100000000)
 Metaspace       used 62038K, capacity 63868K, committed 63988K, reserved 1105920K
  class space    used 7309K, capacity 7755K, committed 7776K, reserved 1048576K
2020-06-27T17:27:22.285+0100: 744.546: [GC (Allocation Failure) 2020-06-27T17:27:22.285+0100: 744.546: [ParNew
Desired survivor size 20112992 bytes, new threshold 6 (max 8)
- age   1:    6077464 bytes,    6077464 total
- age   2:    2938944 bytes,    9016408 total
- age   3:    1746216 bytes,   10762624 total
- age   4:    4223888 bytes,   14986512 total
- age   5:    3769512 bytes,   18756024 total
- age   6:    3465400 bytes,   22221424 total
: 109248K->21824K(109248K), 0.0159805 secs] 297758K->215082K(502464K), 0.0160791 secs] [Times: user=0.06 sys=0.00, real=0.02 secs] 
Heap after GC invocations=116 (full 7):
 par new generation   total 109248K, used 21824K [0x00000000e0000000, 0x00000000e8000000, 0x00000000e8000000)
  eden space 87424K,   0% used [0x00000000e0000000, 0x00000000e0000000, 0x00000000e5560000)
  from space 21824K, 100% used [0x00000000e5560000, 0x00000000e6ab0000, 0x00000000e6ab0000)
  to   space 21824K,   0% used [0x00000000e6ab0000, 0x00000000e6ab0000, 0x00000000e8000000)
 concurrent mark-sweep generation total 393216K, used 193258K [0x00000000e8000000, 0x0000000100000000, 0x0000000100000000)
 Metaspace       used 62038K, capacity 63868K, committed 63988K, reserved 1105920K
  class space    used 7309K, capacity 7755K, committed 7776K, reserved 1048576K
}
2020-06-27T17:27:22.301+0100: 744.562: Total time for which application threads were stopped: 0.0164078 seconds, Stopping threads took: 0.0000861 seconds
2020-06-27T17:27:22.302+0100: 744.562: Total time for which application threads were stopped: 0.0001729 seconds, Stopping threads took: 0.0000795 seconds
2020-06-27T17:27:22.359+0100: 744.619: Total time for which application threads were stopped: 0.0001526 seconds, Stopping threads took: 0.0000547 seconds
{Heap before GC invocations=116 (full 7):
 par new generation   total 109248K, used 109248K [0x00000000e0000000, 0x00000000e8000000, 0x00000000e8000000)
  eden space 87424K, 100% used [0x00000000e0000000, 0x00000000e5560000, 0x00000000e5560000)
  from space 21824K, 100% used [0x00000000e5560000, 0x00000000e6ab0000, 0x00000000e6ab0000)
  to   space 21824K,   0% used [0x00000000e6ab0000, 0x00000000e6ab0000, 0x00000000e8000000)
 concurrent mark-sweep generation total 393216K, used 193258K [0x00000000e8000000, 0x0000000100000000, 0x0000000100000000)
 Metaspace       used 62039K, capacity 63868K, committed 63988K, reserved 1105920K
  class space    used 7309K, capacity 7755K, committed 7776K, reserved 1048576K
2020-06-27T17:27:22.413+0100: 744.673: [GC (Allocation Failure) 2020-06-27T17:27:22.413+0100: 744.673: [ParNew
Desired survivor size 20112992 bytes, new threshold 8 (max 8)
- age   1:    2762744 bytes,    2762744 total
- age   2:    4210184 bytes,    6972928 total
- age   3:    2938784 bytes,    9911712 total
- age   4:    1729760 bytes,   11641472 total
- age   5:    4118616 bytes,   15760088 total
- age   6:    3769472 bytes,   19529560 total
: 109248K->21824K(109248K), 0.0136993 secs] 302506K->220313K(502464K), 0.0137861 secs] [Times: user=0.00 sys=0.00, real=0.01 secs] 
Heap after GC invocations=117 (full 7):
 par new generation   total 109248K, used 21824K [0x00000000e0000000, 0x00000000e8000000, 0x00000000e8000000)
  eden space 87424K,   0% used [0x00000000e0000000, 0x00000000e0000000, 0x00000000e5560000)
  from space 21824K, 100% used [0x00000000e6ab0000, 0x00000000e8000000, 0x00000000e8000000)
  to   space 21824K,   0% used [0x00000000e5560000, 0x00000000e5560000, 0x00000000e6ab0000)
 concurrent mark-sweep generation total 393216K, used 198489K [0x00000000e8000000, 0x0000000100000000, 0x0000000100000000)
 Metaspace       used 62039K, capacity 63868K, committed 63988K, reserved 1105920K
  class space    used 7309K, capacity 7755K, committed 7776K, reserved 1048576K
}
2020-06-27T17:27:22.426+0100: 744.687: Total time for which application threads were stopped: 0.0141265 seconds, Stopping threads took: 0.0000623 seconds
2020-06-27T17:27:22.427+0100: 744.687: [GC (CMS Initial Mark) [1 CMS-initial-mark: 198489K(393216K)] 221209K(502464K), 0.0039459 secs] [Times: user=0.06 sys=0.00, real=0.00 secs] 
2020-06-27T17:27:22.431+0100: 744.691: Total time for which application threads were stopped: 0.0041360 seconds, Stopping threads took: 0.0000770 seconds
2020-06-27T17:27:22.431+0100: 744.691: [CMS-concurrent-mark-start]
2020-06-27T17:27:22.456+0100: 744.716: Total time for which application threads were stopped: 0.0002145 seconds, Stopping threads took: 0.0000889 seconds
2020-06-27T17:27:22.458+0100: 744.718: [CMS-concurrent-mark: 0.025/0.027 secs] [Times: user=0.06 sys=0.00, real=0.03 secs] 
2020-06-27T17:27:22.458+0100: 744.718: [CMS-concurrent-preclean-start]
2020-06-27T17:27:22.459+0100: 744.720: [CMS-concurrent-preclean: 0.002/0.002 secs] [Times: user=0.00 sys=0.00, real=0.00 secs] 
2020-06-27T17:27:22.459+0100: 744.720: [CMS-concurrent-abortable-preclean-start]
{Heap before GC invocations=117 (full 8):
 par new generation   total 109248K, used 109248K [0x00000000e0000000, 0x00000000e8000000, 0x00000000e8000000)
  eden space 87424K, 100% used [0x00000000e0000000, 0x00000000e5560000, 0x00000000e5560000)
  from space 21824K, 100% used [0x00000000e6ab0000, 0x00000000e8000000, 0x00000000e8000000)
  to   space 21824K,   0% used [0x00000000e5560000, 0x00000000e5560000, 0x00000000e6ab0000)
 concurrent mark-sweep generation total 393216K, used 198489K [0x00000000e8000000, 0x0000000100000000, 0x0000000100000000)
 Metaspace       used 62039K, capacity 63868K, committed 63988K, reserved 1105920K
  class space    used 7309K, capacity 7755K, committed 7776K, reserved 1048576K
2020-06-27T17:27:22.587+0100: 744.847: [GC (Allocation Failure) 2020-06-27T17:27:22.587+0100: 744.847: [ParNew
Desired survivor size 20112992 bytes, new threshold 7 (max 8)
- age   1:    3988032 bytes,    3988032 total
- age   2:    1259072 bytes,    5247104 total
- age   3:    4209328 bytes,    9456432 total
- age   4:    2938784 bytes,   12395216 total
- age   5:    1729800 bytes,   14125016 total
- age   6:    4118616 bytes,   18243632 total
- age   7:    3769472 bytes,   22013104 total
: 109248K->21824K(109248K), 0.0165921 secs] 307737K->225946K(502464K), 0.0166758 secs] [Times: user=0.06 sys=0.00, real=0.02 secs] 
Heap after GC invocations=118 (full 8):
 par new generation   total 109248K, used 21824K [0x00000000e0000000, 0x00000000e8000000, 0x00000000e8000000)
  eden space 87424K,   0% used [0x00000000e0000000, 0x00000000e0000000, 0x00000000e5560000)
  from space 21824K, 100% used [0x00000000e5560000, 0x00000000e6ab0000, 0x00000000e6ab0000)
  to   space 21824K,   0% used [0x00000000e6ab0000, 0x00000000e6ab0000, 0x00000000e8000000)
 concurrent mark-sweep generation total 393216K, used 204122K [0x00000000e8000000, 0x0000000100000000, 0x0000000100000000)
 Metaspace       used 62039K, capacity 63868K, committed 63988K, reserved 1105920K
  class space    used 7309K, capacity 7755K, committed 7776K, reserved 1048576K
}
2020-06-27T17:27:22.604+0100: 744.864: Total time for which application threads were stopped: 0.0169785 seconds, Stopping threads took: 0.0000734 seconds
2020-06-27T17:27:22.604+0100: 744.864: [CMS-concurrent-abortable-preclean: 0.073/0.144 secs] [Times: user=0.42 sys=0.00, real=0.14 secs] 
2020-06-27T17:27:22.604+0100: 744.864: Total time for which application threads were stopped: 0.0002133 seconds, Stopping threads took: 0.0000848 seconds
2020-06-27T17:27:22.604+0100: 744.864: [GC (CMS Final Remark) [YG occupancy: 23012 K (109248 K)]{Heap before GC invocations=118 (full 8):
 par new generation   total 109248K, used 23012K [0x00000000e0000000, 0x00000000e8000000, 0x00000000e8000000)
  eden space 87424K,   1% used [0x00000000e0000000, 0x00000000e01292c8, 0x00000000e5560000)
  from space 21824K, 100% used [0x00000000e5560000, 0x00000000e6ab0000, 0x00000000e6ab0000)
  to   space 21824K,   0% used [0x00000000e6ab0000, 0x00000000e6ab0000, 0x00000000e8000000)
 concurrent mark-sweep generation total 393216K, used 204122K [0x00000000e8000000, 0x0000000100000000, 0x0000000100000000)
 Metaspace       used 62039K, capacity 63868K, committed 63988K, reserved 1105920K
  class space    used 7309K, capacity 7755K, committed 7776K, reserved 1048576K
2020-06-27T17:27:22.604+0100: 744.864: [GC (CMS Final Remark) 2020-06-27T17:27:22.604+0100: 744.864: [ParNew
Desired survivor size 20112992 bytes, new threshold 8 (max 8)
- age   1:       3064 bytes,       3064 total
- age   2:    3924888 bytes,    3927952 total
- age   3:    1259072 bytes,    5187024 total
- age   4:    4209328 bytes,    9396352 total
- age   5:    2938784 bytes,   12335136 total
- age   6:    1729760 bytes,   14064896 total
- age   7:    4118616 bytes,   18183512 total
: 23012K->21824K(109248K), 0.0131092 secs] 227135K->229645K(502464K), 0.0131822 secs] [Times: user=0.06 sys=0.00, real=0.01 secs] 
Heap after GC invocations=119 (full 8):
 par new generation   total 109248K, used 21824K [0x00000000e0000000, 0x00000000e8000000, 0x00000000e8000000)
  eden space 87424K,   0% used [0x00000000e0000000, 0x00000000e0000000, 0x00000000e5560000)
  from space 21824K, 100% used [0x00000000e6ab0000, 0x00000000e8000000, 0x00000000e8000000)
  to   space 21824K,   0% used [0x00000000e5560000, 0x00000000e5560000, 0x00000000e6ab0000)
 concurrent mark-sweep generation total 393216K, used 207821K [0x00000000e8000000, 0x0000000100000000, 0x0000000100000000)
 Metaspace       used 62039K, capacity 63868K, committed 63988K, reserved 1105920K
  class space    used 7309K, capacity 7755K, committed 7776K, reserved 1048576K
}
2020-06-27T17:27:22.617+0100: 744.878: [Rescan (parallel) , 0.0059909 secs]2020-06-27T17:27:22.624+0100: 744.884: [weak refs processing, 0.0033282 secs]2020-06-27T17:27:22.627+0100: 744.887: [class unloading, 0.0176024 secs]2020-06-27T17:27:22.645+0100: 744.905: [scrub symbol table, 0.0161522 secs]2020-06-27T17:27:22.661+0100: 744.921: [scrub string table, 0.0012001 secs][1 CMS-remark: 207821K(393216K)] 229645K(502464K), 0.0580046 secs] [Times: user=0.09 sys=0.00, real=0.06 secs] 
2020-06-27T17:27:22.662+0100: 744.922: Total time for which application threads were stopped: 0.0582185 seconds, Stopping threads took: 0.0000885 seconds
2020-06-27T17:27:22.662+0100: 744.922: [CMS-concurrent-sweep-start]
2020-06-27T17:27:22.663+0100: 744.923: Total time for which application threads were stopped: 0.0002310 seconds, Stopping threads took: 0.0000979 seconds
2020-06-27T17:27:22.664+0100: 744.924: Total time for which application threads were stopped: 0.0001439 seconds, Stopping threads took: 0.0000552 seconds
2020-06-27T17:27:22.664+0100: 744.924: Total time for which application threads were stopped: 0.0001212 seconds, Stopping threads took: 0.0000518 seconds
2020-06-27T17:27:22.664+0100: 744.925: Total time for which application threads were stopped: 0.0003132 seconds, Stopping threads took: 0.0000615 seconds
2020-06-27T17:27:22.665+0100: 744.925: Total time for which application threads were stopped: 0.0002918 seconds, Stopping threads took: 0.0000644 seconds
2020-06-27T17:27:22.769+0100: 745.029: [CMS-concurrent-sweep: 0.106/0.107 secs] [Times: user=0.33 sys=0.00, real=0.11 secs] 
2020-06-27T17:27:22.769+0100: 745.029: [CMS-concurrent-reset-start]
2020-06-27T17:27:22.770+0100: 745.030: [CMS-concurrent-reset: 0.001/0.001 secs] [Times: user=0.00 sys=0.00, real=0.00 secs] 
{Heap before GC invocations=119 (full 8):
 par new generation   total 109248K, used 109248K [0x00000000e0000000, 0x00000000e8000000, 0x00000000e8000000)
  eden space 87424K, 100% used [0x00000000e0000000, 0x00000000e5560000, 0x00000000e5560000)
  from space 21824K, 100% used [0x00000000e6ab0000, 0x00000000e8000000, 0x00000000e8000000)
  to   space 21824K,   0% used [0x00000000e5560000, 0x00000000e5560000, 0x00000000e6ab0000)
 concurrent mark-sweep generation total 393216K, used 80754K [0x00000000e8000000, 0x0000000100000000, 0x0000000100000000)
 Metaspace       used 62043K, capacity 63868K, committed 63988K, reserved 1105920K
  class space    used 7309K, capacity 7755K, committed 7776K, reserved 1048576K
2020-06-27T17:27:22.856+0100: 745.116: [GC (Allocation Failure) 2020-06-27T17:27:22.856+0100: 745.116: [ParNew
Desired survivor size 20112992 bytes, new threshold 8 (max 8)
- age   1:    4648640 bytes,    4648640 total
- age   3:    2779904 bytes,    7428544 total
- age   4:    1073048 bytes,    8501592 total
- age   5:    4101608 bytes,   12603200 total
- age   6:    2767184 bytes,   15370384 total
- age   7:    1097440 bytes,   16467824 total
- age   8:    4084680 bytes,   20552504 total
: 109248K->21824K(109248K), 0.0132527 secs] 190002K->103521K(502464K), 0.0133452 secs] [Times: user=0.06 sys=0.00, real=0.01 secs] 
Heap after GC invocations=120 (full 8):
 par new generation   total 109248K, used 21824K [0x00000000e0000000, 0x00000000e8000000, 0x00000000e8000000)
  eden space 87424K,   0% used [0x00000000e0000000, 0x00000000e0000000, 0x00000000e5560000)
  from space 21824K, 100% used [0x00000000e5560000, 0x00000000e6ab0000, 0x00000000e6ab0000)
  to   space 21824K,   0% used [0x00000000e6ab0000, 0x00000000e6ab0000, 0x00000000e8000000)
 concurrent mark-sweep generation total 393216K, used 81697K [0x00000000e8000000, 0x0000000100000000, 0x0000000100000000)
 Metaspace       used 62043K, capacity 63868K, committed 63988K, reserved 1105920K
  class space    used 7309K, capacity 7755K, committed 7776K, reserved 1048576K
}
2020-06-27T17:27:22.869+0100: 745.129: Total time for which application threads were stopped: 0.0137233 seconds, Stopping threads took: 0.0000849 seconds
2020-06-27T17:27:22.869+0100: 745.130: Total time for which application threads were stopped: 0.0001833 seconds, Stopping threads took: 0.0000803 seconds
2020-06-27T17:27:23.867+0100: 746.127: Total time for which application threads were stopped: 0.0001886 seconds, Stopping threads took: 0.0000928 seconds
2020-06-27T17:27:23.867+0100: 746.128: Total time for which application threads were stopped: 0.0001245 seconds, Stopping threads took: 0.0000579 seconds
2020-06-27T17:27:23.868+0100: 746.128: Total time for which application threads were stopped: 0.0001550 seconds, Stopping threads took: 0.0000852 seconds
2020-06-27T17:27:23.873+0100: 746.134: Total time for which application threads were stopped: 0.0001297 seconds, Stopping threads took: 0.0000564 seconds
2020-06-27T17:27:23.874+0100: 746.134: Total time for which application threads were stopped: 0.0001223 seconds, Stopping threads took: 0.0000552 seconds
2020-06-27T17:27:23.874+0100: 746.134: Total time for which application threads were stopped: 0.0000882 seconds, Stopping threads took: 0.0000414 seconds
2020-06-27T17:27:23.874+0100: 746.134: Total time for which application threads were stopped: 0.0000793 seconds, Stopping threads took: 0.0000388 seconds
2020-06-27T17:27:27.257+0100: 749.517: Total time for which application threads were stopped: 0.0003512 seconds, Stopping threads took: 0.0002884 seconds
2020-06-27T17:27:27.259+0100: 749.519: Total time for which application threads were stopped: 0.0002406 seconds, Stopping threads took: 0.0000795 seconds
2020-06-27T17:27:27.261+0100: 749.521: Total time for which application threads were stopped: 0.0001613 seconds, Stopping threads took: 0.0000789 seconds
2020-06-27T17:27:27.262+0100: 749.522: Total time for which application threads were stopped: 0.0003070 seconds, Stopping threads took: 0.0000584 seconds
2020-06-27T17:27:27.364+0100: 749.624: Total time for which application threads were stopped: 0.0001262 seconds, Stopping threads took: 0.0000589 seconds
{Heap before GC invocations=120 (full 8):
 par new generation   total 109248K, used 109245K [0x00000000e0000000, 0x00000000e8000000, 0x00000000e8000000)
  eden space 87424K,  99% used [0x00000000e0000000, 0x00000000e555f588, 0x00000000e5560000)
  from space 21824K, 100% used [0x00000000e5560000, 0x00000000e6ab0000, 0x00000000e6ab0000)
  to   space 21824K,   0% used [0x00000000e6ab0000, 0x00000000e6ab0000, 0x00000000e8000000)
 concurrent mark-sweep generation total 393216K, used 81697K [0x00000000e8000000, 0x0000000100000000, 0x0000000100000000)
 Metaspace       used 62068K, capacity 63936K, committed 63988K, reserved 1105920K
  class space    used 7309K, capacity 7755K, committed 7776K, reserved 1048576K
2020-06-27T17:27:27.377+0100: 749.638: [GC (Allocation Failure) 2020-06-27T17:27:27.377+0100: 749.638: [ParNew
Desired survivor size 20112992 bytes, new threshold 8 (max 8)
- age   1:    4803392 bytes,    4803392 total
- age   2:    3794856 bytes,    8598248 total
- age   4:    2721384 bytes,   11319632 total
- age   5:     884296 bytes,   12203928 total
- age   6:    3770552 bytes,   15974480 total
- age   7:    2767184 bytes,   18741664 total
- age   8:    1093144 bytes,   19834808 total
: 109245K->21824K(109248K), 0.0147046 secs] 190942K->110633K(502464K), 0.0147848 secs] [Times: user=0.06 sys=0.00, real=0.01 secs] 
Heap after GC invocations=121 (full 8):
 par new generation   total 109248K, used 21824K [0x00000000e0000000, 0x00000000e8000000, 0x00000000e8000000)
  eden space 87424K,   0% used [0x00000000e0000000, 0x00000000e0000000, 0x00000000e5560000)
  from space 21824K, 100% used [0x00000000e6ab0000, 0x00000000e8000000, 0x00000000e8000000)
  to   space 21824K,   0% used [0x00000000e5560000, 0x00000000e5560000, 0x00000000e6ab0000)
 concurrent mark-sweep generation total 393216K, used 88809K [0x00000000e8000000, 0x0000000100000000, 0x0000000100000000)
 Metaspace       used 62068K, capacity 63936K, committed 63988K, reserved 1105920K
  class space    used 7309K, capacity 7755K, committed 7776K, reserved 1048576K
}
2020-06-27T17:27:27.392+0100: 749.652: Total time for which application threads were stopped: 0.0150239 seconds, Stopping threads took: 0.0000603 seconds
2020-06-27T17:27:27.393+0100: 749.653: Total time for which application threads were stopped: 0.0001695 seconds, Stopping threads took: 0.0000650 seconds
2020-06-27T17:27:27.393+0100: 749.653: Total time for which application threads were stopped: 0.0001251 seconds, Stopping threads took: 0.0000479 seconds
{Heap before GC invocations=121 (full 8):
 par new generation   total 109248K, used 109248K [0x00000000e0000000, 0x00000000e8000000, 0x00000000e8000000)
  eden space 87424K, 100% used [0x00000000e0000000, 0x00000000e5560000, 0x00000000e5560000)
  from space 21824K, 100% used [0x00000000e6ab0000, 0x00000000e8000000, 0x00000000e8000000)
  to   space 21824K,   0% used [0x00000000e5560000, 0x00000000e5560000, 0x00000000e6ab0000)
 concurrent mark-sweep generation total 393216K, used 88809K [0x00000000e8000000, 0x0000000100000000, 0x0000000100000000)
 Metaspace       used 62068K, capacity 63936K, committed 63988K, reserved 1105920K
  class space    used 7309K, capacity 7755K, committed 7776K, reserved 1048576K
2020-06-27T17:27:27.510+0100: 749.770: [GC (Allocation Failure) 2020-06-27T17:27:27.510+0100: 749.770: [ParNew
Desired survivor size 20112992 bytes, new threshold 8 (max 8)
- age   1:    3857000 bytes,    3857000 total
- age   2:    3106608 bytes,    6963608 total
- age   3:    3786848 bytes,   10750456 total
- age   5:    2720912 bytes,   13471368 total
- age   6:     883720 bytes,   14355088 total
- age   7:    3661416 bytes,   18016504 total
- age   8:    2766440 bytes,   20782944 total
: 109248K->21824K(109248K), 0.0142551 secs] 198057K->114336K(502464K), 0.0143341 secs] [Times: user=0.03 sys=0.00, real=0.01 secs] 
Heap after GC invocations=122 (full 8):
 par new generation   total 109248K, used 21824K [0x00000000e0000000, 0x00000000e8000000, 0x00000000e8000000)
  eden space 87424K,   0% used [0x00000000e0000000, 0x00000000e0000000, 0x00000000e5560000)
  from space 21824K, 100% used [0x00000000e5560000, 0x00000000e6ab0000, 0x00000000e6ab0000)
  to   space 21824K,   0% used [0x00000000e6ab0000, 0x00000000e6ab0000, 0x00000000e8000000)
 concurrent mark-sweep generation total 393216K, used 92512K [0x00000000e8000000, 0x0000000100000000, 0x0000000100000000)
 Metaspace       used 62068K, capacity 63936K, committed 63988K, reserved 1105920K
  class space    used 7309K, capacity 7755K, committed 7776K, reserved 1048576K
}
2020-06-27T17:27:27.525+0100: 749.785: Total time for which application threads were stopped: 0.0146193 seconds, Stopping threads took: 0.0000690 seconds
2020-06-27T17:27:27.525+0100: 749.785: Total time for which application threads were stopped: 0.0001669 seconds, Stopping threads took: 0.0000840 seconds
2020-06-27T17:27:27.525+0100: 749.785: Total time for which application threads were stopped: 0.0001398 seconds, Stopping threads took: 0.0000567 seconds
2020-06-27T17:27:27.525+0100: 749.785: Total time for which application threads were stopped: 0.0001472 seconds, Stopping threads took: 0.0000544 seconds
2020-06-27T17:27:27.526+0100: 749.786: Total time for which application threads were stopped: 0.0001027 seconds, Stopping threads took: 0.0000527 seconds
2020-06-27T17:27:27.526+0100: 749.786: Total time for which application threads were stopped: 0.0001135 seconds, Stopping threads took: 0.0000552 seconds
{Heap before GC invocations=122 (full 8):
 par new generation   total 109248K, used 109248K [0x00000000e0000000, 0x00000000e8000000, 0x00000000e8000000)
  eden space 87424K, 100% used [0x00000000e0000000, 0x00000000e5560000, 0x00000000e5560000)
  from space 21824K, 100% used [0x00000000e5560000, 0x00000000e6ab0000, 0x00000000e6ab0000)
  to   space 21824K,   0% used [0x00000000e6ab0000, 0x00000000e6ab0000, 0x00000000e8000000)
 concurrent mark-sweep generation total 393216K, used 92512K [0x00000000e8000000, 0x0000000100000000, 0x0000000100000000)
 Metaspace       used 62073K, capacity 63936K, committed 63988K, reserved 1105920K
  class space    used 7309K, capacity 7755K, committed 7776K, reserved 1048576K
2020-06-27T17:27:27.659+0100: 749.919: [GC (Allocation Failure) 2020-06-27T17:27:27.659+0100: 749.919: [ParNew
Desired survivor size 20112992 bytes, new threshold 8 (max 8)
- age   1:    4927200 bytes,    4927200 total
- age   2:    3255104 bytes,    8182304 total
- age   3:    3105624 bytes,   11287928 total
- age   4:    3786848 bytes,   15074776 total
- age   6:    2720912 bytes,   17795688 total
- age   7:     883720 bytes,   18679408 total
- age   8:    3661128 bytes,   22340536 total
: 109248K->21824K(109248K), 0.0203799 secs] 201760K->122573K(502464K), 0.0204767 secs] [Times: user=0.08 sys=0.00, real=0.02 secs] 
Heap after GC invocations=123 (full 8):
 par new generation   total 109248K, used 21824K [0x00000000e0000000, 0x00000000e8000000, 0x00000000e8000000)
  eden space 87424K,   0% used [0x00000000e0000000, 0x00000000e0000000, 0x00000000e5560000)
  from space 21824K, 100% used [0x00000000e6ab0000, 0x00000000e8000000, 0x00000000e8000000)
  to   space 21824K,   0% used [0x00000000e5560000, 0x00000000e5560000, 0x00000000e6ab0000)
 concurrent mark-sweep generation total 393216K, used 100749K [0x00000000e8000000, 0x0000000100000000, 0x0000000100000000)
 Metaspace       used 62073K, capacity 63936K, committed 63988K, reserved 1105920K
  class space    used 7309K, capacity 7755K, committed 7776K, reserved 1048576K
}
2020-06-27T17:27:27.679+0100: 749.939: Total time for which application threads were stopped: 0.0207830 seconds, Stopping threads took: 0.0000688 seconds
2020-06-27T17:27:27.680+0100: 749.940: Total time for which application threads were stopped: 0.0004548 seconds, Stopping threads took: 0.0001356 seconds
2020-06-27T17:27:27.680+0100: 749.941: Total time for which application threads were stopped: 0.0001357 seconds, Stopping threads took: 0.0000732 seconds
2020-06-27T17:27:28.354+0100: 750.614: Total time for which application threads were stopped: 0.0002121 seconds, Stopping threads took: 0.0000957 seconds
2020-06-27T17:27:28.355+0100: 750.615: Total time for which application threads were stopped: 0.0002079 seconds, Stopping threads took: 0.0001343 seconds
2020-06-27T17:27:28.363+0100: 750.624: Total time for which application threads were stopped: 0.0001605 seconds, Stopping threads took: 0.0000657 seconds
2020-06-27T17:27:28.364+0100: 750.624: Total time for which application threads were stopped: 0.0001038 seconds, Stopping threads took: 0.0000376 seconds
2020-06-27T17:27:28.364+0100: 750.624: Total time for which application threads were stopped: 0.0001091 seconds, Stopping threads took: 0.0000386 seconds
2020-06-27T17:27:28.364+0100: 750.624: Total time for which application threads were stopped: 0.0000963 seconds, Stopping threads took: 0.0000329 seconds
2020-06-27T17:27:28.364+0100: 750.624: Total time for which application threads were stopped: 0.0000857 seconds, Stopping threads took: 0.0000340 seconds
2020-06-27T17:27:35.561+0100: 757.821: Total time for which application threads were stopped: 0.0002559 seconds, Stopping threads took: 0.0002057 seconds
2020-06-27T17:27:35.567+0100: 757.827: Total time for which application threads were stopped: 0.0001524 seconds, Stopping threads took: 0.0000893 seconds
2020-06-27T17:27:35.568+0100: 757.828: Total time for which application threads were stopped: 0.0001153 seconds, Stopping threads took: 0.0000604 seconds
2020-06-27T17:27:35.575+0100: 757.836: Total time for which application threads were stopped: 0.0002259 seconds, Stopping threads took: 0.0000516 seconds
2020-06-27T17:27:35.577+0100: 757.837: Total time for which application threads were stopped: 0.0001210 seconds, Stopping threads took: 0.0000534 seconds
{Heap before GC invocations=123 (full 8):
 par new generation   total 109248K, used 109248K [0x00000000e0000000, 0x00000000e8000000, 0x00000000e8000000)
  eden space 87424K, 100% used [0x00000000e0000000, 0x00000000e5560000, 0x00000000e5560000)
  from space 21824K, 100% used [0x00000000e6ab0000, 0x00000000e8000000, 0x00000000e8000000)
  to   space 21824K,   0% used [0x00000000e5560000, 0x00000000e5560000, 0x00000000e6ab0000)
 concurrent mark-sweep generation total 393216K, used 100749K [0x00000000e8000000, 0x0000000100000000, 0x0000000100000000)
 Metaspace       used 62118K, capacity 64064K, committed 64244K, reserved 1105920K
  class space    used 7309K, capacity 7755K, committed 7776K, reserved 1048576K
2020-06-27T17:27:35.659+0100: 757.919: [GC (Allocation Failure) 2020-06-27T17:27:35.659+0100: 757.919: [ParNew
Desired survivor size 20112992 bytes, new threshold 7 (max 8)
- age   1:    5377016 bytes,    5377016 total
- age   2:    2976296 bytes,    8353312 total
- age   3:    3253272 bytes,   11606584 total
- age   4:    2766032 bytes,   14372616 total
- age   5:    3786240 bytes,   18158856 total
- age   7:    2720912 bytes,   20879768 total
- age   8:     881432 bytes,   21761200 total
: 109248K->21824K(109248K), 0.0166908 secs] 209997K->131078K(502464K), 0.0167735 secs] [Times: user=0.06 sys=0.00, real=0.02 secs] 
Heap after GC invocations=124 (full 8):
 par new generation   total 109248K, used 21824K [0x00000000e0000000, 0x00000000e8000000, 0x00000000e8000000)
  eden space 87424K,   0% used [0x00000000e0000000, 0x00000000e0000000, 0x00000000e5560000)
  from space 21824K, 100% used [0x00000000e5560000, 0x00000000e6ab0000, 0x00000000e6ab0000)
  to   space 21824K,   0% used [0x00000000e6ab0000, 0x00000000e6ab0000, 0x00000000e8000000)
 concurrent mark-sweep generation total 393216K, used 109254K [0x00000000e8000000, 0x0000000100000000, 0x0000000100000000)
 Metaspace       used 62118K, capacity 64064K, committed 64244K, reserved 1105920K
  class space    used 7309K, capacity 7755K, committed 7776K, reserved 1048576K
}
2020-06-27T17:27:35.676+0100: 757.936: Total time for which application threads were stopped: 0.0170227 seconds, Stopping threads took: 0.0000614 seconds
2020-06-27T17:27:35.676+0100: 757.936: Total time for which application threads were stopped: 0.0001482 seconds, Stopping threads took: 0.0000690 seconds
2020-06-27T17:27:35.691+0100: 757.951: Total time for which application threads were stopped: 0.0001437 seconds, Stopping threads took: 0.0000687 seconds
{Heap before GC invocations=124 (full 8):
 par new generation   total 109248K, used 109248K [0x00000000e0000000, 0x00000000e8000000, 0x00000000e8000000)
  eden space 87424K, 100% used [0x00000000e0000000, 0x00000000e5560000, 0x00000000e5560000)
  from space 21824K, 100% used [0x00000000e5560000, 0x00000000e6ab0000, 0x00000000e6ab0000)
  to   space 21824K,   0% used [0x00000000e6ab0000, 0x00000000e6ab0000, 0x00000000e8000000)
 concurrent mark-sweep generation total 393216K, used 109254K [0x00000000e8000000, 0x0000000100000000, 0x0000000100000000)
 Metaspace       used 62119K, capacity 64064K, committed 64244K, reserved 1105920K
  class space    used 7309K, capacity 7755K, committed 7776K, reserved 1048576K
2020-06-27T17:27:35.802+0100: 758.062: [GC (Allocation Failure) 2020-06-27T17:27:35.802+0100: 758.062: [ParNew
Desired survivor size 20112992 bytes, new threshold 6 (max 8)
- age   1:    5493040 bytes,    5493040 total
- age   2:    4088512 bytes,    9581552 total
- age   3:    2939720 bytes,   12521272 total
- age   4:    3253272 bytes,   15774544 total
- age   5:    2764840 bytes,   18539384 total
- age   6:    3786240 bytes,   22325624 total
: 109248K->21824K(109248K), 0.0177214 secs] 218502K->140892K(502464K), 0.0178550 secs] [Times: user=0.08 sys=0.00, real=0.02 secs] 
Heap after GC invocations=125 (full 8):
 par new generation   total 109248K, used 21824K [0x00000000e0000000, 0x00000000e8000000, 0x00000000e8000000)
  eden space 87424K,   0% used [0x00000000e0000000, 0x00000000e0000000, 0x00000000e5560000)
  from space 21824K, 100% used [0x00000000e6ab0000, 0x00000000e8000000, 0x00000000e8000000)
  to   space 21824K,   0% used [0x00000000e5560000, 0x00000000e5560000, 0x00000000e6ab0000)
 concurrent mark-sweep generation total 393216K, used 119068K [0x00000000e8000000, 0x0000000100000000, 0x0000000100000000)
 Metaspace       used 62119K, capacity 64064K, committed 64244K, reserved 1105920K
  class space    used 7309K, capacity 7755K, committed 7776K, reserved 1048576K
}
2020-06-27T17:27:35.820+0100: 758.080: Total time for which application threads were stopped: 0.0182514 seconds, Stopping threads took: 0.0000811 seconds
2020-06-27T17:27:35.821+0100: 758.081: Total time for which application threads were stopped: 0.0002155 seconds, Stopping threads took: 0.0000652 seconds
2020-06-27T17:27:35.822+0100: 758.082: Total time for which application threads were stopped: 0.0003074 seconds, Stopping threads took: 0.0001574 seconds
{Heap before GC invocations=125 (full 8):
 par new generation   total 109248K, used 109248K [0x00000000e0000000, 0x00000000e8000000, 0x00000000e8000000)
  eden space 87424K, 100% used [0x00000000e0000000, 0x00000000e5560000, 0x00000000e5560000)
  from space 21824K, 100% used [0x00000000e6ab0000, 0x00000000e8000000, 0x00000000e8000000)
  to   space 21824K,   0% used [0x00000000e5560000, 0x00000000e5560000, 0x00000000e6ab0000)
 concurrent mark-sweep generation total 393216K, used 119068K [0x00000000e8000000, 0x0000000100000000, 0x0000000100000000)
 Metaspace       used 62119K, capacity 64064K, committed 64244K, reserved 1105920K
  class space    used 7309K, capacity 7755K, committed 7776K, reserved 1048576K
2020-06-27T17:27:35.944+0100: 758.204: [GC (Allocation Failure) 2020-06-27T17:27:35.944+0100: 758.204: [ParNew
Desired survivor size 20112992 bytes, new threshold 6 (max 8)
- age   1:    5338768 bytes,    5338768 total
- age   2:    3944680 bytes,    9283448 total
- age   3:    3802736 bytes,   13086184 total
- age   4:    2939720 bytes,   16025904 total
- age   5:    3253272 bytes,   19279176 total
- age   6:    2764760 bytes,   22043936 total
: 109248K->21824K(109248K), 0.0190659 secs] 228316K->150365K(502464K), 0.0191419 secs] [Times: user=0.02 sys=0.00, real=0.02 secs] 
Heap after GC invocations=126 (full 8):
 par new generation   total 109248K, used 21824K [0x00000000e0000000, 0x00000000e8000000, 0x00000000e8000000)
  eden space 87424K,   0% used [0x00000000e0000000, 0x00000000e0000000, 0x00000000e5560000)
  from space 21824K, 100% used [0x00000000e5560000, 0x00000000e6ab0000, 0x00000000e6ab0000)
  to   space 21824K,   0% used [0x00000000e6ab0000, 0x00000000e6ab0000, 0x00000000e8000000)
 concurrent mark-sweep generation total 393216K, used 128541K [0x00000000e8000000, 0x0000000100000000, 0x0000000100000000)
 Metaspace       used 62119K, capacity 64064K, committed 64244K, reserved 1105920K
  class space    used 7309K, capacity 7755K, committed 7776K, reserved 1048576K
}
2020-06-27T17:27:35.963+0100: 758.223: Total time for which application threads were stopped: 0.0194317 seconds, Stopping threads took: 0.0000776 seconds
2020-06-27T17:27:35.963+0100: 758.223: Total time for which application threads were stopped: 0.0002885 seconds, Stopping threads took: 0.0001236 seconds
2020-06-27T17:27:35.964+0100: 758.224: Total time for which application threads were stopped: 0.0002389 seconds, Stopping threads took: 0.0000905 seconds
2020-06-27T17:27:36.141+0100: 758.401: Total time for which application threads were stopped: 0.0001326 seconds, Stopping threads took: 0.0000469 seconds
2020-06-27T17:27:36.947+0100: 759.207: Total time for which application threads were stopped: 0.0001798 seconds, Stopping threads took: 0.0000872 seconds
2020-06-27T17:27:36.948+0100: 759.208: Total time for which application threads were stopped: 0.0001657 seconds, Stopping threads took: 0.0000732 seconds
2020-06-27T17:27:36.958+0100: 759.218: Total time for which application threads were stopped: 0.0001296 seconds, Stopping threads took: 0.0000548 seconds
2020-06-27T17:27:36.959+0100: 759.219: Total time for which application threads were stopped: 0.0001269 seconds, Stopping threads took: 0.0000532 seconds
2020-06-27T17:27:36.959+0100: 759.219: Total time for which application threads were stopped: 0.0000917 seconds, Stopping threads took: 0.0000494 seconds
2020-06-27T17:27:36.959+0100: 759.219: Total time for which application threads were stopped: 0.0000969 seconds, Stopping threads took: 0.0000404 seconds
2020-06-27T17:27:40.795+0100: 763.055: Total time for which application threads were stopped: 0.0001649 seconds, Stopping threads took: 0.0000713 seconds
2020-06-27T17:27:40.797+0100: 763.057: Total time for which application threads were stopped: 0.0001940 seconds, Stopping threads took: 0.0001120 seconds
2020-06-27T17:27:40.811+0100: 763.071: Total time for which application threads were stopped: 0.0004530 seconds, Stopping threads took: 0.0003583 seconds
2020-06-27T17:27:40.813+0100: 763.074: Total time for which application threads were stopped: 0.0002804 seconds, Stopping threads took: 0.0002089 seconds
{Heap before GC invocations=126 (full 8):
 par new generation   total 109248K, used 109248K [0x00000000e0000000, 0x00000000e8000000, 0x00000000e8000000)
  eden space 87424K, 100% used [0x00000000e0000000, 0x00000000e5560000, 0x00000000e5560000)
  from space 21824K, 100% used [0x00000000e5560000, 0x00000000e6ab0000, 0x00000000e6ab0000)
  to   space 21824K,   0% used [0x00000000e6ab0000, 0x00000000e6ab0000, 0x00000000e8000000)
 concurrent mark-sweep generation total 393216K, used 128541K [0x00000000e8000000, 0x0000000100000000, 0x0000000100000000)
 Metaspace       used 62146K, capacity 64064K, committed 64244K, reserved 1105920K
  class space    used 7309K, capacity 7755K, committed 7776K, reserved 1048576K
2020-06-27T17:27:40.880+0100: 763.140: [GC (Allocation Failure) 2020-06-27T17:27:40.880+0100: 763.140: [ParNew
Desired survivor size 20112992 bytes, new threshold 6 (max 8)
- age   1:    4691512 bytes,    4691512 total
- age   2:    4531800 bytes,    9223312 total
- age   3:    3461992 bytes,   12685304 total
- age   4:    3465920 bytes,   16151224 total
- age   5:    2939720 bytes,   19090944 total
- age   6:    3251976 bytes,   22342920 total
: 109248K->21824K(109248K), 0.0180423 secs] 237789K->159248K(502464K), 0.0181211 secs] [Times: user=0.08 sys=0.03, real=0.02 secs] 
Heap after GC invocations=127 (full 8):
 par new generation   total 109248K, used 21824K [0x00000000e0000000, 0x00000000e8000000, 0x00000000e8000000)
  eden space 87424K,   0% used [0x00000000e0000000, 0x00000000e0000000, 0x00000000e5560000)
  from space 21824K, 100% used [0x00000000e6ab0000, 0x00000000e8000000, 0x00000000e8000000)
  to   space 21824K,   0% used [0x00000000e5560000, 0x00000000e5560000, 0x00000000e6ab0000)
 concurrent mark-sweep generation total 393216K, used 137424K [0x00000000e8000000, 0x0000000100000000, 0x0000000100000000)
 Metaspace       used 62146K, capacity 64064K, committed 64244K, reserved 1105920K
  class space    used 7309K, capacity 7755K, committed 7776K, reserved 1048576K
}
2020-06-27T17:27:40.898+0100: 763.158: Total time for which application threads were stopped: 0.0183881 seconds, Stopping threads took: 0.0000719 seconds
2020-06-27T17:27:40.898+0100: 763.159: Total time for which application threads were stopped: 0.0001947 seconds, Stopping threads took: 0.0000859 seconds
2020-06-27T17:27:40.941+0100: 763.201: Total time for which application threads were stopped: 0.0001544 seconds, Stopping threads took: 0.0000651 seconds
{Heap before GC invocations=127 (full 8):
 par new generation   total 109248K, used 109248K [0x00000000e0000000, 0x00000000e8000000, 0x00000000e8000000)
  eden space 87424K, 100% used [0x00000000e0000000, 0x00000000e5560000, 0x00000000e5560000)
  from space 21824K, 100% used [0x00000000e6ab0000, 0x00000000e8000000, 0x00000000e8000000)
  to   space 21824K,   0% used [0x00000000e5560000, 0x00000000e5560000, 0x00000000e6ab0000)
 concurrent mark-sweep generation total 393216K, used 137424K [0x00000000e8000000, 0x0000000100000000, 0x0000000100000000)
 Metaspace       used 62146K, capacity 64064K, committed 64244K, reserved 1105920K
  class space    used 7309K, capacity 7755K, committed 7776K, reserved 1048576K
2020-06-27T17:27:40.999+0100: 763.259: [GC (Allocation Failure) 2020-06-27T17:27:40.999+0100: 763.259: [ParNew
Desired survivor size 20112992 bytes, new threshold 6 (max 8)
- age   1:    3358240 bytes,    3358240 total
- age   2:    4531704 bytes,    7889944 total
- age   3:    4526040 bytes,   12415984 total
- age   4:    3445744 bytes,   15861728 total
- age   5:    3460384 bytes,   19322112 total
- age   6:    2931360 bytes,   22253472 total
: 109248K->21824K(109248K), 0.0175926 secs] 246672K->169061K(502464K), 0.0176572 secs] [Times: user=0.06 sys=0.00, real=0.02 secs] 
Heap after GC invocations=128 (full 8):
 par new generation   total 109248K, used 21824K [0x00000000e0000000, 0x00000000e8000000, 0x00000000e8000000)
  eden space 87424K,   0% used [0x00000000e0000000, 0x00000000e0000000, 0x00000000e5560000)
  from space 21824K, 100% used [0x00000000e5560000, 0x00000000e6ab0000, 0x00000000e6ab0000)
  to   space 21824K,   0% used [0x00000000e6ab0000, 0x00000000e6ab0000, 0x00000000e8000000)
 concurrent mark-sweep generation total 393216K, used 147237K [0x00000000e8000000, 0x0000000100000000, 0x0000000100000000)
 Metaspace       used 62146K, capacity 64064K, committed 64244K, reserved 1105920K
  class space    used 7309K, capacity 7755K, committed 7776K, reserved 1048576K
}
2020-06-27T17:27:41.017+0100: 763.277: Total time for which application threads were stopped: 0.0178789 seconds, Stopping threads took: 0.0000611 seconds
2020-06-27T17:27:41.017+0100: 763.277: Total time for which application threads were stopped: 0.0001512 seconds, Stopping threads took: 0.0000720 seconds
2020-06-27T17:27:41.017+0100: 763.277: Total time for which application threads were stopped: 0.0001536 seconds, Stopping threads took: 0.0000558 seconds
{Heap before GC invocations=128 (full 8):
 par new generation   total 109248K, used 109248K [0x00000000e0000000, 0x00000000e8000000, 0x00000000e8000000)
  eden space 87424K, 100% used [0x00000000e0000000, 0x00000000e5560000, 0x00000000e5560000)
  from space 21824K, 100% used [0x00000000e5560000, 0x00000000e6ab0000, 0x00000000e6ab0000)
  to   space 21824K,   0% used [0x00000000e6ab0000, 0x00000000e6ab0000, 0x00000000e8000000)
 concurrent mark-sweep generation total 393216K, used 147237K [0x00000000e8000000, 0x0000000100000000, 0x0000000100000000)
 Metaspace       used 62146K, capacity 64064K, committed 64244K, reserved 1105920K
  class space    used 7309K, capacity 7755K, committed 7776K, reserved 1048576K
2020-06-27T17:27:41.138+0100: 763.399: [GC (Allocation Failure) 2020-06-27T17:27:41.138+0100: 763.399: [ParNew
Desired survivor size 20112992 bytes, new threshold 6 (max 8)
- age   1:    3310376 bytes,    3310376 total
- age   2:    2387200 bytes,    5697576 total
- age   3:    4531568 bytes,   10229144 total
- age   4:    4523512 bytes,   14752656 total
- age   5:    3173368 bytes,   17926024 total
- age   6:    3460280 bytes,   21386304 total
: 109248K->21824K(109248K), 0.0168707 secs] 256485K->176294K(502464K), 0.0169485 secs] [Times: user=0.06 sys=0.00, real=0.02 secs] 
Heap after GC invocations=129 (full 8):
 par new generation   total 109248K, used 21824K [0x00000000e0000000, 0x00000000e8000000, 0x00000000e8000000)
  eden space 87424K,   0% used [0x00000000e0000000, 0x00000000e0000000, 0x00000000e5560000)
  from space 21824K, 100% used [0x00000000e6ab0000, 0x00000000e8000000, 0x00000000e8000000)
  to   space 21824K,   0% used [0x00000000e5560000, 0x00000000e5560000, 0x00000000e6ab0000)
 concurrent mark-sweep generation total 393216K, used 154470K [0x00000000e8000000, 0x0000000100000000, 0x0000000100000000)
 Metaspace       used 62146K, capacity 64064K, committed 64244K, reserved 1105920K
  class space    used 7309K, capacity 7755K, committed 7776K, reserved 1048576K
}
2020-06-27T17:27:41.155+0100: 763.416: Total time for which application threads were stopped: 0.0172405 seconds, Stopping threads took: 0.0000795 seconds
2020-06-27T17:27:41.156+0100: 763.416: Total time for which application threads were stopped: 0.0001432 seconds, Stopping threads took: 0.0000693 seconds
2020-06-27T17:27:41.156+0100: 763.416: Total time for which application threads were stopped: 0.0001244 seconds, Stopping threads took: 0.0000553 seconds
2020-06-27T17:27:42.179+0100: 764.439: Total time for which application threads were stopped: 0.0223364 seconds, Stopping threads took: 0.0221796 seconds
2020-06-27T17:27:42.226+0100: 764.486: Total time for which application threads were stopped: 0.0002066 seconds, Stopping threads took: 0.0000880 seconds
2020-06-27T17:27:42.226+0100: 764.486: Total time for which application threads were stopped: 0.0001407 seconds, Stopping threads took: 0.0000607 seconds
2020-06-27T17:27:42.226+0100: 764.487: Total time for which application threads were stopped: 0.0001404 seconds, Stopping threads took: 0.0000629 seconds
2020-06-27T17:27:42.227+0100: 764.487: Total time for which application threads were stopped: 0.0001103 seconds, Stopping threads took: 0.0000555 seconds
2020-06-27T17:27:42.229+0100: 764.489: Total time for which application threads were stopped: 0.0001356 seconds, Stopping threads took: 0.0000500 seconds
2020-06-27T17:27:42.230+0100: 764.491: Total time for which application threads were stopped: 0.0001399 seconds, Stopping threads took: 0.0000535 seconds
2020-06-27T17:27:42.231+0100: 764.491: Total time for which application threads were stopped: 0.0001542 seconds, Stopping threads took: 0.0000551 seconds
2020-06-27T17:27:42.231+0100: 764.491: Total time for which application threads were stopped: 0.0001104 seconds, Stopping threads took: 0.0000537 seconds
2020-06-27T17:27:47.308+0100: 769.569: Total time for which application threads were stopped: 0.0001902 seconds, Stopping threads took: 0.0001427 seconds
2020-06-27T17:27:47.318+0100: 769.578: Total time for which application threads were stopped: 0.0001099 seconds, Stopping threads took: 0.0000571 seconds
2020-06-27T17:27:47.319+0100: 769.579: Total time for which application threads were stopped: 0.0000960 seconds, Stopping threads took: 0.0000453 seconds
2020-06-27T17:27:47.324+0100: 769.584: Total time for which application threads were stopped: 0.0001811 seconds, Stopping threads took: 0.0000746 seconds
2020-06-27T17:27:47.325+0100: 769.585: Total time for which application threads were stopped: 0.0001784 seconds, Stopping threads took: 0.0000750 seconds
{Heap before GC invocations=129 (full 8):
 par new generation   total 109248K, used 109248K [0x00000000e0000000, 0x00000000e8000000, 0x00000000e8000000)
  eden space 87424K, 100% used [0x00000000e0000000, 0x00000000e5560000, 0x00000000e5560000)
  from space 21824K, 100% used [0x00000000e6ab0000, 0x00000000e8000000, 0x00000000e8000000)
  to   space 21824K,   0% used [0x00000000e5560000, 0x00000000e5560000, 0x00000000e6ab0000)
 concurrent mark-sweep generation total 393216K, used 154470K [0x00000000e8000000, 0x0000000100000000, 0x0000000100000000)
 Metaspace       used 62168K, capacity 64084K, committed 64244K, reserved 1105920K
  class space    used 7309K, capacity 7755K, committed 7776K, reserved 1048576K
2020-06-27T17:27:47.346+0100: 769.607: [GC (Allocation Failure) 2020-06-27T17:27:47.347+0100: 769.607: [ParNew
Desired survivor size 20112992 bytes, new threshold 8 (max 8)
- age   1:    3513184 bytes,    3513184 total
- age   2:    1986416 bytes,    5499600 total
- age   3:    2227192 bytes,    7726792 total
- age   4:    4437400 bytes,   12164192 total
- age   5:    4523512 bytes,   16687704 total
- age   6:    3173368 bytes,   19861072 total
: 109248K->21824K(109248K), 0.0167443 secs] 263718K->180148K(502464K), 0.0168444 secs] [Times: user=0.06 sys=0.00, real=0.02 secs] 
Heap after GC invocations=130 (full 8):
 par new generation   total 109248K, used 21824K [0x00000000e0000000, 0x00000000e8000000, 0x00000000e8000000)
  eden space 87424K,   0% used [0x00000000e0000000, 0x00000000e0000000, 0x00000000e5560000)
  from space 21824K, 100% used [0x00000000e5560000, 0x00000000e6ab0000, 0x00000000e6ab0000)
  to   space 21824K,   0% used [0x00000000e6ab0000, 0x00000000e6ab0000, 0x00000000e8000000)
 concurrent mark-sweep generation total 393216K, used 158324K [0x00000000e8000000, 0x0000000100000000, 0x0000000100000000)
 Metaspace       used 62168K, capacity 64084K, committed 64244K, reserved 1105920K
  class space    used 7309K, capacity 7755K, committed 7776K, reserved 1048576K
}
2020-06-27T17:27:47.363+0100: 769.624: Total time for which application threads were stopped: 0.0170975 seconds, Stopping threads took: 0.0000698 seconds
2020-06-27T17:27:47.461+0100: 769.722: Total time for which application threads were stopped: 0.0001455 seconds, Stopping threads took: 0.0000690 seconds
{Heap before GC invocations=130 (full 8):
 par new generation   total 109248K, used 109248K [0x00000000e0000000, 0x00000000e8000000, 0x00000000e8000000)
  eden space 87424K, 100% used [0x00000000e0000000, 0x00000000e5560000, 0x00000000e5560000)
  from space 21824K, 100% used [0x00000000e5560000, 0x00000000e6ab0000, 0x00000000e6ab0000)
  to   space 21824K,   0% used [0x00000000e6ab0000, 0x00000000e6ab0000, 0x00000000e8000000)
 concurrent mark-sweep generation total 393216K, used 158324K [0x00000000e8000000, 0x0000000100000000, 0x0000000100000000)
 Metaspace       used 62172K, capacity 64086K, committed 64244K, reserved 1105920K
  class space    used 7310K, capacity 7756K, committed 7776K, reserved 1048576K
2020-06-27T17:27:47.496+0100: 769.756: [GC (Allocation Failure) 2020-06-27T17:27:47.496+0100: 769.756: [ParNew
Desired survivor size 20112992 bytes, new threshold 7 (max 8)
- age   1:    3186880 bytes,    3186880 total
- age   2:    3146872 bytes,    6333752 total
- age   3:    1648480 bytes,    7982232 total
- age   4:    2227016 bytes,   10209248 total
- age   5:    4437336 bytes,   14646584 total
- age   6:    4520656 bytes,   19167240 total
- age   7:    3173368 bytes,   22340608 total
: 109248K->21824K(109248K), 0.0145540 secs] 267572K->186632K(502464K), 0.0146169 secs] [Times: user=0.06 sys=0.00, real=0.01 secs] 
Heap after GC invocations=131 (full 8):
 par new generation   total 109248K, used 21824K [0x00000000e0000000, 0x00000000e8000000, 0x00000000e8000000)
  eden space 87424K,   0% used [0x00000000e0000000, 0x00000000e0000000, 0x00000000e5560000)
  from space 21824K, 100% used [0x00000000e6ab0000, 0x00000000e8000000, 0x00000000e8000000)
  to   space 21824K,   0% used [0x00000000e5560000, 0x00000000e5560000, 0x00000000e6ab0000)
 concurrent mark-sweep generation total 393216K, used 164808K [0x00000000e8000000, 0x0000000100000000, 0x0000000100000000)
 Metaspace       used 62172K, capacity 64086K, committed 64244K, reserved 1105920K
  class space    used 7310K, capacity 7756K, committed 7776K, reserved 1048576K
}
2020-06-27T17:27:47.510+0100: 769.771: Total time for which application threads were stopped: 0.0148586 seconds, Stopping threads took: 0.0000810 seconds
2020-06-27T17:27:47.511+0100: 769.771: Total time for which application threads were stopped: 0.0001877 seconds, Stopping threads took: 0.0000872 seconds
2020-06-27T17:27:47.511+0100: 769.771: Total time for which application threads were stopped: 0.0001310 seconds, Stopping threads took: 0.0000544 seconds
{Heap before GC invocations=131 (full 8):
 par new generation   total 109248K, used 109248K [0x00000000e0000000, 0x00000000e8000000, 0x00000000e8000000)
  eden space 87424K, 100% used [0x00000000e0000000, 0x00000000e5560000, 0x00000000e5560000)
  from space 21824K, 100% used [0x00000000e6ab0000, 0x00000000e8000000, 0x00000000e8000000)
  to   space 21824K,   0% used [0x00000000e5560000, 0x00000000e5560000, 0x00000000e6ab0000)
 concurrent mark-sweep generation total 393216K, used 164808K [0x00000000e8000000, 0x0000000100000000, 0x0000000100000000)
 Metaspace       used 62172K, capacity 64086K, committed 64244K, reserved 1105920K
  class space    used 7310K, capacity 7756K, committed 7776K, reserved 1048576K
2020-06-27T17:27:47.614+0100: 769.874: [GC (Allocation Failure) 2020-06-27T17:27:47.614+0100: 769.874: [ParNew
Desired survivor size 20112992 bytes, new threshold 7 (max 8)
- age   1:    3820528 bytes,    3820528 total
- age   2:    2557984 bytes,    6378512 total
- age   3:    3145176 bytes,    9523688 total
- age   4:    1597544 bytes,   11121232 total
- age   5:    2167152 bytes,   13288384 total
- age   6:    4221096 bytes,   17509480 total
- age   7:    4503592 bytes,   22013072 total
: 109248K->21824K(109248K), 0.0189293 secs] 274056K->195768K(502464K), 0.0189898 secs] [Times: user=0.08 sys=0.00, real=0.02 secs] 
Heap after GC invocations=132 (full 8):
 par new generation   total 109248K, used 21824K [0x00000000e0000000, 0x00000000e8000000, 0x00000000e8000000)
  eden space 87424K,   0% used [0x00000000e0000000, 0x00000000e0000000, 0x00000000e5560000)
  from space 21824K, 100% used [0x00000000e5560000, 0x00000000e6ab0000, 0x00000000e6ab0000)
  to   space 21824K,   0% used [0x00000000e6ab0000, 0x00000000e6ab0000, 0x00000000e8000000)
 concurrent mark-sweep generation total 393216K, used 173944K [0x00000000e8000000, 0x0000000100000000, 0x0000000100000000)
 Metaspace       used 62172K, capacity 64086K, committed 64244K, reserved 1105920K
  class space    used 7310K, capacity 7756K, committed 7776K, reserved 1048576K
}
2020-06-27T17:27:47.633+0100: 769.893: Total time for which application threads were stopped: 0.0192766 seconds, Stopping threads took: 0.0000783 seconds
2020-06-27T17:27:47.633+0100: 769.893: Total time for which application threads were stopped: 0.0001832 seconds, Stopping threads took: 0.0000788 seconds
2020-06-27T17:27:47.633+0100: 769.894: Total time for which application threads were stopped: 0.0001166 seconds, Stopping threads took: 0.0000570 seconds
{Heap before GC invocations=132 (full 8):
 par new generation   total 109248K, used 109248K [0x00000000e0000000, 0x00000000e8000000, 0x00000000e8000000)
  eden space 87424K, 100% used [0x00000000e0000000, 0x00000000e5560000, 0x00000000e5560000)
  from space 21824K, 100% used [0x00000000e5560000, 0x00000000e6ab0000, 0x00000000e6ab0000)
  to   space 21824K,   0% used [0x00000000e6ab0000, 0x00000000e6ab0000, 0x00000000e8000000)
 concurrent mark-sweep generation total 393216K, used 173944K [0x00000000e8000000, 0x0000000100000000, 0x0000000100000000)
 Metaspace       used 62172K, capacity 64086K, committed 64244K, reserved 1105920K
  class space    used 7310K, capacity 7756K, committed 7776K, reserved 1048576K
2020-06-27T17:27:47.753+0100: 770.013: [GC (Allocation Failure) 2020-06-27T17:27:47.753+0100: 770.013: [ParNew
Desired survivor size 20112992 bytes, new threshold 7 (max 8)
- age   1:    3666720 bytes,    3666720 total
- age   2:    3088256 bytes,    6754976 total
- age   3:    2553688 bytes,    9308664 total
- age   4:    3145176 bytes,   12453840 total
- age   5:    1597544 bytes,   14051384 total
- age   6:    2045280 bytes,   16096664 total
- age   7:    4076752 bytes,   20173416 total
: 109248K->21824K(109248K), 0.0228687 secs] 283192K->207790K(502464K), 0.0229463 secs] [Times: user=0.11 sys=0.00, real=0.02 secs] 
Heap after GC invocations=133 (full 8):
 par new generation   total 109248K, used 21824K [0x00000000e0000000, 0x00000000e8000000, 0x00000000e8000000)
  eden space 87424K,   0% used [0x00000000e0000000, 0x00000000e0000000, 0x00000000e5560000)
  from space 21824K, 100% used [0x00000000e6ab0000, 0x00000000e8000000, 0x00000000e8000000)
  to   space 21824K,   0% used [0x00000000e5560000, 0x00000000e5560000, 0x00000000e6ab0000)
 concurrent mark-sweep generation total 393216K, used 185966K [0x00000000e8000000, 0x0000000100000000, 0x0000000100000000)
 Metaspace       used 62172K, capacity 64086K, committed 64244K, reserved 1105920K
  class space    used 7310K, capacity 7756K, committed 7776K, reserved 1048576K
}
2020-06-27T17:27:47.776+0100: 770.036: Total time for which application threads were stopped: 0.0232679 seconds, Stopping threads took: 0.0000653 seconds
2020-06-27T17:27:47.776+0100: 770.037: Total time for which application threads were stopped: 0.0002636 seconds, Stopping threads took: 0.0000764 seconds
2020-06-27T17:27:48.156+0100: 770.416: Total time for which application threads were stopped: 0.0001630 seconds, Stopping threads took: 0.0000610 seconds
2020-06-27T17:27:48.253+0100: 770.513: Total time for which application threads were stopped: 0.0001553 seconds, Stopping threads took: 0.0000826 seconds
2020-06-27T17:27:48.256+0100: 770.516: Total time for which application threads were stopped: 0.0001166 seconds, Stopping threads took: 0.0000611 seconds
2020-06-27T17:27:48.256+0100: 770.517: Total time for which application threads were stopped: 0.0001101 seconds, Stopping threads took: 0.0000532 seconds
2020-06-27T17:27:48.257+0100: 770.517: Total time for which application threads were stopped: 0.0001118 seconds, Stopping threads took: 0.0000639 seconds
2020-06-27T17:27:48.257+0100: 770.517: Total time for which application threads were stopped: 0.0001775 seconds, Stopping threads took: 0.0000368 seconds
2020-06-27T17:27:49.275+0100: 771.535: Total time for which application threads were stopped: 0.0022076 seconds, Stopping threads took: 0.0020805 seconds
2020-06-27T17:27:49.276+0100: 771.536: Total time for which application threads were stopped: 0.0002259 seconds, Stopping threads took: 0.0001343 seconds
{Heap before GC invocations=133 (full 8):
 par new generation   total 109248K, used 109248K [0x00000000e0000000, 0x00000000e8000000, 0x00000000e8000000)
  eden space 87424K, 100% used [0x00000000e0000000, 0x00000000e5560000, 0x00000000e5560000)
  from space 21824K, 100% used [0x00000000e6ab0000, 0x00000000e8000000, 0x00000000e8000000)
  to   space 21824K,   0% used [0x00000000e5560000, 0x00000000e5560000, 0x00000000e6ab0000)
 concurrent mark-sweep generation total 393216K, used 185966K [0x00000000e8000000, 0x0000000100000000, 0x0000000100000000)
 Metaspace       used 62202K, capacity 64090K, committed 64244K, reserved 1105920K
  class space    used 7310K, capacity 7756K, committed 7776K, reserved 1048576K
2020-06-27T17:27:49.407+0100: 771.667: [GC (Allocation Failure) 2020-06-27T17:27:49.407+0100: 771.667: [ParNew
Desired survivor size 20112992 bytes, new threshold 6 (max 8)
- age   1:    7317864 bytes,    7317864 total
- age   2:    3261120 bytes,   10578984 total
- age   3:    2995584 bytes,   13574568 total
- age   4:    2215576 bytes,   15790144 total
- age   5:    2898312 bytes,   18688456 total
- age   6:    1597544 bytes,   20286000 total
- age   7:    2045280 bytes,   22331280 total
: 109248K->21824K(109248K), 0.0177211 secs] 295214K->214389K(502464K), 0.0178289 secs] [Times: user=0.06 sys=0.00, real=0.02 secs] 
Heap after GC invocations=134 (full 8):
 par new generation   total 109248K, used 21824K [0x00000000e0000000, 0x00000000e8000000, 0x00000000e8000000)
  eden space 87424K,   0% used [0x00000000e0000000, 0x00000000e0000000, 0x00000000e5560000)
  from space 21824K, 100% used [0x00000000e5560000, 0x00000000e6ab0000, 0x00000000e6ab0000)
  to   space 21824K,   0% used [0x00000000e6ab0000, 0x00000000e6ab0000, 0x00000000e8000000)
 concurrent mark-sweep generation total 393216K, used 192565K [0x00000000e8000000, 0x0000000100000000, 0x0000000100000000)
 Metaspace       used 62202K, capacity 64090K, committed 64244K, reserved 1105920K
  class space    used 7310K, capacity 7756K, committed 7776K, reserved 1048576K
}
2020-06-27T17:27:49.425+0100: 771.685: Total time for which application threads were stopped: 0.0181082 seconds, Stopping threads took: 0.0000673 seconds
2020-06-27T17:27:49.425+0100: 771.685: Total time for which application threads were stopped: 0.0002221 seconds, Stopping threads took: 0.0000941 seconds
2020-06-27T17:27:49.430+0100: 771.690: Total time for which application threads were stopped: 0.0001303 seconds, Stopping threads took: 0.0000581 seconds
{Heap before GC invocations=134 (full 8):
 par new generation   total 109248K, used 109248K [0x00000000e0000000, 0x00000000e8000000, 0x00000000e8000000)
  eden space 87424K, 100% used [0x00000000e0000000, 0x00000000e5560000, 0x00000000e5560000)
  from space 21824K, 100% used [0x00000000e5560000, 0x00000000e6ab0000, 0x00000000e6ab0000)
  to   space 21824K,   0% used [0x00000000e6ab0000, 0x00000000e6ab0000, 0x00000000e8000000)
 concurrent mark-sweep generation total 393216K, used 192565K [0x00000000e8000000, 0x0000000100000000, 0x0000000100000000)
 Metaspace       used 62202K, capacity 64090K, committed 64244K, reserved 1105920K
  class space    used 7310K, capacity 7756K, committed 7776K, reserved 1048576K
2020-06-27T17:27:49.558+0100: 771.818: [GC (Allocation Failure) 2020-06-27T17:27:49.558+0100: 771.818: [ParNew
Desired survivor size 20112992 bytes, new threshold 6 (max 8)
- age   1:    4312200 bytes,    4312200 total
- age   2:    6330072 bytes,   10642272 total
- age   3:    3261120 bytes,   13903392 total
- age   4:    2994344 bytes,   16897736 total
- age   5:    2213864 bytes,   19111600 total
- age   6:    2898168 bytes,   22009768 total
: 109248K->21824K(109248K), 0.0217056 secs] 301813K->226164K(502464K), 0.0217723 secs] [Times: user=0.06 sys=0.00, real=0.02 secs] 
Heap after GC invocations=135 (full 8):
 par new generation   total 109248K, used 21824K [0x00000000e0000000, 0x00000000e8000000, 0x00000000e8000000)
  eden space 87424K,   0% used [0x00000000e0000000, 0x00000000e0000000, 0x00000000e5560000)
  from space 21824K, 100% used [0x00000000e6ab0000, 0x00000000e8000000, 0x00000000e8000000)
  to   space 21824K,   0% used [0x00000000e5560000, 0x00000000e5560000, 0x00000000e6ab0000)
 concurrent mark-sweep generation total 393216K, used 204340K [0x00000000e8000000, 0x0000000100000000, 0x0000000100000000)
 Metaspace       used 62202K, capacity 64090K, committed 64244K, reserved 1105920K
  class space    used 7310K, capacity 7756K, committed 7776K, reserved 1048576K
}
2020-06-27T17:27:49.580+0100: 771.840: Total time for which application threads were stopped: 0.0221182 seconds, Stopping threads took: 0.0001080 seconds
2020-06-27T17:27:49.580+0100: 771.840: [GC (CMS Initial Mark) [1 CMS-initial-mark: 204340K(393216K)] 227415K(502464K), 0.0044802 secs] [Times: user=0.00 sys=0.00, real=0.00 secs] 
2020-06-27T17:27:49.584+0100: 771.845: Total time for which application threads were stopped: 0.0046542 seconds, Stopping threads took: 0.0000799 seconds
2020-06-27T17:27:49.584+0100: 771.845: [CMS-concurrent-mark-start]
2020-06-27T17:27:49.585+0100: 771.845: Total time for which application threads were stopped: 0.0001803 seconds, Stopping threads took: 0.0000720 seconds
2020-06-27T17:27:49.585+0100: 771.845: Total time for which application threads were stopped: 0.0001290 seconds, Stopping threads took: 0.0000621 seconds
2020-06-27T17:27:49.612+0100: 771.873: [CMS-concurrent-mark: 0.026/0.028 secs] [Times: user=0.09 sys=0.03, real=0.03 secs] 
2020-06-27T17:27:49.613+0100: 771.873: [CMS-concurrent-preclean-start]
2020-06-27T17:27:49.614+0100: 771.874: [CMS-concurrent-preclean: 0.002/0.002 secs] [Times: user=0.00 sys=0.00, real=0.00 secs] 
2020-06-27T17:27:49.614+0100: 771.874: [CMS-concurrent-abortable-preclean-start]
{Heap before GC invocations=135 (full 9):
 par new generation   total 109248K, used 109248K [0x00000000e0000000, 0x00000000e8000000, 0x00000000e8000000)
  eden space 87424K, 100% used [0x00000000e0000000, 0x00000000e5560000, 0x00000000e5560000)
  from space 21824K, 100% used [0x00000000e6ab0000, 0x00000000e8000000, 0x00000000e8000000)
  to   space 21824K,   0% used [0x00000000e5560000, 0x00000000e5560000, 0x00000000e6ab0000)
 concurrent mark-sweep generation total 393216K, used 204340K [0x00000000e8000000, 0x0000000100000000, 0x0000000100000000)
 Metaspace       used 62202K, capacity 64090K, committed 64244K, reserved 1105920K
  class space    used 7310K, capacity 7756K, committed 7776K, reserved 1048576K
2020-06-27T17:27:49.732+0100: 771.992: [GC (Allocation Failure) 2020-06-27T17:27:49.732+0100: 771.992: [ParNew
Desired survivor size 20112992 bytes, new threshold 6 (max 8)
- age   1:    3306192 bytes,    3306192 total
- age   2:    3884680 bytes,    7190872 total
- age   3:    5689368 bytes,   12880240 total
- age   4:    3260808 bytes,   16141048 total
- age   5:    2994344 bytes,   19135392 total
- age   6:    2213864 bytes,   21349256 total
: 109248K->21824K(109248K), 0.0245271 secs] 313588K->237796K(502464K), 0.0245851 secs] [Times: user=0.08 sys=0.00, real=0.02 secs] 
Heap after GC invocations=136 (full 9):
 par new generation   total 109248K, used 21824K [0x00000000e0000000, 0x00000000e8000000, 0x00000000e8000000)
  eden space 87424K,   0% used [0x00000000e0000000, 0x00000000e0000000, 0x00000000e5560000)
  from space 21824K, 100% used [0x00000000e5560000, 0x00000000e6ab0000, 0x00000000e6ab0000)
  to   space 21824K,   0% used [0x00000000e6ab0000, 0x00000000e6ab0000, 0x00000000e8000000)
 concurrent mark-sweep generation total 393216K, used 215972K [0x00000000e8000000, 0x0000000100000000, 0x0000000100000000)
 Metaspace       used 62202K, capacity 64090K, committed 64244K, reserved 1105920K
  class space    used 7310K, capacity 7756K, committed 7776K, reserved 1048576K
}
2020-06-27T17:27:49.757+0100: 772.017: Total time for which application threads were stopped: 0.0248279 seconds, Stopping threads took: 0.0000627 seconds
2020-06-27T17:27:49.757+0100: 772.017: [CMS-concurrent-abortable-preclean: 0.084/0.143 secs] [Times: user=0.42 sys=0.00, real=0.14 secs] 
2020-06-27T17:27:49.757+0100: 772.017: Total time for which application threads were stopped: 0.0003825 seconds, Stopping threads took: 0.0000824 seconds
2020-06-27T17:27:49.758+0100: 772.018: [GC (CMS Final Remark) [YG occupancy: 23248 K (109248 K)]{Heap before GC invocations=136 (full 9):
 par new generation   total 109248K, used 23248K [0x00000000e0000000, 0x00000000e8000000, 0x00000000e8000000)
  eden space 87424K,   1% used [0x00000000e0000000, 0x00000000e01643d0, 0x00000000e5560000)
  from space 21824K, 100% used [0x00000000e5560000, 0x00000000e6ab0000, 0x00000000e6ab0000)
  to   space 21824K,   0% used [0x00000000e6ab0000, 0x00000000e6ab0000, 0x00000000e8000000)
 concurrent mark-sweep generation total 393216K, used 215972K [0x00000000e8000000, 0x0000000100000000, 0x0000000100000000)
 Metaspace       used 62202K, capacity 64090K, committed 64244K, reserved 1105920K
  class space    used 7310K, capacity 7756K, committed 7776K, reserved 1048576K
2020-06-27T17:27:49.758+0100: 772.018: [GC (CMS Final Remark) 2020-06-27T17:27:49.758+0100: 772.018: [ParNew
Desired survivor size 20112992 bytes, new threshold 8 (max 8)
- age   1:       4400 bytes,       4400 total
- age   2:    2907840 bytes,    2912240 total
- age   3:    3613416 bytes,    6525656 total
- age   4:    5687696 bytes,   12213352 total
- age   5:    3248456 bytes,   15461808 total
- age   6:    2993960 bytes,   18455768 total
: 23248K->21824K(109248K), 0.0152053 secs] 239221K->240520K(502464K), 0.0153369 secs] [Times: user=0.02 sys=0.00, real=0.02 secs] 
Heap after GC invocations=137 (full 9):
 par new generation   total 109248K, used 21824K [0x00000000e0000000, 0x00000000e8000000, 0x00000000e8000000)
  eden space 87424K,   0% used [0x00000000e0000000, 0x00000000e0000000, 0x00000000e5560000)
  from space 21824K, 100% used [0x00000000e6ab0000, 0x00000000e8000000, 0x00000000e8000000)
  to   space 21824K,   0% used [0x00000000e5560000, 0x00000000e5560000, 0x00000000e6ab0000)
 concurrent mark-sweep generation total 393216K, used 218696K [0x00000000e8000000, 0x0000000100000000, 0x0000000100000000)
 Metaspace       used 62202K, capacity 64090K, committed 64244K, reserved 1105920K
  class space    used 7310K, capacity 7756K, committed 7776K, reserved 1048576K
}
2020-06-27T17:27:49.773+0100: 772.033: [Rescan (parallel) , 0.0074570 secs]2020-06-27T17:27:49.780+0100: 772.041: [weak refs processing, 0.0069881 secs]2020-06-27T17:27:49.787+0100: 772.048: [class unloading, 0.0113156 secs]2020-06-27T17:27:49.799+0100: 772.059: [scrub symbol table, 0.0169132 secs]2020-06-27T17:27:49.816+0100: 772.076: [scrub string table, 0.0014055 secs][1 CMS-remark: 218696K(393216K)] 240520K(502464K), 0.0599224 secs] [Times: user=0.03 sys=0.01, real=0.06 secs] 
2020-06-27T17:27:49.817+0100: 772.078: Total time for which application threads were stopped: 0.0601097 seconds, Stopping threads took: 0.0000527 seconds
2020-06-27T17:27:49.826+0100: 772.086: [CMS-concurrent-sweep-start]
2020-06-27T17:27:49.829+0100: 772.089: Total time for which application threads were stopped: 0.0001697 seconds, Stopping threads took: 0.0000836 seconds
2020-06-27T17:27:49.830+0100: 772.090: Total time for which application threads were stopped: 0.0001555 seconds, Stopping threads took: 0.0000727 seconds
2020-06-27T17:27:49.830+0100: 772.090: Total time for which application threads were stopped: 0.0001356 seconds, Stopping threads took: 0.0000657 seconds
2020-06-27T17:27:49.830+0100: 772.090: Total time for which application threads were stopped: 0.0001325 seconds, Stopping threads took: 0.0000706 seconds
2020-06-27T17:27:49.921+0100: 772.181: [CMS-concurrent-sweep: 0.094/0.095 secs] [Times: user=0.28 sys=0.00, real=0.10 secs] 
2020-06-27T17:27:49.921+0100: 772.181: [CMS-concurrent-reset-start]
2020-06-27T17:27:49.922+0100: 772.182: [CMS-concurrent-reset: 0.001/0.001 secs] [Times: user=0.00 sys=0.00, real=0.00 secs] 
2020-06-27T17:27:50.532+0100: 772.792: Total time for which application threads were stopped: 0.0002539 seconds, Stopping threads took: 0.0001235 seconds
2020-06-27T17:27:50.532+0100: 772.792: Total time for which application threads were stopped: 0.0001412 seconds, Stopping threads took: 0.0000726 seconds
2020-06-27T17:27:50.536+0100: 772.797: Total time for which application threads were stopped: 0.0002206 seconds, Stopping threads took: 0.0000709 seconds
2020-06-27T17:27:50.540+0100: 772.800: Total time for which application threads were stopped: 0.0002477 seconds, Stopping threads took: 0.0000829 seconds
2020-06-27T17:27:51.540+0100: 773.801: Total time for which application threads were stopped: 0.0007930 seconds, Stopping threads took: 0.0007196 seconds
2020-06-27T17:27:58.992+0100: 781.253: Total time for which application threads were stopped: 0.0003263 seconds, Stopping threads took: 0.0001620 seconds
2020-06-27T17:27:58.996+0100: 781.257: Total time for which application threads were stopped: 0.0001292 seconds, Stopping threads took: 0.0000710 seconds
2020-06-27T17:27:58.997+0100: 781.258: Total time for which application threads were stopped: 0.0001243 seconds, Stopping threads took: 0.0000710 seconds
2020-06-27T17:27:59.003+0100: 781.264: Total time for which application threads were stopped: 0.0001017 seconds, Stopping threads took: 0.0000506 seconds
2020-06-27T17:27:59.005+0100: 781.266: Total time for which application threads were stopped: 0.0001884 seconds, Stopping threads took: 0.0000912 seconds
{Heap before GC invocations=137 (full 9):
 par new generation   total 109248K, used 109248K [0x00000000e0000000, 0x00000000e8000000, 0x00000000e8000000)
  eden space 87424K, 100% used [0x00000000e0000000, 0x00000000e5560000, 0x00000000e5560000)
  from space 21824K, 100% used [0x00000000e6ab0000, 0x00000000e8000000, 0x00000000e8000000)
  to   space 21824K,   0% used [0x00000000e5560000, 0x00000000e5560000, 0x00000000e6ab0000)
 concurrent mark-sweep generation total 393216K, used 105876K [0x00000000e8000000, 0x0000000100000000, 0x0000000100000000)
 Metaspace       used 62214K, capacity 64090K, committed 64244K, reserved 1105920K
  class space    used 7310K, capacity 7756K, committed 7776K, reserved 1048576K
2020-06-27T17:27:59.080+0100: 781.341: [GC (Allocation Failure) 2020-06-27T17:27:59.080+0100: 781.341: [ParNew
Desired survivor size 20112992 bytes, new threshold 7 (max 8)
- age   1:    6464616 bytes,    6464616 total
- age   3:    1944168 bytes,    8408784 total
- age   4:    3029880 bytes,   11438664 total
- age   5:    5054968 bytes,   16493632 total
- age   6:    3176864 bytes,   19670496 total
- age   7:    2664440 bytes,   22334936 total
: 109248K->21824K(109248K), 0.0160140 secs] 215124K->133088K(502464K), 0.0161020 secs] [Times: user=0.06 sys=0.00, real=0.02 secs] 
Heap after GC invocations=138 (full 9):
 par new generation   total 109248K, used 21824K [0x00000000e0000000, 0x00000000e8000000, 0x00000000e8000000)
  eden space 87424K,   0% used [0x00000000e0000000, 0x00000000e0000000, 0x00000000e5560000)
  from space 21824K, 100% used [0x00000000e5560000, 0x00000000e6ab0000, 0x00000000e6ab0000)
  to   space 21824K,   0% used [0x00000000e6ab0000, 0x00000000e6ab0000, 0x00000000e8000000)
 concurrent mark-sweep generation total 393216K, used 111264K [0x00000000e8000000, 0x0000000100000000, 0x0000000100000000)
 Metaspace       used 62214K, capacity 64090K, committed 64244K, reserved 1105920K
  class space    used 7310K, capacity 7756K, committed 7776K, reserved 1048576K
}
2020-06-27T17:27:59.096+0100: 781.357: Total time for which application threads were stopped: 0.0164081 seconds, Stopping threads took: 0.0000808 seconds
2020-06-27T17:27:59.125+0100: 781.386: Total time for which application threads were stopped: 0.0001599 seconds, Stopping threads took: 0.0000720 seconds
{Heap before GC invocations=138 (full 9):
 par new generation   total 109248K, used 109230K [0x00000000e0000000, 0x00000000e8000000, 0x00000000e8000000)
  eden space 87424K,  99% used [0x00000000e0000000, 0x00000000e555b9e0, 0x00000000e5560000)
  from space 21824K, 100% used [0x00000000e5560000, 0x00000000e6ab0000, 0x00000000e6ab0000)
  to   space 21824K,   0% used [0x00000000e6ab0000, 0x00000000e6ab0000, 0x00000000e8000000)
 concurrent mark-sweep generation total 393216K, used 111264K [0x00000000e8000000, 0x0000000100000000, 0x0000000100000000)
 Metaspace       used 62241K, capacity 64090K, committed 64244K, reserved 1105920K
  class space    used 7310K, capacity 7756K, committed 7776K, reserved 1048576K
2020-06-27T17:27:59.210+0100: 781.471: [GC (Allocation Failure) 2020-06-27T17:27:59.210+0100: 781.471: [ParNew
Desired survivor size 20112992 bytes, new threshold 7 (max 8)
- age   1:    5655800 bytes,    5655800 total
- age   2:    4808720 bytes,   10464520 total
- age   4:    1940960 bytes,   12405480 total
- age   5:    1668744 bytes,   14074224 total
- age   6:    5054704 bytes,   19128928 total
- age   7:    3176864 bytes,   22305792 total
: 109230K->21824K(109248K), 0.0180126 secs] 220495K->142810K(502464K), 0.0181169 secs] [Times: user=0.06 sys=0.00, real=0.02 secs] 
Heap after GC invocations=139 (full 9):
 par new generation   total 109248K, used 21824K [0x00000000e0000000, 0x00000000e8000000, 0x00000000e8000000)
  eden space 87424K,   0% used [0x00000000e0000000, 0x00000000e0000000, 0x00000000e5560000)
  from space 21824K, 100% used [0x00000000e6ab0000, 0x00000000e8000000, 0x00000000e8000000)
  to   space 21824K,   0% used [0x00000000e5560000, 0x00000000e5560000, 0x00000000e6ab0000)
 concurrent mark-sweep generation total 393216K, used 120986K [0x00000000e8000000, 0x0000000100000000, 0x0000000100000000)
 Metaspace       used 62241K, capacity 64090K, committed 64244K, reserved 1105920K
  class space    used 7310K, capacity 7756K, committed 7776K, reserved 1048576K
}
2020-06-27T17:27:59.228+0100: 781.489: Total time for which application threads were stopped: 0.0186621 seconds, Stopping threads took: 0.0002850 seconds
{Heap before GC invocations=139 (full 9):
 par new generation   total 109248K, used 109248K [0x00000000e0000000, 0x00000000e8000000, 0x00000000e8000000)
  eden space 87424K, 100% used [0x00000000e0000000, 0x00000000e5560000, 0x00000000e5560000)
  from space 21824K, 100% used [0x00000000e6ab0000, 0x00000000e8000000, 0x00000000e8000000)
  to   space 21824K,   0% used [0x00000000e5560000, 0x00000000e5560000, 0x00000000e6ab0000)
 concurrent mark-sweep generation total 393216K, used 120986K [0x00000000e8000000, 0x0000000100000000, 0x0000000100000000)
 Metaspace       used 62258K, capacity 64090K, committed 64244K, reserved 1105920K
  class space    used 7310K, capacity 7756K, committed 7776K, reserved 1048576K
2020-06-27T17:27:59.378+0100: 781.639: [GC (Allocation Failure) 2020-06-27T17:27:59.378+0100: 781.639: [ParNew
Desired survivor size 20112992 bytes, new threshold 7 (max 8)
- age   1:    3550000 bytes,    3550000 total
- age   2:    5114096 bytes,    8664096 total
- age   3:    4801896 bytes,   13465992 total
- age   5:    1904064 bytes,   15370056 total
- age   6:    1244584 bytes,   16614640 total
- age   7:    4987768 bytes,   21602408 total
: 109248K->21824K(109248K), 0.0187660 secs] 230234K->152783K(502464K), 0.0188599 secs] [Times: user=0.08 sys=0.00, real=0.02 secs] 
Heap after GC invocations=140 (full 9):
 par new generation   total 109248K, used 21824K [0x00000000e0000000, 0x00000000e8000000, 0x00000000e8000000)
  eden space 87424K,   0% used [0x00000000e0000000, 0x00000000e0000000, 0x00000000e5560000)
  from space 21824K, 100% used [0x00000000e5560000, 0x00000000e6ab0000, 0x00000000e6ab0000)
  to   space 21824K,   0% used [0x00000000e6ab0000, 0x00000000e6ab0000, 0x00000000e8000000)
 concurrent mark-sweep generation total 393216K, used 130959K [0x00000000e8000000, 0x0000000100000000, 0x0000000100000000)
 Metaspace       used 62258K, capacity 64090K, committed 64244K, reserved 1105920K
  class space    used 7310K, capacity 7756K, committed 7776K, reserved 1048576K
}
2020-06-27T17:27:59.397+0100: 781.658: Total time for which application threads were stopped: 0.0191192 seconds, Stopping threads took: 0.0000684 seconds
2020-06-27T17:28:00.398+0100: 782.658: Total time for which application threads were stopped: 0.0001773 seconds, Stopping threads took: 0.0000835 seconds
2020-06-27T17:28:00.470+0100: 782.731: Total time for which application threads were stopped: 0.0002028 seconds, Stopping threads took: 0.0001218 seconds
2020-06-27T17:28:00.470+0100: 782.731: Total time for which application threads were stopped: 0.0001704 seconds, Stopping threads took: 0.0000973 seconds
2020-06-27T17:28:00.470+0100: 782.731: Total time for which application threads were stopped: 0.0000940 seconds, Stopping threads took: 0.0000409 seconds
2020-06-27T17:28:00.472+0100: 782.733: Total time for which application threads were stopped: 0.0001249 seconds, Stopping threads took: 0.0000565 seconds
2020-06-27T17:28:00.485+0100: 782.746: Total time for which application threads were stopped: 0.0001903 seconds, Stopping threads took: 0.0000957 seconds
2020-06-27T17:28:00.488+0100: 782.748: Total time for which application threads were stopped: 0.0001531 seconds, Stopping threads took: 0.0000821 seconds
2020-06-27T17:28:00.488+0100: 782.749: Total time for which application threads were stopped: 0.0001376 seconds, Stopping threads took: 0.0000785 seconds
2020-06-27T17:28:00.488+0100: 782.749: Total time for which application threads were stopped: 0.0001553 seconds, Stopping threads took: 0.0000969 seconds
2020-06-27T17:28:01.489+0100: 783.749: Total time for which application threads were stopped: 0.0001269 seconds, Stopping threads took: 0.0000612 seconds
2020-06-27T17:28:07.034+0100: 789.295: Total time for which application threads were stopped: 0.0002420 seconds, Stopping threads took: 0.0001721 seconds
2020-06-27T17:28:07.038+0100: 789.299: Total time for which application threads were stopped: 0.0001796 seconds, Stopping threads took: 0.0000864 seconds
2020-06-27T17:28:07.039+0100: 789.300: Total time for which application threads were stopped: 0.0001612 seconds, Stopping threads took: 0.0000759 seconds
2020-06-27T17:28:07.049+0100: 789.309: Total time for which application threads were stopped: 0.0001692 seconds, Stopping threads took: 0.0000834 seconds
2020-06-27T17:28:07.050+0100: 789.311: Total time for which application threads were stopped: 0.0001377 seconds, Stopping threads took: 0.0000638 seconds
{Heap before GC invocations=140 (full 9):
 par new generation   total 109248K, used 109248K [0x00000000e0000000, 0x00000000e8000000, 0x00000000e8000000)
  eden space 87424K, 100% used [0x00000000e0000000, 0x00000000e5560000, 0x00000000e5560000)
  from space 21824K, 100% used [0x00000000e5560000, 0x00000000e6ab0000, 0x00000000e6ab0000)
  to   space 21824K,   0% used [0x00000000e6ab0000, 0x00000000e6ab0000, 0x00000000e8000000)
 concurrent mark-sweep generation total 393216K, used 130959K [0x00000000e8000000, 0x0000000100000000, 0x0000000100000000)
 Metaspace       used 62287K, capacity 64282K, committed 64500K, reserved 1105920K
  class space    used 7310K, capacity 7756K, committed 7776K, reserved 1048576K
2020-06-27T17:28:07.100+0100: 789.361: [GC (Allocation Failure) 2020-06-27T17:28:07.101+0100: 789.361: [ParNew
Desired survivor size 20112992 bytes, new threshold 8 (max 8)
- age   1:    3998224 bytes,    3998224 total
- age   2:    2245272 bytes,    6243496 total
- age   3:    4742424 bytes,   10985920 total
- age   4:    4325504 bytes,   15311424 total
- age   6:    1904064 bytes,   17215488 total
- age   7:    1244424 bytes,   18459912 total
: 109248K->21824K(109248K), 0.0158877 secs] 240207K->160925K(502464K), 0.0159983 secs] [Times: user=0.01 sys=0.00, real=0.02 secs] 
Heap after GC invocations=141 (full 9):
 par new generation   total 109248K, used 21824K [0x00000000e0000000, 0x00000000e8000000, 0x00000000e8000000)
  eden space 87424K,   0% used [0x00000000e0000000, 0x00000000e0000000, 0x00000000e5560000)
  from space 21824K, 100% used [0x00000000e6ab0000, 0x00000000e8000000, 0x00000000e8000000)
  to   space 21824K,   0% used [0x00000000e5560000, 0x00000000e5560000, 0x00000000e6ab0000)
 concurrent mark-sweep generation total 393216K, used 139101K [0x00000000e8000000, 0x0000000100000000, 0x0000000100000000)
 Metaspace       used 62287K, capacity 64282K, committed 64500K, reserved 1105920K
  class space    used 7310K, capacity 7756K, committed 7776K, reserved 1048576K
}
2020-06-27T17:28:07.117+0100: 789.377: Total time for which application threads were stopped: 0.0163067 seconds, Stopping threads took: 0.0000737 seconds
2020-06-27T17:28:07.176+0100: 789.436: Total time for which application threads were stopped: 0.0001438 seconds, Stopping threads took: 0.0000729 seconds
{Heap before GC invocations=141 (full 9):
 par new generation   total 109248K, used 109248K [0x00000000e0000000, 0x00000000e8000000, 0x00000000e8000000)
  eden space 87424K, 100% used [0x00000000e0000000, 0x00000000e5560000, 0x00000000e5560000)
  from space 21824K, 100% used [0x00000000e6ab0000, 0x00000000e8000000, 0x00000000e8000000)
  to   space 21824K,   0% used [0x00000000e5560000, 0x00000000e5560000, 0x00000000e6ab0000)
 concurrent mark-sweep generation total 393216K, used 139101K [0x00000000e8000000, 0x0000000100000000, 0x0000000100000000)
 Metaspace       used 62288K, capacity 64282K, committed 64500K, reserved 1105920K
  class space    used 7310K, capacity 7756K, committed 7776K, reserved 1048576K
2020-06-27T17:28:07.219+0100: 789.480: [GC (Allocation Failure) 2020-06-27T17:28:07.219+0100: 789.480: [ParNew
Desired survivor size 20112992 bytes, new threshold 8 (max 8)
- age   1:    2584352 bytes,    2584352 total
- age   2:    3346856 bytes,    5931208 total
- age   3:    1908232 bytes,    7839440 total
- age   4:    4740376 bytes,   12579816 total
- age   5:    4325440 bytes,   16905256 total
- age   7:    1904064 bytes,   18809320 total
- age   8:    1244424 bytes,   20053744 total
: 109248K->21824K(109248K), 0.0116422 secs] 248349K->161570K(502464K), 0.0117162 secs] [Times: user=0.06 sys=0.00, real=0.01 secs] 
Heap after GC invocations=142 (full 9):
 par new generation   total 109248K, used 21824K [0x00000000e0000000, 0x00000000e8000000, 0x00000000e8000000)
  eden space 87424K,   0% used [0x00000000e0000000, 0x00000000e0000000, 0x00000000e5560000)
  from space 21824K, 100% used [0x00000000e5560000, 0x00000000e6ab0000, 0x00000000e6ab0000)
  to   space 21824K,   0% used [0x00000000e6ab0000, 0x00000000e6ab0000, 0x00000000e8000000)
 concurrent mark-sweep generation total 393216K, used 139746K [0x00000000e8000000, 0x0000000100000000, 0x0000000100000000)
 Metaspace       used 62288K, capacity 64282K, committed 64500K, reserved 1105920K
  class space    used 7310K, capacity 7756K, committed 7776K, reserved 1048576K
}
2020-06-27T17:28:07.231+0100: 789.492: Total time for which application threads were stopped: 0.0119565 seconds, Stopping threads took: 0.0000531 seconds
{Heap before GC invocations=142 (full 9):
 par new generation   total 109248K, used 109248K [0x00000000e0000000, 0x00000000e8000000, 0x00000000e8000000)
  eden space 87424K, 100% used [0x00000000e0000000, 0x00000000e5560000, 0x00000000e5560000)
  from space 21824K, 100% used [0x00000000e5560000, 0x00000000e6ab0000, 0x00000000e6ab0000)
  to   space 21824K,   0% used [0x00000000e6ab0000, 0x00000000e6ab0000, 0x00000000e8000000)
 concurrent mark-sweep generation total 393216K, used 139746K [0x00000000e8000000, 0x0000000100000000, 0x0000000100000000)
 Metaspace       used 62289K, capacity 64282K, committed 64500K, reserved 1105920K
  class space    used 7310K, capacity 7756K, committed 7776K, reserved 1048576K
2020-06-27T17:28:07.363+0100: 789.623: [GC (Allocation Failure) 2020-06-27T17:28:07.363+0100: 789.623: [ParNew
Desired survivor size 20112992 bytes, new threshold 6 (max 8)
- age   1:    4043112 bytes,    4043112 total
- age   2:    2097968 bytes,    6141080 total
- age   3:    3228952 bytes,    9370032 total
- age   4:    1908232 bytes,   11278264 total
- age   5:    4740376 bytes,   16018640 total
- age   6:    4325440 bytes,   20344080 total
- age   8:    1904064 bytes,   22248144 total
: 109248K->21824K(109248K), 0.0173413 secs] 248994K->168360K(502464K), 0.0174224 secs] [Times: user=0.06 sys=0.00, real=0.02 secs] 
Heap after GC invocations=143 (full 9):
 par new generation   total 109248K, used 21824K [0x00000000e0000000, 0x00000000e8000000, 0x00000000e8000000)
  eden space 87424K,   0% used [0x00000000e0000000, 0x00000000e0000000, 0x00000000e5560000)
  from space 21824K, 100% used [0x00000000e6ab0000, 0x00000000e8000000, 0x00000000e8000000)
  to   space 21824K,   0% used [0x00000000e5560000, 0x00000000e5560000, 0x00000000e6ab0000)
 concurrent mark-sweep generation total 393216K, used 146536K [0x00000000e8000000, 0x0000000100000000, 0x0000000100000000)
 Metaspace       used 62289K, capacity 64282K, committed 64500K, reserved 1105920K
  class space    used 7310K, capacity 7756K, committed 7776K, reserved 1048576K
}
2020-06-27T17:28:07.380+0100: 789.641: Total time for which application threads were stopped: 0.0177186 seconds, Stopping threads took: 0.0000867 seconds
{Heap before GC invocations=143 (full 9):
 par new generation   total 109248K, used 109020K [0x00000000e0000000, 0x00000000e8000000, 0x00000000e8000000)
  eden space 87424K,  99% used [0x00000000e0000000, 0x00000000e55270b0, 0x00000000e5560000)
  from space 21824K, 100% used [0x00000000e6ab0000, 0x00000000e8000000, 0x00000000e8000000)
  to   space 21824K,   0% used [0x00000000e5560000, 0x00000000e5560000, 0x00000000e6ab0000)
 concurrent mark-sweep generation total 393216K, used 146536K [0x00000000e8000000, 0x0000000100000000, 0x0000000100000000)
 Metaspace       used 62298K, capacity 64282K, committed 64500K, reserved 1105920K
  class space    used 7310K, capacity 7756K, committed 7776K, reserved 1048576K
2020-06-27T17:28:07.543+0100: 789.804: [GC (Allocation Failure) 2020-06-27T17:28:07.543+0100: 789.804: [ParNew
Desired survivor size 20112992 bytes, new threshold 8 (max 8)
- age   1:    4826136 bytes,    4826136 total
- age   2:    1632960 bytes,    6459096 total
- age   3:    1984504 bytes,    8443600 total
- age   4:    3218072 bytes,   11661672 total
- age   5:    1908232 bytes,   13569904 total
- age   6:    4740376 bytes,   18310280 total
: 109020K->21824K(109248K), 0.0171697 secs] 255556K->175786K(502464K), 0.0172529 secs] [Times: user=0.06 sys=0.00, real=0.02 secs] 
Heap after GC invocations=144 (full 9):
 par new generation   total 109248K, used 21824K [0x00000000e0000000, 0x00000000e8000000, 0x00000000e8000000)
  eden space 87424K,   0% used [0x00000000e0000000, 0x00000000e0000000, 0x00000000e5560000)
  from space 21824K, 100% used [0x00000000e5560000, 0x00000000e6ab0000, 0x00000000e6ab0000)
  to   space 21824K,   0% used [0x00000000e6ab0000, 0x00000000e6ab0000, 0x00000000e8000000)
 concurrent mark-sweep generation total 393216K, used 153962K [0x00000000e8000000, 0x0000000100000000, 0x0000000100000000)
 Metaspace       used 62298K, capacity 64282K, committed 64500K, reserved 1105920K
  class space    used 7310K, capacity 7756K, committed 7776K, reserved 1048576K
}
2020-06-27T17:28:07.560+0100: 789.821: Total time for which application threads were stopped: 0.0176527 seconds, Stopping threads took: 0.0001840 seconds
2020-06-27T17:28:08.427+0100: 790.688: Total time for which application threads were stopped: 0.0001942 seconds, Stopping threads took: 0.0000904 seconds
2020-06-27T17:28:08.428+0100: 790.688: Total time for which application threads were stopped: 0.0001614 seconds, Stopping threads took: 0.0000797 seconds
2020-06-27T17:28:08.428+0100: 790.689: Total time for which application threads were stopped: 0.0001879 seconds, Stopping threads took: 0.0000854 seconds
2020-06-27T17:28:08.440+0100: 790.700: Total time for which application threads were stopped: 0.0001612 seconds, Stopping threads took: 0.0000749 seconds
2020-06-27T17:28:08.440+0100: 790.701: Total time for which application threads were stopped: 0.0001236 seconds, Stopping threads took: 0.0000528 seconds
2020-06-27T17:28:08.440+0100: 790.701: Total time for which application threads were stopped: 0.0000987 seconds, Stopping threads took: 0.0000493 seconds
2020-06-27T17:28:08.440+0100: 790.701: Total time for which application threads were stopped: 0.0000985 seconds, Stopping threads took: 0.0000504 seconds
2020-06-27T17:28:09.441+0100: 791.702: Total time for which application threads were stopped: 0.0008395 seconds, Stopping threads took: 0.0007659 seconds
2020-06-27T17:28:09.461+0100: 791.721: Total time for which application threads were stopped: 0.0002363 seconds, Stopping threads took: 0.0001711 seconds
2020-06-27T17:28:09.465+0100: 791.726: Total time for which application threads were stopped: 0.0007031 seconds, Stopping threads took: 0.0006290 seconds
2020-06-27T17:28:09.466+0100: 791.727: Total time for which application threads were stopped: 0.0001567 seconds, Stopping threads took: 0.0000736 seconds
2020-06-27T17:28:09.474+0100: 791.735: Total time for which application threads were stopped: 0.0001502 seconds, Stopping threads took: 0.0000847 seconds
2020-06-27T17:28:09.475+0100: 791.736: Total time for which application threads were stopped: 0.0001459 seconds, Stopping threads took: 0.0000760 seconds
2020-06-27T17:28:09.575+0100: 791.836: Total time for which application threads were stopped: 0.0001388 seconds, Stopping threads took: 0.0000639 seconds
{Heap before GC invocations=144 (full 9):
 par new generation   total 109248K, used 109248K [0x00000000e0000000, 0x00000000e8000000, 0x00000000e8000000)
  eden space 87424K, 100% used [0x00000000e0000000, 0x00000000e5560000, 0x00000000e5560000)
  from space 21824K, 100% used [0x00000000e5560000, 0x00000000e6ab0000, 0x00000000e6ab0000)
  to   space 21824K,   0% used [0x00000000e6ab0000, 0x00000000e6ab0000, 0x00000000e8000000)
 concurrent mark-sweep generation total 393216K, used 153962K [0x00000000e8000000, 0x0000000100000000, 0x0000000100000000)
 Metaspace       used 62332K, capacity 64282K, committed 64500K, reserved 1105920K
  class space    used 7310K, capacity 7756K, committed 7776K, reserved 1048576K
2020-06-27T17:28:09.587+0100: 791.848: [GC (Allocation Failure) 2020-06-27T17:28:09.587+0100: 791.848: [ParNew
Desired survivor size 20112992 bytes, new threshold 7 (max 8)
- age   1:    5581264 bytes,    5581264 total
- age   2:    3632000 bytes,    9213264 total
- age   3:     807360 bytes,   10020624 total
- age   4:    1721960 bytes,   11742584 total
- age   5:    2751776 bytes,   14494360 total
- age   6:    1766800 bytes,   16261160 total
- age   7:    4740072 bytes,   21001232 total
: 109248K->21824K(109248K), 0.0131398 secs] 263210K->177699K(502464K), 0.0132319 secs] [Times: user=0.02 sys=0.00, real=0.01 secs] 
Heap after GC invocations=145 (full 9):
 par new generation   total 109248K, used 21824K [0x00000000e0000000, 0x00000000e8000000, 0x00000000e8000000)
  eden space 87424K,   0% used [0x00000000e0000000, 0x00000000e0000000, 0x00000000e5560000)
  from space 21824K, 100% used [0x00000000e6ab0000, 0x00000000e8000000, 0x00000000e8000000)
  to   space 21824K,   0% used [0x00000000e5560000, 0x00000000e5560000, 0x00000000e6ab0000)
 concurrent mark-sweep generation total 393216K, used 155875K [0x00000000e8000000, 0x0000000100000000, 0x0000000100000000)
 Metaspace       used 62332K, capacity 64282K, committed 64500K, reserved 1105920K
  class space    used 7310K, capacity 7756K, committed 7776K, reserved 1048576K
}
2020-06-27T17:28:09.600+0100: 791.861: Total time for which application threads were stopped: 0.0135122 seconds, Stopping threads took: 0.0000722 seconds
{Heap before GC invocations=145 (full 9):
 par new generation   total 109248K, used 109248K [0x00000000e0000000, 0x00000000e8000000, 0x00000000e8000000)
  eden space 87424K, 100% used [0x00000000e0000000, 0x00000000e5560000, 0x00000000e5560000)
  from space 21824K, 100% used [0x00000000e6ab0000, 0x00000000e8000000, 0x00000000e8000000)
  to   space 21824K,   0% used [0x00000000e5560000, 0x00000000e5560000, 0x00000000e6ab0000)
 concurrent mark-sweep generation total 393216K, used 155875K [0x00000000e8000000, 0x0000000100000000, 0x0000000100000000)
 Metaspace       used 62343K, capacity 64282K, committed 64500K, reserved 1105920K
  class space    used 7310K, capacity 7756K, committed 7776K, reserved 1048576K
2020-06-27T17:28:09.736+0100: 791.996: [GC (Allocation Failure) 2020-06-27T17:28:09.736+0100: 791.996: [ParNew
Desired survivor size 20112992 bytes, new threshold 8 (max 8)
- age   1:    4405480 bytes,    4405480 total
- age   2:    4875720 bytes,    9281200 total
- age   3:    3632000 bytes,   12913200 total
- age   4:     807288 bytes,   13720488 total
- age   5:    1721896 bytes,   15442384 total
- age   6:    2591064 bytes,   18033448 total
- age   7:    1679248 bytes,   19712696 total
: 109248K->21824K(109248K), 0.0151890 secs] 265123K->184067K(502464K), 0.0152529 secs] [Times: user=0.06 sys=0.00, real=0.01 secs] 
Heap after GC invocations=146 (full 9):
 par new generation   total 109248K, used 21824K [0x00000000e0000000, 0x00000000e8000000, 0x00000000e8000000)
  eden space 87424K,   0% used [0x00000000e0000000, 0x00000000e0000000, 0x00000000e5560000)
  from space 21824K, 100% used [0x00000000e5560000, 0x00000000e6ab0000, 0x00000000e6ab0000)
  to   space 21824K,   0% used [0x00000000e6ab0000, 0x00000000e6ab0000, 0x00000000e8000000)
 concurrent mark-sweep generation total 393216K, used 162243K [0x00000000e8000000, 0x0000000100000000, 0x0000000100000000)
 Metaspace       used 62343K, capacity 64282K, committed 64500K, reserved 1105920K
  class space    used 7310K, capacity 7756K, committed 7776K, reserved 1048576K
}
2020-06-27T17:28:09.751+0100: 792.012: Total time for which application threads were stopped: 0.0155060 seconds, Stopping threads took: 0.0000778 seconds
{Heap before GC invocations=146 (full 9):
 par new generation   total 109248K, used 109248K [0x00000000e0000000, 0x00000000e8000000, 0x00000000e8000000)
  eden space 87424K, 100% used [0x00000000e0000000, 0x00000000e5560000, 0x00000000e5560000)
  from space 21824K, 100% used [0x00000000e5560000, 0x00000000e6ab0000, 0x00000000e6ab0000)
  to   space 21824K,   0% used [0x00000000e6ab0000, 0x00000000e6ab0000, 0x00000000e8000000)
 concurrent mark-sweep generation total 393216K, used 162243K [0x00000000e8000000, 0x0000000100000000, 0x0000000100000000)
 Metaspace       used 62343K, capacity 64282K, committed 64500K, reserved 1105920K
  class space    used 7310K, capacity 7756K, committed 7776K, reserved 1048576K
2020-06-27T17:28:09.872+0100: 792.133: [GC (Allocation Failure) 2020-06-27T17:28:09.872+0100: 792.133: [ParNew
Desired survivor size 20112992 bytes, new threshold 7 (max 8)
- age   1:    4802224 bytes,    4802224 total
- age   2:    2349856 bytes,    7152080 total
- age   3:    4756672 bytes,   11908752 total
- age   4:    3632000 bytes,   15540752 total
- age   5:     807288 bytes,   16348040 total
- age   6:    1719912 bytes,   18067952 total
- age   7:    2591064 bytes,   20659016 total
- age   8:    1679248 bytes,   22338264 total
: 109248K->21824K(109248K), 0.0174791 secs] 271491K->191121K(502464K), 0.0175578 secs] [Times: user=0.06 sys=0.00, real=0.02 secs] 
Heap after GC invocations=147 (full 9):
 par new generation   total 109248K, used 21824K [0x00000000e0000000, 0x00000000e8000000, 0x00000000e8000000)
  eden space 87424K,   0% used [0x00000000e0000000, 0x00000000e0000000, 0x00000000e5560000)
  from space 21824K, 100% used [0x00000000e6ab0000, 0x00000000e8000000, 0x00000000e8000000)
  to   space 21824K,   0% used [0x00000000e5560000, 0x00000000e5560000, 0x00000000e6ab0000)
 concurrent mark-sweep generation total 393216K, used 169297K [0x00000000e8000000, 0x0000000100000000, 0x0000000100000000)
 Metaspace       used 62343K, capacity 64282K, committed 64500K, reserved 1105920K
  class space    used 7310K, capacity 7756K, committed 7776K, reserved 1048576K
}
2020-06-27T17:28:09.890+0100: 792.150: Total time for which application threads were stopped: 0.0178320 seconds, Stopping threads took: 0.0000773 seconds
2020-06-27T17:28:10.786+0100: 793.047: Total time for which application threads were stopped: 0.0002119 seconds, Stopping threads took: 0.0000934 seconds
2020-06-27T17:28:10.786+0100: 793.047: Total time for which application threads were stopped: 0.0001558 seconds, Stopping threads took: 0.0000518 seconds
2020-06-27T17:28:10.789+0100: 793.050: Total time for which application threads were stopped: 0.0001346 seconds, Stopping threads took: 0.0000643 seconds
2020-06-27T17:28:10.790+0100: 793.051: Total time for which application threads were stopped: 0.0001263 seconds, Stopping threads took: 0.0000574 seconds
2020-06-27T17:28:10.790+0100: 793.051: Total time for which application threads were stopped: 0.0001006 seconds, Stopping threads took: 0.0000492 seconds
2020-06-27T17:28:10.790+0100: 793.051: Total time for which application threads were stopped: 0.0001265 seconds, Stopping threads took: 0.0000731 seconds
2020-06-27T17:28:17.401+0100: 799.662: Total time for which application threads were stopped: 0.0002386 seconds, Stopping threads took: 0.0001668 seconds
2020-06-27T17:28:17.411+0100: 799.671: Total time for which application threads were stopped: 0.0001547 seconds, Stopping threads took: 0.0000776 seconds
2020-06-27T17:28:17.412+0100: 799.673: Total time for which application threads were stopped: 0.0001512 seconds, Stopping threads took: 0.0000964 seconds
2020-06-27T17:28:17.413+0100: 799.674: Total time for which application threads were stopped: 0.0001744 seconds, Stopping threads took: 0.0000909 seconds
2020-06-27T17:28:17.414+0100: 799.675: Total time for which application threads were stopped: 0.0001609 seconds, Stopping threads took: 0.0000882 seconds
{Heap before GC invocations=147 (full 9):
 par new generation   total 109248K, used 109248K [0x00000000e0000000, 0x00000000e8000000, 0x00000000e8000000)
  eden space 87424K, 100% used [0x00000000e0000000, 0x00000000e5560000, 0x00000000e5560000)
  from space 21824K, 100% used [0x00000000e6ab0000, 0x00000000e8000000, 0x00000000e8000000)
  to   space 21824K,   0% used [0x00000000e5560000, 0x00000000e5560000, 0x00000000e6ab0000)
 concurrent mark-sweep generation total 393216K, used 169297K [0x00000000e8000000, 0x0000000100000000, 0x0000000100000000)
 Metaspace       used 62354K, capacity 64282K, committed 64500K, reserved 1105920K
  class space    used 7310K, capacity 7756K, committed 7776K, reserved 1048576K
2020-06-27T17:28:17.491+0100: 799.752: [GC (Allocation Failure) 2020-06-27T17:28:17.491+0100: 799.752: [ParNew
Desired survivor size 20112992 bytes, new threshold 6 (max 8)
- age   1:    6397440 bytes,    6397440 total
- age   2:    3135824 bytes,    9533264 total
- age   3:    2257064 bytes,   11790328 total
- age   4:    4022144 bytes,   15812472 total
- age   5:    3631392 bytes,   19443864 total
- age   6:     807288 bytes,   20251152 total
- age   7:    1719496 bytes,   21970648 total
: 109248K->21824K(109248K), 0.0174407 secs] 278545K->200584K(502464K), 0.0175166 secs] [Times: user=0.06 sys=0.00, real=0.02 secs] 
Heap after GC invocations=148 (full 9):
 par new generation   total 109248K, used 21824K [0x00000000e0000000, 0x00000000e8000000, 0x00000000e8000000)
  eden space 87424K,   0% used [0x00000000e0000000, 0x00000000e0000000, 0x00000000e5560000)
  from space 21824K, 100% used [0x00000000e5560000, 0x00000000e6ab0000, 0x00000000e6ab0000)
  to   space 21824K,   0% used [0x00000000e6ab0000, 0x00000000e6ab0000, 0x00000000e8000000)
 concurrent mark-sweep generation total 393216K, used 178760K [0x00000000e8000000, 0x0000000100000000, 0x0000000100000000)
 Metaspace       used 62354K, capacity 64282K, committed 64500K, reserved 1105920K
  class space    used 7310K, capacity 7756K, committed 7776K, reserved 1048576K
}
2020-06-27T17:28:17.509+0100: 799.770: Total time for which application threads were stopped: 0.0177542 seconds, Stopping threads took: 0.0000652 seconds
2020-06-27T17:28:17.523+0100: 799.784: Total time for which application threads were stopped: 0.0001761 seconds, Stopping threads took: 0.0000808 seconds
{Heap before GC invocations=148 (full 9):
 par new generation   total 109248K, used 109248K [0x00000000e0000000, 0x00000000e8000000, 0x00000000e8000000)
  eden space 87424K, 100% used [0x00000000e0000000, 0x00000000e5560000, 0x00000000e5560000)
  from space 21824K, 100% used [0x00000000e5560000, 0x00000000e6ab0000, 0x00000000e6ab0000)
  to   space 21824K,   0% used [0x00000000e6ab0000, 0x00000000e6ab0000, 0x00000000e8000000)
 concurrent mark-sweep generation total 393216K, used 178760K [0x00000000e8000000, 0x0000000100000000, 0x0000000100000000)
 Metaspace       used 62354K, capacity 64282K, committed 64500K, reserved 1105920K
  class space    used 7310K, capacity 7756K, committed 7776K, reserved 1048576K
2020-06-27T17:28:17.623+0100: 799.884: [GC (Allocation Failure) 2020-06-27T17:28:17.623+0100: 799.884: [ParNew
Desired survivor size 20112992 bytes, new threshold 6 (max 8)
- age   1:    4532248 bytes,    4532248 total
- age   2:    3248288 bytes,    7780536 total
- age   3:    3135824 bytes,   10916360 total
- age   4:    2256616 bytes,   13172976 total
- age   5:    4019360 bytes,   17192336 total
- age   6:    3631392 bytes,   20823728 total
: 109248K->21824K(109248K), 0.0173424 secs] 288008K->212713K(502464K), 0.0174125 secs] [Times: user=0.06 sys=0.00, real=0.02 secs] 
Heap after GC invocations=149 (full 9):
 par new generation   total 109248K, used 21824K [0x00000000e0000000, 0x00000000e8000000, 0x00000000e8000000)
  eden space 87424K,   0% used [0x00000000e0000000, 0x00000000e0000000, 0x00000000e5560000)
  from space 21824K, 100% used [0x00000000e6ab0000, 0x00000000e8000000, 0x00000000e8000000)
  to   space 21824K,   0% used [0x00000000e5560000, 0x00000000e5560000, 0x00000000e6ab0000)
 concurrent mark-sweep generation total 393216K, used 190889K [0x00000000e8000000, 0x0000000100000000, 0x0000000100000000)
 Metaspace       used 62354K, capacity 64282K, committed 64500K, reserved 1105920K
  class space    used 7310K, capacity 7756K, committed 7776K, reserved 1048576K
}
2020-06-27T17:28:17.641+0100: 799.901: Total time for which application threads were stopped: 0.0177124 seconds, Stopping threads took: 0.0000793 seconds
{Heap before GC invocations=149 (full 9):
 par new generation   total 109248K, used 109248K [0x00000000e0000000, 0x00000000e8000000, 0x00000000e8000000)
  eden space 87424K, 100% used [0x00000000e0000000, 0x00000000e5560000, 0x00000000e5560000)
  from space 21824K, 100% used [0x00000000e6ab0000, 0x00000000e8000000, 0x00000000e8000000)
  to   space 21824K,   0% used [0x00000000e5560000, 0x00000000e5560000, 0x00000000e6ab0000)
 concurrent mark-sweep generation total 393216K, used 190889K [0x00000000e8000000, 0x0000000100000000, 0x0000000100000000)
 Metaspace       used 62354K, capacity 64282K, committed 64500K, reserved 1105920K
  class space    used 7310K, capacity 7756K, committed 7776K, reserved 1048576K
2020-06-27T17:28:17.764+0100: 800.025: [GC (Allocation Failure) 2020-06-27T17:28:17.764+0100: 800.025: [ParNew
Desired survivor size 20112992 bytes, new threshold 6 (max 8)
- age   1:    6191304 bytes,    6191304 total
- age   2:    3279480 bytes,    9470784 total
- age   3:    3248152 bytes,   12718936 total
- age   4:    3135824 bytes,   15854760 total
- age   5:    2256616 bytes,   18111376 total
- age   6:    4019360 bytes,   22130736 total
: 109248K->21824K(109248K), 0.0189598 secs] 300137K->220585K(502464K), 0.0190516 secs] [Times: user=0.06 sys=0.00, real=0.02 secs] 
Heap after GC invocations=150 (full 9):
 par new generation   total 109248K, used 21824K [0x00000000e0000000, 0x00000000e8000000, 0x00000000e8000000)
  eden space 87424K,   0% used [0x00000000e0000000, 0x00000000e0000000, 0x00000000e5560000)
  from space 21824K, 100% used [0x00000000e5560000, 0x00000000e6ab0000, 0x00000000e6ab0000)
  to   space 21824K,   0% used [0x00000000e6ab0000, 0x00000000e6ab0000, 0x00000000e8000000)
 concurrent mark-sweep generation total 393216K, used 198761K [0x00000000e8000000, 0x0000000100000000, 0x0000000100000000)
 Metaspace       used 62354K, capacity 64282K, committed 64500K, reserved 1105920K
  class space    used 7310K, capacity 7756K, committed 7776K, reserved 1048576K
}
2020-06-27T17:28:17.783+0100: 800.044: Total time for which application threads were stopped: 0.0194762 seconds, Stopping threads took: 0.0001770 seconds
2020-06-27T17:28:17.784+0100: 800.044: [GC (CMS Initial Mark) [1 CMS-initial-mark: 198761K(393216K)] 221924K(502464K), 0.0040383 secs] [Times: user=0.01 sys=0.00, real=0.00 secs] 
2020-06-27T17:28:17.788+0100: 800.048: Total time for which application threads were stopped: 0.0042580 seconds, Stopping threads took: 0.0001072 seconds
2020-06-27T17:28:17.788+0100: 800.048: [CMS-concurrent-mark-start]
2020-06-27T17:28:17.814+0100: 800.075: [CMS-concurrent-mark: 0.027/0.027 secs] [Times: user=0.06 sys=0.00, real=0.03 secs] 
2020-06-27T17:28:17.815+0100: 800.075: [CMS-concurrent-preclean-start]
2020-06-27T17:28:17.816+0100: 800.077: [CMS-concurrent-preclean: 0.001/0.001 secs] [Times: user=0.00 sys=0.00, real=0.00 secs] 
2020-06-27T17:28:17.816+0100: 800.077: [GC (CMS Final Remark) [YG occupancy: 23162 K (109248 K)]2020-06-27T17:28:17.816+0100: 800.077: [Rescan (parallel) , 0.0042232 secs]2020-06-27T17:28:17.820+0100: 800.081: [weak refs processing, 0.0078782 secs]2020-06-27T17:28:17.828+0100: 800.089: [class unloading, 0.0112541 secs]2020-06-27T17:28:17.840+0100: 800.100: [scrub symbol table, 0.0137354 secs]2020-06-27T17:28:17.853+0100: 800.114: [scrub string table, 0.0008834 secs][1 CMS-remark: 198761K(393216K)] 221924K(502464K), 0.0383126 secs] [Times: user=0.09 sys=0.00, real=0.04 secs] 
2020-06-27T17:28:17.855+0100: 800.115: Total time for which application threads were stopped: 0.0385138 seconds, Stopping threads took: 0.0000737 seconds
2020-06-27T17:28:17.855+0100: 800.115: [CMS-concurrent-sweep-start]
{Heap before GC invocations=150 (full 10):
 par new generation   total 109248K, used 23162K [0x00000000e0000000, 0x00000000e8000000, 0x00000000e8000000)
  eden space 87424K,   1% used [0x00000000e0000000, 0x00000000e014ea78, 0x00000000e5560000)
  from space 21824K, 100% used [0x00000000e5560000, 0x00000000e6ab0000, 0x00000000e6ab0000)
  to   space 21824K,   0% used [0x00000000e6ab0000, 0x00000000e6ab0000, 0x00000000e8000000)
 concurrent mark-sweep generation total 393216K, used 198761K [0x00000000e8000000, 0x0000000100000000, 0x0000000100000000)
 Metaspace       used 62354K, capacity 64282K, committed 64500K, reserved 1105920K
  class space    used 7310K, capacity 7756K, committed 7776K, reserved 1048576K
2020-06-27T17:28:17.855+0100: 800.116: [GC (GCLocker Initiated GC) 2020-06-27T17:28:17.855+0100: 800.116: [ParNew
Desired survivor size 20112992 bytes, new threshold 8 (max 8)
- age   1:     120448 bytes,     120448 total
- age   2:    6086832 bytes,    6207280 total
- age   3:    3190816 bytes,    9398096 total
- age   4:    3247440 bytes,   12645536 total
- age   5:    3135408 bytes,   15780944 total
- age   6:    2255576 bytes,   18036520 total
: 23162K->21359K(109248K), 0.0118353 secs] 221924K->224055K(502464K), 0.0118934 secs] [Times: user=0.03 sys=0.02, real=0.01 secs] 
Heap after GC invocations=151 (full 10):
 par new generation   total 109248K, used 21359K [0x00000000e0000000, 0x00000000e8000000, 0x00000000e8000000)
  eden space 87424K,   0% used [0x00000000e0000000, 0x00000000e0000000, 0x00000000e5560000)
  from space 21824K,  97% used [0x00000000e6ab0000, 0x00000000e7f8bd00, 0x00000000e8000000)
  to   space 21824K,   0% used [0x00000000e5560000, 0x00000000e5560000, 0x00000000e6ab0000)
 concurrent mark-sweep generation total 393216K, used 202696K [0x00000000e8000000, 0x0000000100000000, 0x0000000100000000)
 Metaspace       used 62354K, capacity 64282K, committed 64500K, reserved 1105920K
  class space    used 7310K, capacity 7756K, committed 7776K, reserved 1048576K
}
2020-06-27T17:28:17.867+0100: 800.128: Total time for which application threads were stopped: 0.0121086 seconds, Stopping threads took: 0.0000556 seconds
2020-06-27T17:28:17.868+0100: 800.128: Total time for which application threads were stopped: 0.0001538 seconds, Stopping threads took: 0.0000741 seconds
2020-06-27T17:28:17.868+0100: 800.129: Total time for which application threads were stopped: 0.0001146 seconds, Stopping threads took: 0.0000524 seconds
2020-06-27T17:28:17.868+0100: 800.129: Total time for which application threads were stopped: 0.0001070 seconds, Stopping threads took: 0.0000555 seconds
2020-06-27T17:28:17.868+0100: 800.129: Total time for which application threads were stopped: 0.0000957 seconds, Stopping threads took: 0.0000472 seconds
2020-06-27T17:28:17.869+0100: 800.130: Total time for which application threads were stopped: 0.0001099 seconds, Stopping threads took: 0.0000531 seconds
2020-06-27T17:28:17.869+0100: 800.130: Total time for which application threads were stopped: 0.0000853 seconds, Stopping threads took: 0.0000488 seconds
2020-06-27T17:28:17.869+0100: 800.130: Total time for which application threads were stopped: 0.0001012 seconds, Stopping threads took: 0.0000492 seconds
2020-06-27T17:28:17.869+0100: 800.130: Total time for which application threads were stopped: 0.0000806 seconds, Stopping threads took: 0.0000422 seconds
2020-06-27T17:28:17.870+0100: 800.131: Total time for which application threads were stopped: 0.0000877 seconds, Stopping threads took: 0.0000425 seconds
2020-06-27T17:28:17.870+0100: 800.131: Total time for which application threads were stopped: 0.0000993 seconds, Stopping threads took: 0.0000475 seconds
2020-06-27T17:28:17.870+0100: 800.131: Total time for which application threads were stopped: 0.0001140 seconds, Stopping threads took: 0.0000610 seconds
2020-06-27T17:28:17.871+0100: 800.131: Total time for which application threads were stopped: 0.0001321 seconds, Stopping threads took: 0.0000799 seconds
2020-06-27T17:28:17.871+0100: 800.132: Total time for which application threads were stopped: 0.0000982 seconds, Stopping threads took: 0.0000561 seconds
2020-06-27T17:28:17.871+0100: 800.132: Total time for which application threads were stopped: 0.0001121 seconds, Stopping threads took: 0.0000613 seconds
2020-06-27T17:28:17.871+0100: 800.132: Total time for which application threads were stopped: 0.0000901 seconds, Stopping threads took: 0.0000493 seconds
2020-06-27T17:28:17.872+0100: 800.132: Total time for which application threads were stopped: 0.0001053 seconds, Stopping threads took: 0.0000684 seconds
2020-06-27T17:28:17.953+0100: 800.214: [CMS-concurrent-sweep: 0.084/0.099 secs] [Times: user=0.25 sys=0.02, real=0.10 secs] 
2020-06-27T17:28:17.953+0100: 800.214: [CMS-concurrent-reset-start]
2020-06-27T17:28:17.954+0100: 800.215: [CMS-concurrent-reset: 0.001/0.001 secs] [Times: user=0.00 sys=0.00, real=0.00 secs] 
2020-06-27T17:28:18.542+0100: 800.803: Total time for which application threads were stopped: 0.0001829 seconds, Stopping threads took: 0.0000941 seconds
2020-06-27T17:28:18.542+0100: 800.803: Total time for which application threads were stopped: 0.0001223 seconds, Stopping threads took: 0.0000582 seconds
2020-06-27T17:28:18.543+0100: 800.803: Total time for which application threads were stopped: 0.0001031 seconds, Stopping threads took: 0.0000535 seconds
2020-06-27T17:28:18.543+0100: 800.804: Total time for which application threads were stopped: 0.0001043 seconds, Stopping threads took: 0.0000486 seconds
2020-06-27T17:28:18.544+0100: 800.804: Total time for which application threads were stopped: 0.0001039 seconds, Stopping threads took: 0.0000487 seconds
2020-06-27T17:28:18.544+0100: 800.805: Total time for which application threads were stopped: 0.0000855 seconds, Stopping threads took: 0.0000500 seconds
2020-06-27T17:28:18.544+0100: 800.805: Total time for which application threads were stopped: 0.0000946 seconds, Stopping threads took: 0.0000491 seconds
2020-06-27T17:28:26.793+0100: 809.053: Total time for which application threads were stopped: 0.0002947 seconds, Stopping threads took: 0.0002172 seconds
2020-06-27T17:28:26.796+0100: 809.057: Total time for which application threads were stopped: 0.0001696 seconds, Stopping threads took: 0.0001040 seconds
2020-06-27T17:28:26.797+0100: 809.058: Total time for which application threads were stopped: 0.0001358 seconds, Stopping threads took: 0.0000708 seconds
2020-06-27T17:28:26.805+0100: 809.066: Total time for which application threads were stopped: 0.0001298 seconds, Stopping threads took: 0.0000656 seconds
2020-06-27T17:28:26.807+0100: 809.068: Total time for which application threads were stopped: 0.0001849 seconds, Stopping threads took: 0.0000892 seconds
{Heap before GC invocations=151 (full 10):
 par new generation   total 109248K, used 108783K [0x00000000e0000000, 0x00000000e8000000, 0x00000000e8000000)
  eden space 87424K, 100% used [0x00000000e0000000, 0x00000000e5560000, 0x00000000e5560000)
  from space 21824K,  97% used [0x00000000e6ab0000, 0x00000000e7f8bd00, 0x00000000e8000000)
  to   space 21824K,   0% used [0x00000000e5560000, 0x00000000e5560000, 0x00000000e6ab0000)
 concurrent mark-sweep generation total 393216K, used 95815K [0x00000000e8000000, 0x0000000100000000, 0x0000000100000000)
 Metaspace       used 62361K, capacity 64282K, committed 64500K, reserved 1105920K
  class space    used 7310K, capacity 7756K, committed 7776K, reserved 1048576K
2020-06-27T17:28:26.862+0100: 809.123: [GC (Allocation Failure) 2020-06-27T17:28:26.862+0100: 809.123: [ParNew
Desired survivor size 20112992 bytes, new threshold 8 (max 8)
- age   1:    4209736 bytes,    4209736 total
- age   2:       1224 bytes,    4210960 total
- age   3:    3828896 bytes,    8039856 total
- age   4:    2818600 bytes,   10858456 total
- age   5:    2921792 bytes,   13780248 total
- age   6:    3135408 bytes,   16915656 total
- age   7:    2255576 bytes,   19171232 total
: 108783K->21824K(109248K), 0.0121258 secs] 204599K->121583K(502464K), 0.0122020 secs] [Times: user=0.06 sys=0.00, real=0.01 secs] 
Heap after GC invocations=152 (full 10):
 par new generation   total 109248K, used 21824K [0x00000000e0000000, 0x00000000e8000000, 0x00000000e8000000)
  eden space 87424K,   0% used [0x00000000e0000000, 0x00000000e0000000, 0x00000000e5560000)
  from space 21824K, 100% used [0x00000000e5560000, 0x00000000e6ab0000, 0x00000000e6ab0000)
  to   space 21824K,   0% used [0x00000000e6ab0000, 0x00000000e6ab0000, 0x00000000e8000000)
 concurrent mark-sweep generation total 393216K, used 99759K [0x00000000e8000000, 0x0000000100000000, 0x0000000100000000)
 Metaspace       used 62361K, capacity 64282K, committed 64500K, reserved 1105920K
  class space    used 7310K, capacity 7756K, committed 7776K, reserved 1048576K
}
2020-06-27T17:28:26.875+0100: 809.135: Total time for which application threads were stopped: 0.0124644 seconds, Stopping threads took: 0.0000682 seconds
2020-06-27T17:28:26.919+0100: 809.179: Total time for which application threads were stopped: 0.0003442 seconds, Stopping threads took: 0.0000904 seconds
2020-06-27T17:28:26.920+0100: 809.181: Total time for which application threads were stopped: 0.0001751 seconds, Stopping threads took: 0.0000805 seconds
2020-06-27T17:28:26.920+0100: 809.181: Total time for which application threads were stopped: 0.0001308 seconds, Stopping threads took: 0.0000572 seconds
{Heap before GC invocations=152 (full 10):
 par new generation   total 109248K, used 109248K [0x00000000e0000000, 0x00000000e8000000, 0x00000000e8000000)
  eden space 87424K, 100% used [0x00000000e0000000, 0x00000000e5560000, 0x00000000e5560000)
  from space 21824K, 100% used [0x00000000e5560000, 0x00000000e6ab0000, 0x00000000e6ab0000)
  to   space 21824K,   0% used [0x00000000e6ab0000, 0x00000000e6ab0000, 0x00000000e8000000)
 concurrent mark-sweep generation total 393216K, used 99759K [0x00000000e8000000, 0x0000000100000000, 0x0000000100000000)
 Metaspace       used 62369K, capacity 64294K, committed 64500K, reserved 1105920K
  class space    used 7311K, capacity 7758K, committed 7776K, reserved 1048576K
2020-06-27T17:28:26.973+0100: 809.234: [GC (Allocation Failure) 2020-06-27T17:28:26.973+0100: 809.234: [ParNew
Desired survivor size 20112992 bytes, new threshold 8 (max 8)
- age   1:    3566680 bytes,    3566680 total
- age   2:    3030528 bytes,    6597208 total
- age   3:       1104 bytes,    6598312 total
- age   4:    3828624 bytes,   10426936 total
- age   5:    2815232 bytes,   13242168 total
- age   6:    2920712 bytes,   16162880 total
- age   7:    3128816 bytes,   19291696 total
- age   8:    2252600 bytes,   21544296 total
: 109248K->21824K(109248K), 0.0145849 secs] 209007K->127537K(502464K), 0.0146490 secs] [Times: user=0.06 sys=0.00, real=0.01 secs] 
Heap after GC invocations=153 (full 10):
 par new generation   total 109248K, used 21824K [0x00000000e0000000, 0x00000000e8000000, 0x00000000e8000000)
  eden space 87424K,   0% used [0x00000000e0000000, 0x00000000e0000000, 0x00000000e5560000)
  from space 21824K, 100% used [0x00000000e6ab0000, 0x00000000e8000000, 0x00000000e8000000)
  to   space 21824K,   0% used [0x00000000e5560000, 0x00000000e5560000, 0x00000000e6ab0000)
 concurrent mark-sweep generation total 393216K, used 105713K [0x00000000e8000000, 0x0000000100000000, 0x0000000100000000)
 Metaspace       used 62369K, capacity 64294K, committed 64500K, reserved 1105920K
  class space    used 7311K, capacity 7758K, committed 7776K, reserved 1048576K
}
2020-06-27T17:28:26.988+0100: 809.249: Total time for which application threads were stopped: 0.0148661 seconds, Stopping threads took: 0.0000598 seconds
{Heap before GC invocations=153 (full 10):
 par new generation   total 109248K, used 109248K [0x00000000e0000000, 0x00000000e8000000, 0x00000000e8000000)
  eden space 87424K, 100% used [0x00000000e0000000, 0x00000000e5560000, 0x00000000e5560000)
  from space 21824K, 100% used [0x00000000e6ab0000, 0x00000000e8000000, 0x00000000e8000000)
  to   space 21824K,   0% used [0x00000000e5560000, 0x00000000e5560000, 0x00000000e6ab0000)
 concurrent mark-sweep generation total 393216K, used 105713K [0x00000000e8000000, 0x0000000100000000, 0x0000000100000000)
 Metaspace       used 62371K, capacity 64294K, committed 64500K, reserved 1105920K
  class space    used 7311K, capacity 7758K, committed 7776K, reserved 1048576K
2020-06-27T17:28:27.083+0100: 809.343: [GC (Allocation Failure) 2020-06-27T17:28:27.083+0100: 809.343: [ParNew
Desired survivor size 20112992 bytes, new threshold 8 (max 8)
- age   1:    3419096 bytes,    3419096 total
- age   2:    2590008 bytes,    6009104 total
- age   3:    3020032 bytes,    9029136 total
- age   4:       1104 bytes,    9030240 total
- age   5:    3828624 bytes,   12858864 total
- age   6:    2815232 bytes,   15674096 total
- age   7:    2920712 bytes,   18594808 total
- age   8:    3128816 bytes,   21723624 total
: 109248K->21824K(109248K), 0.0154284 secs] 214961K->133284K(502464K), 0.0154943 secs] [Times: user=0.06 sys=0.00, real=0.02 secs] 
Heap after GC invocations=154 (full 10):
 par new generation   total 109248K, used 21824K [0x00000000e0000000, 0x00000000e8000000, 0x00000000e8000000)
  eden space 87424K,   0% used [0x00000000e0000000, 0x00000000e0000000, 0x00000000e5560000)
  from space 21824K, 100% used [0x00000000e5560000, 0x00000000e6ab0000, 0x00000000e6ab0000)
  to   space 21824K,   0% used [0x00000000e6ab0000, 0x00000000e6ab0000, 0x00000000e8000000)
 concurrent mark-sweep generation total 393216K, used 111460K [0x00000000e8000000, 0x0000000100000000, 0x0000000100000000)
 Metaspace       used 62371K, capacity 64294K, committed 64500K, reserved 1105920K
  class space    used 7311K, capacity 7758K, committed 7776K, reserved 1048576K
}
2020-06-27T17:28:27.098+0100: 809.359: Total time for which application threads were stopped: 0.0157423 seconds, Stopping threads took: 0.0000644 seconds
2020-06-27T17:28:27.945+0100: 810.205: Total time for which application threads were stopped: 0.0001457 seconds, Stopping threads took: 0.0000667 seconds
2020-06-27T17:28:27.945+0100: 810.205: Total time for which application threads were stopped: 0.0001368 seconds, Stopping threads took: 0.0000948 seconds
2020-06-27T17:28:27.945+0100: 810.206: Total time for which application threads were stopped: 0.0000962 seconds, Stopping threads took: 0.0000624 seconds
2020-06-27T17:28:27.946+0100: 810.206: Total time for which application threads were stopped: 0.0001259 seconds, Stopping threads took: 0.0000637 seconds
2020-06-27T17:28:27.946+0100: 810.207: Total time for which application threads were stopped: 0.0002096 seconds, Stopping threads took: 0.0000543 seconds
2020-06-27T17:28:27.946+0100: 810.207: Total time for which application threads were stopped: 0.0000731 seconds, Stopping threads took: 0.0000380 seconds
2020-06-27T17:28:27.947+0100: 810.207: Total time for which application threads were stopped: 0.0000936 seconds, Stopping threads took: 0.0000477 seconds
2020-06-27T17:28:27.947+0100: 810.207: Total time for which application threads were stopped: 0.0000727 seconds, Stopping threads took: 0.0000414 seconds
2020-06-27T17:28:29.288+0100: 811.549: Total time for which application threads were stopped: 0.0032090 seconds, Stopping threads took: 0.0031307 seconds
2020-06-27T17:28:29.293+0100: 811.553: Total time for which application threads were stopped: 0.0002086 seconds, Stopping threads took: 0.0000861 seconds
2020-06-27T17:28:29.294+0100: 811.555: Total time for which application threads were stopped: 0.0002747 seconds, Stopping threads took: 0.0001660 seconds
{Heap before GC invocations=154 (full 10):
 par new generation   total 109248K, used 109248K [0x00000000e0000000, 0x00000000e8000000, 0x00000000e8000000)
  eden space 87424K, 100% used [0x00000000e0000000, 0x00000000e5560000, 0x00000000e5560000)
  from space 21824K, 100% used [0x00000000e5560000, 0x00000000e6ab0000, 0x00000000e6ab0000)
  to   space 21824K,   0% used [0x00000000e6ab0000, 0x00000000e6ab0000, 0x00000000e8000000)
 concurrent mark-sweep generation total 393216K, used 111460K [0x00000000e8000000, 0x0000000100000000, 0x0000000100000000)
 Metaspace       used 62380K, capacity 64298K, committed 64500K, reserved 1105920K
  class space    used 7311K, capacity 7758K, committed 7776K, reserved 1048576K
2020-06-27T17:28:29.341+0100: 811.601: [GC (Allocation Failure) 2020-06-27T17:28:29.341+0100: 811.601: [ParNew
Desired survivor size 20112992 bytes, new threshold 8 (max 8)
- age   1:    3665800 bytes,    3665800 total
- age   2:    2372080 bytes,    6037880 total
- age   3:    2212680 bytes,    8250560 total
- age   4:    1720976 bytes,    9971536 total
- age   5:       1104 bytes,    9972640 total
- age   6:    3828624 bytes,   13801264 total
- age   7:    2814928 bytes,   16616192 total
- age   8:    2920256 bytes,   19536448 total
: 109248K->21824K(109248K), 0.0169668 secs] 220708K->137643K(502464K), 0.0171100 secs] [Times: user=0.06 sys=0.00, real=0.02 secs] 
Heap after GC invocations=155 (full 10):
 par new generation   total 109248K, used 21824K [0x00000000e0000000, 0x00000000e8000000, 0x00000000e8000000)
  eden space 87424K,   0% used [0x00000000e0000000, 0x00000000e0000000, 0x00000000e5560000)
  from space 21824K, 100% used [0x00000000e6ab0000, 0x00000000e8000000, 0x00000000e8000000)
  to   space 21824K,   0% used [0x00000000e5560000, 0x00000000e5560000, 0x00000000e6ab0000)
 concurrent mark-sweep generation total 393216K, used 115819K [0x00000000e8000000, 0x0000000100000000, 0x0000000100000000)
 Metaspace       used 62380K, capacity 64298K, committed 64500K, reserved 1105920K
  class space    used 7311K, capacity 7758K, committed 7776K, reserved 1048576K
}
2020-06-27T17:28:29.358+0100: 811.619: Total time for which application threads were stopped: 0.0174510 seconds, Stopping threads took: 0.0000811 seconds
2020-06-27T17:28:29.450+0100: 811.711: Total time for which application threads were stopped: 0.0001725 seconds, Stopping threads took: 0.0000848 seconds
{Heap before GC invocations=155 (full 10):
 par new generation   total 109248K, used 109248K [0x00000000e0000000, 0x00000000e8000000, 0x00000000e8000000)
  eden space 87424K, 100% used [0x00000000e0000000, 0x00000000e5560000, 0x00000000e5560000)
  from space 21824K, 100% used [0x00000000e6ab0000, 0x00000000e8000000, 0x00000000e8000000)
  to   space 21824K,   0% used [0x00000000e5560000, 0x00000000e5560000, 0x00000000e6ab0000)
 concurrent mark-sweep generation total 393216K, used 115819K [0x00000000e8000000, 0x0000000100000000, 0x0000000100000000)
 Metaspace       used 62384K, capacity 64298K, committed 64500K, reserved 1105920K
  class space    used 7311K, capacity 7758K, committed 7776K, reserved 1048576K
2020-06-27T17:28:29.488+0100: 811.749: [GC (Allocation Failure) 2020-06-27T17:28:29.488+0100: 811.749: [ParNew
Desired survivor size 20112992 bytes, new threshold 8 (max 8)
- age   1:    5098936 bytes,    5098936 total
- age   2:    3529528 bytes,    8628464 total
- age   3:    2371888 bytes,   11000352 total
- age   4:    2210632 bytes,   13210984 total
- age   5:    1719864 bytes,   14930848 total
- age   6:       1104 bytes,   14931952 total
- age   7:    3828624 bytes,   18760576 total
- age   8:    2814928 bytes,   21575504 total
: 109248K->21824K(109248K), 0.0190026 secs] 225067K->145118K(502464K), 0.0191431 secs] [Times: user=0.08 sys=0.00, real=0.02 secs] 
Heap after GC invocations=156 (full 10):
 par new generation   total 109248K, used 21824K [0x00000000e0000000, 0x00000000e8000000, 0x00000000e8000000)
  eden space 87424K,   0% used [0x00000000e0000000, 0x00000000e0000000, 0x00000000e5560000)
  from space 21824K, 100% used [0x00000000e5560000, 0x00000000e6ab0000, 0x00000000e6ab0000)
  to   space 21824K,   0% used [0x00000000e6ab0000, 0x00000000e6ab0000, 0x00000000e8000000)
 concurrent mark-sweep generation total 393216K, used 123294K [0x00000000e8000000, 0x0000000100000000, 0x0000000100000000)
 Metaspace       used 62384K, capacity 64298K, committed 64500K, reserved 1105920K
  class space    used 7311K, capacity 7758K, committed 7776K, reserved 1048576K
}
2020-06-27T17:28:29.507+0100: 811.768: Total time for which application threads were stopped: 0.0195262 seconds, Stopping threads took: 0.0000856 seconds
{Heap before GC invocations=156 (full 10):
 par new generation   total 109248K, used 109248K [0x00000000e0000000, 0x00000000e8000000, 0x00000000e8000000)
  eden space 87424K, 100% used [0x00000000e0000000, 0x00000000e5560000, 0x00000000e5560000)
  from space 21824K, 100% used [0x00000000e5560000, 0x00000000e6ab0000, 0x00000000e6ab0000)
  to   space 21824K,   0% used [0x00000000e6ab0000, 0x00000000e6ab0000, 0x00000000e8000000)
 concurrent mark-sweep generation total 393216K, used 123294K [0x00000000e8000000, 0x0000000100000000, 0x0000000100000000)
 Metaspace       used 62385K, capacity 64298K, committed 64500K, reserved 1105920K
  class space    used 7311K, capacity 7758K, committed 7776K, reserved 1048576K
2020-06-27T17:28:29.644+0100: 811.905: [GC (Allocation Failure) 2020-06-27T17:28:29.644+0100: 811.905: [ParNew
Desired survivor size 20112992 bytes, new threshold 8 (max 8)
- age   1:    5259664 bytes,    5259664 total
- age   2:    3422104 bytes,    8681768 total
- age   3:    3528280 bytes,   12210048 total
- age   4:    2371888 bytes,   14581936 total
- age   5:    2210632 bytes,   16792568 total
- age   6:    1719864 bytes,   18512432 total
- age   7:       1104 bytes,   18513536 total
- age   8:    3828624 bytes,   22342160 total
: 109248K->21824K(109248K), 0.0195949 secs] 232542K->152336K(502464K), 0.0196825 secs] [Times: user=0.08 sys=0.00, real=0.02 secs] 
Heap after GC invocations=157 (full 10):
 par new generation   total 109248K, used 21824K [0x00000000e0000000, 0x00000000e8000000, 0x00000000e8000000)
  eden space 87424K,   0% used [0x00000000e0000000, 0x00000000e0000000, 0x00000000e5560000)
  from space 21824K, 100% used [0x00000000e6ab0000, 0x00000000e8000000, 0x00000000e8000000)
  to   space 21824K,   0% used [0x00000000e5560000, 0x00000000e5560000, 0x00000000e6ab0000)
 concurrent mark-sweep generation total 393216K, used 130512K [0x00000000e8000000, 0x0000000100000000, 0x0000000100000000)
 Metaspace       used 62385K, capacity 64298K, committed 64500K, reserved 1105920K
  class space    used 7311K, capacity 7758K, committed 7776K, reserved 1048576K
}
2020-06-27T17:28:29.664+0100: 811.925: Total time for which application threads were stopped: 0.0199600 seconds, Stopping threads took: 0.0000731 seconds
{Heap before GC invocations=157 (full 10):
 par new generation   total 109248K, used 109248K [0x00000000e0000000, 0x00000000e8000000, 0x00000000e8000000)
  eden space 87424K, 100% used [0x00000000e0000000, 0x00000000e5560000, 0x00000000e5560000)
  from space 21824K, 100% used [0x00000000e6ab0000, 0x00000000e8000000, 0x00000000e8000000)
  to   space 21824K,   0% used [0x00000000e5560000, 0x00000000e5560000, 0x00000000e6ab0000)
 concurrent mark-sweep generation total 393216K, used 130512K [0x00000000e8000000, 0x0000000100000000, 0x0000000100000000)
 Metaspace       used 62385K, capacity 64298K, committed 64500K, reserved 1105920K
  class space    used 7311K, capacity 7758K, committed 7776K, reserved 1048576K
2020-06-27T17:28:29.815+0100: 812.076: [GC (Allocation Failure) 2020-06-27T17:28:29.815+0100: 812.076: [ParNew
Desired survivor size 20112992 bytes, new threshold 6 (max 8)
- age   1:    5545264 bytes,    5545264 total
- age   2:    3983064 bytes,    9528328 total
- age   3:    2892448 bytes,   12420776 total
- age   4:    3528040 bytes,   15948816 total
- age   5:    2366240 bytes,   18315056 total
- age   6:    2210584 bytes,   20525640 total
- age   7:    1650760 bytes,   22176400 total
- age   8:       1104 bytes,   22177504 total
: 109248K->21824K(109248K), 0.0210945 secs] 239760K->161796K(502464K), 0.0212761 secs] [Times: user=0.13 sys=0.00, real=0.02 secs] 
Heap after GC invocations=158 (full 10):
 par new generation   total 109248K, used 21824K [0x00000000e0000000, 0x00000000e8000000, 0x00000000e8000000)
  eden space 87424K,   0% used [0x00000000e0000000, 0x00000000e0000000, 0x00000000e5560000)
  from space 21824K, 100% used [0x00000000e5560000, 0x00000000e6ab0000, 0x00000000e6ab0000)
  to   space 21824K,   0% used [0x00000000e6ab0000, 0x00000000e6ab0000, 0x00000000e8000000)
 concurrent mark-sweep generation total 393216K, used 139972K [0x00000000e8000000, 0x0000000100000000, 0x0000000100000000)
 Metaspace       used 62385K, capacity 64298K, committed 64500K, reserved 1105920K
  class space    used 7311K, capacity 7758K, committed 7776K, reserved 1048576K
}
2020-06-27T17:28:29.837+0100: 812.097: Total time for which application threads were stopped: 0.0216017 seconds, Stopping threads took: 0.0000751 seconds
2020-06-27T17:28:30.002+0100: 812.263: Total time for which application threads were stopped: 0.0001747 seconds, Stopping threads took: 0.0000610 seconds
2020-06-27T17:28:30.618+0100: 812.878: Total time for which application threads were stopped: 0.0003046 seconds, Stopping threads took: 0.0002011 seconds
2020-06-27T17:28:30.618+0100: 812.879: Total time for which application threads were stopped: 0.0001559 seconds, Stopping threads took: 0.0000612 seconds
2020-06-27T17:28:30.628+0100: 812.888: Total time for which application threads were stopped: 0.0001727 seconds, Stopping threads took: 0.0000734 seconds
2020-06-27T17:28:30.628+0100: 812.889: Total time for which application threads were stopped: 0.0001469 seconds, Stopping threads took: 0.0000591 seconds
2020-06-27T17:28:30.628+0100: 812.889: Total time for which application threads were stopped: 0.0001358 seconds, Stopping threads took: 0.0000443 seconds
2020-06-27T17:28:30.628+0100: 812.889: Total time for which application threads were stopped: 0.0001219 seconds, Stopping threads took: 0.0000499 seconds
2020-06-27T17:28:31.629+0100: 813.890: Total time for which application threads were stopped: 0.0004976 seconds, Stopping threads took: 0.0004163 seconds
2020-06-27T17:28:54.749+0100: 837.009: Total time for which application threads were stopped: 0.0001777 seconds, Stopping threads took: 0.0000659 seconds
2020-06-27T17:28:54.751+0100: 837.011: Total time for which application threads were stopped: 0.0001462 seconds, Stopping threads took: 0.0000471 seconds
2020-06-27T17:28:54.762+0100: 837.023: Total time for which application threads were stopped: 0.0000973 seconds, Stopping threads took: 0.0000420 seconds
2020-06-27T17:28:54.764+0100: 837.024: Total time for which application threads were stopped: 0.0001583 seconds, Stopping threads took: 0.0000725 seconds
{Heap before GC invocations=158 (full 10):
 par new generation   total 109248K, used 109248K [0x00000000e0000000, 0x00000000e8000000, 0x00000000e8000000)
  eden space 87424K, 100% used [0x00000000e0000000, 0x00000000e5560000, 0x00000000e5560000)
  from space 21824K, 100% used [0x00000000e5560000, 0x00000000e6ab0000, 0x00000000e6ab0000)
  to   space 21824K,   0% used [0x00000000e6ab0000, 0x00000000e6ab0000, 0x00000000e8000000)
 concurrent mark-sweep generation total 393216K, used 139972K [0x00000000e8000000, 0x0000000100000000, 0x0000000100000000)
 Metaspace       used 62411K, capacity 64298K, committed 64500K, reserved 1105920K
  class space    used 7311K, capacity 7758K, committed 7776K, reserved 1048576K
2020-06-27T17:28:54.856+0100: 837.117: [GC (Allocation Failure) 2020-06-27T17:28:54.856+0100: 837.117: [ParNew
Desired survivor size 20112992 bytes, new threshold 6 (max 8)
- age   1:    6311024 bytes,    6311024 total
- age   2:    4009536 bytes,   10320560 total
- age   3:    3926136 bytes,   14246696 total
- age   4:    2587112 bytes,   16833808 total
- age   5:    3132632 bytes,   19966440 total
- age   6:    2366240 bytes,   22332680 total
: 109248K->21824K(109248K), 0.0187344 secs] 249220K->169642K(502464K), 0.0188060 secs] [Times: user=0.06 sys=0.00, real=0.02 secs] 
Heap after GC invocations=159 (full 10):
 par new generation   total 109248K, used 21824K [0x00000000e0000000, 0x00000000e8000000, 0x00000000e8000000)
  eden space 87424K,   0% used [0x00000000e0000000, 0x00000000e0000000, 0x00000000e5560000)
  from space 21824K, 100% used [0x00000000e6ab0000, 0x00000000e8000000, 0x00000000e8000000)
  to   space 21824K,   0% used [0x00000000e5560000, 0x00000000e5560000, 0x00000000e6ab0000)
 concurrent mark-sweep generation total 393216K, used 147818K [0x00000000e8000000, 0x0000000100000000, 0x0000000100000000)
 Metaspace       used 62411K, capacity 64298K, committed 64500K, reserved 1105920K
  class space    used 7311K, capacity 7758K, committed 7776K, reserved 1048576K
}
2020-06-27T17:28:54.875+0100: 837.136: Total time for which application threads were stopped: 0.0190399 seconds, Stopping threads took: 0.0000674 seconds
2020-06-27T17:28:54.878+0100: 837.138: Total time for which application threads were stopped: 0.0001158 seconds, Stopping threads took: 0.0000497 seconds
{Heap before GC invocations=159 (full 10):
 par new generation   total 109248K, used 109248K [0x00000000e0000000, 0x00000000e8000000, 0x00000000e8000000)
  eden space 87424K, 100% used [0x00000000e0000000, 0x00000000e5560000, 0x00000000e5560000)
  from space 21824K, 100% used [0x00000000e6ab0000, 0x00000000e8000000, 0x00000000e8000000)
  to   space 21824K,   0% used [0x00000000e5560000, 0x00000000e5560000, 0x00000000e6ab0000)
 concurrent mark-sweep generation total 393216K, used 147818K [0x00000000e8000000, 0x0000000100000000, 0x0000000100000000)
 Metaspace       used 62419K, capacity 64298K, committed 64500K, reserved 1105920K
  class space    used 7311K, capacity 7758K, committed 7776K, reserved 1048576K
2020-06-27T17:28:54.985+0100: 837.245: [GC (Allocation Failure) 2020-06-27T17:28:54.985+0100: 837.246: [ParNew
Desired survivor size 20112992 bytes, new threshold 6 (max 8)
- age   1:    4283160 bytes,    4283160 total
- age   2:    5270304 bytes,    9553464 total
- age   3:    3409144 bytes,   12962608 total
- age   4:    3925384 bytes,   16887992 total
- age   5:    2260920 bytes,   19148912 total
- age   6:    3131512 bytes,   22280424 total
: 109248K->21824K(109248K), 0.0193415 secs] 257066K->180926K(502464K), 0.0194143 secs] [Times: user=0.06 sys=0.00, real=0.02 secs] 
Heap after GC invocations=160 (full 10):
 par new generation   total 109248K, used 21824K [0x00000000e0000000, 0x00000000e8000000, 0x00000000e8000000)
  eden space 87424K,   0% used [0x00000000e0000000, 0x00000000e0000000, 0x00000000e5560000)
  from space 21824K, 100% used [0x00000000e5560000, 0x00000000e6ab0000, 0x00000000e6ab0000)
  to   space 21824K,   0% used [0x00000000e6ab0000, 0x00000000e6ab0000, 0x00000000e8000000)
 concurrent mark-sweep generation total 393216K, used 159102K [0x00000000e8000000, 0x0000000100000000, 0x0000000100000000)
 Metaspace       used 62419K, capacity 64298K, committed 64500K, reserved 1105920K
  class space    used 7311K, capacity 7758K, committed 7776K, reserved 1048576K
}
2020-06-27T17:28:55.004+0100: 837.265: Total time for which application threads were stopped: 0.0196789 seconds, Stopping threads took: 0.0000727 seconds
{Heap before GC invocations=160 (full 10):
 par new generation   total 109248K, used 109248K [0x00000000e0000000, 0x00000000e8000000, 0x00000000e8000000)
  eden space 87424K, 100% used [0x00000000e0000000, 0x00000000e5560000, 0x00000000e5560000)
  from space 21824K, 100% used [0x00000000e5560000, 0x00000000e6ab0000, 0x00000000e6ab0000)
  to   space 21824K,   0% used [0x00000000e6ab0000, 0x00000000e6ab0000, 0x00000000e8000000)
 concurrent mark-sweep generation total 393216K, used 159102K [0x00000000e8000000, 0x0000000100000000, 0x0000000100000000)
 Metaspace       used 62461K, capacity 64362K, committed 64500K, reserved 1105920K
  class space    used 7311K, capacity 7758K, committed 7776K, reserved 1048576K
2020-06-27T17:28:55.135+0100: 837.395: [GC (Allocation Failure) 2020-06-27T17:28:55.135+0100: 837.396: [ParNew
Desired survivor size 20112992 bytes, new threshold 5 (max 8)
- age   1:    5174024 bytes,    5174024 total
- age   2:    3439008 bytes,    8613032 total
- age   3:    5250368 bytes,   13863400 total
- age   4:    2472320 bytes,   16335720 total
- age   5:    3780328 bytes,   20116048 total
- age   6:    2204352 bytes,   22320400 total
: 109248K->21824K(109248K), 0.0210284 secs] 268350K->191444K(502464K), 0.0212559 secs] [Times: user=0.06 sys=0.00, real=0.02 secs] 
Heap after GC invocations=161 (full 10):
 par new generation   total 109248K, used 21824K [0x00000000e0000000, 0x00000000e8000000, 0x00000000e8000000)
  eden space 87424K,   0% used [0x00000000e0000000, 0x00000000e0000000, 0x00000000e5560000)
  from space 21824K, 100% used [0x00000000e6ab0000, 0x00000000e8000000, 0x00000000e8000000)
  to   space 21824K,   0% used [0x00000000e5560000, 0x00000000e5560000, 0x00000000e6ab0000)
 concurrent mark-sweep generation total 393216K, used 169620K [0x00000000e8000000, 0x0000000100000000, 0x0000000100000000)
 Metaspace       used 62461K, capacity 64362K, committed 64500K, reserved 1105920K
  class space    used 7311K, capacity 7758K, committed 7776K, reserved 1048576K
}
2020-06-27T17:28:55.156+0100: 837.417: Total time for which application threads were stopped: 0.0218266 seconds, Stopping threads took: 0.0001454 seconds
2020-06-27T17:28:55.235+0100: 837.496: Total time for which application threads were stopped: 0.0002037 seconds, Stopping threads took: 0.0000760 seconds
2020-06-27T17:28:55.238+0100: 837.498: Total time for which application threads were stopped: 0.0004342 seconds, Stopping threads took: 0.0000734 seconds
2020-06-27T17:28:56.088+0100: 838.349: Total time for which application threads were stopped: 0.0001739 seconds, Stopping threads took: 0.0000928 seconds
2020-06-27T17:28:56.089+0100: 838.349: Total time for which application threads were stopped: 0.0001537 seconds, Stopping threads took: 0.0000664 seconds
2020-06-27T17:28:56.089+0100: 838.349: Total time for which application threads were stopped: 0.0001415 seconds, Stopping threads took: 0.0000693 seconds
2020-06-27T17:28:56.092+0100: 838.352: Total time for which application threads were stopped: 0.0001386 seconds, Stopping threads took: 0.0000631 seconds
2020-06-27T17:28:56.093+0100: 838.353: Total time for which application threads were stopped: 0.0001338 seconds, Stopping threads took: 0.0000581 seconds
2020-06-27T17:28:56.093+0100: 838.354: Total time for which application threads were stopped: 0.0001138 seconds, Stopping threads took: 0.0000431 seconds
2020-06-27T17:28:56.093+0100: 838.354: Total time for which application threads were stopped: 0.0001050 seconds, Stopping threads took: 0.0000406 seconds
2020-06-27T17:28:57.094+0100: 839.354: Total time for which application threads were stopped: 0.0001340 seconds, Stopping threads took: 0.0000611 seconds
2020-06-27T17:29:09.766+0100: 852.026: Total time for which application threads were stopped: 0.0000742 seconds, Stopping threads took: 0.0000243 seconds
2020-06-27T17:29:15.800+0100: 858.061: Total time for which application threads were stopped: 0.0002211 seconds, Stopping threads took: 0.0001480 seconds
2020-06-27T17:29:15.801+0100: 858.062: Total time for which application threads were stopped: 0.0001186 seconds, Stopping threads took: 0.0000380 seconds
2020-06-27T17:29:15.809+0100: 858.070: Total time for which application threads were stopped: 0.0001794 seconds, Stopping threads took: 0.0001250 seconds
2020-06-27T17:29:15.811+0100: 858.071: Total time for which application threads were stopped: 0.0001325 seconds, Stopping threads took: 0.0000295 seconds
{Heap before GC invocations=161 (full 10):
 par new generation   total 109248K, used 109248K [0x00000000e0000000, 0x00000000e8000000, 0x00000000e8000000)
  eden space 87424K, 100% used [0x00000000e0000000, 0x00000000e5560000, 0x00000000e5560000)
  from space 21824K, 100% used [0x00000000e6ab0000, 0x00000000e8000000, 0x00000000e8000000)
  to   space 21824K,   0% used [0x00000000e5560000, 0x00000000e5560000, 0x00000000e6ab0000)
 concurrent mark-sweep generation total 393216K, used 169620K [0x00000000e8000000, 0x0000000100000000, 0x0000000100000000)
 Metaspace       used 62517K, capacity 64426K, committed 64500K, reserved 1105920K
  class space    used 7311K, capacity 7758K, committed 7776K, reserved 1048576K
2020-06-27T17:29:15.884+0100: 858.145: [GC (Allocation Failure) 2020-06-27T17:29:15.884+0100: 858.145: [ParNew
Desired survivor size 20112992 bytes, new threshold 5 (max 8)
- age   1:    6477472 bytes,    6477472 total
- age   2:    4907336 bytes,   11384808 total
- age   3:    3406064 bytes,   14790872 total
- age   4:    4875776 bytes,   19666648 total
- age   5:    2469080 bytes,   22135728 total
: 109248K->21824K(109248K), 0.0159003 secs] 278868K->201605K(502464K), 0.0159758 secs] [Times: user=0.06 sys=0.00, real=0.02 secs] 
Heap after GC invocations=162 (full 10):
 par new generation   total 109248K, used 21824K [0x00000000e0000000, 0x00000000e8000000, 0x00000000e8000000)
  eden space 87424K,   0% used [0x00000000e0000000, 0x00000000e0000000, 0x00000000e5560000)
  from space 21824K, 100% used [0x00000000e5560000, 0x00000000e6ab0000, 0x00000000e6ab0000)
  to   space 21824K,   0% used [0x00000000e6ab0000, 0x00000000e6ab0000, 0x00000000e8000000)
 concurrent mark-sweep generation total 393216K, used 179781K [0x00000000e8000000, 0x0000000100000000, 0x0000000100000000)
 Metaspace       used 62517K, capacity 64426K, committed 64500K, reserved 1105920K
  class space    used 7311K, capacity 7758K, committed 7776K, reserved 1048576K
}
2020-06-27T17:29:15.900+0100: 858.161: Total time for which application threads were stopped: 0.0162389 seconds, Stopping threads took: 0.0000742 seconds
2020-06-27T17:29:15.926+0100: 858.187: Total time for which application threads were stopped: 0.0001536 seconds, Stopping threads took: 0.0000657 seconds
{Heap before GC invocations=162 (full 10):
 par new generation   total 109248K, used 109248K [0x00000000e0000000, 0x00000000e8000000, 0x00000000e8000000)
  eden space 87424K, 100% used [0x00000000e0000000, 0x00000000e5560000, 0x00000000e5560000)
  from space 21824K, 100% used [0x00000000e5560000, 0x00000000e6ab0000, 0x00000000e6ab0000)
  to   space 21824K,   0% used [0x00000000e6ab0000, 0x00000000e6ab0000, 0x00000000e8000000)
 concurrent mark-sweep generation total 393216K, used 179781K [0x00000000e8000000, 0x0000000100000000, 0x0000000100000000)
 Metaspace       used 62517K, capacity 64426K, committed 64500K, reserved 1105920K
  class space    used 7311K, capacity 7758K, committed 7776K, reserved 1048576K
2020-06-27T17:29:16.004+0100: 858.264: [GC (Allocation Failure) 2020-06-27T17:29:16.004+0100: 858.264: [ParNew
Desired survivor size 20112992 bytes, new threshold 5 (max 8)
- age   1:    4380104 bytes,    4380104 total
- age   2:    5519832 bytes,    9899936 total
- age   3:    3994000 bytes,   13893936 total
- age   4:    3405888 bytes,   17299824 total
- age   5:    4875424 bytes,   22175248 total
: 109248K->21824K(109248K), 0.0174073 secs] 289029K->212494K(502464K), 0.0174693 secs] [Times: user=0.03 sys=0.01, real=0.02 secs] 
Heap after GC invocations=163 (full 10):
 par new generation   total 109248K, used 21824K [0x00000000e0000000, 0x00000000e8000000, 0x00000000e8000000)
  eden space 87424K,   0% used [0x00000000e0000000, 0x00000000e0000000, 0x00000000e5560000)
  from space 21824K, 100% used [0x00000000e6ab0000, 0x00000000e8000000, 0x00000000e8000000)
  to   space 21824K,   0% used [0x00000000e5560000, 0x00000000e5560000, 0x00000000e6ab0000)
 concurrent mark-sweep generation total 393216K, used 190670K [0x00000000e8000000, 0x0000000100000000, 0x0000000100000000)
 Metaspace       used 62517K, capacity 64426K, committed 64500K, reserved 1105920K
  class space    used 7311K, capacity 7758K, committed 7776K, reserved 1048576K
}
2020-06-27T17:29:16.021+0100: 858.282: Total time for which application threads were stopped: 0.0177236 seconds, Stopping threads took: 0.0000709 seconds
{Heap before GC invocations=163 (full 10):
 par new generation   total 109248K, used 109248K [0x00000000e0000000, 0x00000000e8000000, 0x00000000e8000000)
  eden space 87424K, 100% used [0x00000000e0000000, 0x00000000e5560000, 0x00000000e5560000)
  from space 21824K, 100% used [0x00000000e6ab0000, 0x00000000e8000000, 0x00000000e8000000)
  to   space 21824K,   0% used [0x00000000e5560000, 0x00000000e5560000, 0x00000000e6ab0000)
 concurrent mark-sweep generation total 393216K, used 190670K [0x00000000e8000000, 0x0000000100000000, 0x0000000100000000)
 Metaspace       used 62517K, capacity 64426K, committed 64500K, reserved 1105920K
  class space    used 7311K, capacity 7758K, committed 7776K, reserved 1048576K
2020-06-27T17:29:16.113+0100: 858.374: [GC (Allocation Failure) 2020-06-27T17:29:16.113+0100: 858.374: [ParNew
Desired survivor size 20112992 bytes, new threshold 5 (max 8)
- age   1:    5493688 bytes,    5493688 total
- age   2:    2768568 bytes,    8262256 total
- age   3:    4976312 bytes,   13238568 total
- age   4:    3803200 bytes,   17041768 total
- age   5:    3374136 bytes,   20415904 total
: 109248K->21824K(109248K), 0.0175783 secs] 299918K->223335K(502464K), 0.0176928 secs] [Times: user=0.06 sys=0.00, real=0.02 secs] 
Heap after GC invocations=164 (full 10):
 par new generation   total 109248K, used 21824K [0x00000000e0000000, 0x00000000e8000000, 0x00000000e8000000)
  eden space 87424K,   0% used [0x00000000e0000000, 0x00000000e0000000, 0x00000000e5560000)
  from space 21824K, 100% used [0x00000000e5560000, 0x00000000e6ab0000, 0x00000000e6ab0000)
  to   space 21824K,   0% used [0x00000000e6ab0000, 0x00000000e6ab0000, 0x00000000e8000000)
 concurrent mark-sweep generation total 393216K, used 201511K [0x00000000e8000000, 0x0000000100000000, 0x0000000100000000)
 Metaspace       used 62517K, capacity 64426K, committed 64500K, reserved 1105920K
  class space    used 7311K, capacity 7758K, committed 7776K, reserved 1048576K
}
2020-06-27T17:29:16.131+0100: 858.392: Total time for which application threads were stopped: 0.0181475 seconds, Stopping threads took: 0.0001688 seconds
2020-06-27T17:29:16.131+0100: 858.392: [GC (CMS Initial Mark) [1 CMS-initial-mark: 201511K(393216K)] 223335K(502464K), 0.0034130 secs] [Times: user=0.01 sys=0.00, real=0.00 secs] 
2020-06-27T17:29:16.135+0100: 858.395: Total time for which application threads were stopped: 0.0036411 seconds, Stopping threads took: 0.0000753 seconds
2020-06-27T17:29:16.135+0100: 858.395: [CMS-concurrent-mark-start]
2020-06-27T17:29:16.161+0100: 858.422: [CMS-concurrent-mark: 0.026/0.026 secs] [Times: user=0.06 sys=0.00, real=0.03 secs] 
2020-06-27T17:29:16.161+0100: 858.422: [CMS-concurrent-preclean-start]
2020-06-27T17:29:16.163+0100: 858.423: [CMS-concurrent-preclean: 0.001/0.001 secs] [Times: user=0.05 sys=0.00, real=0.00 secs] 
2020-06-27T17:29:16.163+0100: 858.423: [GC (CMS Final Remark) [YG occupancy: 23106 K (109248 K)]2020-06-27T17:29:16.163+0100: 858.423: [Rescan (parallel) , 0.0034031 secs]2020-06-27T17:29:16.166+0100: 858.427: [weak refs processing, 0.0059532 secs]2020-06-27T17:29:16.172+0100: 858.433: [class unloading, 0.0166660 secs]2020-06-27T17:29:16.189+0100: 858.450: [scrub symbol table, 0.0137387 secs]2020-06-27T17:29:16.203+0100: 858.463: [scrub string table, 0.0008043 secs][1 CMS-remark: 201511K(393216K)] 224618K(502464K), 0.0408768 secs] [Times: user=0.03 sys=0.00, real=0.04 secs] 
2020-06-27T17:29:16.204+0100: 858.464: Total time for which application threads were stopped: 0.0410854 seconds, Stopping threads took: 0.0000745 seconds
2020-06-27T17:29:16.204+0100: 858.464: [CMS-concurrent-sweep-start]
{Heap before GC invocations=164 (full 11):
 par new generation   total 109248K, used 23106K [0x00000000e0000000, 0x00000000e8000000, 0x00000000e8000000)
  eden space 87424K,   1% used [0x00000000e0000000, 0x00000000e0140b18, 0x00000000e5560000)
  from space 21824K, 100% used [0x00000000e5560000, 0x00000000e6ab0000, 0x00000000e6ab0000)
  to   space 21824K,   0% used [0x00000000e6ab0000, 0x00000000e6ab0000, 0x00000000e8000000)
 concurrent mark-sweep generation total 393216K, used 201511K [0x00000000e8000000, 0x0000000100000000, 0x0000000100000000)
 Metaspace       used 62517K, capacity 64426K, committed 64500K, reserved 1105920K
  class space    used 7311K, capacity 7758K, committed 7776K, reserved 1048576K
2020-06-27T17:29:16.204+0100: 858.465: [GC (GCLocker Initiated GC) 2020-06-27T17:29:16.204+0100: 858.465: [ParNew
Desired survivor size 20112992 bytes, new threshold 8 (max 8)
- age   1:     230560 bytes,     230560 total
- age   2:    5319288 bytes,    5549848 total
- age   3:    1940480 bytes,    7490328 total
- age   4:    3665944 bytes,   11156272 total
- age   5:    2750448 bytes,   13906720 total
: 23106K->20364K(109248K), 0.0082956 secs] 224618K->224979K(502464K), 0.0083506 secs] [Times: user=0.06 sys=0.00, real=0.01 secs] 
Heap after GC invocations=165 (full 11):
 par new generation   total 109248K, used 20364K [0x00000000e0000000, 0x00000000e8000000, 0x00000000e8000000)
  eden space 87424K,   0% used [0x00000000e0000000, 0x00000000e0000000, 0x00000000e5560000)
  from space 21824K,  93% used [0x00000000e6ab0000, 0x00000000e7e93360, 0x00000000e8000000)
  to   space 21824K,   0% used [0x00000000e5560000, 0x00000000e5560000, 0x00000000e6ab0000)
 concurrent mark-sweep generation total 393216K, used 204615K [0x00000000e8000000, 0x0000000100000000, 0x0000000100000000)
 Metaspace       used 62517K, capacity 64426K, committed 64500K, reserved 1105920K
  class space    used 7311K, capacity 7758K, committed 7776K, reserved 1048576K
}
2020-06-27T17:29:16.212+0100: 858.473: Total time for which application threads were stopped: 0.0085523 seconds, Stopping threads took: 0.0000658 seconds
2020-06-27T17:29:16.213+0100: 858.474: Total time for which application threads were stopped: 0.0001549 seconds, Stopping threads took: 0.0000738 seconds
2020-06-27T17:29:16.213+0100: 858.474: Total time for which application threads were stopped: 0.0001187 seconds, Stopping threads took: 0.0000716 seconds
2020-06-27T17:29:16.214+0100: 858.474: Total time for which application threads were stopped: 0.0001287 seconds, Stopping threads took: 0.0000593 seconds
2020-06-27T17:29:16.214+0100: 858.474: Total time for which application threads were stopped: 0.0001061 seconds, Stopping threads took: 0.0000526 seconds
2020-06-27T17:29:16.214+0100: 858.475: Total time for which application threads were stopped: 0.0000989 seconds, Stopping threads took: 0.0000614 seconds
2020-06-27T17:29:16.214+0100: 858.475: Total time for which application threads were stopped: 0.0000861 seconds, Stopping threads took: 0.0000518 seconds
2020-06-27T17:29:16.215+0100: 858.475: Total time for which application threads were stopped: 0.0001230 seconds, Stopping threads took: 0.0000692 seconds
2020-06-27T17:29:16.215+0100: 858.475: Total time for which application threads were stopped: 0.0000857 seconds, Stopping threads took: 0.0000518 seconds
2020-06-27T17:29:16.215+0100: 858.476: Total time for which application threads were stopped: 0.0001081 seconds, Stopping threads took: 0.0000477 seconds
2020-06-27T17:29:16.215+0100: 858.476: Total time for which application threads were stopped: 0.0001386 seconds, Stopping threads took: 0.0000525 seconds
2020-06-27T17:29:16.216+0100: 858.476: Total time for which application threads were stopped: 0.0000937 seconds, Stopping threads took: 0.0000455 seconds
2020-06-27T17:29:16.216+0100: 858.476: Total time for which application threads were stopped: 0.0000856 seconds, Stopping threads took: 0.0000528 seconds
2020-06-27T17:29:16.216+0100: 858.476: Total time for which application threads were stopped: 0.0001074 seconds, Stopping threads took: 0.0000522 seconds
2020-06-27T17:29:16.216+0100: 858.477: Total time for which application threads were stopped: 0.0001113 seconds, Stopping threads took: 0.0000550 seconds
2020-06-27T17:29:16.216+0100: 858.477: Total time for which application threads were stopped: 0.0000985 seconds, Stopping threads took: 0.0000637 seconds
2020-06-27T17:29:16.217+0100: 858.477: Total time for which application threads were stopped: 0.0001233 seconds, Stopping threads took: 0.0000881 seconds
2020-06-27T17:29:16.217+0100: 858.477: Total time for which application threads were stopped: 0.0000943 seconds, Stopping threads took: 0.0000581 seconds
2020-06-27T17:29:16.217+0100: 858.478: Total time for which application threads were stopped: 0.0000925 seconds, Stopping threads took: 0.0000584 seconds
2020-06-27T17:29:16.218+0100: 858.478: Total time for which application threads were stopped: 0.0002867 seconds, Stopping threads took: 0.0000678 seconds
2020-06-27T17:29:16.218+0100: 858.478: Total time for which application threads were stopped: 0.0002564 seconds, Stopping threads took: 0.0000569 seconds
2020-06-27T17:29:16.305+0100: 858.566: [CMS-concurrent-sweep: 0.099/0.101 secs] [Times: user=0.33 sys=0.00, real=0.10 secs] 
2020-06-27T17:29:16.305+0100: 858.566: [CMS-concurrent-reset-start]
2020-06-27T17:29:16.306+0100: 858.567: [CMS-concurrent-reset: 0.001/0.001 secs] [Times: user=0.00 sys=0.00, real=0.00 secs] 
2020-06-27T17:29:17.018+0100: 859.278: Total time for which application threads were stopped: 0.0001683 seconds, Stopping threads took: 0.0000811 seconds
2020-06-27T17:29:17.018+0100: 859.279: Total time for which application threads were stopped: 0.0001116 seconds, Stopping threads took: 0.0000538 seconds
2020-06-27T17:29:17.018+0100: 859.279: Total time for which application threads were stopped: 0.0000987 seconds, Stopping threads took: 0.0000486 seconds
2020-06-27T17:29:17.019+0100: 859.280: Total time for which application threads were stopped: 0.0001415 seconds, Stopping threads took: 0.0000747 seconds
2020-06-27T17:29:17.020+0100: 859.280: Total time for which application threads were stopped: 0.0001112 seconds, Stopping threads took: 0.0000521 seconds
2020-06-27T17:29:17.020+0100: 859.280: Total time for which application threads were stopped: 0.0001088 seconds, Stopping threads took: 0.0000508 seconds
2020-06-27T17:29:17.020+0100: 859.281: Total time for which application threads were stopped: 0.0002939 seconds, Stopping threads took: 0.0000372 seconds
2020-06-27T17:29:18.021+0100: 860.281: Total time for which application threads were stopped: 0.0001267 seconds, Stopping threads took: 0.0000688 seconds
2020-06-27T17:29:29.548+0100: 871.808: Total time for which application threads were stopped: 0.0002749 seconds, Stopping threads took: 0.0002184 seconds
2020-06-27T17:29:29.551+0100: 871.812: Total time for which application threads were stopped: 0.0001764 seconds, Stopping threads took: 0.0000977 seconds
2020-06-27T17:29:29.552+0100: 871.813: Total time for which application threads were stopped: 0.0001439 seconds, Stopping threads took: 0.0000841 seconds
{Heap before GC invocations=165 (full 11):
 par new generation   total 109248K, used 107788K [0x00000000e0000000, 0x00000000e8000000, 0x00000000e8000000)
  eden space 87424K, 100% used [0x00000000e0000000, 0x00000000e5560000, 0x00000000e5560000)
  from space 21824K,  93% used [0x00000000e6ab0000, 0x00000000e7e93360, 0x00000000e8000000)
  to   space 21824K,   0% used [0x00000000e5560000, 0x00000000e5560000, 0x00000000e6ab0000)
 concurrent mark-sweep generation total 393216K, used 92778K [0x00000000e8000000, 0x0000000100000000, 0x0000000100000000)
 Metaspace       used 62522K, capacity 64426K, committed 64500K, reserved 1105920K
  class space    used 7311K, capacity 7758K, committed 7776K, reserved 1048576K
2020-06-27T17:29:29.633+0100: 871.893: [GC (Allocation Failure) 2020-06-27T17:29:29.633+0100: 871.893: [ParNew
Desired survivor size 20112992 bytes, new threshold 8 (max 8)
- age   1:    6860376 bytes,    6860376 total
- age   2:     118568 bytes,    6978944 total
- age   3:    3955472 bytes,   10934416 total
- age   4:    1931576 bytes,   12865992 total
- age   5:    3566480 bytes,   16432472 total
- age   6:    2750240 bytes,   19182712 total
: 107788K->20868K(109248K), 0.0103636 secs] 200567K->113647K(502464K), 0.0104585 secs] [Times: user=0.00 sys=0.00, real=0.01 secs] 
Heap after GC invocations=166 (full 11):
 par new generation   total 109248K, used 20868K [0x00000000e0000000, 0x00000000e8000000, 0x00000000e8000000)
  eden space 87424K,   0% used [0x00000000e0000000, 0x00000000e0000000, 0x00000000e5560000)
  from space 21824K,  95% used [0x00000000e5560000, 0x00000000e69c1010, 0x00000000e6ab0000)
  to   space 21824K,   0% used [0x00000000e6ab0000, 0x00000000e6ab0000, 0x00000000e8000000)
 concurrent mark-sweep generation total 393216K, used 92778K [0x00000000e8000000, 0x0000000100000000, 0x0000000100000000)
 Metaspace       used 62522K, capacity 64426K, committed 64500K, reserved 1105920K
  class space    used 7311K, capacity 7758K, committed 7776K, reserved 1048576K
}
2020-06-27T17:29:29.643+0100: 871.904: Total time for which application threads were stopped: 0.0107438 seconds, Stopping threads took: 0.0000691 seconds
2020-06-27T17:29:29.725+0100: 871.985: Total time for which application threads were stopped: 0.0008783 seconds, Stopping threads took: 0.0007655 seconds
{Heap before GC invocations=166 (full 11):
 par new generation   total 109248K, used 108292K [0x00000000e0000000, 0x00000000e8000000, 0x00000000e8000000)
  eden space 87424K, 100% used [0x00000000e0000000, 0x00000000e5560000, 0x00000000e5560000)
  from space 21824K,  95% used [0x00000000e5560000, 0x00000000e69c1010, 0x00000000e6ab0000)
  to   space 21824K,   0% used [0x00000000e6ab0000, 0x00000000e6ab0000, 0x00000000e8000000)
 concurrent mark-sweep generation total 393216K, used 92778K [0x00000000e8000000, 0x0000000100000000, 0x0000000100000000)
 Metaspace       used 62522K, capacity 64426K, committed 64500K, reserved 1105920K
  class space    used 7311K, capacity 7758K, committed 7776K, reserved 1048576K
2020-06-27T17:29:29.848+0100: 872.109: [GC (Allocation Failure) 2020-06-27T17:29:29.849+0100: 872.109: [ParNew
Desired survivor size 20112992 bytes, new threshold 8 (max 8)
- age   1:    2850216 bytes,    2850216 total
- age   2:    4464776 bytes,    7314992 total
- age   3:     118208 bytes,    7433200 total
- age   4:    3947080 bytes,   11380280 total
- age   5:    1930512 bytes,   13310792 total
- age   6:    3483864 bytes,   16794656 total
- age   7:    2750240 bytes,   19544896 total
: 108292K->21824K(109248K), 0.0106457 secs] 201071K->115406K(502464K), 0.0108744 secs] [Times: user=0.06 sys=0.00, real=0.01 secs] 
Heap after GC invocations=167 (full 11):
 par new generation   total 109248K, used 21824K [0x00000000e0000000, 0x00000000e8000000, 0x00000000e8000000)
  eden space 87424K,   0% used [0x00000000e0000000, 0x00000000e0000000, 0x00000000e5560000)
  from space 21824K, 100% used [0x00000000e6ab0000, 0x00000000e8000000, 0x00000000e8000000)
  to   space 21824K,   0% used [0x00000000e5560000, 0x00000000e5560000, 0x00000000e6ab0000)
 concurrent mark-sweep generation total 393216K, used 93582K [0x00000000e8000000, 0x0000000100000000, 0x0000000100000000)
 Metaspace       used 62522K, capacity 64426K, committed 64500K, reserved 1105920K
  class space    used 7311K, capacity 7758K, committed 7776K, reserved 1048576K
}
2020-06-27T17:29:29.859+0100: 872.120: Total time for which application threads were stopped: 0.0195978 seconds, Stopping threads took: 0.0083541 seconds
2020-06-27T17:29:29.892+0100: 872.153: Total time for which application threads were stopped: 0.0106636 seconds, Stopping threads took: 0.0104780 seconds
2020-06-27T17:29:29.893+0100: 872.153: Total time for which application threads were stopped: 0.0001768 seconds, Stopping threads took: 0.0000732 seconds
{Heap before GC invocations=167 (full 11):
 par new generation   total 109248K, used 109248K [0x00000000e0000000, 0x00000000e8000000, 0x00000000e8000000)
  eden space 87424K, 100% used [0x00000000e0000000, 0x00000000e5560000, 0x00000000e5560000)
  from space 21824K, 100% used [0x00000000e6ab0000, 0x00000000e8000000, 0x00000000e8000000)
  to   space 21824K,   0% used [0x00000000e5560000, 0x00000000e5560000, 0x00000000e6ab0000)
 concurrent mark-sweep generation total 393216K, used 93582K [0x00000000e8000000, 0x0000000100000000, 0x0000000100000000)
 Metaspace       used 62522K, capacity 64426K, committed 64500K, reserved 1105920K
  class space    used 7311K, capacity 7758K, committed 7776K, reserved 1048576K
2020-06-27T17:29:30.008+0100: 872.269: [GC (Allocation Failure) 2020-06-27T17:29:30.008+0100: 872.269: [ParNew
Desired survivor size 20112992 bytes, new threshold 8 (max 8)
- age   1:    3740304 bytes,    3740304 total
- age   2:    2572168 bytes,    6312472 total
- age   3:    4438864 bytes,   10751336 total
- age   4:     118208 bytes,   10869544 total
- age   5:    3942208 bytes,   14811752 total
- age   6:    1846880 bytes,   16658632 total
- age   7:    2948008 bytes,   19606640 total
- age   8:    2705160 bytes,   22311800 total
: 109248K->21824K(109248K), 0.0150881 secs] 202830K->122011K(502464K), 0.0151948 secs] [Times: user=0.06 sys=0.00, real=0.02 secs] 
Heap after GC invocations=168 (full 11):
 par new generation   total 109248K, used 21824K [0x00000000e0000000, 0x00000000e8000000, 0x00000000e8000000)
  eden space 87424K,   0% used [0x00000000e0000000, 0x00000000e0000000, 0x00000000e5560000)
  from space 21824K, 100% used [0x00000000e5560000, 0x00000000e6ab0000, 0x00000000e6ab0000)
  to   space 21824K,   0% used [0x00000000e6ab0000, 0x00000000e6ab0000, 0x00000000e8000000)
 concurrent mark-sweep generation total 393216K, used 100187K [0x00000000e8000000, 0x0000000100000000, 0x0000000100000000)
 Metaspace       used 62522K, capacity 64426K, committed 64500K, reserved 1105920K
  class space    used 7311K, capacity 7758K, committed 7776K, reserved 1048576K
}
2020-06-27T17:29:30.024+0100: 872.284: Total time for which application threads were stopped: 0.0155116 seconds, Stopping threads took: 0.0000834 seconds
{Heap before GC invocations=168 (full 11):
 par new generation   total 109248K, used 109248K [0x00000000e0000000, 0x00000000e8000000, 0x00000000e8000000)
  eden space 87424K, 100% used [0x00000000e0000000, 0x00000000e5560000, 0x00000000e5560000)
  from space 21824K, 100% used [0x00000000e5560000, 0x00000000e6ab0000, 0x00000000e6ab0000)
  to   space 21824K,   0% used [0x00000000e6ab0000, 0x00000000e6ab0000, 0x00000000e8000000)
 concurrent mark-sweep generation total 393216K, used 100187K [0x00000000e8000000, 0x0000000100000000, 0x0000000100000000)
 Metaspace       used 62525K, capacity 64426K, committed 64500K, reserved 1105920K
  class space    used 7311K, capacity 7758K, committed 7776K, reserved 1048576K
2020-06-27T17:29:30.175+0100: 872.435: [GC (Allocation Failure) 2020-06-27T17:29:30.175+0100: 872.435: [ParNew
Desired survivor size 20112992 bytes, new threshold 8 (max 8)
- age   1:    2841848 bytes,    2841848 total
- age   2:    2312032 bytes,    5153880 total
- age   3:    2432144 bytes,    7586024 total
- age   4:    4423152 bytes,   12009176 total
- age   5:     118208 bytes,   12127384 total
- age   6:    3942208 bytes,   16069592 total
- age   7:    1846400 bytes,   17915992 total
- age   8:    2948008 bytes,   20864000 total
: 109248K->21824K(109248K), 0.0167775 secs] 209435K->127935K(502464K), 0.0168723 secs] [Times: user=0.06 sys=0.00, real=0.02 secs] 
Heap after GC invocations=169 (full 11):
 par new generation   total 109248K, used 21824K [0x00000000e0000000, 0x00000000e8000000, 0x00000000e8000000)
  eden space 87424K,   0% used [0x00000000e0000000, 0x00000000e0000000, 0x00000000e5560000)
  from space 21824K, 100% used [0x00000000e6ab0000, 0x00000000e8000000, 0x00000000e8000000)
  to   space 21824K,   0% used [0x00000000e5560000, 0x00000000e5560000, 0x00000000e6ab0000)
 concurrent mark-sweep generation total 393216K, used 106111K [0x00000000e8000000, 0x0000000100000000, 0x0000000100000000)
 Metaspace       used 62525K, capacity 64426K, committed 64500K, reserved 1105920K
  class space    used 7311K, capacity 7758K, committed 7776K, reserved 1048576K
}
2020-06-27T17:29:30.192+0100: 872.452: Total time for which application threads were stopped: 0.0171815 seconds, Stopping threads took: 0.0000983 seconds
2020-06-27T17:29:31.006+0100: 873.266: Total time for which application threads were stopped: 0.0003058 seconds, Stopping threads took: 0.0000692 seconds
2020-06-27T17:29:31.006+0100: 873.267: Total time for which application threads were stopped: 0.0001589 seconds, Stopping threads took: 0.0000565 seconds
2020-06-27T17:29:32.006+0100: 874.267: Total time for which application threads were stopped: 0.0005976 seconds, Stopping threads took: 0.0005013 seconds
2020-06-27T17:29:33.748+0100: 876.009: Total time for which application threads were stopped: 0.0008594 seconds, Stopping threads took: 0.0007697 seconds
2020-06-27T17:29:33.752+0100: 876.013: Total time for which application threads were stopped: 0.0001508 seconds, Stopping threads took: 0.0000606 seconds
2020-06-27T17:29:33.753+0100: 876.014: Total time for which application threads were stopped: 0.0003685 seconds, Stopping threads took: 0.0000540 seconds
2020-06-27T17:29:33.904+0100: 876.165: Total time for which application threads were stopped: 0.0001706 seconds, Stopping threads took: 0.0000647 seconds
{Heap before GC invocations=169 (full 11):
 par new generation   total 109248K, used 109248K [0x00000000e0000000, 0x00000000e8000000, 0x00000000e8000000)
  eden space 87424K, 100% used [0x00000000e0000000, 0x00000000e5560000, 0x00000000e5560000)
  from space 21824K, 100% used [0x00000000e6ab0000, 0x00000000e8000000, 0x00000000e8000000)
  to   space 21824K,   0% used [0x00000000e5560000, 0x00000000e5560000, 0x00000000e6ab0000)
 concurrent mark-sweep generation total 393216K, used 106111K [0x00000000e8000000, 0x0000000100000000, 0x0000000100000000)
 Metaspace       used 62545K, capacity 64426K, committed 64500K, reserved 1105920K
  class space    used 7311K, capacity 7758K, committed 7776K, reserved 1048576K
2020-06-27T17:29:33.920+0100: 876.180: [GC (Allocation Failure) 2020-06-27T17:29:33.920+0100: 876.180: [ParNew
Desired survivor size 20112992 bytes, new threshold 8 (max 8)
- age   1:    4511328 bytes,    4511328 total
- age   2:    1972312 bytes,    6483640 total
- age   3:    2277832 bytes,    8761472 total
- age   4:    2301352 bytes,   11062824 total
- age   5:    3843816 bytes,   14906640 total
- age   6:     118208 bytes,   15024848 total
- age   7:    3878648 bytes,   18903496 total
- age   8:    1821992 bytes,   20725488 total
: 109248K->21824K(109248K), 0.0143988 secs] 215359K->133922K(502464K), 0.0145037 secs] [Times: user=0.06 sys=0.00, real=0.01 secs] 
Heap after GC invocations=170 (full 11):
 par new generation   total 109248K, used 21824K [0x00000000e0000000, 0x00000000e8000000, 0x00000000e8000000)
  eden space 87424K,   0% used [0x00000000e0000000, 0x00000000e0000000, 0x00000000e5560000)
  from space 21824K, 100% used [0x00000000e5560000, 0x00000000e6ab0000, 0x00000000e6ab0000)
  to   space 21824K,   0% used [0x00000000e6ab0000, 0x00000000e6ab0000, 0x00000000e8000000)
 concurrent mark-sweep generation total 393216K, used 112098K [0x00000000e8000000, 0x0000000100000000, 0x0000000100000000)
 Metaspace       used 62545K, capacity 64426K, committed 64500K, reserved 1105920K
  class space    used 7311K, capacity 7758K, committed 7776K, reserved 1048576K
}
2020-06-27T17:29:33.934+0100: 876.195: Total time for which application threads were stopped: 0.0148352 seconds, Stopping threads took: 0.0000878 seconds
{Heap before GC invocations=170 (full 11):
 par new generation   total 109248K, used 109248K [0x00000000e0000000, 0x00000000e8000000, 0x00000000e8000000)
  eden space 87424K, 100% used [0x00000000e0000000, 0x00000000e5560000, 0x00000000e5560000)
  from space 21824K, 100% used [0x00000000e5560000, 0x00000000e6ab0000, 0x00000000e6ab0000)
  to   space 21824K,   0% used [0x00000000e6ab0000, 0x00000000e6ab0000, 0x00000000e8000000)
 concurrent mark-sweep generation total 393216K, used 112098K [0x00000000e8000000, 0x0000000100000000, 0x0000000100000000)
 Metaspace       used 62545K, capacity 64426K, committed 64500K, reserved 1105920K
  class space    used 7311K, capacity 7758K, committed 7776K, reserved 1048576K
2020-06-27T17:29:34.117+0100: 876.377: [GC (Allocation Failure) 2020-06-27T17:29:34.117+0100: 876.377: [ParNew
Desired survivor size 20112992 bytes, new threshold 8 (max 8)
- age   1:    3785472 bytes,    3785472 total
- age   2:    3863352 bytes,    7648824 total
- age   3:    1972312 bytes,    9621136 total
- age   4:    2277760 bytes,   11898896 total
- age   5:    2301176 bytes,   14200072 total
- age   6:    3841832 bytes,   18041904 total
- age   7:     118208 bytes,   18160112 total
- age   8:    3875744 bytes,   22035856 total
: 109248K->21824K(109248K), 0.0131804 secs] 221346K->137741K(502464K), 0.0132731 secs] [Times: user=0.00 sys=0.00, real=0.01 secs] 
Heap after GC invocations=171 (full 11):
 par new generation   total 109248K, used 21824K [0x00000000e0000000, 0x00000000e8000000, 0x00000000e8000000)
  eden space 87424K,   0% used [0x00000000e0000000, 0x00000000e0000000, 0x00000000e5560000)
  from space 21824K, 100% used [0x00000000e6ab0000, 0x00000000e8000000, 0x00000000e8000000)
  to   space 21824K,   0% used [0x00000000e5560000, 0x00000000e5560000, 0x00000000e6ab0000)
 concurrent mark-sweep generation total 393216K, used 115917K [0x00000000e8000000, 0x0000000100000000, 0x0000000100000000)
 Metaspace       used 62545K, capacity 64426K, committed 64500K, reserved 1105920K
  class space    used 7311K, capacity 7758K, committed 7776K, reserved 1048576K
}
2020-06-27T17:29:34.130+0100: 876.390: Total time for which application threads were stopped: 0.0142977 seconds, Stopping threads took: 0.0007765 seconds
2020-06-27T17:29:34.168+0100: 876.428: Total time for which application threads were stopped: 0.0002417 seconds, Stopping threads took: 0.0000635 seconds
2020-06-27T17:29:34.173+0100: 876.433: Total time for which application threads were stopped: 0.0006241 seconds, Stopping threads took: 0.0005093 seconds
{Heap before GC invocations=171 (full 11):
 par new generation   total 109248K, used 109248K [0x00000000e0000000, 0x00000000e8000000, 0x00000000e8000000)
  eden space 87424K, 100% used [0x00000000e0000000, 0x00000000e5560000, 0x00000000e5560000)
  from space 21824K, 100% used [0x00000000e6ab0000, 0x00000000e8000000, 0x00000000e8000000)
  to   space 21824K,   0% used [0x00000000e5560000, 0x00000000e5560000, 0x00000000e6ab0000)
 concurrent mark-sweep generation total 393216K, used 115917K [0x00000000e8000000, 0x0000000100000000, 0x0000000100000000)
 Metaspace       used 62555K, capacity 64426K, committed 64500K, reserved 1105920K
  class space    used 7311K, capacity 7758K, committed 7776K, reserved 1048576K
2020-06-27T17:29:34.318+0100: 876.578: [GC (Allocation Failure) 2020-06-27T17:29:34.318+0100: 876.578: [ParNew
Desired survivor size 20112992 bytes, new threshold 7 (max 8)
- age   1:    5376960 bytes,    5376960 total
- age   2:    1827752 bytes,    7204712 total
- age   3:    3792984 bytes,   10997696 total
- age   4:    1956096 bytes,   12953792 total
- age   5:    2168528 bytes,   15122320 total
- age   6:    2264840 bytes,   17387160 total
- age   7:    3487176 bytes,   20874336 total
- age   8:      72512 bytes,   20946848 total
: 109248K->21824K(109248K), 0.0195009 secs] 225165K->148609K(502464K), 0.0196045 secs] [Times: user=0.13 sys=0.00, real=0.02 secs] 
Heap after GC invocations=172 (full 11):
 par new generation   total 109248K, used 21824K [0x00000000e0000000, 0x00000000e8000000, 0x00000000e8000000)
  eden space 87424K,   0% used [0x00000000e0000000, 0x00000000e0000000, 0x00000000e5560000)
  from space 21824K, 100% used [0x00000000e5560000, 0x00000000e6ab0000, 0x00000000e6ab0000)
  to   space 21824K,   0% used [0x00000000e6ab0000, 0x00000000e6ab0000, 0x00000000e8000000)
 concurrent mark-sweep generation total 393216K, used 126785K [0x00000000e8000000, 0x0000000100000000, 0x0000000100000000)
 Metaspace       used 62555K, capacity 64426K, committed 64500K, reserved 1105920K
  class space    used 7311K, capacity 7758K, committed 7776K, reserved 1048576K
}
2020-06-27T17:29:34.337+0100: 876.598: Total time for which application threads were stopped: 0.0199186 seconds, Stopping threads took: 0.0000765 seconds
2020-06-27T17:29:35.338+0100: 877.598: Total time for which application threads were stopped: 0.0001560 seconds, Stopping threads took: 0.0000572 seconds
2020-06-27T17:29:35.470+0100: 877.730: Total time for which application threads were stopped: 0.0004060 seconds, Stopping threads took: 0.0000855 seconds
2020-06-27T17:29:35.490+0100: 877.751: Total time for which application threads were stopped: 0.0001358 seconds, Stopping threads took: 0.0000477 seconds
2020-06-27T17:29:35.494+0100: 877.755: Total time for which application threads were stopped: 0.0001728 seconds, Stopping threads took: 0.0000646 seconds
2020-06-27T17:29:35.495+0100: 877.755: Total time for which application threads were stopped: 0.0001597 seconds, Stopping threads took: 0.0000466 seconds
2020-06-27T17:29:35.495+0100: 877.755: Total time for which application threads were stopped: 0.0001231 seconds, Stopping threads took: 0.0000536 seconds
2020-06-27T17:29:35.495+0100: 877.755: Total time for which application threads were stopped: 0.0001059 seconds, Stopping threads took: 0.0000448 seconds
2020-06-27T17:29:35.595+0100: 877.855: Total time for which application threads were stopped: 0.0002061 seconds, Stopping threads took: 0.0000854 seconds
2020-06-27T17:29:35.596+0100: 877.856: Total time for which application threads were stopped: 0.0001774 seconds, Stopping threads took: 0.0000735 seconds
{Heap before GC invocations=172 (full 11):
 par new generation   total 109248K, used 109248K [0x00000000e0000000, 0x00000000e8000000, 0x00000000e8000000)
  eden space 87424K, 100% used [0x00000000e0000000, 0x00000000e5560000, 0x00000000e5560000)
  from space 21824K, 100% used [0x00000000e5560000, 0x00000000e6ab0000, 0x00000000e6ab0000)
  to   space 21824K,   0% used [0x00000000e6ab0000, 0x00000000e6ab0000, 0x00000000e8000000)
 concurrent mark-sweep generation total 393216K, used 126785K [0x00000000e8000000, 0x0000000100000000, 0x0000000100000000)
 Metaspace       used 62586K, capacity 64490K, committed 64756K, reserved 1105920K
  class space    used 7311K, capacity 7758K, committed 7776K, reserved 1048576K
2020-06-27T17:29:35.708+0100: 877.969: [GC (Allocation Failure) 2020-06-27T17:29:35.708+0100: 877.969: [ParNew
Desired survivor size 20112992 bytes, new threshold 7 (max 8)
- age   1:    6248440 bytes,    6248440 total
- age   2:    4233984 bytes,   10482424 total
- age   3:    1694872 bytes,   12177296 total
- age   4:    2913784 bytes,   15091080 total
- age   5:    1955776 bytes,   17046856 total
- age   6:    2168528 bytes,   19215384 total
- age   7:    2260920 bytes,   21476304 total
: 109248K->21824K(109248K), 0.0165541 secs] 236033K->158224K(502464K), 0.0166562 secs] [Times: user=0.08 sys=0.00, real=0.02 secs] 
Heap after GC invocations=173 (full 11):
 par new generation   total 109248K, used 21824K [0x00000000e0000000, 0x00000000e8000000, 0x00000000e8000000)
  eden space 87424K,   0% used [0x00000000e0000000, 0x00000000e0000000, 0x00000000e5560000)
  from space 21824K, 100% used [0x00000000e6ab0000, 0x00000000e8000000, 0x00000000e8000000)
  to   space 21824K,   0% used [0x00000000e5560000, 0x00000000e5560000, 0x00000000e6ab0000)
 concurrent mark-sweep generation total 393216K, used 136400K [0x00000000e8000000, 0x0000000100000000, 0x0000000100000000)
 Metaspace       used 62586K, capacity 64490K, committed 64756K, reserved 1105920K
  class space    used 7311K, capacity 7758K, committed 7776K, reserved 1048576K
}
2020-06-27T17:29:35.725+0100: 877.986: Total time for which application threads were stopped: 0.0169930 seconds, Stopping threads took: 0.0000799 seconds
2020-06-27T17:29:35.744+0100: 878.004: Total time for which application threads were stopped: 0.0001607 seconds, Stopping threads took: 0.0000701 seconds
{Heap before GC invocations=173 (full 11):
 par new generation   total 109248K, used 109248K [0x00000000e0000000, 0x00000000e8000000, 0x00000000e8000000)
  eden space 87424K, 100% used [0x00000000e0000000, 0x00000000e5560000, 0x00000000e5560000)
  from space 21824K, 100% used [0x00000000e6ab0000, 0x00000000e8000000, 0x00000000e8000000)
  to   space 21824K,   0% used [0x00000000e5560000, 0x00000000e5560000, 0x00000000e6ab0000)
 concurrent mark-sweep generation total 393216K, used 136400K [0x00000000e8000000, 0x0000000100000000, 0x0000000100000000)
 Metaspace       used 62586K, capacity 64490K, committed 64756K, reserved 1105920K
  class space    used 7311K, capacity 7758K, committed 7776K, reserved 1048576K
2020-06-27T17:29:35.849+0100: 878.109: [GC (Allocation Failure) 2020-06-27T17:29:35.849+0100: 878.109: [ParNew
Desired survivor size 20112992 bytes, new threshold 7 (max 8)
- age   1:    4228424 bytes,    4228424 total
- age   2:    4811808 bytes,    9040232 total
- age   3:    4233984 bytes,   13274216 total
- age   4:    1694872 bytes,   14969088 total
- age   5:    2913624 bytes,   17882712 total
- age   6:    1955776 bytes,   19838488 total
- age   7:    2168528 bytes,   22007016 total
: 109248K->21824K(109248K), 0.0154664 secs] 245648K->167708K(502464K), 0.0155560 secs] [Times: user=0.06 sys=0.00, real=0.02 secs] 
Heap after GC invocations=174 (full 11):
 par new generation   total 109248K, used 21824K [0x00000000e0000000, 0x00000000e8000000, 0x00000000e8000000)
  eden space 87424K,   0% used [0x00000000e0000000, 0x00000000e0000000, 0x00000000e5560000)
  from space 21824K, 100% used [0x00000000e5560000, 0x00000000e6ab0000, 0x00000000e6ab0000)
  to   space 21824K,   0% used [0x00000000e6ab0000, 0x00000000e6ab0000, 0x00000000e8000000)
 concurrent mark-sweep generation total 393216K, used 145884K [0x00000000e8000000, 0x0000000100000000, 0x0000000100000000)
 Metaspace       used 62586K, capacity 64490K, committed 64756K, reserved 1105920K
  class space    used 7311K, capacity 7758K, committed 7776K, reserved 1048576K
}
2020-06-27T17:29:35.865+0100: 878.125: Total time for which application threads were stopped: 0.0158746 seconds, Stopping threads took: 0.0000679 seconds
2020-06-27T17:29:35.903+0100: 878.163: Total time for which application threads were stopped: 0.0002157 seconds, Stopping threads took: 0.0000877 seconds
{Heap before GC invocations=174 (full 11):
 par new generation   total 109248K, used 109248K [0x00000000e0000000, 0x00000000e8000000, 0x00000000e8000000)
  eden space 87424K, 100% used [0x00000000e0000000, 0x00000000e5560000, 0x00000000e5560000)
  from space 21824K, 100% used [0x00000000e5560000, 0x00000000e6ab0000, 0x00000000e6ab0000)
  to   space 21824K,   0% used [0x00000000e6ab0000, 0x00000000e6ab0000, 0x00000000e8000000)
 concurrent mark-sweep generation total 393216K, used 145884K [0x00000000e8000000, 0x0000000100000000, 0x0000000100000000)
 Metaspace       used 62599K, capacity 64490K, committed 64756K, reserved 1105920K
  class space    used 7311K, capacity 7758K, committed 7776K, reserved 1048576K
2020-06-27T17:29:35.990+0100: 878.251: [GC (Allocation Failure) 2020-06-27T17:29:35.990+0100: 878.251: [ParNew
Desired survivor size 20112992 bytes, new threshold 7 (max 8)
- age   1:    4767584 bytes,    4767584 total
- age   2:    1636104 bytes,    6403688 total
- age   3:    4810624 bytes,   11214312 total
- age   4:    4233984 bytes,   15448296 total
- age   5:    1694872 bytes,   17143168 total
- age   6:    2913624 bytes,   20056792 total
- age   7:    1955776 bytes,   22012568 total
: 109248K->21824K(109248K), 0.0179150 secs] 255132K->174764K(502464K), 0.0179810 secs] [Times: user=0.13 sys=0.00, real=0.02 secs] 
Heap after GC invocations=175 (full 11):
 par new generation   total 109248K, used 21824K [0x00000000e0000000, 0x00000000e8000000, 0x00000000e8000000)
  eden space 87424K,   0% used [0x00000000e0000000, 0x00000000e0000000, 0x00000000e5560000)
  from space 21824K, 100% used [0x00000000e6ab0000, 0x00000000e8000000, 0x00000000e8000000)
  to   space 21824K,   0% used [0x00000000e5560000, 0x00000000e5560000, 0x00000000e6ab0000)
 concurrent mark-sweep generation total 393216K, used 152940K [0x00000000e8000000, 0x0000000100000000, 0x0000000100000000)
 Metaspace       used 62599K, capacity 64490K, committed 64756K, reserved 1105920K
  class space    used 7311K, capacity 7758K, committed 7776K, reserved 1048576K
}
2020-06-27T17:29:36.008+0100: 878.269: Total time for which application threads were stopped: 0.0182597 seconds, Stopping threads took: 0.0000740 seconds
2020-06-27T17:29:37.079+0100: 879.339: Total time for which application threads were stopped: 0.0001409 seconds, Stopping threads took: 0.0000753 seconds
2020-06-27T17:29:37.079+0100: 879.339: Total time for which application threads were stopped: 0.0001470 seconds, Stopping threads took: 0.0001027 seconds
2020-06-27T17:29:37.081+0100: 879.341: Total time for which application threads were stopped: 0.0001844 seconds, Stopping threads took: 0.0001156 seconds
2020-06-27T17:29:37.081+0100: 879.342: Total time for which application threads were stopped: 0.0001424 seconds, Stopping threads took: 0.0000942 seconds
2020-06-27T17:29:37.081+0100: 879.342: Total time for which application threads were stopped: 0.0001036 seconds, Stopping threads took: 0.0000555 seconds
2020-06-27T17:29:37.081+0100: 879.342: Total time for which application threads were stopped: 0.0000971 seconds, Stopping threads took: 0.0000563 seconds
2020-06-27T17:29:37.081+0100: 879.342: Total time for which application threads were stopped: 0.0000943 seconds, Stopping threads took: 0.0000543 seconds
2020-06-27T17:29:38.082+0100: 880.342: Total time for which application threads were stopped: 0.0001100 seconds, Stopping threads took: 0.0000564 seconds
2020-06-27T17:29:47.993+0100: 890.253: Total time for which application threads were stopped: 0.0002836 seconds, Stopping threads took: 0.0000766 seconds
2020-06-27T17:29:47.994+0100: 890.255: Total time for which application threads were stopped: 0.0001424 seconds, Stopping threads took: 0.0000790 seconds
2020-06-27T17:29:47.995+0100: 890.256: Total time for which application threads were stopped: 0.0001420 seconds, Stopping threads took: 0.0000819 seconds
{Heap before GC invocations=175 (full 11):
 par new generation   total 109248K, used 109248K [0x00000000e0000000, 0x00000000e8000000, 0x00000000e8000000)
  eden space 87424K, 100% used [0x00000000e0000000, 0x00000000e5560000, 0x00000000e5560000)
  from space 21824K, 100% used [0x00000000e6ab0000, 0x00000000e8000000, 0x00000000e8000000)
  to   space 21824K,   0% used [0x00000000e5560000, 0x00000000e5560000, 0x00000000e6ab0000)
 concurrent mark-sweep generation total 393216K, used 152940K [0x00000000e8000000, 0x0000000100000000, 0x0000000100000000)
 Metaspace       used 62627K, capacity 64554K, committed 64756K, reserved 1105920K
  class space    used 7311K, capacity 7758K, committed 7776K, reserved 1048576K
2020-06-27T17:29:48.059+0100: 890.320: [GC (Allocation Failure) 2020-06-27T17:29:48.060+0100: 890.320: [ParNew
Desired survivor size 20112992 bytes, new threshold 7 (max 8)
- age   1:    6163984 bytes,    6163984 total
- age   2:    3077808 bytes,    9241792 total
- age   3:    1247240 bytes,   10489032 total
- age   4:    3827816 bytes,   14316848 total
- age   5:    3065440 bytes,   17382288 total
- age   6:    1694872 bytes,   19077160 total
- age   7:    2896992 bytes,   21974152 total
: 109248K->21824K(109248K), 0.0146416 secs] 262188K->180311K(502464K), 0.0147698 secs] [Times: user=0.06 sys=0.00, real=0.01 secs] 
Heap after GC invocations=176 (full 11):
 par new generation   total 109248K, used 21824K [0x00000000e0000000, 0x00000000e8000000, 0x00000000e8000000)
  eden space 87424K,   0% used [0x00000000e0000000, 0x00000000e0000000, 0x00000000e5560000)
  from space 21824K, 100% used [0x00000000e5560000, 0x00000000e6ab0000, 0x00000000e6ab0000)
  to   space 21824K,   0% used [0x00000000e6ab0000, 0x00000000e6ab0000, 0x00000000e8000000)
 concurrent mark-sweep generation total 393216K, used 158487K [0x00000000e8000000, 0x0000000100000000, 0x0000000100000000)
 Metaspace       used 62627K, capacity 64554K, committed 64756K, reserved 1105920K
  class space    used 7311K, capacity 7758K, committed 7776K, reserved 1048576K
}
2020-06-27T17:29:48.074+0100: 890.335: Total time for which application threads were stopped: 0.0150041 seconds, Stopping threads took: 0.0000619 seconds
2020-06-27T17:29:48.107+0100: 890.367: Total time for which application threads were stopped: 0.0001486 seconds, Stopping threads took: 0.0000701 seconds
{Heap before GC invocations=176 (full 11):
 par new generation   total 109248K, used 109248K [0x00000000e0000000, 0x00000000e8000000, 0x00000000e8000000)
  eden space 87424K, 100% used [0x00000000e0000000, 0x00000000e5560000, 0x00000000e5560000)
  from space 21824K, 100% used [0x00000000e5560000, 0x00000000e6ab0000, 0x00000000e6ab0000)
  to   space 21824K,   0% used [0x00000000e6ab0000, 0x00000000e6ab0000, 0x00000000e8000000)
 concurrent mark-sweep generation total 393216K, used 158487K [0x00000000e8000000, 0x0000000100000000, 0x0000000100000000)
 Metaspace       used 62627K, capacity 64554K, committed 64756K, reserved 1105920K
  class space    used 7311K, capacity 7758K, committed 7776K, reserved 1048576K
2020-06-27T17:29:48.154+0100: 890.415: [GC (Allocation Failure) 2020-06-27T17:29:48.154+0100: 890.415: [ParNew
Desired survivor size 20112992 bytes, new threshold 6 (max 8)
- age   1:    4397848 bytes,    4397848 total
- age   2:    4554112 bytes,    8951960 total
- age   3:    3069168 bytes,   12021128 total
- age   4:    1245080 bytes,   13266208 total
- age   5:    3789136 bytes,   17055344 total
- age   6:    3065440 bytes,   20120784 total
- age   7:    1694096 bytes,   21814880 total
: 109248K->21824K(109248K), 0.0156124 secs] 267735K->188413K(502464K), 0.0156827 secs] [Times: user=0.06 sys=0.00, real=0.02 secs] 
Heap after GC invocations=177 (full 11):
 par new generation   total 109248K, used 21824K [0x00000000e0000000, 0x00000000e8000000, 0x00000000e8000000)
  eden space 87424K,   0% used [0x00000000e0000000, 0x00000000e0000000, 0x00000000e5560000)
  from space 21824K, 100% used [0x00000000e6ab0000, 0x00000000e8000000, 0x00000000e8000000)
  to   space 21824K,   0% used [0x00000000e5560000, 0x00000000e5560000, 0x00000000e6ab0000)
 concurrent mark-sweep generation total 393216K, used 166589K [0x00000000e8000000, 0x0000000100000000, 0x0000000100000000)
 Metaspace       used 62627K, capacity 64554K, committed 64756K, reserved 1105920K
  class space    used 7311K, capacity 7758K, committed 7776K, reserved 1048576K
}
2020-06-27T17:29:48.170+0100: 890.430: Total time for which application threads were stopped: 0.0159089 seconds, Stopping threads took: 0.0000646 seconds
{Heap before GC invocations=177 (full 11):
 par new generation   total 109248K, used 109248K [0x00000000e0000000, 0x00000000e8000000, 0x00000000e8000000)
  eden space 87424K, 100% used [0x00000000e0000000, 0x00000000e5560000, 0x00000000e5560000)
  from space 21824K, 100% used [0x00000000e6ab0000, 0x00000000e8000000, 0x00000000e8000000)
  to   space 21824K,   0% used [0x00000000e5560000, 0x00000000e5560000, 0x00000000e6ab0000)
 concurrent mark-sweep generation total 393216K, used 166589K [0x00000000e8000000, 0x0000000100000000, 0x0000000100000000)
 Metaspace       used 62627K, capacity 64554K, committed 64756K, reserved 1105920K
  class space    used 7311K, capacity 7758K, committed 7776K, reserved 1048576K
2020-06-27T17:29:48.252+0100: 890.513: [GC (Allocation Failure) 2020-06-27T17:29:48.252+0100: 890.513: [ParNew
Desired survivor size 20112992 bytes, new threshold 8 (max 8)
- age   1:    3708568 bytes,    3708568 total
- age   2:    3374008 bytes,    7082576 total
- age   3:    4553976 bytes,   11636552 total
- age   4:    3069168 bytes,   14705720 total
- age   5:    1245080 bytes,   15950800 total
- age   6:    3789136 bytes,   19739936 total
: 109248K->21824K(109248K), 0.0152937 secs] 275837K->195703K(502464K), 0.0153748 secs] [Times: user=0.06 sys=0.00, real=0.01 secs] 
Heap after GC invocations=178 (full 11):
 par new generation   total 109248K, used 21824K [0x00000000e0000000, 0x00000000e8000000, 0x00000000e8000000)
  eden space 87424K,   0% used [0x00000000e0000000, 0x00000000e0000000, 0x00000000e5560000)
  from space 21824K, 100% used [0x00000000e5560000, 0x00000000e6ab0000, 0x00000000e6ab0000)
  to   space 21824K,   0% used [0x00000000e6ab0000, 0x00000000e6ab0000, 0x00000000e8000000)
 concurrent mark-sweep generation total 393216K, used 173879K [0x00000000e8000000, 0x0000000100000000, 0x0000000100000000)
 Metaspace       used 62627K, capacity 64554K, committed 64756K, reserved 1105920K
  class space    used 7311K, capacity 7758K, committed 7776K, reserved 1048576K
}
2020-06-27T17:29:48.267+0100: 890.528: Total time for which application threads were stopped: 0.0156075 seconds, Stopping threads took: 0.0000598 seconds
2020-06-27T17:29:49.142+0100: 891.402: Total time for which application threads were stopped: 0.0001738 seconds, Stopping threads took: 0.0000818 seconds
2020-06-27T17:29:49.142+0100: 891.403: Total time for which application threads were stopped: 0.0001346 seconds, Stopping threads took: 0.0000590 seconds
2020-06-27T17:29:49.144+0100: 891.404: Total time for which application threads were stopped: 0.0001327 seconds, Stopping threads took: 0.0000527 seconds
2020-06-27T17:29:49.144+0100: 891.404: Total time for which application threads were stopped: 0.0000992 seconds, Stopping threads took: 0.0000391 seconds
2020-06-27T17:29:49.144+0100: 891.404: Total time for which application threads were stopped: 0.0001149 seconds, Stopping threads took: 0.0000475 seconds
2020-06-27T17:29:49.144+0100: 891.405: Total time for which application threads were stopped: 0.0001096 seconds, Stopping threads took: 0.0000469 seconds
2020-06-27T17:29:49.144+0100: 891.405: Total time for which application threads were stopped: 0.0001050 seconds, Stopping threads took: 0.0000441 seconds
2020-06-27T17:29:50.145+0100: 892.405: Total time for which application threads were stopped: 0.0001104 seconds, Stopping threads took: 0.0000517 seconds
2020-06-27T17:30:03.005+0100: 905.265: Total time for which application threads were stopped: 0.0001003 seconds, Stopping threads took: 0.0000346 seconds
2020-06-27T17:30:08.477+0100: 910.737: Total time for which application threads were stopped: 0.0000846 seconds, Stopping threads took: 0.0000251 seconds
2020-06-27T17:30:08.488+0100: 910.748: Total time for which application threads were stopped: 0.0000837 seconds, Stopping threads took: 0.0000248 seconds
2020-06-27T17:30:08.539+0100: 910.800: Total time for which application threads were stopped: 0.0001033 seconds, Stopping threads took: 0.0000298 seconds
2020-06-27T17:30:10.881+0100: 913.142: Total time for which application threads were stopped: 0.0001870 seconds, Stopping threads took: 0.0000626 seconds
2020-06-27T17:30:10.881+0100: 913.142: Total time for which application threads were stopped: 0.0001168 seconds, Stopping threads took: 0.0000495 seconds
2020-06-27T17:30:10.882+0100: 913.142: Total time for which application threads were stopped: 0.0001173 seconds, Stopping threads took: 0.0000357 seconds
2020-06-27T17:30:10.882+0100: 913.142: Total time for which application threads were stopped: 0.0001050 seconds, Stopping threads took: 0.0000429 seconds
2020-06-27T17:30:10.882+0100: 913.142: Total time for which application threads were stopped: 0.0001065 seconds, Stopping threads took: 0.0000422 seconds
2020-06-27T17:30:10.883+0100: 913.144: Total time for which application threads were stopped: 0.0001390 seconds, Stopping threads took: 0.0000546 seconds
2020-06-27T17:30:10.883+0100: 913.144: Total time for which application threads were stopped: 0.0002579 seconds, Stopping threads took: 0.0000264 seconds
2020-06-27T17:30:11.883+0100: 914.143: Total time for which application threads were stopped: 0.0001556 seconds, Stopping threads took: 0.0000409 seconds
2020-06-27T17:30:18.344+0100: 920.605: Total time for which application threads were stopped: 0.0001821 seconds, Stopping threads took: 0.0001235 seconds
2020-06-27T17:30:18.348+0100: 920.609: Total time for which application threads were stopped: 0.0000871 seconds, Stopping threads took: 0.0000249 seconds
2020-06-27T17:30:18.349+0100: 920.610: Total time for which application threads were stopped: 0.0001575 seconds, Stopping threads took: 0.0000873 seconds
{Heap before GC invocations=178 (full 11):
 par new generation   total 109248K, used 109248K [0x00000000e0000000, 0x00000000e8000000, 0x00000000e8000000)
  eden space 87424K, 100% used [0x00000000e0000000, 0x00000000e5560000, 0x00000000e5560000)
  from space 21824K, 100% used [0x00000000e5560000, 0x00000000e6ab0000, 0x00000000e6ab0000)
  to   space 21824K,   0% used [0x00000000e6ab0000, 0x00000000e6ab0000, 0x00000000e8000000)
 concurrent mark-sweep generation total 393216K, used 173879K [0x00000000e8000000, 0x0000000100000000, 0x0000000100000000)
 Metaspace       used 62825K, capacity 64752K, committed 65012K, reserved 1105920K
  class space    used 7327K, capacity 7759K, committed 7776K, reserved 1048576K
2020-06-27T17:30:18.353+0100: 920.614: [GC (Allocation Failure) 2020-06-27T17:30:18.353+0100: 920.614: [ParNew
Desired survivor size 20112992 bytes, new threshold 7 (max 8)
- age   1:    3790168 bytes,    3790168 total
- age   2:    2852936 bytes,    6643104 total
- age   3:    3000584 bytes,    9643688 total
- age   4:    4366632 bytes,   14010320 total
- age   5:    3068896 bytes,   17079216 total
- age   6:    1245080 bytes,   18324296 total
- age   7:    3707272 bytes,   22031568 total
: 109248K->21824K(109248K), 0.0143254 secs] 283127K->196061K(502464K), 0.0144514 secs] [Times: user=0.06 sys=0.00, real=0.01 secs] 
Heap after GC invocations=179 (full 11):
 par new generation   total 109248K, used 21824K [0x00000000e0000000, 0x00000000e8000000, 0x00000000e8000000)
  eden space 87424K,   0% used [0x00000000e0000000, 0x00000000e0000000, 0x00000000e5560000)
  from space 21824K, 100% used [0x00000000e6ab0000, 0x00000000e8000000, 0x00000000e8000000)
  to   space 21824K,   0% used [0x00000000e5560000, 0x00000000e5560000, 0x00000000e6ab0000)
 concurrent mark-sweep generation total 393216K, used 174237K [0x00000000e8000000, 0x0000000100000000, 0x0000000100000000)
 Metaspace       used 62825K, capacity 64752K, committed 65012K, reserved 1105920K
  class space    used 7327K, capacity 7759K, committed 7776K, reserved 1048576K
}
2020-06-27T17:30:18.368+0100: 920.629: Total time for which application threads were stopped: 0.0147139 seconds, Stopping threads took: 0.0000273 seconds
2020-06-27T17:30:18.368+0100: 920.629: Total time for which application threads were stopped: 0.0001728 seconds, Stopping threads took: 0.0000924 seconds
2020-06-27T17:30:18.453+0100: 920.714: Total time for which application threads were stopped: 0.0001557 seconds, Stopping threads took: 0.0000814 seconds
{Heap before GC invocations=179 (full 11):
 par new generation   total 109248K, used 109248K [0x00000000e0000000, 0x00000000e8000000, 0x00000000e8000000)
  eden space 87424K, 100% used [0x00000000e0000000, 0x00000000e5560000, 0x00000000e5560000)
  from space 21824K, 100% used [0x00000000e6ab0000, 0x00000000e8000000, 0x00000000e8000000)
  to   space 21824K,   0% used [0x00000000e5560000, 0x00000000e5560000, 0x00000000e6ab0000)
 concurrent mark-sweep generation total 393216K, used 174237K [0x00000000e8000000, 0x0000000100000000, 0x0000000100000000)
 Metaspace       used 62827K, capacity 64752K, committed 65012K, reserved 1105920K
  class space    used 7327K, capacity 7759K, committed 7776K, reserved 1048576K
2020-06-27T17:30:18.476+0100: 920.737: [GC (Allocation Failure) 2020-06-27T17:30:18.476+0100: 920.737: [ParNew
Desired survivor size 20112992 bytes, new threshold 6 (max 8)
- age   1:    4195920 bytes,    4195920 total
- age   2:    3613480 bytes,    7809400 total
- age   3:    2542152 bytes,   10351552 total
- age   4:    2674744 bytes,   13026296 total
- age   5:    4361336 bytes,   17387632 total
- age   6:    3068872 bytes,   20456504 total
- age   7:    1245080 bytes,   21701584 total
: 109248K->21824K(109248K), 0.0179788 secs] 283485K->205672K(502464K), 0.0180419 secs] [Times: user=0.06 sys=0.00, real=0.02 secs] 
Heap after GC invocations=180 (full 11):
 par new generation   total 109248K, used 21824K [0x00000000e0000000, 0x00000000e8000000, 0x00000000e8000000)
  eden space 87424K,   0% used [0x00000000e0000000, 0x00000000e0000000, 0x00000000e5560000)
  from space 21824K, 100% used [0x00000000e5560000, 0x00000000e6ab0000, 0x00000000e6ab0000)
  to   space 21824K,   0% used [0x00000000e6ab0000, 0x00000000e6ab0000, 0x00000000e8000000)
 concurrent mark-sweep generation total 393216K, used 183848K [0x00000000e8000000, 0x0000000100000000, 0x0000000100000000)
 Metaspace       used 62827K, capacity 64752K, committed 65012K, reserved 1105920K
  class space    used 7327K, capacity 7759K, committed 7776K, reserved 1048576K
}
2020-06-27T17:30:18.494+0100: 920.755: Total time for which application threads were stopped: 0.0182898 seconds, Stopping threads took: 0.0000654 seconds
{Heap before GC invocations=180 (full 11):
 par new generation   total 109248K, used 109248K [0x00000000e0000000, 0x00000000e8000000, 0x00000000e8000000)
  eden space 87424K, 100% used [0x00000000e0000000, 0x00000000e5560000, 0x00000000e5560000)
  from space 21824K, 100% used [0x00000000e5560000, 0x00000000e6ab0000, 0x00000000e6ab0000)
  to   space 21824K,   0% used [0x00000000e6ab0000, 0x00000000e6ab0000, 0x00000000e8000000)
 concurrent mark-sweep generation total 393216K, used 183848K [0x00000000e8000000, 0x0000000100000000, 0x0000000100000000)
 Metaspace       used 62827K, capacity 64752K, committed 65012K, reserved 1105920K
  class space    used 7327K, capacity 7759K, committed 7776K, reserved 1048576K
2020-06-27T17:30:18.584+0100: 920.845: [GC (Allocation Failure) 2020-06-27T17:30:18.584+0100: 920.845: [ParNew
Desired survivor size 20112992 bytes, new threshold 6 (max 8)
- age   1:    6008288 bytes,    6008288 total
- age   2:    2842128 bytes,    8850416 total
- age   3:    3612480 bytes,   12462896 total
- age   4:    2541744 bytes,   15004640 total
- age   5:    2674744 bytes,   17679384 total
- age   6:    4361280 bytes,   22040664 total
: 109248K->21824K(109248K), 0.0175890 secs] 293096K->213798K(502464K), 0.0176591 secs] [Times: user=0.06 sys=0.00, real=0.02 secs] 
Heap after GC invocations=181 (full 11):
 par new generation   total 109248K, used 21824K [0x00000000e0000000, 0x00000000e8000000, 0x00000000e8000000)
  eden space 87424K,   0% used [0x00000000e0000000, 0x00000000e0000000, 0x00000000e5560000)
  from space 21824K, 100% used [0x00000000e6ab0000, 0x00000000e8000000, 0x00000000e8000000)
  to   space 21824K,   0% used [0x00000000e5560000, 0x00000000e5560000, 0x00000000e6ab0000)
 concurrent mark-sweep generation total 393216K, used 191974K [0x00000000e8000000, 0x0000000100000000, 0x0000000100000000)
 Metaspace       used 62827K, capacity 64752K, committed 65012K, reserved 1105920K
  class space    used 7327K, capacity 7759K, committed 7776K, reserved 1048576K
}
2020-06-27T17:30:18.602+0100: 920.863: Total time for which application threads were stopped: 0.0178784 seconds, Stopping threads took: 0.0000649 seconds
{Heap before GC invocations=181 (full 11):
 par new generation   total 109248K, used 109248K [0x00000000e0000000, 0x00000000e8000000, 0x00000000e8000000)
  eden space 87424K, 100% used [0x00000000e0000000, 0x00000000e5560000, 0x00000000e5560000)
  from space 21824K, 100% used [0x00000000e6ab0000, 0x00000000e8000000, 0x00000000e8000000)
  to   space 21824K,   0% used [0x00000000e5560000, 0x00000000e5560000, 0x00000000e6ab0000)
 concurrent mark-sweep generation total 393216K, used 191974K [0x00000000e8000000, 0x0000000100000000, 0x0000000100000000)
 Metaspace       used 62827K, capacity 64752K, committed 65012K, reserved 1105920K
  class space    used 7327K, capacity 7759K, committed 7776K, reserved 1048576K
2020-06-27T17:30:18.698+0100: 920.959: [GC (Allocation Failure) 2020-06-27T17:30:18.698+0100: 920.959: [ParNew
Desired survivor size 20112992 bytes, new threshold 6 (max 8)
- age   1:    6972616 bytes,    6972616 total
- age   2:    4740976 bytes,   11713592 total
- age   3:    2741816 bytes,   14455408 total
- age   4:    3120816 bytes,   17576224 total
- age   5:    2128088 bytes,   19704312 total
- age   6:    2514888 bytes,   22219200 total
: 109248K->21824K(109248K), 0.0186901 secs] 301222K->223975K(502464K), 0.0187635 secs] [Times: user=0.06 sys=0.00, real=0.02 secs] 
Heap after GC invocations=182 (full 11):
 par new generation   total 109248K, used 21824K [0x00000000e0000000, 0x00000000e8000000, 0x00000000e8000000)
  eden space 87424K,   0% used [0x00000000e0000000, 0x00000000e0000000, 0x00000000e5560000)
  from space 21824K, 100% used [0x00000000e5560000, 0x00000000e6ab0000, 0x00000000e6ab0000)
  to   space 21824K,   0% used [0x00000000e6ab0000, 0x00000000e6ab0000, 0x00000000e8000000)
 concurrent mark-sweep generation total 393216K, used 202151K [0x00000000e8000000, 0x0000000100000000, 0x0000000100000000)
 Metaspace       used 62827K, capacity 64752K, committed 65012K, reserved 1105920K
  class space    used 7327K, capacity 7759K, committed 7776K, reserved 1048576K
}
2020-06-27T17:30:18.717+0100: 920.978: Total time for which application threads were stopped: 0.0189861 seconds, Stopping threads took: 0.0000613 seconds
2020-06-27T17:30:18.717+0100: 920.978: [GC (CMS Initial Mark) [1 CMS-initial-mark: 202151K(393216K)] 225299K(502464K), 0.0038296 secs] [Times: user=0.00 sys=0.00, real=0.00 secs] 
2020-06-27T17:30:18.721+0100: 920.982: Total time for which application threads were stopped: 0.0039894 seconds, Stopping threads took: 0.0000693 seconds
2020-06-27T17:30:18.721+0100: 920.982: [CMS-concurrent-mark-start]
2020-06-27T17:30:18.746+0100: 921.007: [CMS-concurrent-mark: 0.025/0.025 secs] [Times: user=0.13 sys=0.00, real=0.03 secs] 
2020-06-27T17:30:18.746+0100: 921.007: [CMS-concurrent-preclean-start]
2020-06-27T17:30:18.747+0100: 921.008: [CMS-concurrent-preclean: 0.001/0.001 secs] [Times: user=0.00 sys=0.00, real=0.00 secs] 
2020-06-27T17:30:18.747+0100: 921.008: [CMS-concurrent-abortable-preclean-start]
2020-06-27T17:30:19.722+0100: 921.983: Total time for which application threads were stopped: 0.0005828 seconds, Stopping threads took: 0.0004847 seconds
2020-06-27T17:30:20.019+0100: 922.280: Total time for which application threads were stopped: 0.0001611 seconds, Stopping threads took: 0.0000613 seconds
2020-06-27T17:30:20.020+0100: 922.280: Total time for which application threads were stopped: 0.0001725 seconds, Stopping threads took: 0.0000580 seconds
2020-06-27T17:30:20.020+0100: 922.281: Total time for which application threads were stopped: 0.0000917 seconds, Stopping threads took: 0.0000389 seconds
2020-06-27T17:30:20.020+0100: 922.281: Total time for which application threads were stopped: 0.0000879 seconds, Stopping threads took: 0.0000465 seconds
2020-06-27T17:30:20.020+0100: 922.281: Total time for which application threads were stopped: 0.0001137 seconds, Stopping threads took: 0.0000471 seconds
2020-06-27T17:30:21.021+0100: 923.282: Total time for which application threads were stopped: 0.0001177 seconds, Stopping threads took: 0.0000643 seconds
2020-06-27T17:30:24.022+0100: 926.283: Total time for which application threads were stopped: 0.0001032 seconds, Stopping threads took: 0.0000515 seconds
2020-06-27T17:30:24.814+0100: 927.075: Total time for which application threads were stopped: 0.0002296 seconds, Stopping threads took: 0.0001600 seconds
2020-06-27T17:30:24.821+0100: 927.082: Total time for which application threads were stopped: 0.0001557 seconds, Stopping threads took: 0.0000845 seconds
2020-06-27T17:30:24.822+0100: 927.083: Total time for which application threads were stopped: 0.0001208 seconds, Stopping threads took: 0.0000661 seconds
 CMS: abort preclean due to time 2020-06-27T17:30:24.892+0100: 927.153: [CMS-concurrent-abortable-preclean: 2.607/6.145 secs] [Times: user=8.72 sys=0.05, real=6.14 secs] 
2020-06-27T17:30:24.892+0100: 927.153: [GC (CMS Final Remark) [YG occupancy: 85597 K (109248 K)]{Heap before GC invocations=182 (full 12):
 par new generation   total 109248K, used 85597K [0x00000000e0000000, 0x00000000e8000000, 0x00000000e8000000)
  eden space 87424K,  72% used [0x00000000e0000000, 0x00000000e3e47490, 0x00000000e5560000)
  from space 21824K, 100% used [0x00000000e5560000, 0x00000000e6ab0000, 0x00000000e6ab0000)
  to   space 21824K,   0% used [0x00000000e6ab0000, 0x00000000e6ab0000, 0x00000000e8000000)
 concurrent mark-sweep generation total 393216K, used 202151K [0x00000000e8000000, 0x0000000100000000, 0x0000000100000000)
 Metaspace       used 62837K, capacity 64752K, committed 65012K, reserved 1105920K
  class space    used 7327K, capacity 7759K, committed 7776K, reserved 1048576K
2020-06-27T17:30:24.892+0100: 927.153: [GC (CMS Final Remark) 2020-06-27T17:30:24.892+0100: 927.153: [ParNew
Desired survivor size 20112992 bytes, new threshold 6 (max 8)
- age   1:    4599864 bytes,    4599864 total
- age   2:    5627832 bytes,   10227696 total
- age   3:    4584888 bytes,   14812584 total
- age   4:    2271728 bytes,   17084312 total
- age   5:    2624208 bytes,   19708520 total
- age   6:    1780936 bytes,   21489456 total
: 85597K->21824K(109248K), 0.0187145 secs] 287748K->232696K(502464K), 0.0187767 secs] [Times: user=0.06 sys=0.00, real=0.02 secs] 
Heap after GC invocations=183 (full 12):
 par new generation   total 109248K, used 21824K [0x00000000e0000000, 0x00000000e8000000, 0x00000000e8000000)
  eden space 87424K,   0% used [0x00000000e0000000, 0x00000000e0000000, 0x00000000e5560000)
  from space 21824K, 100% used [0x00000000e6ab0000, 0x00000000e8000000, 0x00000000e8000000)
  to   space 21824K,   0% used [0x00000000e5560000, 0x00000000e5560000, 0x00000000e6ab0000)
 concurrent mark-sweep generation total 393216K, used 210872K [0x00000000e8000000, 0x0000000100000000, 0x0000000100000000)
 Metaspace       used 62837K, capacity 64752K, committed 65012K, reserved 1105920K
  class space    used 7327K, capacity 7759K, committed 7776K, reserved 1048576K
}
2020-06-27T17:30:24.911+0100: 927.172: [Rescan (parallel) , 0.0064633 secs]2020-06-27T17:30:24.918+0100: 927.179: [weak refs processing, 0.0044971 secs]2020-06-27T17:30:24.922+0100: 927.183: [class unloading, 0.0141832 secs]2020-06-27T17:30:24.936+0100: 927.197: [scrub symbol table, 0.0150440 secs]2020-06-27T17:30:24.952+0100: 927.213: [scrub string table, 0.0007871 secs][1 CMS-remark: 210872K(393216K)] 232696K(502464K), 0.0602047 secs] [Times: user=0.16 sys=0.00, real=0.06 secs] 
2020-06-27T17:30:24.953+0100: 927.214: Total time for which application threads were stopped: 0.0604017 seconds, Stopping threads took: 0.0000839 seconds
2020-06-27T17:30:24.953+0100: 927.214: [CMS-concurrent-sweep-start]
2020-06-27T17:30:24.953+0100: 927.214: Total time for which application threads were stopped: 0.0002064 seconds, Stopping threads took: 0.0000766 seconds
2020-06-27T17:30:24.954+0100: 927.215: Total time for which application threads were stopped: 0.0001376 seconds, Stopping threads took: 0.0000503 seconds
2020-06-27T17:30:24.954+0100: 927.215: Total time for which application threads were stopped: 0.0001674 seconds, Stopping threads took: 0.0000782 seconds
2020-06-27T17:30:24.954+0100: 927.215: Total time for which application threads were stopped: 0.0001122 seconds, Stopping threads took: 0.0000549 seconds
2020-06-27T17:30:24.955+0100: 927.216: Total time for which application threads were stopped: 0.0001178 seconds, Stopping threads took: 0.0000600 seconds
2020-06-27T17:30:24.955+0100: 927.216: Total time for which application threads were stopped: 0.0001008 seconds, Stopping threads took: 0.0000479 seconds
2020-06-27T17:30:24.955+0100: 927.216: Total time for which application threads were stopped: 0.0001033 seconds, Stopping threads took: 0.0000465 seconds
2020-06-27T17:30:24.955+0100: 927.216: Total time for which application threads were stopped: 0.0000949 seconds, Stopping threads took: 0.0000451 seconds
2020-06-27T17:30:24.956+0100: 927.217: Total time for which application threads were stopped: 0.0001097 seconds, Stopping threads took: 0.0000525 seconds
2020-06-27T17:30:24.956+0100: 927.217: Total time for which application threads were stopped: 0.0001050 seconds, Stopping threads took: 0.0000534 seconds
2020-06-27T17:30:24.956+0100: 927.217: Total time for which application threads were stopped: 0.0000986 seconds, Stopping threads took: 0.0000453 seconds
2020-06-27T17:30:24.956+0100: 927.217: Total time for which application threads were stopped: 0.0000968 seconds, Stopping threads took: 0.0000431 seconds
2020-06-27T17:30:24.957+0100: 927.218: Total time for which application threads were stopped: 0.0001235 seconds, Stopping threads took: 0.0000437 seconds
2020-06-27T17:30:24.957+0100: 927.218: Total time for which application threads were stopped: 0.0001033 seconds, Stopping threads took: 0.0000494 seconds
2020-06-27T17:30:24.982+0100: 927.243: Total time for which application threads were stopped: 0.0001392 seconds, Stopping threads took: 0.0000586 seconds
2020-06-27T17:30:25.040+0100: 927.301: [CMS-concurrent-sweep: 0.085/0.087 secs] [Times: user=0.28 sys=0.00, real=0.09 secs] 
2020-06-27T17:30:25.040+0100: 927.301: [CMS-concurrent-reset-start]
2020-06-27T17:30:25.041+0100: 927.302: [CMS-concurrent-reset: 0.001/0.001 secs] [Times: user=0.00 sys=0.00, real=0.00 secs] 
{Heap before GC invocations=183 (full 12):
 par new generation   total 109248K, used 109248K [0x00000000e0000000, 0x00000000e8000000, 0x00000000e8000000)
  eden space 87424K, 100% used [0x00000000e0000000, 0x00000000e5560000, 0x00000000e5560000)
  from space 21824K, 100% used [0x00000000e6ab0000, 0x00000000e8000000, 0x00000000e8000000)
  to   space 21824K,   0% used [0x00000000e5560000, 0x00000000e5560000, 0x00000000e6ab0000)
 concurrent mark-sweep generation total 393216K, used 92375K [0x00000000e8000000, 0x0000000100000000, 0x0000000100000000)
 Metaspace       used 62837K, capacity 64752K, committed 65012K, reserved 1105920K
  class space    used 7327K, capacity 7759K, committed 7776K, reserved 1048576K
2020-06-27T17:30:25.068+0100: 927.329: [GC (Allocation Failure) 2020-06-27T17:30:25.068+0100: 927.329: [ParNew
Desired survivor size 20112992 bytes, new threshold 6 (max 8)
- age   1:    5884736 bytes,    5884736 total
- age   2:    3271776 bytes,    9156512 total
- age   3:    3809304 bytes,   12965816 total
- age   4:    4498256 bytes,   17464072 total
- age   5:    2256864 bytes,   19720936 total
- age   6:    2608464 bytes,   22329400 total
: 109248K->21824K(109248K), 0.0172754 secs] 201623K->123435K(502464K), 0.0173336 secs] [Times: user=0.13 sys=0.00, real=0.02 secs] 
Heap after GC invocations=184 (full 12):
 par new generation   total 109248K, used 21824K [0x00000000e0000000, 0x00000000e8000000, 0x00000000e8000000)
  eden space 87424K,   0% used [0x00000000e0000000, 0x00000000e0000000, 0x00000000e5560000)
  from space 21824K, 100% used [0x00000000e5560000, 0x00000000e6ab0000, 0x00000000e6ab0000)
  to   space 21824K,   0% used [0x00000000e6ab0000, 0x00000000e6ab0000, 0x00000000e8000000)
 concurrent mark-sweep generation total 393216K, used 101611K [0x00000000e8000000, 0x0000000100000000, 0x0000000100000000)
 Metaspace       used 62837K, capacity 64752K, committed 65012K, reserved 1105920K
  class space    used 7327K, capacity 7759K, committed 7776K, reserved 1048576K
}
2020-06-27T17:30:25.085+0100: 927.346: Total time for which application threads were stopped: 0.0175742 seconds, Stopping threads took: 0.0000664 seconds
{Heap before GC invocations=184 (full 12):
 par new generation   total 109248K, used 109248K [0x00000000e0000000, 0x00000000e8000000, 0x00000000e8000000)
  eden space 87424K, 100% used [0x00000000e0000000, 0x00000000e5560000, 0x00000000e5560000)
  from space 21824K, 100% used [0x00000000e5560000, 0x00000000e6ab0000, 0x00000000e6ab0000)
  to   space 21824K,   0% used [0x00000000e6ab0000, 0x00000000e6ab0000, 0x00000000e8000000)
 concurrent mark-sweep generation total 393216K, used 101611K [0x00000000e8000000, 0x0000000100000000, 0x0000000100000000)
 Metaspace       used 62837K, capacity 64752K, committed 65012K, reserved 1105920K
  class space    used 7327K, capacity 7759K, committed 7776K, reserved 1048576K
2020-06-27T17:30:25.343+0100: 927.604: [GC (Allocation Failure) 2020-06-27T17:30:25.343+0100: 927.604: [ParNew
Desired survivor size 20112992 bytes, new threshold 8 (max 8)
- age   1:    2187448 bytes,    2187448 total
- age   2:    4090352 bytes,    6277800 total
- age   3:    3070600 bytes,    9348400 total
- age   4:    3809304 bytes,   13157704 total
- age   5:    4493456 bytes,   17651160 total
- age   6:    2256864 bytes,   19908024 total
: 109248K->21824K(109248K), 0.0192683 secs] 210859K->134064K(502464K), 0.0193476 secs] [Times: user=0.06 sys=0.00, real=0.02 secs] 
Heap after GC invocations=185 (full 12):
 par new generation   total 109248K, used 21824K [0x00000000e0000000, 0x00000000e8000000, 0x00000000e8000000)
  eden space 87424K,   0% used [0x00000000e0000000, 0x00000000e0000000, 0x00000000e5560000)
  from space 21824K, 100% used [0x00000000e6ab0000, 0x00000000e8000000, 0x00000000e8000000)
  to   space 21824K,   0% used [0x00000000e5560000, 0x00000000e5560000, 0x00000000e6ab0000)
 concurrent mark-sweep generation total 393216K, used 112240K [0x00000000e8000000, 0x0000000100000000, 0x0000000100000000)
 Metaspace       used 62837K, capacity 64752K, committed 65012K, reserved 1105920K
  class space    used 7327K, capacity 7759K, committed 7776K, reserved 1048576K
}
2020-06-27T17:30:25.362+0100: 927.623: Total time for which application threads were stopped: 0.0195906 seconds, Stopping threads took: 0.0000659 seconds
2020-06-27T17:30:26.301+0100: 928.562: Total time for which application threads were stopped: 0.0001948 seconds, Stopping threads took: 0.0000827 seconds
2020-06-27T17:30:26.302+0100: 928.563: Total time for which application threads were stopped: 0.0001209 seconds, Stopping threads took: 0.0000479 seconds
2020-06-27T17:30:26.304+0100: 928.565: Total time for which application threads were stopped: 0.0001791 seconds, Stopping threads took: 0.0000624 seconds
2020-06-27T17:30:26.305+0100: 928.566: Total time for which application threads were stopped: 0.0001590 seconds, Stopping threads took: 0.0000549 seconds
2020-06-27T17:30:26.305+0100: 928.566: Total time for which application threads were stopped: 0.0000988 seconds, Stopping threads took: 0.0000494 seconds
2020-06-27T17:30:26.305+0100: 928.566: Total time for which application threads were stopped: 0.0000874 seconds, Stopping threads took: 0.0000448 seconds
2020-06-27T17:30:26.305+0100: 928.566: Total time for which application threads were stopped: 0.0000832 seconds, Stopping threads took: 0.0000429 seconds
2020-06-27T17:30:27.306+0100: 929.567: Total time for which application threads were stopped: 0.0001052 seconds, Stopping threads took: 0.0000487 seconds
2020-06-27T17:30:34.135+0100: 936.396: Total time for which application threads were stopped: 0.0032715 seconds, Stopping threads took: 0.0031830 seconds
2020-06-27T17:30:34.164+0100: 936.425: Total time for which application threads were stopped: 0.0022943 seconds, Stopping threads took: 0.0021323 seconds
2020-06-27T17:30:34.164+0100: 936.425: Total time for which application threads were stopped: 0.0001798 seconds, Stopping threads took: 0.0000609 seconds
2020-06-27T17:30:34.164+0100: 936.425: Total time for which application threads were stopped: 0.0001663 seconds, Stopping threads took: 0.0000475 seconds
2020-06-27T17:30:34.164+0100: 936.425: Total time for which application threads were stopped: 0.0001418 seconds, Stopping threads took: 0.0000517 seconds
2020-06-27T17:30:34.165+0100: 936.426: Total time for which application threads were stopped: 0.0002088 seconds, Stopping threads took: 0.0001065 seconds
2020-06-27T17:30:34.167+0100: 936.428: Total time for which application threads were stopped: 0.0002863 seconds, Stopping threads took: 0.0000706 seconds
2020-06-27T17:30:34.187+0100: 936.448: Total time for which application threads were stopped: 0.0003838 seconds, Stopping threads took: 0.0002173 seconds
2020-06-27T17:30:34.189+0100: 936.450: Total time for which application threads were stopped: 0.0005627 seconds, Stopping threads took: 0.0004425 seconds
2020-06-27T17:30:34.189+0100: 936.450: Total time for which application threads were stopped: 0.0001704 seconds, Stopping threads took: 0.0000617 seconds
2020-06-27T17:30:34.189+0100: 936.450: Total time for which application threads were stopped: 0.0001476 seconds, Stopping threads took: 0.0000496 seconds
2020-06-27T17:30:34.190+0100: 936.451: Total time for which application threads were stopped: 0.0003029 seconds, Stopping threads took: 0.0001783 seconds
2020-06-27T17:30:34.192+0100: 936.453: Total time for which application threads were stopped: 0.0002236 seconds, Stopping threads took: 0.0000708 seconds
2020-06-27T17:30:34.192+0100: 936.453: Total time for which application threads were stopped: 0.0002174 seconds, Stopping threads took: 0.0000466 seconds
2020-06-27T17:30:36.689+0100: 938.950: Total time for which application threads were stopped: 0.0001638 seconds, Stopping threads took: 0.0000483 seconds
2020-06-27T17:30:37.689+0100: 939.950: Total time for which application threads were stopped: 0.0001120 seconds, Stopping threads took: 0.0000580 seconds
2020-06-27T17:30:39.830+0100: 942.091: Total time for which application threads were stopped: 0.0000948 seconds, Stopping threads took: 0.0000339 seconds
2020-06-27T17:30:50.745+0100: 953.005: Total time for which application threads were stopped: 0.0001628 seconds, Stopping threads took: 0.0000681 seconds
2020-06-27T17:30:50.747+0100: 953.007: Total time for which application threads were stopped: 0.0001310 seconds, Stopping threads took: 0.0000554 seconds
2020-06-27T17:30:51.748+0100: 954.008: Total time for which application threads were stopped: 0.0000963 seconds, Stopping threads took: 0.0000294 seconds
2020-06-27T17:30:59.751+0100: 962.011: Total time for which application threads were stopped: 0.0001002 seconds, Stopping threads took: 0.0000376 seconds
2020-06-27T17:31:07.754+0100: 970.014: Total time for which application threads were stopped: 0.0000890 seconds, Stopping threads took: 0.0000316 seconds
2020-06-27T17:31:18.759+0100: 981.020: Total time for which application threads were stopped: 0.0001097 seconds, Stopping threads took: 0.0000334 seconds
2020-06-27T17:31:50.243+0100: 1012.504: Total time for which application threads were stopped: 0.0001217 seconds, Stopping threads took: 0.0000466 seconds
{Heap before GC invocations=185 (full 12):
 par new generation   total 109248K, used 108973K [0x00000000e0000000, 0x00000000e8000000, 0x00000000e8000000)
  eden space 87424K,  99% used [0x00000000e0000000, 0x00000000e551b568, 0x00000000e5560000)
  from space 21824K, 100% used [0x00000000e6ab0000, 0x00000000e8000000, 0x00000000e8000000)
  to   space 21824K,   0% used [0x00000000e5560000, 0x00000000e5560000, 0x00000000e6ab0000)
 concurrent mark-sweep generation total 393216K, used 112240K [0x00000000e8000000, 0x0000000100000000, 0x0000000100000000)
 Metaspace       used 62933K, capacity 64826K, committed 65012K, reserved 1105920K
  class space    used 7335K, capacity 7762K, committed 7776K, reserved 1048576K
2020-06-27T17:31:50.282+0100: 1012.543: [GC (Allocation Failure) 2020-06-27T17:31:50.282+0100: 1012.543: [ParNew
Desired survivor size 20112992 bytes, new threshold 7 (max 8)
- age   1:    2923424 bytes,    2923424 total
- age   2:    1664152 bytes,    4587576 total
- age   3:    3400432 bytes,    7988008 total
- age   4:    2672328 bytes,   10660336 total
- age   5:    3809304 bytes,   14469640 total
- age   6:    4493456 bytes,   18963096 total
- age   7:    2251896 bytes,   21214992 total
: 108973K->21824K(109248K), 0.0139809 secs] 221214K->135315K(502464K), 0.0140486 secs] [Times: user=0.06 sys=0.00, real=0.01 secs] 
Heap after GC invocations=186 (full 12):
 par new generation   total 109248K, used 21824K [0x00000000e0000000, 0x00000000e8000000, 0x00000000e8000000)
  eden space 87424K,   0% used [0x00000000e0000000, 0x00000000e0000000, 0x00000000e5560000)
  from space 21824K, 100% used [0x00000000e5560000, 0x00000000e6ab0000, 0x00000000e6ab0000)
  to   space 21824K,   0% used [0x00000000e6ab0000, 0x00000000e6ab0000, 0x00000000e8000000)
 concurrent mark-sweep generation total 393216K, used 113491K [0x00000000e8000000, 0x0000000100000000, 0x0000000100000000)
 Metaspace       used 62933K, capacity 64826K, committed 65012K, reserved 1105920K
  class space    used 7335K, capacity 7762K, committed 7776K, reserved 1048576K
}
2020-06-27T17:31:50.297+0100: 1012.558: Total time for which application threads were stopped: 0.0143198 seconds, Stopping threads took: 0.0001082 seconds
2020-06-27T17:31:50.348+0100: 1012.609: Total time for which application threads were stopped: 0.0001220 seconds, Stopping threads took: 0.0000493 seconds
{Heap before GC invocations=186 (full 12):
 par new generation   total 109248K, used 109248K [0x00000000e0000000, 0x00000000e8000000, 0x00000000e8000000)
  eden space 87424K, 100% used [0x00000000e0000000, 0x00000000e5560000, 0x00000000e5560000)
  from space 21824K, 100% used [0x00000000e5560000, 0x00000000e6ab0000, 0x00000000e6ab0000)
  to   space 21824K,   0% used [0x00000000e6ab0000, 0x00000000e6ab0000, 0x00000000e8000000)
 concurrent mark-sweep generation total 393216K, used 113491K [0x00000000e8000000, 0x0000000100000000, 0x0000000100000000)
 Metaspace       used 62933K, capacity 64826K, committed 65012K, reserved 1105920K
  class space    used 7335K, capacity 7762K, committed 7776K, reserved 1048576K
2020-06-27T17:31:50.379+0100: 1012.640: [GC (Allocation Failure) 2020-06-27T17:31:50.379+0100: 1012.640: [ParNew
Desired survivor size 20112992 bytes, new threshold 7 (max 8)
- age   1:    3371984 bytes,    3371984 total
- age   2:    2766160 bytes,    6138144 total
- age   3:    1664040 bytes,    7802184 total
- age   4:    3400256 bytes,   11202440 total
- age   5:    2672184 bytes,   13874624 total
- age   6:    3809304 bytes,   17683928 total
- age   7:    4493456 bytes,   22177384 total
: 109248K->21824K(109248K), 0.0159197 secs] 222739K->143845K(502464K), 0.0160024 secs] [Times: user=0.06 sys=0.00, real=0.02 secs] 
Heap after GC invocations=187 (full 12):
 par new generation   total 109248K, used 21824K [0x00000000e0000000, 0x00000000e8000000, 0x00000000e8000000)
  eden space 87424K,   0% used [0x00000000e0000000, 0x00000000e0000000, 0x00000000e5560000)
  from space 21824K, 100% used [0x00000000e6ab0000, 0x00000000e8000000, 0x00000000e8000000)
  to   space 21824K,   0% used [0x00000000e5560000, 0x00000000e5560000, 0x00000000e6ab0000)
 concurrent mark-sweep generation total 393216K, used 122021K [0x00000000e8000000, 0x0000000100000000, 0x0000000100000000)
 Metaspace       used 62933K, capacity 64826K, committed 65012K, reserved 1105920K
  class space    used 7335K, capacity 7762K, committed 7776K, reserved 1048576K
}
2020-06-27T17:31:50.395+0100: 1012.656: Total time for which application threads were stopped: 0.0162747 seconds, Stopping threads took: 0.0000700 seconds
{Heap before GC invocations=187 (full 12):
 par new generation   total 109248K, used 109248K [0x00000000e0000000, 0x00000000e8000000, 0x00000000e8000000)
  eden space 87424K, 100% used [0x00000000e0000000, 0x00000000e5560000, 0x00000000e5560000)
  from space 21824K, 100% used [0x00000000e6ab0000, 0x00000000e8000000, 0x00000000e8000000)
  to   space 21824K,   0% used [0x00000000e5560000, 0x00000000e5560000, 0x00000000e6ab0000)
 concurrent mark-sweep generation total 393216K, used 122021K [0x00000000e8000000, 0x0000000100000000, 0x0000000100000000)
 Metaspace       used 62939K, capacity 64826K, committed 65012K, reserved 1105920K
  class space    used 7335K, capacity 7762K, committed 7776K, reserved 1048576K
2020-06-27T17:31:50.495+0100: 1012.756: [GC (Allocation Failure) 2020-06-27T17:31:50.495+0100: 1012.756: [ParNew
Desired survivor size 20112992 bytes, new threshold 7 (max 8)
- age   1:    5359848 bytes,    5359848 total
- age   2:    2670688 bytes,    8030536 total
- age   3:    2764952 bytes,   10795488 total
- age   4:    1664040 bytes,   12459528 total
- age   5:    3400256 bytes,   15859784 total
- age   6:    2672184 bytes,   18531968 total
- age   7:    3809304 bytes,   22341272 total
: 109248K->21824K(109248K), 0.0164172 secs] 231269K->152268K(502464K), 0.0164821 secs] [Times: user=0.06 sys=0.00, real=0.02 secs] 
Heap after GC invocations=188 (full 12):
 par new generation   total 109248K, used 21824K [0x00000000e0000000, 0x00000000e8000000, 0x00000000e8000000)
  eden space 87424K,   0% used [0x00000000e0000000, 0x00000000e0000000, 0x00000000e5560000)
  from space 21824K, 100% used [0x00000000e5560000, 0x00000000e6ab0000, 0x00000000e6ab0000)
  to   space 21824K,   0% used [0x00000000e6ab0000, 0x00000000e6ab0000, 0x00000000e8000000)
 concurrent mark-sweep generation total 393216K, used 130444K [0x00000000e8000000, 0x0000000100000000, 0x0000000100000000)
 Metaspace       used 62939K, capacity 64826K, committed 65012K, reserved 1105920K
  class space    used 7335K, capacity 7762K, committed 7776K, reserved 1048576K
}
2020-06-27T17:31:50.512+0100: 1012.773: Total time for which application threads were stopped: 0.0167332 seconds, Stopping threads took: 0.0000759 seconds
{Heap before GC invocations=188 (full 12):
 par new generation   total 109248K, used 109248K [0x00000000e0000000, 0x00000000e8000000, 0x00000000e8000000)
  eden space 87424K, 100% used [0x00000000e0000000, 0x00000000e5560000, 0x00000000e5560000)
  from space 21824K, 100% used [0x00000000e5560000, 0x00000000e6ab0000, 0x00000000e6ab0000)
  to   space 21824K,   0% used [0x00000000e6ab0000, 0x00000000e6ab0000, 0x00000000e8000000)
 concurrent mark-sweep generation total 393216K, used 130444K [0x00000000e8000000, 0x0000000100000000, 0x0000000100000000)
 Metaspace       used 62939K, capacity 64826K, committed 65012K, reserved 1105920K
  class space    used 7335K, capacity 7762K, committed 7776K, reserved 1048576K
2020-06-27T17:31:50.601+0100: 1012.862: [GC (Allocation Failure) 2020-06-27T17:31:50.601+0100: 1012.862: [ParNew
Desired survivor size 20112992 bytes, new threshold 7 (max 8)
- age   1:    6294528 bytes,    6294528 total
- age   2:    2886336 bytes,    9180864 total
- age   3:    2612728 bytes,   11793592 total
- age   4:    2763864 bytes,   14557456 total
- age   5:    1664040 bytes,   16221496 total
- age   6:    3400296 bytes,   19621792 total
- age   7:    2672184 bytes,   22293976 total
: 109248K->21824K(109248K), 0.0172401 secs] 239692K->160920K(502464K), 0.0173185 secs] [Times: user=0.06 sys=0.00, real=0.02 secs] 
Heap after GC invocations=189 (full 12):
 par new generation   total 109248K, used 21824K [0x00000000e0000000, 0x00000000e8000000, 0x00000000e8000000)
  eden space 87424K,   0% used [0x00000000e0000000, 0x00000000e0000000, 0x00000000e5560000)
  from space 21824K, 100% used [0x00000000e6ab0000, 0x00000000e8000000, 0x00000000e8000000)
  to   space 21824K,   0% used [0x00000000e5560000, 0x00000000e5560000, 0x00000000e6ab0000)
 concurrent mark-sweep generation total 393216K, used 139096K [0x00000000e8000000, 0x0000000100000000, 0x0000000100000000)
 Metaspace       used 62939K, capacity 64826K, committed 65012K, reserved 1105920K
  class space    used 7335K, capacity 7762K, committed 7776K, reserved 1048576K
}
2020-06-27T17:31:50.618+0100: 1012.879: Total time for which application threads were stopped: 0.0175722 seconds, Stopping threads took: 0.0000664 seconds
2020-06-27T17:31:51.111+0100: 1013.372: Total time for which application threads were stopped: 0.0001543 seconds, Stopping threads took: 0.0000983 seconds
2020-06-27T17:31:51.112+0100: 1013.373: Total time for which application threads were stopped: 0.0001072 seconds, Stopping threads took: 0.0000630 seconds
2020-06-27T17:31:51.112+0100: 1013.373: Total time for which application threads were stopped: 0.0000521 seconds, Stopping threads took: 0.0000237 seconds
2020-06-27T17:31:51.113+0100: 1013.374: Total time for which application threads were stopped: 0.0001215 seconds, Stopping threads took: 0.0000685 seconds
2020-06-27T17:31:51.114+0100: 1013.375: Total time for which application threads were stopped: 0.0001335 seconds, Stopping threads took: 0.0000901 seconds
2020-06-27T17:31:51.114+0100: 1013.375: Total time for which application threads were stopped: 0.0002017 seconds, Stopping threads took: 0.0001687 seconds
2020-06-27T17:31:51.114+0100: 1013.375: Total time for which application threads were stopped: 0.0000434 seconds, Stopping threads took: 0.0000168 seconds
2020-06-27T17:32:05.243+0100: 1027.504: Total time for which application threads were stopped: 0.0001030 seconds, Stopping threads took: 0.0000379 seconds
2020-06-27T17:32:15.246+0100: 1037.507: Total time for which application threads were stopped: 0.0002371 seconds, Stopping threads took: 0.0001099 seconds
2020-06-27T17:32:15.958+0100: 1038.218: Total time for which application threads were stopped: 0.0000887 seconds, Stopping threads took: 0.0000265 seconds
2020-06-27T17:32:15.959+0100: 1038.219: Total time for which application threads were stopped: 0.0000836 seconds, Stopping threads took: 0.0000242 seconds
2020-06-27T17:32:44.952+0100: 1067.212: Total time for which application threads were stopped: 0.0002290 seconds, Stopping threads took: 0.0001396 seconds
2020-06-27T17:32:44.960+0100: 1067.220: Total time for which application threads were stopped: 0.0000707 seconds, Stopping threads took: 0.0000215 seconds
2020-06-27T17:32:44.961+0100: 1067.222: Total time for which application threads were stopped: 0.0001014 seconds, Stopping threads took: 0.0000297 seconds
{Heap before GC invocations=189 (full 12):
 par new generation   total 109248K, used 109248K [0x00000000e0000000, 0x00000000e8000000, 0x00000000e8000000)
  eden space 87424K, 100% used [0x00000000e0000000, 0x00000000e5560000, 0x00000000e5560000)
  from space 21824K, 100% used [0x00000000e6ab0000, 0x00000000e8000000, 0x00000000e8000000)
  to   space 21824K,   0% used [0x00000000e5560000, 0x00000000e5560000, 0x00000000e6ab0000)
 concurrent mark-sweep generation total 393216K, used 139096K [0x00000000e8000000, 0x0000000100000000, 0x0000000100000000)
 Metaspace       used 63019K, capacity 64890K, committed 65012K, reserved 1105920K
  class space    used 7335K, capacity 7762K, committed 7776K, reserved 1048576K
2020-06-27T17:32:45.072+0100: 1067.332: [GC (Allocation Failure) 2020-06-27T17:32:45.072+0100: 1067.332: [ParNew
Desired survivor size 20112992 bytes, new threshold 8 (max 8)
- age   1:    3298896 bytes,    3298896 total
- age   2:    4264008 bytes,    7562904 total
- age   3:    2786880 bytes,   10349784 total
- age   4:    2002552 bytes,   12352336 total
- age   5:    2230168 bytes,   14582504 total
- age   6:    1664040 bytes,   16246544 total
- age   7:    3400256 bytes,   19646800 total
: 109248K->21824K(109248K), 0.0134409 secs] 248344K->164328K(502464K), 0.0135122 secs] [Times: user=0.06 sys=0.00, real=0.01 secs] 
Heap after GC invocations=190 (full 12):
 par new generation   total 109248K, used 21824K [0x00000000e0000000, 0x00000000e8000000, 0x00000000e8000000)
  eden space 87424K,   0% used [0x00000000e0000000, 0x00000000e0000000, 0x00000000e5560000)
  from space 21824K, 100% used [0x00000000e5560000, 0x00000000e6ab0000, 0x00000000e6ab0000)
  to   space 21824K,   0% used [0x00000000e6ab0000, 0x00000000e6ab0000, 0x00000000e8000000)
 concurrent mark-sweep generation total 393216K, used 142504K [0x00000000e8000000, 0x0000000100000000, 0x0000000100000000)
 Metaspace       used 63019K, capacity 64890K, committed 65012K, reserved 1105920K
  class space    used 7335K, capacity 7762K, committed 7776K, reserved 1048576K
}
2020-06-27T17:32:45.085+0100: 1067.346: Total time for which application threads were stopped: 0.0137458 seconds, Stopping threads took: 0.0000737 seconds
2020-06-27T17:32:45.086+0100: 1067.346: Total time for which application threads were stopped: 0.0001708 seconds, Stopping threads took: 0.0000786 seconds
{Heap before GC invocations=190 (full 12):
 par new generation   total 109248K, used 109248K [0x00000000e0000000, 0x00000000e8000000, 0x00000000e8000000)
  eden space 87424K, 100% used [0x00000000e0000000, 0x00000000e5560000, 0x00000000e5560000)
  from space 21824K, 100% used [0x00000000e5560000, 0x00000000e6ab0000, 0x00000000e6ab0000)
  to   space 21824K,   0% used [0x00000000e6ab0000, 0x00000000e6ab0000, 0x00000000e8000000)
 concurrent mark-sweep generation total 393216K, used 142504K [0x00000000e8000000, 0x0000000100000000, 0x0000000100000000)
 Metaspace       used 63022K, capacity 64890K, committed 65012K, reserved 1105920K
  class space    used 7335K, capacity 7762K, committed 7776K, reserved 1048576K
2020-06-27T17:32:45.177+0100: 1067.438: [GC (Allocation Failure) 2020-06-27T17:32:45.177+0100: 1067.438: [ParNew
Desired survivor size 20112992 bytes, new threshold 8 (max 8)
- age   1:    3144256 bytes,    3144256 total
- age   2:    3112544 bytes,    6256800 total
- age   3:    3944584 bytes,   10201384 total
- age   4:    2730208 bytes,   12931592 total
- age   5:    2000840 bytes,   14932432 total
- age   6:    2229208 bytes,   17161640 total
- age   7:    1664040 bytes,   18825680 total
- age   8:    3400256 bytes,   22225936 total
: 109248K->21824K(109248K), 0.0163788 secs] 251752K->173384K(502464K), 0.0164525 secs] [Times: user=0.08 sys=0.00, real=0.02 secs] 
Heap after GC invocations=191 (full 12):
 par new generation   total 109248K, used 21824K [0x00000000e0000000, 0x00000000e8000000, 0x00000000e8000000)
  eden space 87424K,   0% used [0x00000000e0000000, 0x00000000e0000000, 0x00000000e5560000)
  from space 21824K, 100% used [0x00000000e6ab0000, 0x00000000e8000000, 0x00000000e8000000)
  to   space 21824K,   0% used [0x00000000e5560000, 0x00000000e5560000, 0x00000000e6ab0000)
 concurrent mark-sweep generation total 393216K, used 151560K [0x00000000e8000000, 0x0000000100000000, 0x0000000100000000)
 Metaspace       used 63022K, capacity 64890K, committed 65012K, reserved 1105920K
  class space    used 7335K, capacity 7762K, committed 7776K, reserved 1048576K
}
2020-06-27T17:32:45.194+0100: 1067.454: Total time for which application threads were stopped: 0.0166841 seconds, Stopping threads took: 0.0000710 seconds
{Heap before GC invocations=191 (full 12):
 par new generation   total 109248K, used 109248K [0x00000000e0000000, 0x00000000e8000000, 0x00000000e8000000)
  eden space 87424K, 100% used [0x00000000e0000000, 0x00000000e5560000, 0x00000000e5560000)
  from space 21824K, 100% used [0x00000000e6ab0000, 0x00000000e8000000, 0x00000000e8000000)
  to   space 21824K,   0% used [0x00000000e5560000, 0x00000000e5560000, 0x00000000e6ab0000)
 concurrent mark-sweep generation total 393216K, used 151560K [0x00000000e8000000, 0x0000000100000000, 0x0000000100000000)
 Metaspace       used 63022K, capacity 64890K, committed 65012K, reserved 1105920K
  class space    used 7335K, capacity 7762K, committed 7776K, reserved 1048576K
2020-06-27T17:32:45.285+0100: 1067.545: [GC (Allocation Failure) 2020-06-27T17:32:45.285+0100: 1067.545: [ParNew
Desired survivor size 20112992 bytes, new threshold 7 (max 8)
- age   1:    3559216 bytes,    3559216 total
- age   2:    3012288 bytes,    6571504 total
- age   3:    3112408 bytes,    9683912 total
- age   4:    3944584 bytes,   13628496 total
- age   5:    2730208 bytes,   16358704 total
- age   6:    2000840 bytes,   18359544 total
- age   7:    2229208 bytes,   20588752 total
- age   8:    1664040 bytes,   22252792 total
: 109248K->21824K(109248K), 0.0198662 secs] 260808K->184553K(502464K), 0.0199317 secs] [Times: user=0.09 sys=0.02, real=0.02 secs] 
Heap after GC invocations=192 (full 12):
 par new generation   total 109248K, used 21824K [0x00000000e0000000, 0x00000000e8000000, 0x00000000e8000000)
  eden space 87424K,   0% used [0x00000000e0000000, 0x00000000e0000000, 0x00000000e5560000)
  from space 21824K, 100% used [0x00000000e5560000, 0x00000000e6ab0000, 0x00000000e6ab0000)
  to   space 21824K,   0% used [0x00000000e6ab0000, 0x00000000e6ab0000, 0x00000000e8000000)
 concurrent mark-sweep generation total 393216K, used 162729K [0x00000000e8000000, 0x0000000100000000, 0x0000000100000000)
 Metaspace       used 63022K, capacity 64890K, committed 65012K, reserved 1105920K
  class space    used 7335K, capacity 7762K, committed 7776K, reserved 1048576K
}
2020-06-27T17:32:45.305+0100: 1067.565: Total time for which application threads were stopped: 0.0201592 seconds, Stopping threads took: 0.0000638 seconds
2020-06-27T17:32:45.876+0100: 1068.137: Total time for which application threads were stopped: 0.0001653 seconds, Stopping threads took: 0.0000840 seconds
2020-06-27T17:32:45.878+0100: 1068.138: Total time for which application threads were stopped: 0.0001367 seconds, Stopping threads took: 0.0000679 seconds
2020-06-27T17:32:45.878+0100: 1068.139: Total time for which application threads were stopped: 0.0001054 seconds, Stopping threads took: 0.0000654 seconds
2020-06-27T17:32:45.879+0100: 1068.139: Total time for which application threads were stopped: 0.0000956 seconds, Stopping threads took: 0.0000607 seconds
2020-06-27T17:32:45.879+0100: 1068.139: Total time for which application threads were stopped: 0.0002431 seconds, Stopping threads took: 0.0000875 seconds
2020-06-27T17:32:59.962+0100: 1082.222: Total time for which application threads were stopped: 0.0001929 seconds, Stopping threads took: 0.0001035 seconds
2020-06-27T17:33:27.978+0100: 1110.238: Total time for which application threads were stopped: 0.0001295 seconds, Stopping threads took: 0.0000449 seconds
2020-06-27T17:33:37.048+0100: 1119.308: Total time for which application threads were stopped: 0.0002027 seconds, Stopping threads took: 0.0001525 seconds
2020-06-27T17:33:37.057+0100: 1119.317: Total time for which application threads were stopped: 0.0000738 seconds, Stopping threads took: 0.0000273 seconds
2020-06-27T17:33:37.060+0100: 1119.320: Total time for which application threads were stopped: 0.0002020 seconds, Stopping threads took: 0.0001279 seconds
2020-06-27T17:33:37.061+0100: 1119.321: Total time for which application threads were stopped: 0.0001316 seconds, Stopping threads took: 0.0000689 seconds
{Heap before GC invocations=192 (full 12):
 par new generation   total 109248K, used 109248K [0x00000000e0000000, 0x00000000e8000000, 0x00000000e8000000)
  eden space 87424K, 100% used [0x00000000e0000000, 0x00000000e5560000, 0x00000000e5560000)
  from space 21824K, 100% used [0x00000000e5560000, 0x00000000e6ab0000, 0x00000000e6ab0000)
  to   space 21824K,   0% used [0x00000000e6ab0000, 0x00000000e6ab0000, 0x00000000e8000000)
 concurrent mark-sweep generation total 393216K, used 162729K [0x00000000e8000000, 0x0000000100000000, 0x0000000100000000)
 Metaspace       used 63033K, capacity 64890K, committed 65012K, reserved 1105920K
  class space    used 7335K, capacity 7762K, committed 7776K, reserved 1048576K
2020-06-27T17:33:37.128+0100: 1119.389: [GC (Allocation Failure) 2020-06-27T17:33:37.128+0100: 1119.389: [ParNew
Desired survivor size 20112992 bytes, new threshold 7 (max 8)
- age   1:    5089768 bytes,    5089768 total
- age   2:    2833616 bytes,    7923384 total
- age   3:    2354872 bytes,   10278256 total
- age   4:    2818744 bytes,   13097000 total
- age   5:    3944584 bytes,   17041584 total
- age   6:    2730208 bytes,   19771792 total
- age   7:    2000536 bytes,   21772328 total
: 109248K->21824K(109248K), 0.0166446 secs] 271977K->194048K(502464K), 0.0167197 secs] [Times: user=0.06 sys=0.00, real=0.02 secs] 
Heap after GC invocations=193 (full 12):
 par new generation   total 109248K, used 21824K [0x00000000e0000000, 0x00000000e8000000, 0x00000000e8000000)
  eden space 87424K,   0% used [0x00000000e0000000, 0x00000000e0000000, 0x00000000e5560000)
  from space 21824K, 100% used [0x00000000e6ab0000, 0x00000000e8000000, 0x00000000e8000000)
  to   space 21824K,   0% used [0x00000000e5560000, 0x00000000e5560000, 0x00000000e6ab0000)
 concurrent mark-sweep generation total 393216K, used 172224K [0x00000000e8000000, 0x0000000100000000, 0x0000000100000000)
 Metaspace       used 63033K, capacity 64890K, committed 65012K, reserved 1105920K
  class space    used 7335K, capacity 7762K, committed 7776K, reserved 1048576K
}
2020-06-27T17:33:37.145+0100: 1119.405: Total time for which application threads were stopped: 0.0169763 seconds, Stopping threads took: 0.0000746 seconds
2020-06-27T17:33:37.168+0100: 1119.429: Total time for which application threads were stopped: 0.0001280 seconds, Stopping threads took: 0.0000555 seconds
{Heap before GC invocations=193 (full 12):
 par new generation   total 109248K, used 109248K [0x00000000e0000000, 0x00000000e8000000, 0x00000000e8000000)
  eden space 87424K, 100% used [0x00000000e0000000, 0x00000000e5560000, 0x00000000e5560000)
  from space 21824K, 100% used [0x00000000e6ab0000, 0x00000000e8000000, 0x00000000e8000000)
  to   space 21824K,   0% used [0x00000000e5560000, 0x00000000e5560000, 0x00000000e6ab0000)
 concurrent mark-sweep generation total 393216K, used 172224K [0x00000000e8000000, 0x0000000100000000, 0x0000000100000000)
 Metaspace       used 63033K, capacity 64890K, committed 65012K, reserved 1105920K
  class space    used 7335K, capacity 7762K, committed 7776K, reserved 1048576K
2020-06-27T17:33:37.238+0100: 1119.498: [GC (Allocation Failure) 2020-06-27T17:33:37.238+0100: 1119.498: [ParNew
Desired survivor size 20112992 bytes, new threshold 7 (max 8)
- age   1:    3804552 bytes,    3804552 total
- age   2:    4652480 bytes,    8457032 total
- age   3:    2833432 bytes,   11290464 total
- age   4:    2352480 bytes,   13642944 total
- age   5:    2084032 bytes,   15726976 total
- age   6:    3943288 bytes,   19670264 total
- age   7:    2672200 bytes,   22342464 total
: 109248K->21824K(109248K), 0.0164040 secs] 281472K->205238K(502464K), 0.0164677 secs] [Times: user=0.06 sys=0.00, real=0.02 secs] 
Heap after GC invocations=194 (full 12):
 par new generation   total 109248K, used 21824K [0x00000000e0000000, 0x00000000e8000000, 0x00000000e8000000)
  eden space 87424K,   0% used [0x00000000e0000000, 0x00000000e0000000, 0x00000000e5560000)
  from space 21824K, 100% used [0x00000000e5560000, 0x00000000e6ab0000, 0x00000000e6ab0000)
  to   space 21824K,   0% used [0x00000000e6ab0000, 0x00000000e6ab0000, 0x00000000e8000000)
 concurrent mark-sweep generation total 393216K, used 183414K [0x00000000e8000000, 0x0000000100000000, 0x0000000100000000)
 Metaspace       used 63033K, capacity 64890K, committed 65012K, reserved 1105920K
  class space    used 7335K, capacity 7762K, committed 7776K, reserved 1048576K
}
2020-06-27T17:33:37.254+0100: 1119.515: Total time for which application threads were stopped: 0.0167063 seconds, Stopping threads took: 0.0000641 seconds
{Heap before GC invocations=194 (full 12):
 par new generation   total 109248K, used 109248K [0x00000000e0000000, 0x00000000e8000000, 0x00000000e8000000)
  eden space 87424K, 100% used [0x00000000e0000000, 0x00000000e5560000, 0x00000000e5560000)
  from space 21824K, 100% used [0x00000000e5560000, 0x00000000e6ab0000, 0x00000000e6ab0000)
  to   space 21824K,   0% used [0x00000000e6ab0000, 0x00000000e6ab0000, 0x00000000e8000000)
 concurrent mark-sweep generation total 393216K, used 183414K [0x00000000e8000000, 0x0000000100000000, 0x0000000100000000)
 Metaspace       used 63033K, capacity 64890K, committed 65012K, reserved 1105920K
  class space    used 7335K, capacity 7762K, committed 7776K, reserved 1048576K
2020-06-27T17:33:37.329+0100: 1119.590: [GC (Allocation Failure) 2020-06-27T17:33:37.329+0100: 1119.590: [ParNew
Desired survivor size 20112992 bytes, new threshold 7 (max 8)
- age   1:    3538432 bytes,    3538432 total
- age   2:    2941272 bytes,    6479704 total
- age   3:    4154200 bytes,   10633904 total
- age   4:    2833432 bytes,   13467336 total
- age   5:    2352480 bytes,   15819816 total
- age   6:    2084000 bytes,   17903816 total
- age   7:    3943288 bytes,   21847104 total
: 109248K->21824K(109248K), 0.0163673 secs] 292662K->214129K(502464K), 0.0164334 secs] [Times: user=0.06 sys=0.00, real=0.02 secs] 
Heap after GC invocations=195 (full 12):
 par new generation   total 109248K, used 21824K [0x00000000e0000000, 0x00000000e8000000, 0x00000000e8000000)
  eden space 87424K,   0% used [0x00000000e0000000, 0x00000000e0000000, 0x00000000e5560000)
  from space 21824K, 100% used [0x00000000e6ab0000, 0x00000000e8000000, 0x00000000e8000000)
  to   space 21824K,   0% used [0x00000000e5560000, 0x00000000e5560000, 0x00000000e6ab0000)
 concurrent mark-sweep generation total 393216K, used 192305K [0x00000000e8000000, 0x0000000100000000, 0x0000000100000000)
 Metaspace       used 63033K, capacity 64890K, committed 65012K, reserved 1105920K
  class space    used 7335K, capacity 7762K, committed 7776K, reserved 1048576K
}
2020-06-27T17:33:37.346+0100: 1119.606: Total time for which application threads were stopped: 0.0166584 seconds, Stopping threads took: 0.0000629 seconds
2020-06-27T17:33:37.906+0100: 1120.166: Total time for which application threads were stopped: 0.0001691 seconds, Stopping threads took: 0.0000726 seconds
2020-06-27T17:33:37.910+0100: 1120.171: Total time for which application threads were stopped: 0.0001360 seconds, Stopping threads took: 0.0000564 seconds
2020-06-27T17:33:37.911+0100: 1120.172: Total time for which application threads were stopped: 0.0002213 seconds, Stopping threads took: 0.0001100 seconds
2020-06-27T17:33:38.912+0100: 1121.172: Total time for which application threads were stopped: 0.0001357 seconds, Stopping threads took: 0.0000670 seconds
2020-06-27T17:33:39.139+0100: 1121.399: Total time for which application threads were stopped: 0.0002168 seconds, Stopping threads took: 0.0001612 seconds
2020-06-27T17:33:39.142+0100: 1121.402: Total time for which application threads were stopped: 0.0001321 seconds, Stopping threads took: 0.0000693 seconds
2020-06-27T17:33:39.143+0100: 1121.403: Total time for which application threads were stopped: 0.0001265 seconds, Stopping threads took: 0.0000639 seconds
2020-06-27T17:33:39.149+0100: 1121.410: Total time for which application threads were stopped: 0.0001467 seconds, Stopping threads took: 0.0000650 seconds
2020-06-27T17:33:39.150+0100: 1121.411: Total time for which application threads were stopped: 0.0001323 seconds, Stopping threads took: 0.0000669 seconds
{Heap before GC invocations=195 (full 12):
 par new generation   total 109248K, used 109248K [0x00000000e0000000, 0x00000000e8000000, 0x00000000e8000000)
  eden space 87424K, 100% used [0x00000000e0000000, 0x00000000e5560000, 0x00000000e5560000)
  from space 21824K, 100% used [0x00000000e6ab0000, 0x00000000e8000000, 0x00000000e8000000)
  to   space 21824K,   0% used [0x00000000e5560000, 0x00000000e5560000, 0x00000000e6ab0000)
 concurrent mark-sweep generation total 393216K, used 192305K [0x00000000e8000000, 0x0000000100000000, 0x0000000100000000)
 Metaspace       used 63042K, capacity 64890K, committed 65012K, reserved 1105920K
  class space    used 7335K, capacity 7762K, committed 7776K, reserved 1048576K
2020-06-27T17:33:39.194+0100: 1121.454: [GC (Allocation Failure) 2020-06-27T17:33:39.194+0100: 1121.454: [ParNew
Desired survivor size 20112992 bytes, new threshold 7 (max 8)
- age   1:    3789584 bytes,    3789584 total
- age   2:    2736480 bytes,    6526064 total
- age   3:    2569744 bytes,    9095808 total
- age   4:    3999328 bytes,   13095136 total
- age   5:    2833432 bytes,   15928568 total
- age   6:    2352480 bytes,   18281048 total
- age   7:    2083648 bytes,   20364696 total
: 109248K->21824K(109248K), 0.0154058 secs] 301553K->221778K(502464K), 0.0154821 secs] [Times: user=0.00 sys=0.00, real=0.02 secs] 
Heap after GC invocations=196 (full 12):
 par new generation   total 109248K, used 21824K [0x00000000e0000000, 0x00000000e8000000, 0x00000000e8000000)
  eden space 87424K,   0% used [0x00000000e0000000, 0x00000000e0000000, 0x00000000e5560000)
  from space 21824K, 100% used [0x00000000e5560000, 0x00000000e6ab0000, 0x00000000e6ab0000)
  to   space 21824K,   0% used [0x00000000e6ab0000, 0x00000000e6ab0000, 0x00000000e8000000)
 concurrent mark-sweep generation total 393216K, used 199954K [0x00000000e8000000, 0x0000000100000000, 0x0000000100000000)
 Metaspace       used 63042K, capacity 64890K, committed 65012K, reserved 1105920K
  class space    used 7335K, capacity 7762K, committed 7776K, reserved 1048576K
}
2020-06-27T17:33:39.209+0100: 1121.470: Total time for which application threads were stopped: 0.0157089 seconds, Stopping threads took: 0.0000600 seconds
2020-06-27T17:33:39.210+0100: 1121.470: [GC (CMS Initial Mark) [1 CMS-initial-mark: 199954K(393216K)] 221778K(502464K), 0.0039752 secs] [Times: user=0.00 sys=0.00, real=0.00 secs] 
2020-06-27T17:33:39.214+0100: 1121.474: Total time for which application threads were stopped: 0.0042037 seconds, Stopping threads took: 0.0000732 seconds
2020-06-27T17:33:39.214+0100: 1121.474: [CMS-concurrent-mark-start]
2020-06-27T17:33:39.241+0100: 1121.501: [CMS-concurrent-mark: 0.027/0.027 secs] [Times: user=0.11 sys=0.00, real=0.03 secs] 
2020-06-27T17:33:39.241+0100: 1121.501: [CMS-concurrent-preclean-start]
2020-06-27T17:33:39.243+0100: 1121.503: [CMS-concurrent-preclean: 0.002/0.002 secs] [Times: user=0.00 sys=0.00, real=0.00 secs] 
2020-06-27T17:33:39.244+0100: 1121.504: [GC (CMS Final Remark) [YG occupancy: 22788 K (109248 K)]2020-06-27T17:33:39.244+0100: 1121.504: [Rescan (parallel) , 0.0037670 secs]2020-06-27T17:33:39.248+0100: 1121.508: [weak refs processing, 0.0061369 secs]2020-06-27T17:33:39.254+0100: 1121.514: [class unloading, 0.0123556 secs]2020-06-27T17:33:39.266+0100: 1121.527: [scrub symbol table, 0.0137244 secs]2020-06-27T17:33:39.280+0100: 1121.540: [scrub string table, 0.0007886 secs][1 CMS-remark: 199954K(393216K)] 222743K(502464K), 0.0371416 secs] [Times: user=0.03 sys=0.00, real=0.04 secs] 
2020-06-27T17:33:39.281+0100: 1121.541: Total time for which application threads were stopped: 0.0374400 seconds, Stopping threads took: 0.0000979 seconds
2020-06-27T17:33:39.281+0100: 1121.541: [CMS-concurrent-sweep-start]
{Heap before GC invocations=196 (full 13):
 par new generation   total 109248K, used 22788K [0x00000000e0000000, 0x00000000e8000000, 0x00000000e8000000)
  eden space 87424K,   1% used [0x00000000e0000000, 0x00000000e00f1340, 0x00000000e5560000)
  from space 21824K, 100% used [0x00000000e5560000, 0x00000000e6ab0000, 0x00000000e6ab0000)
  to   space 21824K,   0% used [0x00000000e6ab0000, 0x00000000e6ab0000, 0x00000000e8000000)
 concurrent mark-sweep generation total 393216K, used 199954K [0x00000000e8000000, 0x0000000100000000, 0x0000000100000000)
 Metaspace       used 63042K, capacity 64890K, committed 65012K, reserved 1105920K
  class space    used 7335K, capacity 7762K, committed 7776K, reserved 1048576K
2020-06-27T17:33:39.281+0100: 1121.542: [GC (GCLocker Initiated GC) 2020-06-27T17:33:39.281+0100: 1121.542: [ParNew
Desired survivor size 20112992 bytes, new threshold 8 (max 8)
- age   1:     629072 bytes,     629072 total
- age   2:    3501784 bytes,    4130856 total
- age   3:    1343784 bytes,    5474640 total
- age   4:    2568664 bytes,    8043304 total
- age   5:    2603232 bytes,   10646536 total
- age   6:    2078120 bytes,   12724656 total
- age   7:    2352312 bytes,   15076968 total
: 22788K->20271K(109248K), 0.0089624 secs] 222743K->222208K(502464K), 0.0090136 secs] [Times: user=0.06 sys=0.00, real=0.01 secs] 
Heap after GC invocations=197 (full 13):
 par new generation   total 109248K, used 20271K [0x00000000e0000000, 0x00000000e8000000, 0x00000000e8000000)
  eden space 87424K,   0% used [0x00000000e0000000, 0x00000000e0000000, 0x00000000e5560000)
  from space 21824K,  92% used [0x00000000e6ab0000, 0x00000000e7e7bca0, 0x00000000e8000000)
  to   space 21824K,   0% used [0x00000000e5560000, 0x00000000e5560000, 0x00000000e6ab0000)
 concurrent mark-sweep generation total 393216K, used 201937K [0x00000000e8000000, 0x0000000100000000, 0x0000000100000000)
 Metaspace       used 63042K, capacity 64890K, committed 65012K, reserved 1105920K
  class space    used 7335K, capacity 7762K, committed 7776K, reserved 1048576K
}
2020-06-27T17:33:39.290+0100: 1121.551: Total time for which application threads were stopped: 0.0092198 seconds, Stopping threads took: 0.0000572 seconds
2020-06-27T17:33:39.335+0100: 1121.596: Total time for which application threads were stopped: 0.0001400 seconds, Stopping threads took: 0.0000714 seconds
2020-06-27T17:33:39.366+0100: 1121.626: [CMS-concurrent-sweep: 0.085/0.085 secs] [Times: user=0.30 sys=0.00, real=0.09 secs] 
2020-06-27T17:33:39.366+0100: 1121.626: [CMS-concurrent-reset-start]
2020-06-27T17:33:39.367+0100: 1121.627: [CMS-concurrent-reset: 0.001/0.001 secs] [Times: user=0.00 sys=0.00, real=0.00 secs] 
{Heap before GC invocations=197 (full 13):
 par new generation   total 109248K, used 107695K [0x00000000e0000000, 0x00000000e8000000, 0x00000000e8000000)
  eden space 87424K, 100% used [0x00000000e0000000, 0x00000000e5560000, 0x00000000e5560000)
  from space 21824K,  92% used [0x00000000e6ab0000, 0x00000000e7e7bca0, 0x00000000e8000000)
  to   space 21824K,   0% used [0x00000000e5560000, 0x00000000e5560000, 0x00000000e6ab0000)
 concurrent mark-sweep generation total 393216K, used 96359K [0x00000000e8000000, 0x0000000100000000, 0x0000000100000000)
 Metaspace       used 63043K, capacity 64890K, committed 65012K, reserved 1105920K
  class space    used 7335K, capacity 7762K, committed 7776K, reserved 1048576K
2020-06-27T17:33:39.388+0100: 1121.648: [GC (Allocation Failure) 2020-06-27T17:33:39.388+0100: 1121.648: [ParNew
Desired survivor size 20112992 bytes, new threshold 8 (max 8)
- age   1:    7356888 bytes,    7356888 total
- age   2:     549688 bytes,    7906576 total
- age   3:    3333664 bytes,   11240240 total
- age   4:    1343712 bytes,   12583952 total
- age   5:    2568624 bytes,   15152576 total
- age   6:    2602304 bytes,   17754880 total
- age   7:    2077912 bytes,   19832792 total
- age   8:    2352312 bytes,   22185104 total
: 107695K->21824K(109248K), 0.0110101 secs] 204054K->118734K(502464K), 0.0110790 secs] [Times: user=0.06 sys=0.00, real=0.01 secs] 
Heap after GC invocations=198 (full 13):
 par new generation   total 109248K, used 21824K [0x00000000e0000000, 0x00000000e8000000, 0x00000000e8000000)
  eden space 87424K,   0% used [0x00000000e0000000, 0x00000000e0000000, 0x00000000e5560000)
  from space 21824K, 100% used [0x00000000e5560000, 0x00000000e6ab0000, 0x00000000e6ab0000)
  to   space 21824K,   0% used [0x00000000e6ab0000, 0x00000000e6ab0000, 0x00000000e8000000)
 concurrent mark-sweep generation total 393216K, used 96910K [0x00000000e8000000, 0x0000000100000000, 0x0000000100000000)
 Metaspace       used 63043K, capacity 64890K, committed 65012K, reserved 1105920K
  class space    used 7335K, capacity 7762K, committed 7776K, reserved 1048576K
}
2020-06-27T17:33:39.399+0100: 1121.659: Total time for which application threads were stopped: 0.0113355 seconds, Stopping threads took: 0.0000650 seconds
{Heap before GC invocations=198 (full 13):
 par new generation   total 109248K, used 109248K [0x00000000e0000000, 0x00000000e8000000, 0x00000000e8000000)
  eden space 87424K, 100% used [0x00000000e0000000, 0x00000000e5560000, 0x00000000e5560000)
  from space 21824K, 100% used [0x00000000e5560000, 0x00000000e6ab0000, 0x00000000e6ab0000)
  to   space 21824K,   0% used [0x00000000e6ab0000, 0x00000000e6ab0000, 0x00000000e8000000)
 concurrent mark-sweep generation total 393216K, used 96910K [0x00000000e8000000, 0x0000000100000000, 0x0000000100000000)
 Metaspace       used 63043K, capacity 64890K, committed 65012K, reserved 1105920K
  class space    used 7335K, capacity 7762K, committed 7776K, reserved 1048576K
2020-06-27T17:33:39.501+0100: 1121.762: [GC (Allocation Failure) 2020-06-27T17:33:39.501+0100: 1121.762: [ParNew
Desired survivor size 20112992 bytes, new threshold 7 (max 8)
- age   1:    3045592 bytes,    3045592 total
- age   2:    6703064 bytes,    9748656 total
- age   3:     549568 bytes,   10298224 total
- age   4:    3333528 bytes,   13631752 total
- age   5:    1343712 bytes,   14975464 total
- age   6:    2568624 bytes,   17544088 total
- age   7:    2602304 bytes,   20146392 total
- age   8:    2077912 bytes,   22224304 total
: 109248K->21824K(109248K), 0.0146185 secs] 206158K->122698K(502464K), 0.0146795 secs] [Times: user=0.06 sys=0.00, real=0.02 secs] 
Heap after GC invocations=199 (full 13):
 par new generation   total 109248K, used 21824K [0x00000000e0000000, 0x00000000e8000000, 0x00000000e8000000)
  eden space 87424K,   0% used [0x00000000e0000000, 0x00000000e0000000, 0x00000000e5560000)
  from space 21824K, 100% used [0x00000000e6ab0000, 0x00000000e8000000, 0x00000000e8000000)
  to   space 21824K,   0% used [0x00000000e5560000, 0x00000000e5560000, 0x00000000e6ab0000)
 concurrent mark-sweep generation total 393216K, used 100874K [0x00000000e8000000, 0x0000000100000000, 0x0000000100000000)
 Metaspace       used 63043K, capacity 64890K, committed 65012K, reserved 1105920K
  class space    used 7335K, capacity 7762K, committed 7776K, reserved 1048576K
}
2020-06-27T17:33:39.516+0100: 1121.777: Total time for which application threads were stopped: 0.0149013 seconds, Stopping threads took: 0.0000615 seconds
{Heap before GC invocations=199 (full 13):
 par new generation   total 109248K, used 109248K [0x00000000e0000000, 0x00000000e8000000, 0x00000000e8000000)
  eden space 87424K, 100% used [0x00000000e0000000, 0x00000000e5560000, 0x00000000e5560000)
  from space 21824K, 100% used [0x00000000e6ab0000, 0x00000000e8000000, 0x00000000e8000000)
  to   space 21824K,   0% used [0x00000000e5560000, 0x00000000e5560000, 0x00000000e6ab0000)
 concurrent mark-sweep generation total 393216K, used 100874K [0x00000000e8000000, 0x0000000100000000, 0x0000000100000000)
 Metaspace       used 63043K, capacity 64890K, committed 65012K, reserved 1105920K
  class space    used 7335K, capacity 7762K, committed 7776K, reserved 1048576K
2020-06-27T17:33:39.996+0100: 1122.256: [GC (Allocation Failure) 2020-06-27T17:33:39.996+0100: 1122.256: [ParNew
Desired survivor size 20112992 bytes, new threshold 8 (max 8)
- age   1:    2336344 bytes,    2336344 total
- age   2:    2297488 bytes,    4633832 total
- age   3:    5833832 bytes,   10467664 total
- age   4:     548008 bytes,   11015672 total
- age   5:    2940760 bytes,   13956432 total
- age   6:    1343712 bytes,   15300144 total
- age   7:    2568624 bytes,   17868768 total
: 109248K->21824K(109248K), 0.0172493 secs] 210122K->131349K(502464K), 0.0173709 secs] [Times: user=0.06 sys=0.00, real=0.02 secs] 
Heap after GC invocations=200 (full 13):
 par new generation   total 109248K, used 21824K [0x00000000e0000000, 0x00000000e8000000, 0x00000000e8000000)
  eden space 87424K,   0% used [0x00000000e0000000, 0x00000000e0000000, 0x00000000e5560000)
  from space 21824K, 100% used [0x00000000e5560000, 0x00000000e6ab0000, 0x00000000e6ab0000)
  to   space 21824K,   0% used [0x00000000e6ab0000, 0x00000000e6ab0000, 0x00000000e8000000)
 concurrent mark-sweep generation total 393216K, used 109525K [0x00000000e8000000, 0x0000000100000000, 0x0000000100000000)
 Metaspace       used 63043K, capacity 64890K, committed 65012K, reserved 1105920K
  class space    used 7335K, capacity 7762K, committed 7776K, reserved 1048576K
}
2020-06-27T17:33:40.013+0100: 1122.274: Total time for which application threads were stopped: 0.0176423 seconds, Stopping threads took: 0.0000958 seconds
2020-06-27T17:33:40.442+0100: 1122.702: Total time for which application threads were stopped: 0.0001761 seconds, Stopping threads took: 0.0000852 seconds
2020-06-27T17:33:40.443+0100: 1122.704: Total time for which application threads were stopped: 0.0001420 seconds, Stopping threads took: 0.0000708 seconds
2020-06-27T17:33:40.443+0100: 1122.704: Total time for which application threads were stopped: 0.0001029 seconds, Stopping threads took: 0.0000492 seconds
2020-06-27T17:33:40.444+0100: 1122.704: Total time for which application threads were stopped: 0.0001130 seconds, Stopping threads took: 0.0000687 seconds
2020-06-27T17:33:40.444+0100: 1122.704: Total time for which application threads were stopped: 0.0000893 seconds, Stopping threads took: 0.0000425 seconds
2020-06-27T17:33:40.551+0100: 1122.812: Total time for which application threads were stopped: 0.0002043 seconds, Stopping threads took: 0.0001429 seconds
2020-06-27T17:33:40.554+0100: 1122.815: Total time for which application threads were stopped: 0.0001839 seconds, Stopping threads took: 0.0000879 seconds
2020-06-27T17:33:40.555+0100: 1122.816: Total time for which application threads were stopped: 0.0001793 seconds, Stopping threads took: 0.0000689 seconds
2020-06-27T17:33:40.566+0100: 1122.827: Total time for which application threads were stopped: 0.0001569 seconds, Stopping threads took: 0.0000659 seconds
2020-06-27T17:33:40.567+0100: 1122.828: Total time for which application threads were stopped: 0.0001320 seconds, Stopping threads took: 0.0000584 seconds
2020-06-27T17:33:40.678+0100: 1122.939: Total time for which application threads were stopped: 0.0001849 seconds, Stopping threads took: 0.0000642 seconds
{Heap before GC invocations=200 (full 13):
 par new generation   total 109248K, used 109248K [0x00000000e0000000, 0x00000000e8000000, 0x00000000e8000000)
  eden space 87424K, 100% used [0x00000000e0000000, 0x00000000e5560000, 0x00000000e5560000)
  from space 21824K, 100% used [0x00000000e5560000, 0x00000000e6ab0000, 0x00000000e6ab0000)
  to   space 21824K,   0% used [0x00000000e6ab0000, 0x00000000e6ab0000, 0x00000000e8000000)
 concurrent mark-sweep generation total 393216K, used 109525K [0x00000000e8000000, 0x0000000100000000, 0x0000000100000000)
 Metaspace       used 63044K, capacity 64890K, committed 65012K, reserved 1105920K
  class space    used 7335K, capacity 7762K, committed 7776K, reserved 1048576K
2020-06-27T17:33:40.700+0100: 1122.960: [GC (Allocation Failure) 2020-06-27T17:33:40.700+0100: 1122.960: [ParNew
Desired survivor size 20112992 bytes, new threshold 8 (max 8)
- age   1:    3131168 bytes,    3131168 total
- age   2:    2084800 bytes,    5215968 total
- age   3:    2293240 bytes,    7509208 total
- age   4:    5763384 bytes,   13272592 total
- age   5:     544536 bytes,   13817128 total
- age   6:    2808712 bytes,   16625840 total
- age   7:    1343712 bytes,   17969552 total
- age   8:    2568320 bytes,   20537872 total
: 109248K->21824K(109248K), 0.0138127 secs] 218773K->136347K(502464K), 0.0139769 secs] [Times: user=0.06 sys=0.00, real=0.01 secs] 
Heap after GC invocations=201 (full 13):
 par new generation   total 109248K, used 21824K [0x00000000e0000000, 0x00000000e8000000, 0x00000000e8000000)
  eden space 87424K,   0% used [0x00000000e0000000, 0x00000000e0000000, 0x00000000e5560000)
  from space 21824K, 100% used [0x00000000e6ab0000, 0x00000000e8000000, 0x00000000e8000000)
  to   space 21824K,   0% used [0x00000000e5560000, 0x00000000e5560000, 0x00000000e6ab0000)
 concurrent mark-sweep generation total 393216K, used 114523K [0x00000000e8000000, 0x0000000100000000, 0x0000000100000000)
 Metaspace       used 63044K, capacity 64890K, committed 65012K, reserved 1105920K
  class space    used 7335K, capacity 7762K, committed 7776K, reserved 1048576K
}
2020-06-27T17:33:40.714+0100: 1122.974: Total time for which application threads were stopped: 0.0142563 seconds, Stopping threads took: 0.0000728 seconds
{Heap before GC invocations=201 (full 13):
 par new generation   total 109248K, used 109248K [0x00000000e0000000, 0x00000000e8000000, 0x00000000e8000000)
  eden space 87424K, 100% used [0x00000000e0000000, 0x00000000e5560000, 0x00000000e5560000)
  from space 21824K, 100% used [0x00000000e6ab0000, 0x00000000e8000000, 0x00000000e8000000)
  to   space 21824K,   0% used [0x00000000e5560000, 0x00000000e5560000, 0x00000000e6ab0000)
 concurrent mark-sweep generation total 393216K, used 114523K [0x00000000e8000000, 0x0000000100000000, 0x0000000100000000)
 Metaspace       used 63044K, capacity 64890K, committed 65012K, reserved 1105920K
  class space    used 7335K, capacity 7762K, committed 7776K, reserved 1048576K
2020-06-27T17:33:40.823+0100: 1123.084: [GC (Allocation Failure) 2020-06-27T17:33:40.823+0100: 1123.084: [ParNew
Desired survivor size 20112992 bytes, new threshold 7 (max 8)
- age   1:    5445808 bytes,    5445808 total
- age   2:    2086000 bytes,    7531808 total
- age   3:    2084800 bytes,    9616608 total
- age   4:    2293168 bytes,   11909776 total
- age   5:    5735400 bytes,   17645176 total
- age   6:     544536 bytes,   18189712 total
- age   7:    2808336 bytes,   20998048 total
- age   8:    1343712 bytes,   22341760 total
: 109248K->21824K(109248K), 0.0149275 secs] 223771K->142595K(502464K), 0.0150701 secs] [Times: user=0.01 sys=0.00, real=0.02 secs] 
Heap after GC invocations=202 (full 13):
 par new generation   total 109248K, used 21824K [0x00000000e0000000, 0x00000000e8000000, 0x00000000e8000000)
  eden space 87424K,   0% used [0x00000000e0000000, 0x00000000e0000000, 0x00000000e5560000)
  from space 21824K, 100% used [0x00000000e5560000, 0x00000000e6ab0000, 0x00000000e6ab0000)
  to   space 21824K,   0% used [0x00000000e6ab0000, 0x00000000e6ab0000, 0x00000000e8000000)
 concurrent mark-sweep generation total 393216K, used 120771K [0x00000000e8000000, 0x0000000100000000, 0x0000000100000000)
 Metaspace       used 63044K, capacity 64890K, committed 65012K, reserved 1105920K
  class space    used 7335K, capacity 7762K, committed 7776K, reserved 1048576K
}
2020-06-27T17:33:40.838+0100: 1123.099: Total time for which application threads were stopped: 0.0153580 seconds, Stopping threads took: 0.0000681 seconds
{Heap before GC invocations=202 (full 13):
 par new generation   total 109248K, used 109248K [0x00000000e0000000, 0x00000000e8000000, 0x00000000e8000000)
  eden space 87424K, 100% used [0x00000000e0000000, 0x00000000e5560000, 0x00000000e5560000)
  from space 21824K, 100% used [0x00000000e5560000, 0x00000000e6ab0000, 0x00000000e6ab0000)
  to   space 21824K,   0% used [0x00000000e6ab0000, 0x00000000e6ab0000, 0x00000000e8000000)
 concurrent mark-sweep generation total 393216K, used 120771K [0x00000000e8000000, 0x0000000100000000, 0x0000000100000000)
 Metaspace       used 63051K, capacity 64890K, committed 65012K, reserved 1105920K
  class space    used 7335K, capacity 7762K, committed 7776K, reserved 1048576K
2020-06-27T17:33:40.956+0100: 1123.216: [GC (Allocation Failure) 2020-06-27T17:33:40.956+0100: 1123.216: [ParNew
Desired survivor size 20112992 bytes, new threshold 6 (max 8)
- age   1:    4841264 bytes,    4841264 total
- age   2:    4504008 bytes,    9345272 total
- age   3:    2085960 bytes,   11431232 total
- age   4:    2083856 bytes,   13515088 total
- age   5:    2293168 bytes,   15808256 total
- age   6:    5354280 bytes,   21162536 total
- age   7:       9320 bytes,   21171856 total
: 109248K->21824K(109248K), 0.0182690 secs] 230019K->153151K(502464K), 0.0183442 secs] [Times: user=0.06 sys=0.00, real=0.02 secs] 
Heap after GC invocations=203 (full 13):
 par new generation   total 109248K, used 21824K [0x00000000e0000000, 0x00000000e8000000, 0x00000000e8000000)
  eden space 87424K,   0% used [0x00000000e0000000, 0x00000000e0000000, 0x00000000e5560000)
  from space 21824K, 100% used [0x00000000e6ab0000, 0x00000000e8000000, 0x00000000e8000000)
  to   space 21824K,   0% used [0x00000000e5560000, 0x00000000e5560000, 0x00000000e6ab0000)
 concurrent mark-sweep generation total 393216K, used 131327K [0x00000000e8000000, 0x0000000100000000, 0x0000000100000000)
 Metaspace       used 63051K, capacity 64890K, committed 65012K, reserved 1105920K
  class space    used 7335K, capacity 7762K, committed 7776K, reserved 1048576K
}
2020-06-27T17:33:40.974+0100: 1123.235: Total time for which application threads were stopped: 0.0185963 seconds, Stopping threads took: 0.0000630 seconds
2020-06-27T17:33:41.561+0100: 1123.821: Total time for which application threads were stopped: 0.0001960 seconds, Stopping threads took: 0.0001304 seconds
2020-06-27T17:33:41.583+0100: 1123.843: Total time for which application threads were stopped: 0.0220387 seconds, Stopping threads took: 0.0219863 seconds
2020-06-27T17:33:41.583+0100: 1123.843: Total time for which application threads were stopped: 0.0002309 seconds, Stopping threads took: 0.0000612 seconds
2020-06-27T17:33:41.585+0100: 1123.845: Total time for which application threads were stopped: 0.0001112 seconds, Stopping threads took: 0.0000522 seconds
2020-06-27T17:33:41.585+0100: 1123.845: Total time for which application threads were stopped: 0.0001466 seconds, Stopping threads took: 0.0001048 seconds
2020-06-27T17:33:41.585+0100: 1123.845: Total time for which application threads were stopped: 0.0001148 seconds, Stopping threads took: 0.0000843 seconds
2020-06-27T17:33:41.585+0100: 1123.846: Total time for which application threads were stopped: 0.0000729 seconds, Stopping threads took: 0.0000423 seconds
2020-06-27T17:33:42.586+0100: 1124.846: Total time for which application threads were stopped: 0.0001736 seconds, Stopping threads took: 0.0001156 seconds
2020-06-27T17:33:55.568+0100: 1137.829: Total time for which application threads were stopped: 0.0000734 seconds, Stopping threads took: 0.0000233 seconds
2020-06-27T17:34:27.585+0100: 1169.845: Total time for which application threads were stopped: 0.0001382 seconds, Stopping threads took: 0.0000449 seconds
2020-06-27T17:37:27.676+0100: 1349.936: Total time for which application threads were stopped: 0.0001754 seconds, Stopping threads took: 0.0000782 seconds
2020-06-27T17:39:27.735+0100: 1469.995: Total time for which application threads were stopped: 0.0001197 seconds, Stopping threads took: 0.0000369 seconds
2020-06-27T17:40:27.767+0100: 1530.027: Total time for which application threads were stopped: 0.0001418 seconds, Stopping threads took: 0.0000490 seconds
2020-06-27T17:41:29.546+0100: 1591.807: Total time for which application threads were stopped: 0.0005349 seconds, Stopping threads took: 0.0004541 seconds
{Heap before GC invocations=203 (full 13):
 par new generation   total 109248K, used 109248K [0x00000000e0000000, 0x00000000e8000000, 0x00000000e8000000)
  eden space 87424K, 100% used [0x00000000e0000000, 0x00000000e5560000, 0x00000000e5560000)
  from space 21824K, 100% used [0x00000000e6ab0000, 0x00000000e8000000, 0x00000000e8000000)
  to   space 21824K,   0% used [0x00000000e5560000, 0x00000000e5560000, 0x00000000e6ab0000)
 concurrent mark-sweep generation total 393216K, used 131327K [0x00000000e8000000, 0x0000000100000000, 0x0000000100000000)
 Metaspace       used 63080K, capacity 64954K, committed 65012K, reserved 1105920K
  class space    used 7335K, capacity 7762K, committed 7776K, reserved 1048576K
2020-06-27T17:41:29.713+0100: 1591.974: [GC (Allocation Failure) 2020-06-27T17:41:29.714+0100: 1591.974: [ParNew
Desired survivor size 20112992 bytes, new threshold 8 (max 8)
- age   1:    5223840 bytes,    5223840 total
- age   2:    3719896 bytes,    8943736 total
- age   3:    4405552 bytes,   13349288 total
- age   4:    1330336 bytes,   14679624 total
- age   5:    2072880 bytes,   16752504 total
- age   6:    2288344 bytes,   19040848 total
: 109248K->21824K(109248K), 0.0191379 secs] 240575K->163473K(502464K), 0.0193052 secs] [Times: user=0.05 sys=0.00, real=0.02 secs] 
Heap after GC invocations=204 (full 13):
 par new generation   total 109248K, used 21824K [0x00000000e0000000, 0x00000000e8000000, 0x00000000e8000000)
  eden space 87424K,   0% used [0x00000000e0000000, 0x00000000e0000000, 0x00000000e5560000)
  from space 21824K, 100% used [0x00000000e5560000, 0x00000000e6ab0000, 0x00000000e6ab0000)
  to   space 21824K,   0% used [0x00000000e6ab0000, 0x00000000e6ab0000, 0x00000000e8000000)
 concurrent mark-sweep generation total 393216K, used 141649K [0x00000000e8000000, 0x0000000100000000, 0x0000000100000000)
 Metaspace       used 63080K, capacity 64954K, committed 65012K, reserved 1105920K
  class space    used 7335K, capacity 7762K, committed 7776K, reserved 1048576K
}
2020-06-27T17:41:29.733+0100: 1591.993: Total time for which application threads were stopped: 0.0196231 seconds, Stopping threads took: 0.0000677 seconds
2020-06-27T17:41:29.759+0100: 1592.019: Total time for which application threads were stopped: 0.0003323 seconds, Stopping threads took: 0.0000708 seconds
{Heap before GC invocations=204 (full 13):
 par new generation   total 109248K, used 109248K [0x00000000e0000000, 0x00000000e8000000, 0x00000000e8000000)
  eden space 87424K, 100% used [0x00000000e0000000, 0x00000000e5560000, 0x00000000e5560000)
  from space 21824K, 100% used [0x00000000e5560000, 0x00000000e6ab0000, 0x00000000e6ab0000)
  to   space 21824K,   0% used [0x00000000e6ab0000, 0x00000000e6ab0000, 0x00000000e8000000)
 concurrent mark-sweep generation total 393216K, used 141649K [0x00000000e8000000, 0x0000000100000000, 0x0000000100000000)
 Metaspace       used 63080K, capacity 64954K, committed 65012K, reserved 1105920K
  class space    used 7335K, capacity 7762K, committed 7776K, reserved 1048576K
2020-06-27T17:41:29.899+0100: 1592.159: [GC (Allocation Failure) 2020-06-27T17:41:29.899+0100: 1592.159: [ParNew
Desired survivor size 20112992 bytes, new threshold 7 (max 8)
- age   1:    7733640 bytes,    7733640 total
- age   2:    3839064 bytes,   11572704 total
- age   3:    2035520 bytes,   13608224 total
- age   4:    2193168 bytes,   15801392 total
- age   5:    1322664 bytes,   17124056 total
- age   6:    2072840 bytes,   19196896 total
- age   7:    2288344 bytes,   21485240 total
: 109248K->21824K(109248K), 0.0161254 secs] 250897K->167305K(502464K), 0.0162043 secs] [Times: user=0.02 sys=0.00, real=0.02 secs] 
Heap after GC invocations=205 (full 13):
 par new generation   total 109248K, used 21824K [0x00000000e0000000, 0x00000000e8000000, 0x00000000e8000000)
  eden space 87424K,   0% used [0x00000000e0000000, 0x00000000e0000000, 0x00000000e5560000)
  from space 21824K, 100% used [0x00000000e6ab0000, 0x00000000e8000000, 0x00000000e8000000)
  to   space 21824K,   0% used [0x00000000e5560000, 0x00000000e5560000, 0x00000000e6ab0000)
 concurrent mark-sweep generation total 393216K, used 145481K [0x00000000e8000000, 0x0000000100000000, 0x0000000100000000)
 Metaspace       used 63080K, capacity 64954K, committed 65012K, reserved 1105920K
  class space    used 7335K, capacity 7762K, committed 7776K, reserved 1048576K
}
2020-06-27T17:41:29.915+0100: 1592.175: Total time for which application threads were stopped: 0.0164764 seconds, Stopping threads took: 0.0000736 seconds
{Heap before GC invocations=205 (full 13):
 par new generation   total 109248K, used 109248K [0x00000000e0000000, 0x00000000e8000000, 0x00000000e8000000)
  eden space 87424K, 100% used [0x00000000e0000000, 0x00000000e5560000, 0x00000000e5560000)
  from space 21824K, 100% used [0x00000000e6ab0000, 0x00000000e8000000, 0x00000000e8000000)
  to   space 21824K,   0% used [0x00000000e5560000, 0x00000000e5560000, 0x00000000e6ab0000)
 concurrent mark-sweep generation total 393216K, used 145481K [0x00000000e8000000, 0x0000000100000000, 0x0000000100000000)
 Metaspace       used 63080K, capacity 64954K, committed 65012K, reserved 1105920K
  class space    used 7335K, capacity 7762K, committed 7776K, reserved 1048576K
2020-06-27T17:41:30.091+0100: 1592.351: [GC (Allocation Failure) 2020-06-27T17:41:30.091+0100: 1592.351: [ParNew
Desired survivor size 20112992 bytes, new threshold 6 (max 8)
- age   1:    4184792 bytes,    4184792 total
- age   2:    6697424 bytes,   10882216 total
- age   3:    3838368 bytes,   14720584 total
- age   4:    2035520 bytes,   16756104 total
- age   5:    2193168 bytes,   18949272 total
- age   6:    1322664 bytes,   20271936 total
- age   7:    2072840 bytes,   22344776 total
: 109248K->21824K(109248K), 0.0212401 secs] 254729K->175793K(502464K), 0.0213304 secs] [Times: user=0.06 sys=0.00, real=0.02 secs] 
Heap after GC invocations=206 (full 13):
 par new generation   total 109248K, used 21824K [0x00000000e0000000, 0x00000000e8000000, 0x00000000e8000000)
  eden space 87424K,   0% used [0x00000000e0000000, 0x00000000e0000000, 0x00000000e5560000)
  from space 21824K, 100% used [0x00000000e5560000, 0x00000000e6ab0000, 0x00000000e6ab0000)
  to   space 21824K,   0% used [0x00000000e6ab0000, 0x00000000e6ab0000, 0x00000000e8000000)
 concurrent mark-sweep generation total 393216K, used 153969K [0x00000000e8000000, 0x0000000100000000, 0x0000000100000000)
 Metaspace       used 63080K, capacity 64954K, committed 65012K, reserved 1105920K
  class space    used 7335K, capacity 7762K, committed 7776K, reserved 1048576K
}
2020-06-27T17:41:30.112+0100: 1592.372: Total time for which application threads were stopped: 0.0217463 seconds, Stopping threads took: 0.0000736 seconds
2020-06-27T17:41:31.529+0100: 1593.790: Total time for which application threads were stopped: 0.0001959 seconds, Stopping threads took: 0.0001044 seconds
2020-06-27T17:41:31.530+0100: 1593.790: Total time for which application threads were stopped: 0.0001352 seconds, Stopping threads took: 0.0000629 seconds
2020-06-27T17:41:31.531+0100: 1593.791: Total time for which application threads were stopped: 0.0001769 seconds, Stopping threads took: 0.0000662 seconds
2020-06-27T17:41:31.531+0100: 1593.791: Total time for which application threads were stopped: 0.0001459 seconds, Stopping threads took: 0.0000476 seconds
2020-06-27T17:41:31.531+0100: 1593.791: Total time for which application threads were stopped: 0.0001439 seconds, Stopping threads took: 0.0000599 seconds
2020-06-27T17:41:31.531+0100: 1593.792: Total time for which application threads were stopped: 0.0000940 seconds, Stopping threads took: 0.0000209 seconds
2020-06-27T17:41:31.531+0100: 1593.792: Total time for which application threads were stopped: 0.0000820 seconds, Stopping threads took: 0.0000195 seconds
2020-06-27T17:41:36.783+0100: 1599.044: Total time for which application threads were stopped: 0.0003379 seconds, Stopping threads took: 0.0000575 seconds
2020-06-27T17:41:36.786+0100: 1599.047: Total time for which application threads were stopped: 0.0002531 seconds, Stopping threads took: 0.0001864 seconds
2020-06-27T17:41:36.789+0100: 1599.050: Total time for which application threads were stopped: 0.0001713 seconds, Stopping threads took: 0.0000843 seconds
2020-06-27T17:41:36.790+0100: 1599.050: Total time for which application threads were stopped: 0.0001431 seconds, Stopping threads took: 0.0000513 seconds
2020-06-27T17:41:36.797+0100: 1599.057: Total time for which application threads were stopped: 0.0001072 seconds, Stopping threads took: 0.0000526 seconds
2020-06-27T17:41:36.798+0100: 1599.059: Total time for which application threads were stopped: 0.0001320 seconds, Stopping threads took: 0.0000633 seconds
{Heap before GC invocations=206 (full 13):
 par new generation   total 109248K, used 109248K [0x00000000e0000000, 0x00000000e8000000, 0x00000000e8000000)
  eden space 87424K, 100% used [0x00000000e0000000, 0x00000000e5560000, 0x00000000e5560000)
  from space 21824K, 100% used [0x00000000e5560000, 0x00000000e6ab0000, 0x00000000e6ab0000)
  to   space 21824K,   0% used [0x00000000e6ab0000, 0x00000000e6ab0000, 0x00000000e8000000)
 concurrent mark-sweep generation total 393216K, used 153969K [0x00000000e8000000, 0x0000000100000000, 0x0000000100000000)
 Metaspace       used 63089K, capacity 64954K, committed 65012K, reserved 1105920K
  class space    used 7335K, capacity 7762K, committed 7776K, reserved 1048576K
2020-06-27T17:41:36.850+0100: 1599.111: [GC (Allocation Failure) 2020-06-27T17:41:36.850+0100: 1599.111: [ParNew
Desired survivor size 20112992 bytes, new threshold 6 (max 8)
- age   1:    6335960 bytes,    6335960 total
- age   2:    2747448 bytes,    9083408 total
- age   3:    5362168 bytes,   14445576 total
- age   4:    2467936 bytes,   16913512 total
- age   5:    2035520 bytes,   18949032 total
- age   6:    2193168 bytes,   21142200 total
: 109248K->21824K(109248K), 0.0176469 secs] 263217K->183283K(502464K), 0.0177319 secs] [Times: user=0.02 sys=0.01, real=0.02 secs] 
Heap after GC invocations=207 (full 13):
 par new generation   total 109248K, used 21824K [0x00000000e0000000, 0x00000000e8000000, 0x00000000e8000000)
  eden space 87424K,   0% used [0x00000000e0000000, 0x00000000e0000000, 0x00000000e5560000)
  from space 21824K, 100% used [0x00000000e6ab0000, 0x00000000e8000000, 0x00000000e8000000)
  to   space 21824K,   0% used [0x00000000e5560000, 0x00000000e5560000, 0x00000000e6ab0000)
 concurrent mark-sweep generation total 393216K, used 161459K [0x00000000e8000000, 0x0000000100000000, 0x0000000100000000)
 Metaspace       used 63089K, capacity 64954K, committed 65012K, reserved 1105920K
  class space    used 7335K, capacity 7762K, committed 7776K, reserved 1048576K
}
2020-06-27T17:41:36.868+0100: 1599.128: Total time for which application threads were stopped: 0.0181999 seconds, Stopping threads took: 0.0002349 seconds
2020-06-27T17:41:36.897+0100: 1599.158: Total time for which application threads were stopped: 0.0001286 seconds, Stopping threads took: 0.0000549 seconds
{Heap before GC invocations=207 (full 13):
 par new generation   total 109248K, used 109248K [0x00000000e0000000, 0x00000000e8000000, 0x00000000e8000000)
  eden space 87424K, 100% used [0x00000000e0000000, 0x00000000e5560000, 0x00000000e5560000)
  from space 21824K, 100% used [0x00000000e6ab0000, 0x00000000e8000000, 0x00000000e8000000)
  to   space 21824K,   0% used [0x00000000e5560000, 0x00000000e5560000, 0x00000000e6ab0000)
 concurrent mark-sweep generation total 393216K, used 161459K [0x00000000e8000000, 0x0000000100000000, 0x0000000100000000)
 Metaspace       used 63091K, capacity 64954K, committed 65012K, reserved 1105920K
  class space    used 7335K, capacity 7762K, committed 7776K, reserved 1048576K
2020-06-27T17:41:36.961+0100: 1599.222: [GC (Allocation Failure) 2020-06-27T17:41:36.961+0100: 1599.222: [ParNew
Desired survivor size 20112992 bytes, new threshold 6 (max 8)
- age   1:    4868448 bytes,    4868448 total
- age   2:    4763920 bytes,    9632368 total
- age   3:    2737808 bytes,   12370176 total
- age   4:    5360120 bytes,   17730296 total
- age   5:    2325712 bytes,   20056008 total
- age   6:    2032872 bytes,   22088880 total
: 109248K->21824K(109248K), 0.0168803 secs] 270707K->191257K(502464K), 0.0169695 secs] [Times: user=0.06 sys=0.00, real=0.02 secs] 
Heap after GC invocations=208 (full 13):
 par new generation   total 109248K, used 21824K [0x00000000e0000000, 0x00000000e8000000, 0x00000000e8000000)
  eden space 87424K,   0% used [0x00000000e0000000, 0x00000000e0000000, 0x00000000e5560000)
  from space 21824K, 100% used [0x00000000e5560000, 0x00000000e6ab0000, 0x00000000e6ab0000)
  to   space 21824K,   0% used [0x00000000e6ab0000, 0x00000000e6ab0000, 0x00000000e8000000)
 concurrent mark-sweep generation total 393216K, used 169433K [0x00000000e8000000, 0x0000000100000000, 0x0000000100000000)
 Metaspace       used 63091K, capacity 64954K, committed 65012K, reserved 1105920K
  class space    used 7335K, capacity 7762K, committed 7776K, reserved 1048576K
}
2020-06-27T17:41:36.978+0100: 1599.239: Total time for which application threads were stopped: 0.0172611 seconds, Stopping threads took: 0.0000785 seconds
{Heap before GC invocations=208 (full 13):
 par new generation   total 109248K, used 109248K [0x00000000e0000000, 0x00000000e8000000, 0x00000000e8000000)
  eden space 87424K, 100% used [0x00000000e0000000, 0x00000000e5560000, 0x00000000e5560000)
  from space 21824K, 100% used [0x00000000e5560000, 0x00000000e6ab0000, 0x00000000e6ab0000)
  to   space 21824K,   0% used [0x00000000e6ab0000, 0x00000000e6ab0000, 0x00000000e8000000)
 concurrent mark-sweep generation total 393216K, used 169433K [0x00000000e8000000, 0x0000000100000000, 0x0000000100000000)
 Metaspace       used 63091K, capacity 64954K, committed 65012K, reserved 1105920K
  class space    used 7335K, capacity 7762K, committed 7776K, reserved 1048576K
2020-06-27T17:41:37.074+0100: 1599.334: [GC (Allocation Failure) 2020-06-27T17:41:37.074+0100: 1599.334: [ParNew
Desired survivor size 20112992 bytes, new threshold 6 (max 8)
- age   1:    2908320 bytes,    2908320 total
- age   2:    3703624 bytes,    6611944 total
- age   3:    4739544 bytes,   11351488 total
- age   4:    2735216 bytes,   14086704 total
- age   5:    5360008 bytes,   19446712 total
- age   6:    2228336 bytes,   21675048 total
: 109248K->21824K(109248K), 0.0151789 secs] 278681K->197239K(502464K), 0.0152414 secs] [Times: user=0.06 sys=0.00, real=0.02 secs] 
Heap after GC invocations=209 (full 13):
 par new generation   total 109248K, used 21824K [0x00000000e0000000, 0x00000000e8000000, 0x00000000e8000000)
  eden space 87424K,   0% used [0x00000000e0000000, 0x00000000e0000000, 0x00000000e5560000)
  from space 21824K, 100% used [0x00000000e6ab0000, 0x00000000e8000000, 0x00000000e8000000)
  to   space 21824K,   0% used [0x00000000e5560000, 0x00000000e5560000, 0x00000000e6ab0000)
 concurrent mark-sweep generation total 393216K, used 175415K [0x00000000e8000000, 0x0000000100000000, 0x0000000100000000)
 Metaspace       used 63091K, capacity 64954K, committed 65012K, reserved 1105920K
  class space    used 7335K, capacity 7762K, committed 7776K, reserved 1048576K
}
2020-06-27T17:41:37.089+0100: 1599.350: Total time for which application threads were stopped: 0.0154738 seconds, Stopping threads took: 0.0000599 seconds
2020-06-27T17:41:38.089+0100: 1600.349: Total time for which application threads were stopped: 0.0002656 seconds, Stopping threads took: 0.0001919 seconds
2020-06-27T17:41:38.220+0100: 1600.481: Total time for which application threads were stopped: 0.0001895 seconds, Stopping threads took: 0.0001072 seconds
2020-06-27T17:41:38.221+0100: 1600.481: Total time for which application threads were stopped: 0.0001258 seconds, Stopping threads took: 0.0000438 seconds
2020-06-27T17:41:38.221+0100: 1600.481: Total time for which application threads were stopped: 0.0001256 seconds, Stopping threads took: 0.0000509 seconds
2020-06-27T17:41:38.221+0100: 1600.482: Total time for which application threads were stopped: 0.0001214 seconds, Stopping threads took: 0.0000479 seconds
2020-06-27T17:41:42.092+0100: 1604.352: Total time for which application threads were stopped: 0.0002219 seconds, Stopping threads took: 0.0001718 seconds
2020-06-27T17:41:42.095+0100: 1604.355: Total time for which application threads were stopped: 0.0001305 seconds, Stopping threads took: 0.0000685 seconds
2020-06-27T17:41:42.096+0100: 1604.356: Total time for which application threads were stopped: 0.0001238 seconds, Stopping threads took: 0.0000620 seconds
{Heap before GC invocations=209 (full 13):
 par new generation   total 109248K, used 109248K [0x00000000e0000000, 0x00000000e8000000, 0x00000000e8000000)
  eden space 87424K, 100% used [0x00000000e0000000, 0x00000000e5560000, 0x00000000e5560000)
  from space 21824K, 100% used [0x00000000e6ab0000, 0x00000000e8000000, 0x00000000e8000000)
  to   space 21824K,   0% used [0x00000000e5560000, 0x00000000e5560000, 0x00000000e6ab0000)
 concurrent mark-sweep generation total 393216K, used 175415K [0x00000000e8000000, 0x0000000100000000, 0x0000000100000000)
 Metaspace       used 63114K, capacity 64954K, committed 65012K, reserved 1105920K
  class space    used 7335K, capacity 7762K, committed 7776K, reserved 1048576K
2020-06-27T17:41:42.124+0100: 1604.385: [GC (Allocation Failure) 2020-06-27T17:41:42.124+0100: 1604.385: [ParNew
Desired survivor size 20112992 bytes, new threshold 8 (max 8)
- age   1:    2169960 bytes,    2169960 total
- age   2:     847112 bytes,    3017072 total
- age   3:    3128400 bytes,    6145472 total
- age   4:    4574232 bytes,   10719704 total
- age   5:    2734528 bytes,   13454232 total
- age   6:    5354272 bytes,   18808504 total
: 109248K->21824K(109248K), 0.0163030 secs] 284663K->202908K(502464K), 0.0164365 secs] [Times: user=0.06 sys=0.00, real=0.02 secs] 
Heap after GC invocations=210 (full 13):
 par new generation   total 109248K, used 21824K [0x00000000e0000000, 0x00000000e8000000, 0x00000000e8000000)
  eden space 87424K,   0% used [0x00000000e0000000, 0x00000000e0000000, 0x00000000e5560000)
  from space 21824K, 100% used [0x00000000e5560000, 0x00000000e6ab0000, 0x00000000e6ab0000)
  to   space 21824K,   0% used [0x00000000e6ab0000, 0x00000000e6ab0000, 0x00000000e8000000)
 concurrent mark-sweep generation total 393216K, used 181084K [0x00000000e8000000, 0x0000000100000000, 0x0000000100000000)
 Metaspace       used 63114K, capacity 64954K, committed 65012K, reserved 1105920K
  class space    used 7335K, capacity 7762K, committed 7776K, reserved 1048576K
}
2020-06-27T17:41:42.141+0100: 1604.401: Total time for which application threads were stopped: 0.0166681 seconds, Stopping threads took: 0.0000557 seconds
2020-06-27T17:41:42.214+0100: 1604.475: Total time for which application threads were stopped: 0.0001670 seconds, Stopping threads took: 0.0000778 seconds
{Heap before GC invocations=210 (full 13):
 par new generation   total 109248K, used 109248K [0x00000000e0000000, 0x00000000e8000000, 0x00000000e8000000)
  eden space 87424K, 100% used [0x00000000e0000000, 0x00000000e5560000, 0x00000000e5560000)
  from space 21824K, 100% used [0x00000000e5560000, 0x00000000e6ab0000, 0x00000000e6ab0000)
  to   space 21824K,   0% used [0x00000000e6ab0000, 0x00000000e6ab0000, 0x00000000e8000000)
 concurrent mark-sweep generation total 393216K, used 181084K [0x00000000e8000000, 0x0000000100000000, 0x0000000100000000)
 Metaspace       used 63114K, capacity 64954K, committed 65012K, reserved 1105920K
  class space    used 7335K, capacity 7762K, committed 7776K, reserved 1048576K
2020-06-27T17:41:42.242+0100: 1604.503: [GC (Allocation Failure) 2020-06-27T17:41:42.242+0100: 1604.503: [ParNew
Desired survivor size 20112992 bytes, new threshold 7 (max 8)
- age   1:    3508208 bytes,    3508208 total
- age   2:    2077712 bytes,    5585920 total
- age   3:     846736 bytes,    6432656 total
- age   4:    3128360 bytes,    9561016 total
- age   5:    4574152 bytes,   14135168 total
- age   6:    2731752 bytes,   16866920 total
- age   7:    5354272 bytes,   22221192 total
: 109248K->21824K(109248K), 0.0143564 secs] 290332K->209066K(502464K), 0.0144469 secs] [Times: user=0.03 sys=0.00, real=0.01 secs] 
Heap after GC invocations=211 (full 13):
 par new generation   total 109248K, used 21824K [0x00000000e0000000, 0x00000000e8000000, 0x00000000e8000000)
  eden space 87424K,   0% used [0x00000000e0000000, 0x00000000e0000000, 0x00000000e5560000)
  from space 21824K, 100% used [0x00000000e6ab0000, 0x00000000e8000000, 0x00000000e8000000)
  to   space 21824K,   0% used [0x00000000e5560000, 0x00000000e5560000, 0x00000000e6ab0000)
 concurrent mark-sweep generation total 393216K, used 187242K [0x00000000e8000000, 0x0000000100000000, 0x0000000100000000)
 Metaspace       used 63114K, capacity 64954K, committed 65012K, reserved 1105920K
  class space    used 7335K, capacity 7762K, committed 7776K, reserved 1048576K
}
2020-06-27T17:41:42.257+0100: 1604.517: Total time for which application threads were stopped: 0.0147427 seconds, Stopping threads took: 0.0000761 seconds
{Heap before GC invocations=211 (full 13):
 par new generation   total 109248K, used 109248K [0x00000000e0000000, 0x00000000e8000000, 0x00000000e8000000)
  eden space 87424K, 100% used [0x00000000e0000000, 0x00000000e5560000, 0x00000000e5560000)
  from space 21824K, 100% used [0x00000000e6ab0000, 0x00000000e8000000, 0x00000000e8000000)
  to   space 21824K,   0% used [0x00000000e5560000, 0x00000000e5560000, 0x00000000e6ab0000)
 concurrent mark-sweep generation total 393216K, used 187242K [0x00000000e8000000, 0x0000000100000000, 0x0000000100000000)
 Metaspace       used 63114K, capacity 64954K, committed 65012K, reserved 1105920K
  class space    used 7335K, capacity 7762K, committed 7776K, reserved 1048576K
2020-06-27T17:41:42.358+0100: 1604.618: [GC (Allocation Failure) 2020-06-27T17:41:42.358+0100: 1604.619: [ParNew
Desired survivor size 20112992 bytes, new threshold 7 (max 8)
- age   1:    3668208 bytes,    3668208 total
- age   2:    3318928 bytes,    6987136 total
- age   3:    2077128 bytes,    9064264 total
- age   4:     846736 bytes,    9911000 total
- age   5:    3128360 bytes,   13039360 total
- age   6:    4574152 bytes,   17613512 total
- age   7:    2731752 bytes,   20345264 total
: 109248K->21824K(109248K), 0.0173213 secs] 296490K->220079K(502464K), 0.0173969 secs] [Times: user=0.06 sys=0.00, real=0.02 secs] 
Heap after GC invocations=212 (full 13):
 par new generation   total 109248K, used 21824K [0x00000000e0000000, 0x00000000e8000000, 0x00000000e8000000)
  eden space 87424K,   0% used [0x00000000e0000000, 0x00000000e0000000, 0x00000000e5560000)
  from space 21824K, 100% used [0x00000000e5560000, 0x00000000e6ab0000, 0x00000000e6ab0000)
  to   space 21824K,   0% used [0x00000000e6ab0000, 0x00000000e6ab0000, 0x00000000e8000000)
 concurrent mark-sweep generation total 393216K, used 198255K [0x00000000e8000000, 0x0000000100000000, 0x0000000100000000)
 Metaspace       used 63114K, capacity 64954K, committed 65012K, reserved 1105920K
  class space    used 7335K, capacity 7762K, committed 7776K, reserved 1048576K
}
2020-06-27T17:41:42.375+0100: 1604.636: Total time for which application threads were stopped: 0.0176602 seconds, Stopping threads took: 0.0000676 seconds
2020-06-27T17:41:42.376+0100: 1604.636: [GC (CMS Initial Mark) [1 CMS-initial-mark: 198255K(393216K)] 220079K(502464K), 0.0044419 secs] [Times: user=0.00 sys=0.00, real=0.00 secs] 
2020-06-27T17:41:42.380+0100: 1604.641: Total time for which application threads were stopped: 0.0046438 seconds, Stopping threads took: 0.0000705 seconds
2020-06-27T17:41:42.380+0100: 1604.641: [CMS-concurrent-mark-start]
2020-06-27T17:41:42.406+0100: 1604.666: [CMS-concurrent-mark: 0.025/0.025 secs] [Times: user=0.13 sys=0.00, real=0.03 secs] 
2020-06-27T17:41:42.406+0100: 1604.666: [CMS-concurrent-preclean-start]
2020-06-27T17:41:42.407+0100: 1604.668: [CMS-concurrent-preclean: 0.001/0.001 secs] [Times: user=0.00 sys=0.00, real=0.00 secs] 
2020-06-27T17:41:42.407+0100: 1604.668: [GC (CMS Final Remark) [YG occupancy: 24087 K (109248 K)]{Heap before GC invocations=212 (full 14):
 par new generation   total 109248K, used 24087K [0x00000000e0000000, 0x00000000e8000000, 0x00000000e8000000)
  eden space 87424K,   2% used [0x00000000e0000000, 0x00000000e0235e30, 0x00000000e5560000)
  from space 21824K, 100% used [0x00000000e5560000, 0x00000000e6ab0000, 0x00000000e6ab0000)
  to   space 21824K,   0% used [0x00000000e6ab0000, 0x00000000e6ab0000, 0x00000000e8000000)
 concurrent mark-sweep generation total 393216K, used 198255K [0x00000000e8000000, 0x0000000100000000, 0x0000000100000000)
 Metaspace       used 63114K, capacity 64954K, committed 65012K, reserved 1105920K
  class space    used 7335K, capacity 7762K, committed 7776K, reserved 1048576K
2020-06-27T17:41:42.407+0100: 1604.668: [GC (CMS Final Remark) 2020-06-27T17:41:42.407+0100: 1604.668: [ParNew
Desired survivor size 20112992 bytes, new threshold 8 (max 8)
- age   1:      85960 bytes,      85960 total
- age   2:    3238448 bytes,    3324408 total
- age   3:    3318928 bytes,    6643336 total
- age   4:    2077128 bytes,    8720464 total
- age   5:     846736 bytes,    9567200 total
- age   6:    3128560 bytes,   12695760 total
- age   7:    4574176 bytes,   17269936 total
: 24087K->21824K(109248K), 0.0125713 secs] 222343K->222767K(502464K), 0.0126381 secs] [Times: user=0.06 sys=0.00, real=0.01 secs] 
Heap after GC invocations=213 (full 14):
 par new generation   total 109248K, used 21824K [0x00000000e0000000, 0x00000000e8000000, 0x00000000e8000000)
  eden space 87424K,   0% used [0x00000000e0000000, 0x00000000e0000000, 0x00000000e5560000)
  from space 21824K, 100% used [0x00000000e6ab0000, 0x00000000e8000000, 0x00000000e8000000)
  to   space 21824K,   0% used [0x00000000e5560000, 0x00000000e5560000, 0x00000000e6ab0000)
 concurrent mark-sweep generation total 393216K, used 200943K [0x00000000e8000000, 0x0000000100000000, 0x0000000100000000)
 Metaspace       used 63114K, capacity 64954K, committed 65012K, reserved 1105920K
  class space    used 7335K, capacity 7762K, committed 7776K, reserved 1048576K
}
2020-06-27T17:41:42.420+0100: 1604.681: [Rescan (parallel) , 0.0051146 secs]2020-06-27T17:41:42.425+0100: 1604.686: [weak refs processing, 0.0065811 secs]2020-06-27T17:41:42.432+0100: 1604.692: [class unloading, 0.0177024 secs]2020-06-27T17:41:42.450+0100: 1604.710: [scrub symbol table, 0.0183783 secs]2020-06-27T17:41:42.468+0100: 1604.729: [scrub string table, 0.0010861 secs][1 CMS-remark: 200943K(393216K)] 222767K(502464K), 0.0620024 secs] [Times: user=0.16 sys=0.00, real=0.06 secs] 
2020-06-27T17:41:42.469+0100: 1604.730: Total time for which application threads were stopped: 0.0622244 seconds, Stopping threads took: 0.0000828 seconds
2020-06-27T17:41:42.469+0100: 1604.730: [CMS-concurrent-sweep-start]
2020-06-27T17:41:42.471+0100: 1604.731: Total time for which application threads were stopped: 0.0002012 seconds, Stopping threads took: 0.0000725 seconds
2020-06-27T17:41:42.471+0100: 1604.731: Total time for which application threads were stopped: 0.0001158 seconds, Stopping threads took: 0.0000484 seconds
2020-06-27T17:41:42.471+0100: 1604.732: Total time for which application threads were stopped: 0.0001453 seconds, Stopping threads took: 0.0000572 seconds
2020-06-27T17:41:42.472+0100: 1604.732: Total time for which application threads were stopped: 0.0001184 seconds, Stopping threads took: 0.0000392 seconds
2020-06-27T17:41:42.472+0100: 1604.733: Total time for which application threads were stopped: 0.0001156 seconds, Stopping threads took: 0.0000559 seconds
2020-06-27T17:41:42.473+0100: 1604.734: Total time for which application threads were stopped: 0.0001211 seconds, Stopping threads took: 0.0000510 seconds
2020-06-27T17:41:42.474+0100: 1604.734: Total time for which application threads were stopped: 0.0001214 seconds, Stopping threads took: 0.0000600 seconds
2020-06-27T17:41:42.474+0100: 1604.735: Total time for which application threads were stopped: 0.0001146 seconds, Stopping threads took: 0.0000451 seconds
2020-06-27T17:41:42.474+0100: 1604.735: Total time for which application threads were stopped: 0.0001187 seconds, Stopping threads took: 0.0000611 seconds
2020-06-27T17:41:42.475+0100: 1604.735: Total time for which application threads were stopped: 0.0001259 seconds, Stopping threads took: 0.0000673 seconds
2020-06-27T17:41:42.475+0100: 1604.736: Total time for which application threads were stopped: 0.0001625 seconds, Stopping threads took: 0.0000555 seconds
2020-06-27T17:41:42.475+0100: 1604.736: Total time for which application threads were stopped: 0.0001425 seconds, Stopping threads took: 0.0000495 seconds
2020-06-27T17:41:42.476+0100: 1604.737: Total time for which application threads were stopped: 0.0001568 seconds, Stopping threads took: 0.0000533 seconds
2020-06-27T17:41:42.476+0100: 1604.737: Total time for which application threads were stopped: 0.0001475 seconds, Stopping threads took: 0.0000490 seconds
2020-06-27T17:41:42.477+0100: 1604.737: Total time for which application threads were stopped: 0.0001070 seconds, Stopping threads took: 0.0000502 seconds
2020-06-27T17:41:42.478+0100: 1604.738: Total time for which application threads were stopped: 0.0001357 seconds, Stopping threads took: 0.0000483 seconds
2020-06-27T17:41:42.478+0100: 1604.739: Total time for which application threads were stopped: 0.0001261 seconds, Stopping threads took: 0.0000594 seconds
2020-06-27T17:41:42.479+0100: 1604.739: Total time for which application threads were stopped: 0.0001345 seconds, Stopping threads took: 0.0000570 seconds
2020-06-27T17:41:42.479+0100: 1604.739: Total time for which application threads were stopped: 0.0001521 seconds, Stopping threads took: 0.0000542 seconds
2020-06-27T17:41:42.479+0100: 1604.740: Total time for which application threads were stopped: 0.0001876 seconds, Stopping threads took: 0.0000599 seconds
2020-06-27T17:41:42.480+0100: 1604.740: Total time for which application threads were stopped: 0.0001289 seconds, Stopping threads took: 0.0000735 seconds
2020-06-27T17:41:42.480+0100: 1604.740: Total time for which application threads were stopped: 0.0000989 seconds, Stopping threads took: 0.0000506 seconds
2020-06-27T17:41:42.480+0100: 1604.741: Total time for which application threads were stopped: 0.0001334 seconds, Stopping threads took: 0.0000754 seconds
2020-06-27T17:41:42.481+0100: 1604.741: Total time for which application threads were stopped: 0.0001122 seconds, Stopping threads took: 0.0000556 seconds
2020-06-27T17:41:42.481+0100: 1604.742: Total time for which application threads were stopped: 0.0003136 seconds, Stopping threads took: 0.0000600 seconds
2020-06-27T17:41:42.485+0100: 1604.745: Total time for which application threads were stopped: 0.0003990 seconds, Stopping threads took: 0.0000956 seconds
2020-06-27T17:41:42.552+0100: 1604.812: [CMS-concurrent-sweep: 0.078/0.082 secs] [Times: user=0.24 sys=0.00, real=0.08 secs] 
2020-06-27T17:41:42.552+0100: 1604.812: [CMS-concurrent-reset-start]
2020-06-27T17:41:42.552+0100: 1604.813: [CMS-concurrent-reset: 0.001/0.001 secs] [Times: user=0.00 sys=0.00, real=0.00 secs] 
{Heap before GC invocations=213 (full 14):
 par new generation   total 109248K, used 109248K [0x00000000e0000000, 0x00000000e8000000, 0x00000000e8000000)
  eden space 87424K, 100% used [0x00000000e0000000, 0x00000000e5560000, 0x00000000e5560000)
  from space 21824K, 100% used [0x00000000e6ab0000, 0x00000000e8000000, 0x00000000e8000000)
  to   space 21824K,   0% used [0x00000000e5560000, 0x00000000e5560000, 0x00000000e6ab0000)
 concurrent mark-sweep generation total 393216K, used 96937K [0x00000000e8000000, 0x0000000100000000, 0x0000000100000000)
 Metaspace       used 63114K, capacity 64954K, committed 65012K, reserved 1105920K
  class space    used 7335K, capacity 7762K, committed 7776K, reserved 1048576K
2020-06-27T17:41:42.587+0100: 1604.847: [GC (Allocation Failure) 2020-06-27T17:41:42.587+0100: 1604.847: [ParNew
Desired survivor size 20112992 bytes, new threshold 8 (max 8)
- age   1:    6954360 bytes,    6954360 total
- age   2:       9448 bytes,    6963808 total
- age   3:    1125488 bytes,    8089296 total
- age   4:    3269208 bytes,   11358504 total
- age   5:    1713088 bytes,   13071592 total
- age   6:     676040 bytes,   13747632 total
- age   7:    3126416 bytes,   16874048 total
- age   8:    4333496 bytes,   21207544 total
: 109248K->21824K(109248K), 0.0144505 secs] 206185K->122815K(502464K), 0.0145111 secs] [Times: user=0.06 sys=0.00, real=0.01 secs] 
Heap after GC invocations=214 (full 14):
 par new generation   total 109248K, used 21824K [0x00000000e0000000, 0x00000000e8000000, 0x00000000e8000000)
  eden space 87424K,   0% used [0x00000000e0000000, 0x00000000e0000000, 0x00000000e5560000)
  from space 21824K, 100% used [0x00000000e5560000, 0x00000000e6ab0000, 0x00000000e6ab0000)
  to   space 21824K,   0% used [0x00000000e6ab0000, 0x00000000e6ab0000, 0x00000000e8000000)
 concurrent mark-sweep generation total 393216K, used 100991K [0x00000000e8000000, 0x0000000100000000, 0x0000000100000000)
 Metaspace       used 63114K, capacity 64954K, committed 65012K, reserved 1105920K
  class space    used 7335K, capacity 7762K, committed 7776K, reserved 1048576K
}
2020-06-27T17:41:42.601+0100: 1604.862: Total time for which application threads were stopped: 0.0147387 seconds, Stopping threads took: 0.0000639 seconds
2020-06-27T17:41:43.080+0100: 1605.341: Total time for which application threads were stopped: 0.0001292 seconds, Stopping threads took: 0.0000488 seconds
2020-06-27T17:41:43.080+0100: 1605.341: Total time for which application threads were stopped: 0.0000893 seconds, Stopping threads took: 0.0000384 seconds
2020-06-27T17:41:43.080+0100: 1605.341: Total time for which application threads were stopped: 0.0000780 seconds, Stopping threads took: 0.0000368 seconds
2020-06-27T17:41:43.081+0100: 1605.341: Total time for which application threads were stopped: 0.0002037 seconds, Stopping threads took: 0.0000358 seconds
2020-06-27T17:42:08.296+0100: 1630.556: Total time for which application threads were stopped: 0.0001933 seconds, Stopping threads took: 0.0001411 seconds
2020-06-27T17:42:08.299+0100: 1630.559: Total time for which application threads were stopped: 0.0002001 seconds, Stopping threads took: 0.0000905 seconds
2020-06-27T17:42:08.300+0100: 1630.560: Total time for which application threads were stopped: 0.0002405 seconds, Stopping threads took: 0.0000655 seconds
{Heap before GC invocations=214 (full 14):
 par new generation   total 109248K, used 109248K [0x00000000e0000000, 0x00000000e8000000, 0x00000000e8000000)
  eden space 87424K, 100% used [0x00000000e0000000, 0x00000000e5560000, 0x00000000e5560000)
  from space 21824K, 100% used [0x00000000e5560000, 0x00000000e6ab0000, 0x00000000e6ab0000)
  to   space 21824K,   0% used [0x00000000e6ab0000, 0x00000000e6ab0000, 0x00000000e8000000)
 concurrent mark-sweep generation total 393216K, used 100991K [0x00000000e8000000, 0x0000000100000000, 0x0000000100000000)
 Metaspace       used 63124K, capacity 64954K, committed 65012K, reserved 1105920K
  class space    used 7335K, capacity 7762K, committed 7776K, reserved 1048576K
2020-06-27T17:42:08.422+0100: 1630.682: [GC (Allocation Failure) 2020-06-27T17:42:08.422+0100: 1630.682: [ParNew
Desired survivor size 20112992 bytes, new threshold 8 (max 8)
- age   1:    5596184 bytes,    5596184 total
- age   2:    5771240 bytes,   11367424 total
- age   3:       9408 bytes,   11376832 total
- age   4:    1028712 bytes,   12405544 total
- age   5:    2932544 bytes,   15338088 total
- age   6:    1624016 bytes,   16962104 total
- age   7:     676040 bytes,   17638144 total
- age   8:    3126416 bytes,   20764560 total
: 109248K->21824K(109248K), 0.0166684 secs] 210239K->131321K(502464K), 0.0167601 secs] [Times: user=0.06 sys=0.00, real=0.02 secs] 
Heap after GC invocations=215 (full 14):
 par new generation   total 109248K, used 21824K [0x00000000e0000000, 0x00000000e8000000, 0x00000000e8000000)
  eden space 87424K,   0% used [0x00000000e0000000, 0x00000000e0000000, 0x00000000e5560000)
  from space 21824K, 100% used [0x00000000e6ab0000, 0x00000000e8000000, 0x00000000e8000000)
  to   space 21824K,   0% used [0x00000000e5560000, 0x00000000e5560000, 0x00000000e6ab0000)
 concurrent mark-sweep generation total 393216K, used 109497K [0x00000000e8000000, 0x0000000100000000, 0x0000000100000000)
 Metaspace       used 63124K, capacity 64954K, committed 65012K, reserved 1105920K
  class space    used 7335K, capacity 7762K, committed 7776K, reserved 1048576K
}
2020-06-27T17:42:08.439+0100: 1630.699: Total time for which application threads were stopped: 0.0170774 seconds, Stopping threads took: 0.0000775 seconds
2020-06-27T17:42:08.441+0100: 1630.702: Total time for which application threads were stopped: 0.0002112 seconds, Stopping threads took: 0.0000768 seconds
{Heap before GC invocations=215 (full 14):
 par new generation   total 109248K, used 109248K [0x00000000e0000000, 0x00000000e8000000, 0x00000000e8000000)
  eden space 87424K, 100% used [0x00000000e0000000, 0x00000000e5560000, 0x00000000e5560000)
  from space 21824K, 100% used [0x00000000e6ab0000, 0x00000000e8000000, 0x00000000e8000000)
  to   space 21824K,   0% used [0x00000000e5560000, 0x00000000e5560000, 0x00000000e6ab0000)
 concurrent mark-sweep generation total 393216K, used 109497K [0x00000000e8000000, 0x0000000100000000, 0x0000000100000000)
 Metaspace       used 63125K, capacity 64954K, committed 65012K, reserved 1105920K
  class space    used 7335K, capacity 7762K, committed 7776K, reserved 1048576K
2020-06-27T17:42:08.544+0100: 1630.805: [GC (Allocation Failure) 2020-06-27T17:42:08.544+0100: 1630.805: [ParNew
Desired survivor size 20112992 bytes, new threshold 7 (max 8)
- age   1:    6026240 bytes,    6026240 total
- age   2:    4516472 bytes,   10542712 total
- age   3:    5567576 bytes,   16110288 total
- age   4:       9408 bytes,   16119696 total
- age   5:    1027664 bytes,   17147360 total
- age   6:    2921984 bytes,   20069344 total
- age   7:    1622664 bytes,   21692008 total
- age   8:     476920 bytes,   22168928 total
: 109248K->21824K(109248K), 0.0179645 secs] 218745K->141029K(502464K), 0.0180330 secs] [Times: user=0.06 sys=0.00, real=0.02 secs] 
Heap after GC invocations=216 (full 14):
 par new generation   total 109248K, used 21824K [0x00000000e0000000, 0x00000000e8000000, 0x00000000e8000000)
  eden space 87424K,   0% used [0x00000000e0000000, 0x00000000e0000000, 0x00000000e5560000)
  from space 21824K, 100% used [0x00000000e5560000, 0x00000000e6ab0000, 0x00000000e6ab0000)
  to   space 21824K,   0% used [0x00000000e6ab0000, 0x00000000e6ab0000, 0x00000000e8000000)
 concurrent mark-sweep generation total 393216K, used 119205K [0x00000000e8000000, 0x0000000100000000, 0x0000000100000000)
 Metaspace       used 63125K, capacity 64954K, committed 65012K, reserved 1105920K
  class space    used 7335K, capacity 7762K, committed 7776K, reserved 1048576K
}
2020-06-27T17:42:08.562+0100: 1630.823: Total time for which application threads were stopped: 0.0182767 seconds, Stopping threads took: 0.0000776 seconds
{Heap before GC invocations=216 (full 14):
 par new generation   total 109248K, used 109248K [0x00000000e0000000, 0x00000000e8000000, 0x00000000e8000000)
  eden space 87424K, 100% used [0x00000000e0000000, 0x00000000e5560000, 0x00000000e5560000)
  from space 21824K, 100% used [0x00000000e5560000, 0x00000000e6ab0000, 0x00000000e6ab0000)
  to   space 21824K,   0% used [0x00000000e6ab0000, 0x00000000e6ab0000, 0x00000000e8000000)
 concurrent mark-sweep generation total 393216K, used 119205K [0x00000000e8000000, 0x0000000100000000, 0x0000000100000000)
 Metaspace       used 63125K, capacity 64954K, committed 65012K, reserved 1105920K
  class space    used 7335K, capacity 7762K, committed 7776K, reserved 1048576K
2020-06-27T17:42:08.645+0100: 1630.905: [GC (Allocation Failure) 2020-06-27T17:42:08.645+0100: 1630.905: [ParNew
Desired survivor size 20112992 bytes, new threshold 7 (max 8)
- age   1:    4234240 bytes,    4234240 total
- age   2:    4615392 bytes,    8849632 total
- age   3:    4509256 bytes,   13358888 total
- age   4:    4310176 bytes,   17669064 total
- age   5:       8400 bytes,   17677464 total
- age   6:    1020264 bytes,   18697728 total
- age   7:    2921768 bytes,   21619496 total
: 109248K->21824K(109248K), 0.0198914 secs] 228453K->151853K(502464K), 0.0199632 secs] [Times: user=0.13 sys=0.00, real=0.02 secs] 
Heap after GC invocations=217 (full 14):
 par new generation   total 109248K, used 21824K [0x00000000e0000000, 0x00000000e8000000, 0x00000000e8000000)
  eden space 87424K,   0% used [0x00000000e0000000, 0x00000000e0000000, 0x00000000e5560000)
  from space 21824K, 100% used [0x00000000e6ab0000, 0x00000000e8000000, 0x00000000e8000000)
  to   space 21824K,   0% used [0x00000000e5560000, 0x00000000e5560000, 0x00000000e6ab0000)
 concurrent mark-sweep generation total 393216K, used 130029K [0x00000000e8000000, 0x0000000100000000, 0x0000000100000000)
 Metaspace       used 63125K, capacity 64954K, committed 65012K, reserved 1105920K
  class space    used 7335K, capacity 7762K, committed 7776K, reserved 1048576K
}
2020-06-27T17:42:08.665+0100: 1630.925: Total time for which application threads were stopped: 0.0201901 seconds, Stopping threads took: 0.0000683 seconds
2020-06-27T17:42:09.299+0100: 1631.559: Total time for which application threads were stopped: 0.0001946 seconds, Stopping threads took: 0.0000931 seconds
2020-06-27T17:42:09.300+0100: 1631.561: Total time for which application threads were stopped: 0.0001542 seconds, Stopping threads took: 0.0000672 seconds
2020-06-27T17:42:09.300+0100: 1631.561: Total time for which application threads were stopped: 0.0001051 seconds, Stopping threads took: 0.0000493 seconds
2020-06-27T17:42:11.381+0100: 1633.642: Total time for which application threads were stopped: 0.0003209 seconds, Stopping threads took: 0.0001660 seconds
2020-06-27T17:42:11.384+0100: 1633.645: Total time for which application threads were stopped: 0.0001210 seconds, Stopping threads took: 0.0000603 seconds
2020-06-27T17:42:11.385+0100: 1633.646: Total time for which application threads were stopped: 0.0001134 seconds, Stopping threads took: 0.0000468 seconds
{Heap before GC invocations=217 (full 14):
 par new generation   total 109248K, used 109248K [0x00000000e0000000, 0x00000000e8000000, 0x00000000e8000000)
  eden space 87424K, 100% used [0x00000000e0000000, 0x00000000e5560000, 0x00000000e5560000)
  from space 21824K, 100% used [0x00000000e6ab0000, 0x00000000e8000000, 0x00000000e8000000)
  to   space 21824K,   0% used [0x00000000e5560000, 0x00000000e5560000, 0x00000000e6ab0000)
 concurrent mark-sweep generation total 393216K, used 130029K [0x00000000e8000000, 0x0000000100000000, 0x0000000100000000)
 Metaspace       used 63135K, capacity 64954K, committed 65012K, reserved 1105920K
  class space    used 7335K, capacity 7762K, committed 7776K, reserved 1048576K
2020-06-27T17:42:11.485+0100: 1633.745: [GC (Allocation Failure) 2020-06-27T17:42:11.485+0100: 1633.745: [ParNew
Desired survivor size 20112992 bytes, new threshold 5 (max 8)
- age   1:    5104816 bytes,    5104816 total
- age   2:    3453048 bytes,    8557864 total
- age   3:    3716368 bytes,   12274232 total
- age   4:    4046024 bytes,   16320256 total
- age   5:    4279544 bytes,   20599800 total
- age   6:       8400 bytes,   20608200 total
- age   7:     994848 bytes,   21603048 total
: 109248K->21824K(109248K), 0.0179506 secs] 239277K->161232K(502464K), 0.0180346 secs] [Times: user=0.06 sys=0.00, real=0.02 secs] 
Heap after GC invocations=218 (full 14):
 par new generation   total 109248K, used 21824K [0x00000000e0000000, 0x00000000e8000000, 0x00000000e8000000)
  eden space 87424K,   0% used [0x00000000e0000000, 0x00000000e0000000, 0x00000000e5560000)
  from space 21824K, 100% used [0x00000000e5560000, 0x00000000e6ab0000, 0x00000000e6ab0000)
  to   space 21824K,   0% used [0x00000000e6ab0000, 0x00000000e6ab0000, 0x00000000e8000000)
 concurrent mark-sweep generation total 393216K, used 139408K [0x00000000e8000000, 0x0000000100000000, 0x0000000100000000)
 Metaspace       used 63135K, capacity 64954K, committed 65012K, reserved 1105920K
  class space    used 7335K, capacity 7762K, committed 7776K, reserved 1048576K
}
2020-06-27T17:42:11.503+0100: 1633.763: Total time for which application threads were stopped: 0.0183125 seconds, Stopping threads took: 0.0000708 seconds
2020-06-27T17:42:11.523+0100: 1633.784: Total time for which application threads were stopped: 0.0001651 seconds, Stopping threads took: 0.0000555 seconds
{Heap before GC invocations=218 (full 14):
 par new generation   total 109248K, used 109248K [0x00000000e0000000, 0x00000000e8000000, 0x00000000e8000000)
  eden space 87424K, 100% used [0x00000000e0000000, 0x00000000e5560000, 0x00000000e5560000)
  from space 21824K, 100% used [0x00000000e5560000, 0x00000000e6ab0000, 0x00000000e6ab0000)
  to   space 21824K,   0% used [0x00000000e6ab0000, 0x00000000e6ab0000, 0x00000000e8000000)
 concurrent mark-sweep generation total 393216K, used 139408K [0x00000000e8000000, 0x0000000100000000, 0x0000000100000000)
 Metaspace       used 63135K, capacity 64954K, committed 65012K, reserved 1105920K
  class space    used 7335K, capacity 7762K, committed 7776K, reserved 1048576K
2020-06-27T17:42:11.609+0100: 1633.870: [GC (Allocation Failure) 2020-06-27T17:42:11.609+0100: 1633.870: [ParNew
Desired survivor size 20112992 bytes, new threshold 5 (max 8)
- age   1:    6358992 bytes,    6358992 total
- age   2:    4417056 bytes,   10776048 total
- age   3:    3452976 bytes,   14229024 total
- age   4:    3714320 bytes,   17943344 total
- age   5:    4045960 bytes,   21989304 total
: 109248K->21824K(109248K), 0.0185862 secs] 248656K->172442K(502464K), 0.0186757 secs] [Times: user=0.06 sys=0.00, real=0.02 secs] 
Heap after GC invocations=219 (full 14):
 par new generation   total 109248K, used 21824K [0x00000000e0000000, 0x00000000e8000000, 0x00000000e8000000)
  eden space 87424K,   0% used [0x00000000e0000000, 0x00000000e0000000, 0x00000000e5560000)
  from space 21824K, 100% used [0x00000000e6ab0000, 0x00000000e8000000, 0x00000000e8000000)
  to   space 21824K,   0% used [0x00000000e5560000, 0x00000000e5560000, 0x00000000e6ab0000)
 concurrent mark-sweep generation total 393216K, used 150618K [0x00000000e8000000, 0x0000000100000000, 0x0000000100000000)
 Metaspace       used 63135K, capacity 64954K, committed 65012K, reserved 1105920K
  class space    used 7335K, capacity 7762K, committed 7776K, reserved 1048576K
}
2020-06-27T17:42:11.628+0100: 1633.889: Total time for which application threads were stopped: 0.0190554 seconds, Stopping threads took: 0.0001481 seconds
{Heap before GC invocations=219 (full 14):
 par new generation   total 109248K, used 109248K [0x00000000e0000000, 0x00000000e8000000, 0x00000000e8000000)
  eden space 87424K, 100% used [0x00000000e0000000, 0x00000000e5560000, 0x00000000e5560000)
  from space 21824K, 100% used [0x00000000e6ab0000, 0x00000000e8000000, 0x00000000e8000000)
  to   space 21824K,   0% used [0x00000000e5560000, 0x00000000e5560000, 0x00000000e6ab0000)
 concurrent mark-sweep generation total 393216K, used 150618K [0x00000000e8000000, 0x0000000100000000, 0x0000000100000000)
 Metaspace       used 63135K, capacity 64954K, committed 65012K, reserved 1105920K
  class space    used 7335K, capacity 7762K, committed 7776K, reserved 1048576K
2020-06-27T17:42:11.715+0100: 1633.975: [GC (Allocation Failure) 2020-06-27T17:42:11.715+0100: 1633.975: [ParNew
Desired survivor size 20112992 bytes, new threshold 5 (max 8)
- age   1:    6950768 bytes,    6950768 total
- age   2:    3220168 bytes,   10170936 total
- age   3:    4416920 bytes,   14587856 total
- age   4:    3452976 bytes,   18040832 total
- age   5:    3714320 bytes,   21755152 total
: 109248K->21824K(109248K), 0.0165622 secs] 259866K->179089K(502464K), 0.0166341 secs] [Times: user=0.06 sys=0.00, real=0.02 secs] 
Heap after GC invocations=220 (full 14):
 par new generation   total 109248K, used 21824K [0x00000000e0000000, 0x00000000e8000000, 0x00000000e8000000)
  eden space 87424K,   0% used [0x00000000e0000000, 0x00000000e0000000, 0x00000000e5560000)
  from space 21824K, 100% used [0x00000000e5560000, 0x00000000e6ab0000, 0x00000000e6ab0000)
  to   space 21824K,   0% used [0x00000000e6ab0000, 0x00000000e6ab0000, 0x00000000e8000000)
 concurrent mark-sweep generation total 393216K, used 157265K [0x00000000e8000000, 0x0000000100000000, 0x0000000100000000)
 Metaspace       used 63135K, capacity 64954K, committed 65012K, reserved 1105920K
  class space    used 7335K, capacity 7762K, committed 7776K, reserved 1048576K
}
2020-06-27T17:42:11.731+0100: 1633.992: Total time for which application threads were stopped: 0.0168477 seconds, Stopping threads took: 0.0000619 seconds
2020-06-27T17:42:12.401+0100: 1634.661: Total time for which application threads were stopped: 0.0001546 seconds, Stopping threads took: 0.0000657 seconds
2020-06-27T17:42:12.402+0100: 1634.663: Total time for which application threads were stopped: 0.0001502 seconds, Stopping threads took: 0.0000515 seconds
2020-06-27T17:42:12.403+0100: 1634.664: Total time for which application threads were stopped: 0.0001257 seconds, Stopping threads took: 0.0000476 seconds
2020-06-27T17:42:12.403+0100: 1634.664: Total time for which application threads were stopped: 0.0001246 seconds, Stopping threads took: 0.0000507 seconds
2020-06-27T17:42:12.404+0100: 1634.664: Total time for which application threads were stopped: 0.0001317 seconds, Stopping threads took: 0.0000628 seconds
2020-06-27T17:42:12.404+0100: 1634.664: Total time for which application threads were stopped: 0.0001112 seconds, Stopping threads took: 0.0000455 seconds
2020-06-27T17:42:26.393+0100: 1648.654: Total time for which application threads were stopped: 0.0000708 seconds, Stopping threads took: 0.0000220 seconds
2020-06-27T17:42:27.393+0100: 1649.653: Total time for which application threads were stopped: 0.0000965 seconds, Stopping threads took: 0.0000383 seconds
2020-06-27T17:42:28.403+0100: 1650.664: Total time for which application threads were stopped: 0.0002241 seconds, Stopping threads took: 0.0001762 seconds
2020-06-27T17:42:28.406+0100: 1650.667: Total time for which application threads were stopped: 0.0000846 seconds, Stopping threads took: 0.0000243 seconds
2020-06-27T17:42:28.407+0100: 1650.668: Total time for which application threads were stopped: 0.0001146 seconds, Stopping threads took: 0.0000513 seconds
2020-06-27T17:42:28.413+0100: 1650.674: Total time for which application threads were stopped: 0.0000838 seconds, Stopping threads took: 0.0000241 seconds
2020-06-27T17:42:28.415+0100: 1650.675: Total time for which application threads were stopped: 0.0001110 seconds, Stopping threads took: 0.0000508 seconds
{Heap before GC invocations=220 (full 14):
 par new generation   total 109248K, used 109248K [0x00000000e0000000, 0x00000000e8000000, 0x00000000e8000000)
  eden space 87424K, 100% used [0x00000000e0000000, 0x00000000e5560000, 0x00000000e5560000)
  from space 21824K, 100% used [0x00000000e5560000, 0x00000000e6ab0000, 0x00000000e6ab0000)
  to   space 21824K,   0% used [0x00000000e6ab0000, 0x00000000e6ab0000, 0x00000000e8000000)
 concurrent mark-sweep generation total 393216K, used 157265K [0x00000000e8000000, 0x0000000100000000, 0x0000000100000000)
 Metaspace       used 63141K, capacity 64954K, committed 65012K, reserved 1105920K
  class space    used 7335K, capacity 7762K, committed 7776K, reserved 1048576K
2020-06-27T17:42:28.469+0100: 1650.730: [GC (Allocation Failure) 2020-06-27T17:42:28.469+0100: 1650.730: [ParNew
Desired survivor size 20112992 bytes, new threshold 5 (max 8)
- age   1:    5192632 bytes,    5192632 total
- age   2:    5469432 bytes,   10662064 total
- age   3:    2847712 bytes,   13509776 total
- age   4:    4123360 bytes,   17633136 total
- age   5:    3452976 bytes,   21086112 total
: 109248K->21824K(109248K), 0.0143503 secs] 266513K->185738K(502464K), 0.0144526 secs] [Times: user=0.06 sys=0.00, real=0.01 secs] 
Heap after GC invocations=221 (full 14):
 par new generation   total 109248K, used 21824K [0x00000000e0000000, 0x00000000e8000000, 0x00000000e8000000)
  eden space 87424K,   0% used [0x00000000e0000000, 0x00000000e0000000, 0x00000000e5560000)
  from space 21824K, 100% used [0x00000000e6ab0000, 0x00000000e8000000, 0x00000000e8000000)
  to   space 21824K,   0% used [0x00000000e5560000, 0x00000000e5560000, 0x00000000e6ab0000)
 concurrent mark-sweep generation total 393216K, used 163914K [0x00000000e8000000, 0x0000000100000000, 0x0000000100000000)
 Metaspace       used 63141K, capacity 64954K, committed 65012K, reserved 1105920K
  class space    used 7335K, capacity 7762K, committed 7776K, reserved 1048576K
}
2020-06-27T17:42:28.484+0100: 1650.744: Total time for which application threads were stopped: 0.0146847 seconds, Stopping threads took: 0.0000713 seconds
2020-06-27T17:42:28.516+0100: 1650.776: Total time for which application threads were stopped: 0.0002081 seconds, Stopping threads took: 0.0000981 seconds
{Heap before GC invocations=221 (full 14):
 par new generation   total 109248K, used 109248K [0x00000000e0000000, 0x00000000e8000000, 0x00000000e8000000)
  eden space 87424K, 100% used [0x00000000e0000000, 0x00000000e5560000, 0x00000000e5560000)
  from space 21824K, 100% used [0x00000000e6ab0000, 0x00000000e8000000, 0x00000000e8000000)
  to   space 21824K,   0% used [0x00000000e5560000, 0x00000000e5560000, 0x00000000e6ab0000)
 concurrent mark-sweep generation total 393216K, used 163914K [0x00000000e8000000, 0x0000000100000000, 0x0000000100000000)
 Metaspace       used 63141K, capacity 64954K, committed 65012K, reserved 1105920K
  class space    used 7335K, capacity 7762K, committed 7776K, reserved 1048576K
2020-06-27T17:42:28.582+0100: 1650.842: [GC (Allocation Failure) 2020-06-27T17:42:28.582+0100: 1650.842: [ParNew
Desired survivor size 20112992 bytes, new threshold 5 (max 8)
- age   1:    5021520 bytes,    5021520 total
- age   2:    4324752 bytes,    9346272 total
- age   3:    5447656 bytes,   14793928 total
- age   4:    2841552 bytes,   17635480 total
- age   5:    4123296 bytes,   21758776 total
: 109248K->21824K(109248K), 0.0163013 secs] 273162K->194039K(502464K), 0.0163656 secs] [Times: user=0.06 sys=0.00, real=0.02 secs] 
Heap after GC invocations=222 (full 14):
 par new generation   total 109248K, used 21824K [0x00000000e0000000, 0x00000000e8000000, 0x00000000e8000000)
  eden space 87424K,   0% used [0x00000000e0000000, 0x00000000e0000000, 0x00000000e5560000)
  from space 21824K, 100% used [0x00000000e5560000, 0x00000000e6ab0000, 0x00000000e6ab0000)
  to   space 21824K,   0% used [0x00000000e6ab0000, 0x00000000e6ab0000, 0x00000000e8000000)
 concurrent mark-sweep generation total 393216K, used 172215K [0x00000000e8000000, 0x0000000100000000, 0x0000000100000000)
 Metaspace       used 63141K, capacity 64954K, committed 65012K, reserved 1105920K
  class space    used 7335K, capacity 7762K, committed 7776K, reserved 1048576K
}
2020-06-27T17:42:28.598+0100: 1650.859: Total time for which application threads were stopped: 0.0166184 seconds, Stopping threads took: 0.0000862 seconds
{Heap before GC invocations=222 (full 14):
 par new generation   total 109248K, used 109248K [0x00000000e0000000, 0x00000000e8000000, 0x00000000e8000000)
  eden space 87424K, 100% used [0x00000000e0000000, 0x00000000e5560000, 0x00000000e5560000)
  from space 21824K, 100% used [0x00000000e5560000, 0x00000000e6ab0000, 0x00000000e6ab0000)
  to   space 21824K,   0% used [0x00000000e6ab0000, 0x00000000e6ab0000, 0x00000000e8000000)
 concurrent mark-sweep generation total 393216K, used 172215K [0x00000000e8000000, 0x0000000100000000, 0x0000000100000000)
 Metaspace       used 63141K, capacity 64954K, committed 65012K, reserved 1105920K
  class space    used 7335K, capacity 7762K, committed 7776K, reserved 1048576K
2020-06-27T17:42:28.687+0100: 1650.948: [GC (Allocation Failure) 2020-06-27T17:42:28.687+0100: 1650.948: [ParNew
Desired survivor size 20112992 bytes, new threshold 5 (max 8)
- age   1:    5105800 bytes,    5105800 total
- age   2:    4278960 bytes,    9384760 total
- age   3:    4154144 bytes,   13538904 total
- age   4:    5447656 bytes,   18986560 total
- age   5:    2841552 bytes,   21828112 total
: 109248K->21824K(109248K), 0.0146653 secs] 281463K->200605K(502464K), 0.0147331 secs] [Times: user=0.06 sys=0.00, real=0.01 secs] 
Heap after GC invocations=223 (full 14):
 par new generation   total 109248K, used 21824K [0x00000000e0000000, 0x00000000e8000000, 0x00000000e8000000)
  eden space 87424K,   0% used [0x00000000e0000000, 0x00000000e0000000, 0x00000000e5560000)
  from space 21824K, 100% used [0x00000000e6ab0000, 0x00000000e8000000, 0x00000000e8000000)
  to   space 21824K,   0% used [0x00000000e5560000, 0x00000000e5560000, 0x00000000e6ab0000)
 concurrent mark-sweep generation total 393216K, used 178781K [0x00000000e8000000, 0x0000000100000000, 0x0000000100000000)
 Metaspace       used 63141K, capacity 64954K, committed 65012K, reserved 1105920K
  class space    used 7335K, capacity 7762K, committed 7776K, reserved 1048576K
}
2020-06-27T17:42:28.702+0100: 1650.963: Total time for which application threads were stopped: 0.0149580 seconds, Stopping threads took: 0.0000615 seconds
2020-06-27T17:42:29.449+0100: 1651.710: Total time for which application threads were stopped: 0.0001674 seconds, Stopping threads took: 0.0000710 seconds
2020-06-27T17:42:29.450+0100: 1651.710: Total time for which application threads were stopped: 0.0001247 seconds, Stopping threads took: 0.0000534 seconds
2020-06-27T17:42:29.451+0100: 1651.712: Total time for which application threads were stopped: 0.0001226 seconds, Stopping threads took: 0.0000605 seconds
2020-06-27T17:42:29.451+0100: 1651.712: Total time for which application threads were stopped: 0.0001084 seconds, Stopping threads took: 0.0000487 seconds
2020-06-27T17:42:29.451+0100: 1651.712: Total time for which application threads were stopped: 0.0000709 seconds, Stopping threads took: 0.0000355 seconds
2020-06-27T17:42:29.452+0100: 1651.712: Total time for which application threads were stopped: 0.0000961 seconds, Stopping threads took: 0.0000462 seconds
2020-06-27T17:42:32.380+0100: 1654.641: Total time for which application threads were stopped: 0.0002170 seconds, Stopping threads took: 0.0001657 seconds
2020-06-27T17:42:32.383+0100: 1654.643: Total time for which application threads were stopped: 0.0001309 seconds, Stopping threads took: 0.0000671 seconds
2020-06-27T17:42:32.384+0100: 1654.644: Total time for which application threads were stopped: 0.0001109 seconds, Stopping threads took: 0.0000475 seconds
{Heap before GC invocations=223 (full 14):
 par new generation   total 109248K, used 109248K [0x00000000e0000000, 0x00000000e8000000, 0x00000000e8000000)
  eden space 87424K, 100% used [0x00000000e0000000, 0x00000000e5560000, 0x00000000e5560000)
  from space 21824K, 100% used [0x00000000e6ab0000, 0x00000000e8000000, 0x00000000e8000000)
  to   space 21824K,   0% used [0x00000000e5560000, 0x00000000e5560000, 0x00000000e6ab0000)
 concurrent mark-sweep generation total 393216K, used 178781K [0x00000000e8000000, 0x0000000100000000, 0x0000000100000000)
 Metaspace       used 63144K, capacity 65018K, committed 65268K, reserved 1107968K
  class space    used 7335K, capacity 7762K, committed 7776K, reserved 1048576K
2020-06-27T17:42:32.428+0100: 1654.689: [GC (Allocation Failure) 2020-06-27T17:42:32.428+0100: 1654.689: [ParNew
Desired survivor size 20112992 bytes, new threshold 8 (max 8)
- age   1:    4928712 bytes,    4928712 total
- age   2:    1579736 bytes,    6508448 total
- age   3:    3906640 bytes,   10415088 total
- age   4:    3859968 bytes,   14275056 total
- age   5:    5447656 bytes,   19722712 total
: 109248K->21824K(109248K), 0.0155929 secs] 288029K->207014K(502464K), 0.0156846 secs] [Times: user=0.02 sys=0.02, real=0.02 secs] 
Heap after GC invocations=224 (full 14):
 par new generation   total 109248K, used 21824K [0x00000000e0000000, 0x00000000e8000000, 0x00000000e8000000)
  eden space 87424K,   0% used [0x00000000e0000000, 0x00000000e0000000, 0x00000000e5560000)
  from space 21824K, 100% used [0x00000000e5560000, 0x00000000e6ab0000, 0x00000000e6ab0000)
  to   space 21824K,   0% used [0x00000000e6ab0000, 0x00000000e6ab0000, 0x00000000e8000000)
 concurrent mark-sweep generation total 393216K, used 185190K [0x00000000e8000000, 0x0000000100000000, 0x0000000100000000)
 Metaspace       used 63144K, capacity 65018K, committed 65268K, reserved 1107968K
  class space    used 7335K, capacity 7762K, committed 7776K, reserved 1048576K
}
2020-06-27T17:42:32.444+0100: 1654.704: Total time for which application threads were stopped: 0.0159490 seconds, Stopping threads took: 0.0000642 seconds
2020-06-27T17:42:32.577+0100: 1654.838: Total time for which application threads were stopped: 0.0001644 seconds, Stopping threads took: 0.0000621 seconds
{Heap before GC invocations=224 (full 14):
 par new generation   total 109248K, used 109248K [0x00000000e0000000, 0x00000000e8000000, 0x00000000e8000000)
  eden space 87424K, 100% used [0x00000000e0000000, 0x00000000e5560000, 0x00000000e5560000)
  from space 21824K, 100% used [0x00000000e5560000, 0x00000000e6ab0000, 0x00000000e6ab0000)
  to   space 21824K,   0% used [0x00000000e6ab0000, 0x00000000e6ab0000, 0x00000000e8000000)
 concurrent mark-sweep generation total 393216K, used 185190K [0x00000000e8000000, 0x0000000100000000, 0x0000000100000000)
 Metaspace       used 63144K, capacity 65018K, committed 65268K, reserved 1107968K
  class space    used 7335K, capacity 7762K, committed 7776K, reserved 1048576K
2020-06-27T17:42:32.733+0100: 1654.994: [GC (Allocation Failure) 2020-06-27T17:42:32.733+0100: 1654.994: [ParNew
Desired survivor size 20112992 bytes, new threshold 6 (max 8)
- age   1:    5589952 bytes,    5589952 total
- age   2:    2028688 bytes,    7618640 total
- age   3:    1574680 bytes,    9193320 total
- age   4:    3434736 bytes,   12628056 total
- age   5:    3859824 bytes,   16487880 total
- age   6:    5447656 bytes,   21935536 total
: 109248K->21824K(109248K), 0.0154075 secs] 294438K->211374K(502464K), 0.0154981 secs] [Times: user=0.05 sys=0.00, real=0.02 secs] 
Heap after GC invocations=225 (full 14):
 par new generation   total 109248K, used 21824K [0x00000000e0000000, 0x00000000e8000000, 0x00000000e8000000)
  eden space 87424K,   0% used [0x00000000e0000000, 0x00000000e0000000, 0x00000000e5560000)
  from space 21824K, 100% used [0x00000000e6ab0000, 0x00000000e8000000, 0x00000000e8000000)
  to   space 21824K,   0% used [0x00000000e5560000, 0x00000000e5560000, 0x00000000e6ab0000)
 concurrent mark-sweep generation total 393216K, used 189550K [0x00000000e8000000, 0x0000000100000000, 0x0000000100000000)
 Metaspace       used 63144K, capacity 65018K, committed 65268K, reserved 1107968K
  class space    used 7335K, capacity 7762K, committed 7776K, reserved 1048576K
}
2020-06-27T17:42:32.749+0100: 1655.009: Total time for which application threads were stopped: 0.0163634 seconds, Stopping threads took: 0.0006325 seconds
{Heap before GC invocations=225 (full 14):
 par new generation   total 109248K, used 109248K [0x00000000e0000000, 0x00000000e8000000, 0x00000000e8000000)
  eden space 87424K, 100% used [0x00000000e0000000, 0x00000000e5560000, 0x00000000e5560000)
  from space 21824K, 100% used [0x00000000e6ab0000, 0x00000000e8000000, 0x00000000e8000000)
  to   space 21824K,   0% used [0x00000000e5560000, 0x00000000e5560000, 0x00000000e6ab0000)
 concurrent mark-sweep generation total 393216K, used 189550K [0x00000000e8000000, 0x0000000100000000, 0x0000000100000000)
 Metaspace       used 63144K, capacity 65018K, committed 65268K, reserved 1107968K
  class space    used 7335K, capacity 7762K, committed 7776K, reserved 1048576K
2020-06-27T17:42:32.936+0100: 1655.196: [GC (Allocation Failure) 2020-06-27T17:42:32.936+0100: 1655.197: [ParNew
Desired survivor size 20112992 bytes, new threshold 6 (max 8)
- age   1:    6752968 bytes,    6752968 total
- age   2:    3115128 bytes,    9868096 total
- age   3:    2024640 bytes,   11892736 total
- age   4:    1574680 bytes,   13467416 total
- age   5:    3434736 bytes,   16902152 total
- age   6:    3859824 bytes,   20761976 total
: 109248K->21824K(109248K), 0.0171675 secs] 298798K->219689K(502464K), 0.0172498 secs] [Times: user=0.06 sys=0.00, real=0.02 secs] 
Heap after GC invocations=226 (full 14):
 par new generation   total 109248K, used 21824K [0x00000000e0000000, 0x00000000e8000000, 0x00000000e8000000)
  eden space 87424K,   0% used [0x00000000e0000000, 0x00000000e0000000, 0x00000000e5560000)
  from space 21824K, 100% used [0x00000000e5560000, 0x00000000e6ab0000, 0x00000000e6ab0000)
  to   space 21824K,   0% used [0x00000000e6ab0000, 0x00000000e6ab0000, 0x00000000e8000000)
 concurrent mark-sweep generation total 393216K, used 197865K [0x00000000e8000000, 0x0000000100000000, 0x0000000100000000)
 Metaspace       used 63144K, capacity 65018K, committed 65268K, reserved 1107968K
  class space    used 7335K, capacity 7762K, committed 7776K, reserved 1048576K
}
2020-06-27T17:42:32.953+0100: 1655.214: Total time for which application threads were stopped: 0.0175064 seconds, Stopping threads took: 0.0000568 seconds
2020-06-27T17:42:32.954+0100: 1655.214: [GC (CMS Initial Mark) [1 CMS-initial-mark: 197865K(393216K)] 220854K(502464K), 0.0037683 secs] [Times: user=0.00 sys=0.00, real=0.00 secs] 
2020-06-27T17:42:32.957+0100: 1655.218: Total time for which application threads were stopped: 0.0041063 seconds, Stopping threads took: 0.0001743 seconds
2020-06-27T17:42:32.957+0100: 1655.218: [CMS-concurrent-mark-start]
2020-06-27T17:42:32.983+0100: 1655.243: [CMS-concurrent-mark: 0.025/0.025 secs] [Times: user=0.09 sys=0.01, real=0.03 secs] 
2020-06-27T17:42:32.983+0100: 1655.243: [CMS-concurrent-preclean-start]
2020-06-27T17:42:32.984+0100: 1655.245: [CMS-concurrent-preclean: 0.002/0.002 secs] [Times: user=0.00 sys=0.00, real=0.00 secs] 
2020-06-27T17:42:32.986+0100: 1655.246: [GC (CMS Final Remark) [YG occupancy: 24155 K (109248 K)]{Heap before GC invocations=226 (full 15):
 par new generation   total 109248K, used 24155K [0x00000000e0000000, 0x00000000e8000000, 0x00000000e8000000)
  eden space 87424K,   2% used [0x00000000e0000000, 0x00000000e0246e90, 0x00000000e5560000)
  from space 21824K, 100% used [0x00000000e5560000, 0x00000000e6ab0000, 0x00000000e6ab0000)
  to   space 21824K,   0% used [0x00000000e6ab0000, 0x00000000e6ab0000, 0x00000000e8000000)
 concurrent mark-sweep generation total 393216K, used 197865K [0x00000000e8000000, 0x0000000100000000, 0x0000000100000000)
 Metaspace       used 63144K, capacity 65018K, committed 65268K, reserved 1107968K
  class space    used 7335K, capacity 7762K, committed 7776K, reserved 1048576K
2020-06-27T17:42:32.986+0100: 1655.246: [GC (CMS Final Remark) 2020-06-27T17:42:32.986+0100: 1655.246: [ParNew
Desired survivor size 20112992 bytes, new threshold 8 (max 8)
- age   1:      88192 bytes,      88192 total
- age   2:    6023088 bytes,    6111280 total
- age   3:    3109384 bytes,    9220664 total
- age   4:    2024640 bytes,   11245304 total
- age   5:    1574680 bytes,   12819984 total
- age   6:    3434736 bytes,   16254720 total
: 24155K->21824K(109248K), 0.0119488 secs] 222020K->223583K(502464K), 0.0120163 secs] [Times: user=0.06 sys=0.00, real=0.01 secs] 
Heap after GC invocations=227 (full 15):
 par new generation   total 109248K, used 21824K [0x00000000e0000000, 0x00000000e8000000, 0x00000000e8000000)
  eden space 87424K,   0% used [0x00000000e0000000, 0x00000000e0000000, 0x00000000e5560000)
  from space 21824K, 100% used [0x00000000e6ab0000, 0x00000000e8000000, 0x00000000e8000000)
  to   space 21824K,   0% used [0x00000000e5560000, 0x00000000e5560000, 0x00000000e6ab0000)
 concurrent mark-sweep generation total 393216K, used 201759K [0x00000000e8000000, 0x0000000100000000, 0x0000000100000000)
 Metaspace       used 63144K, capacity 65018K, committed 65268K, reserved 1107968K
  class space    used 7335K, capacity 7762K, committed 7776K, reserved 1048576K
}
2020-06-27T17:42:32.998+0100: 1655.258: [Rescan (parallel) , 0.0048242 secs]2020-06-27T17:42:33.003+0100: 1655.263: [weak refs processing, 0.0062273 secs]2020-06-27T17:42:33.009+0100: 1655.270: [class unloading, 0.0146540 secs]2020-06-27T17:42:33.024+0100: 1655.284: [scrub symbol table, 0.0165656 secs]2020-06-27T17:42:33.040+0100: 1655.301: [scrub string table, 0.0016732 secs][1 CMS-remark: 201759K(393216K)] 223583K(502464K), 0.0564498 secs] [Times: user=0.16 sys=0.00, real=0.06 secs] 
2020-06-27T17:42:33.042+0100: 1655.303: Total time for which application threads were stopped: 0.0566567 seconds, Stopping threads took: 0.0000663 seconds
2020-06-27T17:42:33.044+0100: 1655.305: [CMS-concurrent-sweep-start]
2020-06-27T17:42:33.048+0100: 1655.308: Total time for which application threads were stopped: 0.0001633 seconds, Stopping threads took: 0.0000595 seconds
2020-06-27T17:42:33.048+0100: 1655.308: Total time for which application threads were stopped: 0.0001333 seconds, Stopping threads took: 0.0000576 seconds
2020-06-27T17:42:33.049+0100: 1655.309: Total time for which application threads were stopped: 0.0001448 seconds, Stopping threads took: 0.0000630 seconds
2020-06-27T17:42:33.049+0100: 1655.310: Total time for which application threads were stopped: 0.0001118 seconds, Stopping threads took: 0.0000591 seconds
2020-06-27T17:42:33.135+0100: 1655.396: [CMS-concurrent-sweep: 0.090/0.091 secs] [Times: user=0.25 sys=0.00, real=0.09 secs] 
2020-06-27T17:42:33.135+0100: 1655.396: [CMS-concurrent-reset-start]
2020-06-27T17:42:33.136+0100: 1655.397: [CMS-concurrent-reset: 0.001/0.001 secs] [Times: user=0.00 sys=0.00, real=0.00 secs] 
2020-06-27T17:42:33.779+0100: 1656.040: Total time for which application threads were stopped: 0.0002715 seconds, Stopping threads took: 0.0000710 seconds
2020-06-27T17:42:33.781+0100: 1656.041: Total time for which application threads were stopped: 0.0002378 seconds, Stopping threads took: 0.0000726 seconds
2020-06-27T17:42:33.781+0100: 1656.042: Total time for which application threads were stopped: 0.0000987 seconds, Stopping threads took: 0.0000484 seconds
2020-06-27T17:42:33.781+0100: 1656.042: Total time for which application threads were stopped: 0.0000973 seconds, Stopping threads took: 0.0000561 seconds
2020-06-27T17:42:33.781+0100: 1656.042: Total time for which application threads were stopped: 0.0000948 seconds, Stopping threads took: 0.0000546 seconds
2020-06-27T17:42:33.782+0100: 1656.042: Total time for which application threads were stopped: 0.0001015 seconds, Stopping threads took: 0.0000498 seconds
2020-06-27T17:42:34.782+0100: 1657.043: Total time for which application threads were stopped: 0.0004046 seconds, Stopping threads took: 0.0003119 seconds
{Heap before GC invocations=227 (full 15):
 par new generation   total 109248K, used 109248K [0x00000000e0000000, 0x00000000e8000000, 0x00000000e8000000)
  eden space 87424K, 100% used [0x00000000e0000000, 0x00000000e5560000, 0x00000000e5560000)
  from space 21824K, 100% used [0x00000000e6ab0000, 0x00000000e8000000, 0x00000000e8000000)
  to   space 21824K,   0% used [0x00000000e5560000, 0x00000000e5560000, 0x00000000e6ab0000)
 concurrent mark-sweep generation total 393216K, used 89331K [0x00000000e8000000, 0x0000000100000000, 0x0000000100000000)
 Metaspace       used 63145K, capacity 65018K, committed 65268K, reserved 1107968K
  class space    used 7335K, capacity 7762K, committed 7776K, reserved 1048576K
2020-06-27T17:42:36.359+0100: 1658.619: [GC (Allocation Failure) 2020-06-27T17:42:36.359+0100: 1658.619: [ParNew
Desired survivor size 20112992 bytes, new threshold 8 (max 8)
- age   1:    5158152 bytes,    5158152 total
- age   2:        424 bytes,    5158576 total
- age   3:    4372592 bytes,    9531168 total
- age   4:    2361160 bytes,   11892328 total
- age   5:    1646632 bytes,   13538960 total
- age   6:    1100744 bytes,   14639704 total
- age   7:    3332360 bytes,   17972064 total
: 109248K->21824K(109248K), 0.0109472 secs] 198579K->111302K(502464K), 0.0110140 secs] [Times: user=0.02 sys=0.00, real=0.01 secs] 
Heap after GC invocations=228 (full 15):
 par new generation   total 109248K, used 21824K [0x00000000e0000000, 0x00000000e8000000, 0x00000000e8000000)
  eden space 87424K,   0% used [0x00000000e0000000, 0x00000000e0000000, 0x00000000e5560000)
  from space 21824K, 100% used [0x00000000e5560000, 0x00000000e6ab0000, 0x00000000e6ab0000)
  to   space 21824K,   0% used [0x00000000e6ab0000, 0x00000000e6ab0000, 0x00000000e8000000)
 concurrent mark-sweep generation total 393216K, used 89478K [0x00000000e8000000, 0x0000000100000000, 0x0000000100000000)
 Metaspace       used 63145K, capacity 65018K, committed 65268K, reserved 1107968K
  class space    used 7335K, capacity 7762K, committed 7776K, reserved 1048576K
}
2020-06-27T17:42:36.370+0100: 1658.630: Total time for which application threads were stopped: 0.0112195 seconds, Stopping threads took: 0.0000614 seconds
2020-06-27T17:42:36.373+0100: 1658.633: Total time for which application threads were stopped: 0.0001969 seconds, Stopping threads took: 0.0001472 seconds
2020-06-27T17:42:36.375+0100: 1658.636: Total time for which application threads were stopped: 0.0001584 seconds, Stopping threads took: 0.0000949 seconds
2020-06-27T17:42:36.377+0100: 1658.637: Total time for which application threads were stopped: 0.0001652 seconds, Stopping threads took: 0.0000641 seconds
2020-06-27T17:42:36.383+0100: 1658.644: Total time for which application threads were stopped: 0.0001212 seconds, Stopping threads took: 0.0000575 seconds
2020-06-27T17:42:36.385+0100: 1658.645: Total time for which application threads were stopped: 0.0001169 seconds, Stopping threads took: 0.0000492 seconds
2020-06-27T17:42:36.468+0100: 1658.729: Total time for which application threads were stopped: 0.0001287 seconds, Stopping threads took: 0.0000577 seconds
{Heap before GC invocations=228 (full 15):
 par new generation   total 109248K, used 109248K [0x00000000e0000000, 0x00000000e8000000, 0x00000000e8000000)
  eden space 87424K, 100% used [0x00000000e0000000, 0x00000000e5560000, 0x00000000e5560000)
  from space 21824K, 100% used [0x00000000e5560000, 0x00000000e6ab0000, 0x00000000e6ab0000)
  to   space 21824K,   0% used [0x00000000e6ab0000, 0x00000000e6ab0000, 0x00000000e8000000)
 concurrent mark-sweep generation total 393216K, used 89478K [0x00000000e8000000, 0x0000000100000000, 0x0000000100000000)
 Metaspace       used 63152K, capacity 65018K, committed 65268K, reserved 1107968K
  class space    used 7335K, capacity 7762K, committed 7776K, reserved 1048576K
2020-06-27T17:42:36.487+0100: 1658.748: [GC (Allocation Failure) 2020-06-27T17:42:36.487+0100: 1658.748: [ParNew
Desired survivor size 20112992 bytes, new threshold 8 (max 8)
- age   1:    5699440 bytes,    5699440 total
- age   2:    4451744 bytes,   10151184 total
- age   3:        424 bytes,   10151608 total
- age   4:    3509336 bytes,   13660944 total
- age   5:    2359056 bytes,   16020000 total
- age   6:    1555576 bytes,   17575576 total
- age   7:    1100432 bytes,   18676008 total
- age   8:    3331616 bytes,   22007624 total
: 109248K->21824K(109248K), 0.0137756 secs] 198726K->115333K(502464K), 0.0138570 secs] [Times: user=0.06 sys=0.00, real=0.01 secs] 
Heap after GC invocations=229 (full 15):
 par new generation   total 109248K, used 21824K [0x00000000e0000000, 0x00000000e8000000, 0x00000000e8000000)
  eden space 87424K,   0% used [0x00000000e0000000, 0x00000000e0000000, 0x00000000e5560000)
  from space 21824K, 100% used [0x00000000e6ab0000, 0x00000000e8000000, 0x00000000e8000000)
  to   space 21824K,   0% used [0x00000000e5560000, 0x00000000e5560000, 0x00000000e6ab0000)
 concurrent mark-sweep generation total 393216K, used 93509K [0x00000000e8000000, 0x0000000100000000, 0x0000000100000000)
 Metaspace       used 63152K, capacity 65018K, committed 65268K, reserved 1107968K
  class space    used 7335K, capacity 7762K, committed 7776K, reserved 1048576K
}
2020-06-27T17:42:36.501+0100: 1658.762: Total time for which application threads were stopped: 0.0140890 seconds, Stopping threads took: 0.0000620 seconds
{Heap before GC invocations=229 (full 15):
 par new generation   total 109248K, used 109248K [0x00000000e0000000, 0x00000000e8000000, 0x00000000e8000000)
  eden space 87424K, 100% used [0x00000000e0000000, 0x00000000e5560000, 0x00000000e5560000)
  from space 21824K, 100% used [0x00000000e6ab0000, 0x00000000e8000000, 0x00000000e8000000)
  to   space 21824K,   0% used [0x00000000e5560000, 0x00000000e5560000, 0x00000000e6ab0000)
 concurrent mark-sweep generation total 393216K, used 93509K [0x00000000e8000000, 0x0000000100000000, 0x0000000100000000)
 Metaspace       used 63152K, capacity 65018K, committed 65268K, reserved 1107968K
  class space    used 7335K, capacity 7762K, committed 7776K, reserved 1048576K
2020-06-27T17:42:36.587+0100: 1658.848: [GC (Allocation Failure) 2020-06-27T17:42:36.587+0100: 1658.848: [ParNew
Desired survivor size 20112992 bytes, new threshold 7 (max 8)
- age   1:    5067424 bytes,    5067424 total
- age   2:    3942408 bytes,    9009832 total
- age   3:    4334456 bytes,   13344288 total
- age   4:        424 bytes,   13344712 total
- age   5:    3508088 bytes,   16852800 total
- age   6:    2356960 bytes,   19209760 total
- age   7:    1552104 bytes,   20761864 total
- age   8:     940064 bytes,   21701928 total
: 109248K->21824K(109248K), 0.0151280 secs] 202757K->123010K(502464K), 0.0151976 secs] [Times: user=0.05 sys=0.00, real=0.02 secs] 
Heap after GC invocations=230 (full 15):
 par new generation   total 109248K, used 21824K [0x00000000e0000000, 0x00000000e8000000, 0x00000000e8000000)
  eden space 87424K,   0% used [0x00000000e0000000, 0x00000000e0000000, 0x00000000e5560000)
  from space 21824K, 100% used [0x00000000e5560000, 0x00000000e6ab0000, 0x00000000e6ab0000)
  to   space 21824K,   0% used [0x00000000e6ab0000, 0x00000000e6ab0000, 0x00000000e8000000)
 concurrent mark-sweep generation total 393216K, used 101186K [0x00000000e8000000, 0x0000000100000000, 0x0000000100000000)
 Metaspace       used 63152K, capacity 65018K, committed 65268K, reserved 1107968K
  class space    used 7335K, capacity 7762K, committed 7776K, reserved 1048576K
}
2020-06-27T17:42:36.603+0100: 1658.863: Total time for which application threads were stopped: 0.0154345 seconds, Stopping threads took: 0.0000758 seconds
{Heap before GC invocations=230 (full 15):
 par new generation   total 109248K, used 109248K [0x00000000e0000000, 0x00000000e8000000, 0x00000000e8000000)
  eden space 87424K, 100% used [0x00000000e0000000, 0x00000000e5560000, 0x00000000e5560000)
  from space 21824K, 100% used [0x00000000e5560000, 0x00000000e6ab0000, 0x00000000e6ab0000)
  to   space 21824K,   0% used [0x00000000e6ab0000, 0x00000000e6ab0000, 0x00000000e8000000)
 concurrent mark-sweep generation total 393216K, used 101186K [0x00000000e8000000, 0x0000000100000000, 0x0000000100000000)
 Metaspace       used 63152K, capacity 65018K, committed 65268K, reserved 1107968K
  class space    used 7335K, capacity 7762K, committed 7776K, reserved 1048576K
2020-06-27T17:42:36.696+0100: 1658.956: [GC (Allocation Failure) 2020-06-27T17:42:36.696+0100: 1658.956: [ParNew
Desired survivor size 20112992 bytes, new threshold 7 (max 8)
- age   1:    7097656 bytes,    7097656 total
- age   2:    2022880 bytes,    9120536 total
- age   3:    3423368 bytes,   12543904 total
- age   4:    4330488 bytes,   16874392 total
- age   5:        360 bytes,   16874752 total
- age   6:    2830784 bytes,   19705536 total
- age   7:    2343776 bytes,   22049312 total
: 109248K->21824K(109248K), 0.0188661 secs] 210434K->131343K(502464K), 0.0189530 secs] [Times: user=0.06 sys=0.00, real=0.02 secs] 
Heap after GC invocations=231 (full 15):
 par new generation   total 109248K, used 21824K [0x00000000e0000000, 0x00000000e8000000, 0x00000000e8000000)
  eden space 87424K,   0% used [0x00000000e0000000, 0x00000000e0000000, 0x00000000e5560000)
  from space 21824K, 100% used [0x00000000e6ab0000, 0x00000000e8000000, 0x00000000e8000000)
  to   space 21824K,   0% used [0x00000000e5560000, 0x00000000e5560000, 0x00000000e6ab0000)
 concurrent mark-sweep generation total 393216K, used 109519K [0x00000000e8000000, 0x0000000100000000, 0x0000000100000000)
 Metaspace       used 63152K, capacity 65018K, committed 65268K, reserved 1107968K
  class space    used 7335K, capacity 7762K, committed 7776K, reserved 1048576K
}
2020-06-27T17:42:36.715+0100: 1658.975: Total time for which application threads were stopped: 0.0191981 seconds, Stopping threads took: 0.0000757 seconds
2020-06-27T17:42:37.275+0100: 1659.536: Total time for which application threads were stopped: 0.0001730 seconds, Stopping threads took: 0.0000882 seconds
2020-06-27T17:42:37.277+0100: 1659.538: Total time for which application threads were stopped: 0.0001225 seconds, Stopping threads took: 0.0000534 seconds
2020-06-27T17:42:37.277+0100: 1659.538: Total time for which application threads were stopped: 0.0000723 seconds, Stopping threads took: 0.0000215 seconds
2020-06-27T17:42:37.277+0100: 1659.538: Total time for which application threads were stopped: 0.0000547 seconds, Stopping threads took: 0.0000178 seconds
2020-06-27T17:42:51.371+0100: 1673.631: Total time for which application threads were stopped: 0.0002891 seconds, Stopping threads took: 0.0002305 seconds
2020-06-27T17:42:51.374+0100: 1673.635: Total time for which application threads were stopped: 0.0001394 seconds, Stopping threads took: 0.0000793 seconds
2020-06-27T17:42:51.375+0100: 1673.636: Total time for which application threads were stopped: 0.0001576 seconds, Stopping threads took: 0.0000972 seconds
2020-06-27T17:42:51.383+0100: 1673.644: Total time for which application threads were stopped: 0.0001712 seconds, Stopping threads took: 0.0000873 seconds
2020-06-27T17:42:51.385+0100: 1673.645: Total time for which application threads were stopped: 0.0002455 seconds, Stopping threads took: 0.0001559 seconds
2020-06-27T17:42:51.385+0100: 1673.646: Total time for which application threads were stopped: 0.0001480 seconds, Stopping threads took: 0.0000720 seconds
{Heap before GC invocations=231 (full 15):
 par new generation   total 109248K, used 109248K [0x00000000e0000000, 0x00000000e8000000, 0x00000000e8000000)
  eden space 87424K, 100% used [0x00000000e0000000, 0x00000000e5560000, 0x00000000e5560000)
  from space 21824K, 100% used [0x00000000e6ab0000, 0x00000000e8000000, 0x00000000e8000000)
  to   space 21824K,   0% used [0x00000000e5560000, 0x00000000e5560000, 0x00000000e6ab0000)
 concurrent mark-sweep generation total 393216K, used 109519K [0x00000000e8000000, 0x0000000100000000, 0x0000000100000000)
 Metaspace       used 63166K, capacity 65082K, committed 65268K, reserved 1107968K
  class space    used 7335K, capacity 7762K, committed 7776K, reserved 1048576K
2020-06-27T17:42:51.479+0100: 1673.740: [GC (Allocation Failure) 2020-06-27T17:42:51.479+0100: 1673.740: [ParNew
Desired survivor size 20112992 bytes, new threshold 7 (max 8)
- age   1:    5667952 bytes,    5667952 total
- age   2:    4547224 bytes,   10215176 total
- age   3:    1929696 bytes,   12144872 total
- age   4:    2585432 bytes,   14730304 total
- age   5:    4313304 bytes,   19043608 total
- age   6:        360 bytes,   19043968 total
- age   7:    2830784 bytes,   21874752 total
: 109248K->21824K(109248K), 0.0167819 secs] 218767K->139040K(502464K), 0.0168938 secs] [Times: user=0.06 sys=0.00, real=0.02 secs] 
Heap after GC invocations=232 (full 15):
 par new generation   total 109248K, used 21824K [0x00000000e0000000, 0x00000000e8000000, 0x00000000e8000000)
  eden space 87424K,   0% used [0x00000000e0000000, 0x00000000e0000000, 0x00000000e5560000)
  from space 21824K, 100% used [0x00000000e5560000, 0x00000000e6ab0000, 0x00000000e6ab0000)
  to   space 21824K,   0% used [0x00000000e6ab0000, 0x00000000e6ab0000, 0x00000000e8000000)
 concurrent mark-sweep generation total 393216K, used 117216K [0x00000000e8000000, 0x0000000100000000, 0x0000000100000000)
 Metaspace       used 63166K, capacity 65082K, committed 65268K, reserved 1107968K
  class space    used 7335K, capacity 7762K, committed 7776K, reserved 1048576K
}
2020-06-27T17:42:51.496+0100: 1673.757: Total time for which application threads were stopped: 0.0172582 seconds, Stopping threads took: 0.0000843 seconds
2020-06-27T17:42:51.508+0100: 1673.769: Total time for which application threads were stopped: 0.0002531 seconds, Stopping threads took: 0.0000901 seconds
{Heap before GC invocations=232 (full 15):
 par new generation   total 109248K, used 109248K [0x00000000e0000000, 0x00000000e8000000, 0x00000000e8000000)
  eden space 87424K, 100% used [0x00000000e0000000, 0x00000000e5560000, 0x00000000e5560000)
  from space 21824K, 100% used [0x00000000e5560000, 0x00000000e6ab0000, 0x00000000e6ab0000)
  to   space 21824K,   0% used [0x00000000e6ab0000, 0x00000000e6ab0000, 0x00000000e8000000)
 concurrent mark-sweep generation total 393216K, used 117216K [0x00000000e8000000, 0x0000000100000000, 0x0000000100000000)
 Metaspace       used 63167K, capacity 65082K, committed 65268K, reserved 1107968K
  class space    used 7335K, capacity 7762K, committed 7776K, reserved 1048576K
2020-06-27T17:42:51.611+0100: 1673.871: [GC (Allocation Failure) 2020-06-27T17:42:51.611+0100: 1673.871: [ParNew
Desired survivor size 20112992 bytes, new threshold 6 (max 8)
- age   1:    5196000 bytes,    5196000 total
- age   2:    3765584 bytes,    8961584 total
- age   3:    4547184 bytes,   13508768 total
- age   4:    1929328 bytes,   15438096 total
- age   5:    2583696 bytes,   18021792 total
- age   6:    4313304 bytes,   22335096 total
- age   7:        360 bytes,   22335456 total
: 109248K->21824K(109248K), 0.0168412 secs] 226464K->148867K(502464K), 0.0169084 secs] [Times: user=0.06 sys=0.00, real=0.02 secs] 
Heap after GC invocations=233 (full 15):
 par new generation   total 109248K, used 21824K [0x00000000e0000000, 0x00000000e8000000, 0x00000000e8000000)
  eden space 87424K,   0% used [0x00000000e0000000, 0x00000000e0000000, 0x00000000e5560000)
  from space 21824K, 100% used [0x00000000e6ab0000, 0x00000000e8000000, 0x00000000e8000000)
  to   space 21824K,   0% used [0x00000000e5560000, 0x00000000e5560000, 0x00000000e6ab0000)
 concurrent mark-sweep generation total 393216K, used 127043K [0x00000000e8000000, 0x0000000100000000, 0x0000000100000000)
 Metaspace       used 63167K, capacity 65082K, committed 65268K, reserved 1107968K
  class space    used 7335K, capacity 7762K, committed 7776K, reserved 1048576K
}
2020-06-27T17:42:51.628+0100: 1673.888: Total time for which application threads were stopped: 0.0171739 seconds, Stopping threads took: 0.0000658 seconds
{Heap before GC invocations=233 (full 15):
 par new generation   total 109248K, used 109248K [0x00000000e0000000, 0x00000000e8000000, 0x00000000e8000000)
  eden space 87424K, 100% used [0x00000000e0000000, 0x00000000e5560000, 0x00000000e5560000)
  from space 21824K, 100% used [0x00000000e6ab0000, 0x00000000e8000000, 0x00000000e8000000)
  to   space 21824K,   0% used [0x00000000e5560000, 0x00000000e5560000, 0x00000000e6ab0000)
 concurrent mark-sweep generation total 393216K, used 127043K [0x00000000e8000000, 0x0000000100000000, 0x0000000100000000)
 Metaspace       used 63168K, capacity 65082K, committed 65268K, reserved 1107968K
  class space    used 7335K, capacity 7762K, committed 7776K, reserved 1048576K
2020-06-27T17:42:51.716+0100: 1673.977: [GC (Allocation Failure) 2020-06-27T17:42:51.716+0100: 1673.977: [ParNew
Desired survivor size 20112992 bytes, new threshold 6 (max 8)
- age   1:    5996536 bytes,    5996536 total
- age   2:    3589096 bytes,    9585632 total
- age   3:    3473072 bytes,   13058704 total
- age   4:    4524048 bytes,   17582752 total
- age   5:    1926048 bytes,   19508800 total
- age   6:    2581912 bytes,   22090712 total
: 109248K->21824K(109248K), 0.0193379 secs] 236291K->159235K(502464K), 0.0194082 secs] [Times: user=0.06 sys=0.00, real=0.02 secs] 
Heap after GC invocations=234 (full 15):
 par new generation   total 109248K, used 21824K [0x00000000e0000000, 0x00000000e8000000, 0x00000000e8000000)
  eden space 87424K,   0% used [0x00000000e0000000, 0x00000000e0000000, 0x00000000e5560000)
  from space 21824K, 100% used [0x00000000e5560000, 0x00000000e6ab0000, 0x00000000e6ab0000)
  to   space 21824K,   0% used [0x00000000e6ab0000, 0x00000000e6ab0000, 0x00000000e8000000)
 concurrent mark-sweep generation total 393216K, used 137411K [0x00000000e8000000, 0x0000000100000000, 0x0000000100000000)
 Metaspace       used 63168K, capacity 65082K, committed 65268K, reserved 1107968K
  class space    used 7335K, capacity 7762K, committed 7776K, reserved 1048576K
}
2020-06-27T17:42:51.736+0100: 1673.996: Total time for which application threads were stopped: 0.0196388 seconds, Stopping threads took: 0.0000687 seconds
2020-06-27T17:42:52.267+0100: 1674.528: Total time for which application threads were stopped: 0.0002162 seconds, Stopping threads took: 0.0001515 seconds
2020-06-27T17:42:52.268+0100: 1674.528: Total time for which application threads were stopped: 0.0001626 seconds, Stopping threads took: 0.0000753 seconds
2020-06-27T17:42:52.269+0100: 1674.530: Total time for which application threads were stopped: 0.0001045 seconds, Stopping threads took: 0.0000506 seconds
2020-06-27T17:42:52.270+0100: 1674.530: Total time for which application threads were stopped: 0.0000933 seconds, Stopping threads took: 0.0000573 seconds
2020-06-27T17:42:52.270+0100: 1674.530: Total time for which application threads were stopped: 0.0001511 seconds, Stopping threads took: 0.0000152 seconds
2020-06-27T17:42:55.631+0100: 1677.891: Total time for which application threads were stopped: 0.0001991 seconds, Stopping threads took: 0.0001483 seconds
2020-06-27T17:42:55.633+0100: 1677.894: Total time for which application threads were stopped: 0.0001377 seconds, Stopping threads took: 0.0000737 seconds
2020-06-27T17:42:55.635+0100: 1677.895: Total time for which application threads were stopped: 0.0002789 seconds, Stopping threads took: 0.0001836 seconds
{Heap before GC invocations=234 (full 15):
 par new generation   total 109248K, used 109248K [0x00000000e0000000, 0x00000000e8000000, 0x00000000e8000000)
  eden space 87424K, 100% used [0x00000000e0000000, 0x00000000e5560000, 0x00000000e5560000)
  from space 21824K, 100% used [0x00000000e5560000, 0x00000000e6ab0000, 0x00000000e6ab0000)
  to   space 21824K,   0% used [0x00000000e6ab0000, 0x00000000e6ab0000, 0x00000000e8000000)
 concurrent mark-sweep generation total 393216K, used 137411K [0x00000000e8000000, 0x0000000100000000, 0x0000000100000000)
 Metaspace       used 63190K, capacity 65082K, committed 65268K, reserved 1107968K
  class space    used 7335K, capacity 7762K, committed 7776K, reserved 1048576K
2020-06-27T17:42:55.733+0100: 1677.994: [GC (Allocation Failure) 2020-06-27T17:42:55.734+0100: 1677.994: [ParNew
Desired survivor size 20112992 bytes, new threshold 6 (max 8)
- age   1:    4396400 bytes,    4396400 total
- age   2:    4719608 bytes,    9116008 total
- age   3:    3569416 bytes,   12685424 total
- age   4:    2899320 bytes,   15584744 total
- age   5:    4087176 bytes,   19671920 total
- age   6:    1863392 bytes,   21535312 total
: 109248K->21824K(109248K), 0.0167144 secs] 246659K->169464K(502464K), 0.0168320 secs] [Times: user=0.06 sys=0.00, real=0.02 secs] 
Heap after GC invocations=235 (full 15):
 par new generation   total 109248K, used 21824K [0x00000000e0000000, 0x00000000e8000000, 0x00000000e8000000)
  eden space 87424K,   0% used [0x00000000e0000000, 0x00000000e0000000, 0x00000000e5560000)
  from space 21824K, 100% used [0x00000000e6ab0000, 0x00000000e8000000, 0x00000000e8000000)
  to   space 21824K,   0% used [0x00000000e5560000, 0x00000000e5560000, 0x00000000e6ab0000)
 concurrent mark-sweep generation total 393216K, used 147640K [0x00000000e8000000, 0x0000000100000000, 0x0000000100000000)
 Metaspace       used 63190K, capacity 65082K, committed 65268K, reserved 1107968K
  class space    used 7335K, capacity 7762K, committed 7776K, reserved 1048576K
}
2020-06-27T17:42:55.750+0100: 1678.011: Total time for which application threads were stopped: 0.0171110 seconds, Stopping threads took: 0.0000665 seconds
2020-06-27T17:42:55.767+0100: 1678.028: Total time for which application threads were stopped: 0.0001339 seconds, Stopping threads took: 0.0000616 seconds
{Heap before GC invocations=235 (full 15):
 par new generation   total 109248K, used 109248K [0x00000000e0000000, 0x00000000e8000000, 0x00000000e8000000)
  eden space 87424K, 100% used [0x00000000e0000000, 0x00000000e5560000, 0x00000000e5560000)
  from space 21824K, 100% used [0x00000000e6ab0000, 0x00000000e8000000, 0x00000000e8000000)
  to   space 21824K,   0% used [0x00000000e5560000, 0x00000000e5560000, 0x00000000e6ab0000)
 concurrent mark-sweep generation total 393216K, used 147640K [0x00000000e8000000, 0x0000000100000000, 0x0000000100000000)
 Metaspace       used 63190K, capacity 65082K, committed 65268K, reserved 1107968K
  class space    used 7335K, capacity 7762K, committed 7776K, reserved 1048576K
2020-06-27T17:42:55.837+0100: 1678.097: [GC (Allocation Failure) 2020-06-27T17:42:55.837+0100: 1678.097: [ParNew
Desired survivor size 20112992 bytes, new threshold 6 (max 8)
- age   1:    4267968 bytes,    4267968 total
- age   2:    2426968 bytes,    6694936 total
- age   3:    4567072 bytes,   11262008 total
- age   4:    3569312 bytes,   14831320 total
- age   5:    2898728 bytes,   17730048 total
- age   6:    4087176 bytes,   21817224 total
: 109248K->21824K(109248K), 0.0161436 secs] 256888K->180026K(502464K), 0.0162071 secs] [Times: user=0.06 sys=0.00, real=0.02 secs] 
Heap after GC invocations=236 (full 15):
 par new generation   total 109248K, used 21824K [0x00000000e0000000, 0x00000000e8000000, 0x00000000e8000000)
  eden space 87424K,   0% used [0x00000000e0000000, 0x00000000e0000000, 0x00000000e5560000)
  from space 21824K, 100% used [0x00000000e5560000, 0x00000000e6ab0000, 0x00000000e6ab0000)
  to   space 21824K,   0% used [0x00000000e6ab0000, 0x00000000e6ab0000, 0x00000000e8000000)
 concurrent mark-sweep generation total 393216K, used 158202K [0x00000000e8000000, 0x0000000100000000, 0x0000000100000000)
 Metaspace       used 63190K, capacity 65082K, committed 65268K, reserved 1107968K
  class space    used 7335K, capacity 7762K, committed 7776K, reserved 1048576K
}
2020-06-27T17:42:55.853+0100: 1678.114: Total time for which application threads were stopped: 0.0164359 seconds, Stopping threads took: 0.0000659 seconds
{Heap before GC invocations=236 (full 15):
 par new generation   total 109248K, used 109248K [0x00000000e0000000, 0x00000000e8000000, 0x00000000e8000000)
  eden space 87424K, 100% used [0x00000000e0000000, 0x00000000e5560000, 0x00000000e5560000)
  from space 21824K, 100% used [0x00000000e5560000, 0x00000000e6ab0000, 0x00000000e6ab0000)
  to   space 21824K,   0% used [0x00000000e6ab0000, 0x00000000e6ab0000, 0x00000000e8000000)
 concurrent mark-sweep generation total 393216K, used 158202K [0x00000000e8000000, 0x0000000100000000, 0x0000000100000000)
 Metaspace       used 63191K, capacity 65082K, committed 65268K, reserved 1107968K
  class space    used 7335K, capacity 7762K, committed 7776K, reserved 1048576K
2020-06-27T17:42:55.940+0100: 1678.201: [GC (Allocation Failure) 2020-06-27T17:42:55.940+0100: 1678.201: [ParNew
Desired survivor size 20112992 bytes, new threshold 6 (max 8)
- age   1:    5173528 bytes,    5173528 total
- age   2:    2386744 bytes,    7560272 total
- age   3:    2373032 bytes,    9933304 total
- age   4:    4566808 bytes,   14500112 total
- age   5:    3515424 bytes,   18015536 total
- age   6:    2811472 bytes,   20827008 total
: 109248K->21824K(109248K), 0.0167405 secs] 267450K->189275K(502464K), 0.0168086 secs] [Times: user=0.06 sys=0.00, real=0.02 secs] 
Heap after GC invocations=237 (full 15):
 par new generation   total 109248K, used 21824K [0x00000000e0000000, 0x00000000e8000000, 0x00000000e8000000)
  eden space 87424K,   0% used [0x00000000e0000000, 0x00000000e0000000, 0x00000000e5560000)
  from space 21824K, 100% used [0x00000000e6ab0000, 0x00000000e8000000, 0x00000000e8000000)
  to   space 21824K,   0% used [0x00000000e5560000, 0x00000000e5560000, 0x00000000e6ab0000)
 concurrent mark-sweep generation total 393216K, used 167451K [0x00000000e8000000, 0x0000000100000000, 0x0000000100000000)
 Metaspace       used 63191K, capacity 65082K, committed 65268K, reserved 1107968K
  class space    used 7335K, capacity 7762K, committed 7776K, reserved 1048576K
}
2020-06-27T17:42:55.957+0100: 1678.218: Total time for which application threads were stopped: 0.0170391 seconds, Stopping threads took: 0.0000711 seconds
2020-06-27T17:42:56.958+0100: 1679.218: Total time for which application threads were stopped: 0.0001826 seconds, Stopping threads took: 0.0000921 seconds
2020-06-27T17:42:57.060+0100: 1679.320: Total time for which application threads were stopped: 0.0001927 seconds, Stopping threads took: 0.0001012 seconds
2020-06-27T17:42:57.062+0100: 1679.323: Total time for which application threads were stopped: 0.0002056 seconds, Stopping threads took: 0.0000642 seconds
2020-06-27T17:42:57.063+0100: 1679.324: Total time for which application threads were stopped: 0.0001695 seconds, Stopping threads took: 0.0000611 seconds
2020-06-27T17:43:10.643+0100: 1692.904: Total time for which application threads were stopped: 0.0001350 seconds, Stopping threads took: 0.0000439 seconds
2020-06-27T17:44:27.679+0100: 1769.940: Total time for which application threads were stopped: 0.0001243 seconds, Stopping threads took: 0.0000494 seconds
2020-06-27T17:47:26.424+0100: 1948.685: Total time for which application threads were stopped: 0.0003069 seconds, Stopping threads took: 0.0002290 seconds
2020-06-27T17:47:26.436+0100: 1948.696: Total time for which application threads were stopped: 0.0002223 seconds, Stopping threads took: 0.0001504 seconds
2020-06-27T17:47:26.437+0100: 1948.698: Total time for which application threads were stopped: 0.0002318 seconds, Stopping threads took: 0.0001638 seconds
{Heap before GC invocations=237 (full 15):
 par new generation   total 109248K, used 109248K [0x00000000e0000000, 0x00000000e8000000, 0x00000000e8000000)
  eden space 87424K, 100% used [0x00000000e0000000, 0x00000000e5560000, 0x00000000e5560000)
  from space 21824K, 100% used [0x00000000e6ab0000, 0x00000000e8000000, 0x00000000e8000000)
  to   space 21824K,   0% used [0x00000000e5560000, 0x00000000e5560000, 0x00000000e6ab0000)
 concurrent mark-sweep generation total 393216K, used 167451K [0x00000000e8000000, 0x0000000100000000, 0x0000000100000000)
 Metaspace       used 63198K, capacity 65082K, committed 65268K, reserved 1107968K
  class space    used 7335K, capacity 7762K, committed 7776K, reserved 1048576K
2020-06-27T17:47:26.508+0100: 1948.768: [GC (Allocation Failure) 2020-06-27T17:47:26.508+0100: 1948.768: [ParNew
Desired survivor size 20112992 bytes, new threshold 6 (max 8)
- age   1:    5700288 bytes,    5700288 total
- age   2:    3855864 bytes,    9556152 total
- age   3:    2386280 bytes,   11942432 total
- age   4:    2292616 bytes,   14235048 total
- age   5:    4566808 bytes,   18801856 total
- age   6:    3515424 bytes,   22317280 total
: 109248K->21824K(109248K), 0.0159774 secs] 276699K->194933K(502464K), 0.0160727 secs] [Times: user=0.06 sys=0.00, real=0.02 secs] 
Heap after GC invocations=238 (full 15):
 par new generation   total 109248K, used 21824K [0x00000000e0000000, 0x00000000e8000000, 0x00000000e8000000)
  eden space 87424K,   0% used [0x00000000e0000000, 0x00000000e0000000, 0x00000000e5560000)
  from space 21824K, 100% used [0x00000000e5560000, 0x00000000e6ab0000, 0x00000000e6ab0000)
  to   space 21824K,   0% used [0x00000000e6ab0000, 0x00000000e6ab0000, 0x00000000e8000000)
 concurrent mark-sweep generation total 393216K, used 173109K [0x00000000e8000000, 0x0000000100000000, 0x0000000100000000)
 Metaspace       used 63198K, capacity 65082K, committed 65268K, reserved 1107968K
  class space    used 7335K, capacity 7762K, committed 7776K, reserved 1048576K
}
2020-06-27T17:47:26.524+0100: 1948.784: Total time for which application threads were stopped: 0.0163561 seconds, Stopping threads took: 0.0000784 seconds
2020-06-27T17:47:26.561+0100: 1948.822: Total time for which application threads were stopped: 0.0001286 seconds, Stopping threads took: 0.0000590 seconds
{Heap before GC invocations=238 (full 15):
 par new generation   total 109248K, used 109248K [0x00000000e0000000, 0x00000000e8000000, 0x00000000e8000000)
  eden space 87424K, 100% used [0x00000000e0000000, 0x00000000e5560000, 0x00000000e5560000)
  from space 21824K, 100% used [0x00000000e5560000, 0x00000000e6ab0000, 0x00000000e6ab0000)
  to   space 21824K,   0% used [0x00000000e6ab0000, 0x00000000e6ab0000, 0x00000000e8000000)
 concurrent mark-sweep generation total 393216K, used 173109K [0x00000000e8000000, 0x0000000100000000, 0x0000000100000000)
 Metaspace       used 63231K, capacity 65082K, committed 65268K, reserved 1107968K
  class space    used 7335K, capacity 7762K, committed 7776K, reserved 1048576K
2020-06-27T17:47:26.617+0100: 1948.877: [GC (Allocation Failure) 2020-06-27T17:47:26.617+0100: 1948.877: [ParNew
Desired survivor size 20112992 bytes, new threshold 6 (max 8)
- age   1:    3395184 bytes,    3395184 total
- age   2:    4715720 bytes,    8110904 total
- age   3:    3687576 bytes,   11798480 total
- age   4:    2312600 bytes,   14111080 total
- age   5:    2291688 bytes,   16402768 total
- age   6:    4566744 bytes,   20969512 total
: 109248K->21824K(109248K), 0.0155303 secs] 282357K->204726K(502464K), 0.0156024 secs] [Times: user=0.02 sys=0.00, real=0.01 secs] 
Heap after GC invocations=239 (full 15):
 par new generation   total 109248K, used 21824K [0x00000000e0000000, 0x00000000e8000000, 0x00000000e8000000)
  eden space 87424K,   0% used [0x00000000e0000000, 0x00000000e0000000, 0x00000000e5560000)
  from space 21824K, 100% used [0x00000000e6ab0000, 0x00000000e8000000, 0x00000000e8000000)
  to   space 21824K,   0% used [0x00000000e5560000, 0x00000000e5560000, 0x00000000e6ab0000)
 concurrent mark-sweep generation total 393216K, used 182902K [0x00000000e8000000, 0x0000000100000000, 0x0000000100000000)
 Metaspace       used 63231K, capacity 65082K, committed 65268K, reserved 1107968K
  class space    used 7335K, capacity 7762K, committed 7776K, reserved 1048576K
}
2020-06-27T17:47:26.632+0100: 1948.893: Total time for which application threads were stopped: 0.0158425 seconds, Stopping threads took: 0.0000565 seconds
{Heap before GC invocations=239 (full 15):
 par new generation   total 109248K, used 109248K [0x00000000e0000000, 0x00000000e8000000, 0x00000000e8000000)
  eden space 87424K, 100% used [0x00000000e0000000, 0x00000000e5560000, 0x00000000e5560000)
  from space 21824K, 100% used [0x00000000e6ab0000, 0x00000000e8000000, 0x00000000e8000000)
  to   space 21824K,   0% used [0x00000000e5560000, 0x00000000e5560000, 0x00000000e6ab0000)
 concurrent mark-sweep generation total 393216K, used 182902K [0x00000000e8000000, 0x0000000100000000, 0x0000000100000000)
 Metaspace       used 63231K, capacity 65082K, committed 65268K, reserved 1107968K
  class space    used 7335K, capacity 7762K, committed 7776K, reserved 1048576K
2020-06-27T17:47:26.765+0100: 1949.025: [GC (Allocation Failure) 2020-06-27T17:47:26.765+0100: 1949.025: [ParNew
Desired survivor size 20112992 bytes, new threshold 8 (max 8)
- age   1:    4186184 bytes,    4186184 total
- age   2:    2616384 bytes,    6802568 total
- age   3:    4690760 bytes,   11493328 total
- age   4:    3680008 bytes,   15173336 total
- age   5:    2312600 bytes,   17485936 total
- age   6:    2285696 bytes,   19771632 total
: 109248K->21824K(109248K), 0.0147271 secs] 292150K->211459K(502464K), 0.0147961 secs] [Times: user=0.06 sys=0.00, real=0.01 secs] 
Heap after GC invocations=240 (full 15):
 par new generation   total 109248K, used 21824K [0x00000000e0000000, 0x00000000e8000000, 0x00000000e8000000)
  eden space 87424K,   0% used [0x00000000e0000000, 0x00000000e0000000, 0x00000000e5560000)
  from space 21824K, 100% used [0x00000000e5560000, 0x00000000e6ab0000, 0x00000000e6ab0000)
  to   space 21824K,   0% used [0x00000000e6ab0000, 0x00000000e6ab0000, 0x00000000e8000000)
 concurrent mark-sweep generation total 393216K, used 189635K [0x00000000e8000000, 0x0000000100000000, 0x0000000100000000)
 Metaspace       used 63231K, capacity 65082K, committed 65268K, reserved 1107968K
  class space    used 7335K, capacity 7762K, committed 7776K, reserved 1048576K
}
2020-06-27T17:47:26.780+0100: 1949.040: Total time for which application threads were stopped: 0.0150210 seconds, Stopping threads took: 0.0000659 seconds
{Heap before GC invocations=240 (full 15):
 par new generation   total 109248K, used 109248K [0x00000000e0000000, 0x00000000e8000000, 0x00000000e8000000)
  eden space 87424K, 100% used [0x00000000e0000000, 0x00000000e5560000, 0x00000000e5560000)
  from space 21824K, 100% used [0x00000000e5560000, 0x00000000e6ab0000, 0x00000000e6ab0000)
  to   space 21824K,   0% used [0x00000000e6ab0000, 0x00000000e6ab0000, 0x00000000e8000000)
 concurrent mark-sweep generation total 393216K, used 189635K [0x00000000e8000000, 0x0000000100000000, 0x0000000100000000)
 Metaspace       used 63245K, capacity 65082K, committed 65268K, reserved 1107968K
  class space    used 7336K, capacity 7762K, committed 7776K, reserved 1048576K
2020-06-27T17:47:27.082+0100: 1949.342: [GC (Allocation Failure) 2020-06-27T17:47:27.082+0100: 1949.342: [ParNew
Desired survivor size 20112992 bytes, new threshold 7 (max 8)
- age   1:    3796200 bytes,    3796200 total
- age   2:    2856968 bytes,    6653168 total
- age   3:    2521104 bytes,    9174272 total
- age   4:    4568912 bytes,   13743184 total
- age   5:    3674904 bytes,   17418088 total
- age   6:    2282560 bytes,   19700648 total
- age   7:    1885128 bytes,   21585776 total
: 109248K->21824K(109248K), 0.0158677 secs] 298883K->217849K(502464K), 0.0159894 secs] [Times: user=0.06 sys=0.00, real=0.02 secs] 
Heap after GC invocations=241 (full 15):
 par new generation   total 109248K, used 21824K [0x00000000e0000000, 0x00000000e8000000, 0x00000000e8000000)
  eden space 87424K,   0% used [0x00000000e0000000, 0x00000000e0000000, 0x00000000e5560000)
  from space 21824K, 100% used [0x00000000e6ab0000, 0x00000000e8000000, 0x00000000e8000000)
  to   space 21824K,   0% used [0x00000000e5560000, 0x00000000e5560000, 0x00000000e6ab0000)
 concurrent mark-sweep generation total 393216K, used 196025K [0x00000000e8000000, 0x0000000100000000, 0x0000000100000000)
 Metaspace       used 63245K, capacity 65082K, committed 65268K, reserved 1107968K
  class space    used 7336K, capacity 7762K, committed 7776K, reserved 1048576K
}
2020-06-27T17:47:27.098+0100: 1949.358: Total time for which application threads were stopped: 0.0163587 seconds, Stopping threads took: 0.0000943 seconds
{Heap before GC invocations=241 (full 15):
 par new generation   total 109248K, used 109248K [0x00000000e0000000, 0x00000000e8000000, 0x00000000e8000000)
  eden space 87424K, 100% used [0x00000000e0000000, 0x00000000e5560000, 0x00000000e5560000)
  from space 21824K, 100% used [0x00000000e6ab0000, 0x00000000e8000000, 0x00000000e8000000)
  to   space 21824K,   0% used [0x00000000e5560000, 0x00000000e5560000, 0x00000000e6ab0000)
 concurrent mark-sweep generation total 393216K, used 196025K [0x00000000e8000000, 0x0000000100000000, 0x0000000100000000)
 Metaspace       used 63245K, capacity 65082K, committed 65268K, reserved 1107968K
  class space    used 7336K, capacity 7762K, committed 7776K, reserved 1048576K
2020-06-27T17:47:27.269+0100: 1949.530: [GC (Allocation Failure) 2020-06-27T17:47:27.269+0100: 1949.530: [ParNew
Desired survivor size 20112992 bytes, new threshold 7 (max 8)
- age   1:    3483912 bytes,    3483912 total
- age   2:    3012072 bytes,    6495984 total
- age   3:    2854200 bytes,    9350184 total
- age   4:    2509616 bytes,   11859800 total
- age   5:    4525240 bytes,   16385040 total
- age   6:    3674856 bytes,   20059896 total
- age   7:    2282560 bytes,   22342456 total
: 109248K->21824K(109248K), 0.0177565 secs] 305273K->224773K(502464K), 0.0178604 secs] [Times: user=0.06 sys=0.00, real=0.02 secs] 
Heap after GC invocations=242 (full 15):
 par new generation   total 109248K, used 21824K [0x00000000e0000000, 0x00000000e8000000, 0x00000000e8000000)
  eden space 87424K,   0% used [0x00000000e0000000, 0x00000000e0000000, 0x00000000e5560000)
  from space 21824K, 100% used [0x00000000e5560000, 0x00000000e6ab0000, 0x00000000e6ab0000)
  to   space 21824K,   0% used [0x00000000e6ab0000, 0x00000000e6ab0000, 0x00000000e8000000)
 concurrent mark-sweep generation total 393216K, used 202949K [0x00000000e8000000, 0x0000000100000000, 0x0000000100000000)
 Metaspace       used 63245K, capacity 65082K, committed 65268K, reserved 1107968K
  class space    used 7336K, capacity 7762K, committed 7776K, reserved 1048576K
}
2020-06-27T17:47:27.287+0100: 1949.548: Total time for which application threads were stopped: 0.0182132 seconds, Stopping threads took: 0.0000706 seconds
2020-06-27T17:47:27.287+0100: 1949.548: [GC (CMS Initial Mark) [1 CMS-initial-mark: 202949K(393216K)] 226301K(502464K), 0.0037461 secs] [Times: user=0.05 sys=0.02, real=0.00 secs] 
2020-06-27T17:47:27.291+0100: 1949.552: Total time for which application threads were stopped: 0.0039827 seconds, Stopping threads took: 0.0000820 seconds
2020-06-27T17:47:27.291+0100: 1949.552: [CMS-concurrent-mark-start]
2020-06-27T17:47:27.323+0100: 1949.583: [CMS-concurrent-mark: 0.032/0.032 secs] [Times: user=0.13 sys=0.00, real=0.03 secs] 
2020-06-27T17:47:27.323+0100: 1949.583: [CMS-concurrent-preclean-start]
2020-06-27T17:47:27.324+0100: 1949.585: [CMS-concurrent-preclean: 0.001/0.001 secs] [Times: user=0.00 sys=0.00, real=0.00 secs] 
2020-06-27T17:47:27.339+0100: 1949.600: [GC (CMS Final Remark) [YG occupancy: 30995 K (109248 K)]{Heap before GC invocations=242 (full 16):
 par new generation   total 109248K, used 30995K [0x00000000e0000000, 0x00000000e8000000, 0x00000000e8000000)
  eden space 87424K,  10% used [0x00000000e0000000, 0x00000000e08f4dd0, 0x00000000e5560000)
  from space 21824K, 100% used [0x00000000e5560000, 0x00000000e6ab0000, 0x00000000e6ab0000)
  to   space 21824K,   0% used [0x00000000e6ab0000, 0x00000000e6ab0000, 0x00000000e8000000)
 concurrent mark-sweep generation total 393216K, used 202949K [0x00000000e8000000, 0x0000000100000000, 0x0000000100000000)
 Metaspace       used 63245K, capacity 65082K, committed 65268K, reserved 1107968K
  class space    used 7336K, capacity 7762K, committed 7776K, reserved 1048576K
2020-06-27T17:47:27.339+0100: 1949.600: [GC (CMS Final Remark) 2020-06-27T17:47:27.339+0100: 1949.600: [ParNew
Desired survivor size 20112992 bytes, new threshold 8 (max 8)
- age   1:     204704 bytes,     204704 total
- age   2:    2569512 bytes,    2774216 total
- age   3:    3012008 bytes,    5786224 total
- age   4:    2853032 bytes,    8639256 total
- age   5:    2509616 bytes,   11148872 total
- age   6:    4525208 bytes,   15674080 total
- age   7:    3674392 bytes,   19348472 total
: 30995K->21824K(109248K), 0.0120262 secs] 233944K->227460K(502464K), 0.0121147 secs] [Times: user=0.06 sys=0.00, real=0.01 secs] 
Heap after GC invocations=243 (full 16):
 par new generation   total 109248K, used 21824K [0x00000000e0000000, 0x00000000e8000000, 0x00000000e8000000)
  eden space 87424K,   0% used [0x00000000e0000000, 0x00000000e0000000, 0x00000000e5560000)
  from space 21824K, 100% used [0x00000000e6ab0000, 0x00000000e8000000, 0x00000000e8000000)
  to   space 21824K,   0% used [0x00000000e5560000, 0x00000000e5560000, 0x00000000e6ab0000)
 concurrent mark-sweep generation total 393216K, used 205636K [0x00000000e8000000, 0x0000000100000000, 0x0000000100000000)
 Metaspace       used 63245K, capacity 65082K, committed 65268K, reserved 1107968K
  class space    used 7336K, capacity 7762K, committed 7776K, reserved 1048576K
}
2020-06-27T17:47:27.352+0100: 1949.612: [Rescan (parallel) , 0.0050650 secs]2020-06-27T17:47:27.357+0100: 1949.617: [weak refs processing, 0.0065538 secs]2020-06-27T17:47:27.363+0100: 1949.624: [class unloading, 0.0173177 secs]2020-06-27T17:47:27.381+0100: 1949.641: [scrub symbol table, 0.0121003 secs]2020-06-27T17:47:27.393+0100: 1949.653: [scrub string table, 0.0007812 secs][1 CMS-remark: 205636K(393216K)] 227460K(502464K), 0.0544659 secs] [Times: user=0.13 sys=0.00, real=0.06 secs] 
2020-06-27T17:47:27.394+0100: 1949.654: Total time for which application threads were stopped: 0.0552414 seconds, Stopping threads took: 0.0006385 seconds
2020-06-27T17:47:27.394+0100: 1949.655: [CMS-concurrent-sweep-start]
2020-06-27T17:47:27.476+0100: 1949.736: [CMS-concurrent-sweep: 0.082/0.082 secs] [Times: user=0.33 sys=0.03, real=0.08 secs] 
2020-06-27T17:47:27.476+0100: 1949.737: [CMS-concurrent-reset-start]
2020-06-27T17:47:27.477+0100: 1949.737: [CMS-concurrent-reset: 0.001/0.001 secs] [Times: user=0.00 sys=0.00, real=0.00 secs] 
2020-06-27T17:47:27.477+0100: 1949.738: Total time for which application threads were stopped: 0.0004985 seconds, Stopping threads took: 0.0004079 seconds
2020-06-27T17:47:27.478+0100: 1949.738: Total time for which application threads were stopped: 0.0001320 seconds, Stopping threads took: 0.0000441 seconds
2020-06-27T17:47:27.483+0100: 1949.744: Total time for which application threads were stopped: 0.0002840 seconds, Stopping threads took: 0.0001991 seconds
2020-06-27T17:47:27.511+0100: 1949.772: Total time for which application threads were stopped: 0.0006343 seconds, Stopping threads took: 0.0005504 seconds
2020-06-27T17:47:27.512+0100: 1949.772: Total time for which application threads were stopped: 0.0001435 seconds, Stopping threads took: 0.0000526 seconds
2020-06-27T17:47:27.512+0100: 1949.772: Total time for which application threads were stopped: 0.0001074 seconds, Stopping threads took: 0.0000392 seconds
2020-06-27T17:47:27.512+0100: 1949.773: Total time for which application threads were stopped: 0.0001462 seconds, Stopping threads took: 0.0000513 seconds
2020-06-27T17:47:27.517+0100: 1949.777: Total time for which application threads were stopped: 0.0002581 seconds, Stopping threads took: 0.0001554 seconds
2020-06-27T17:47:27.517+0100: 1949.778: Total time for which application threads were stopped: 0.0001256 seconds, Stopping threads took: 0.0000483 seconds
2020-06-27T17:47:27.537+0100: 1949.797: Total time for which application threads were stopped: 0.0002370 seconds, Stopping threads took: 0.0000726 seconds
2020-06-27T17:47:27.537+0100: 1949.798: Total time for which application threads were stopped: 0.0001585 seconds, Stopping threads took: 0.0000455 seconds
2020-06-27T17:47:27.547+0100: 1949.808: Total time for which application threads were stopped: 0.0005592 seconds, Stopping threads took: 0.0004501 seconds
{Heap before GC invocations=243 (full 16):
 par new generation   total 109248K, used 109248K [0x00000000e0000000, 0x00000000e8000000, 0x00000000e8000000)
  eden space 87424K, 100% used [0x00000000e0000000, 0x00000000e5560000, 0x00000000e5560000)
  from space 21824K, 100% used [0x00000000e6ab0000, 0x00000000e8000000, 0x00000000e8000000)
  to   space 21824K,   0% used [0x00000000e5560000, 0x00000000e5560000, 0x00000000e6ab0000)
 concurrent mark-sweep generation total 393216K, used 94396K [0x00000000e8000000, 0x0000000100000000, 0x0000000100000000)
 Metaspace       used 63245K, capacity 65082K, committed 65268K, reserved 1107968K
  class space    used 7336K, capacity 7762K, committed 7776K, reserved 1048576K
2020-06-27T17:47:27.606+0100: 1949.867: [GC (Allocation Failure) 2020-06-27T17:47:27.607+0100: 1949.867: [ParNew
Desired survivor size 20112992 bytes, new threshold 8 (max 8)
- age   1:    3637176 bytes,    3637176 total
- age   2:     200544 bytes,    3837720 total
- age   3:    2566712 bytes,    6404432 total
- age   4:    3011000 bytes,    9415432 total
- age   5:    2652120 bytes,   12067552 total
- age   6:     949144 bytes,   13016696 total
- age   7:    3749176 bytes,   16765872 total
- age   8:    3120640 bytes,   19886512 total
: 109248K->21824K(109248K), 0.0127287 secs] 203644K->118451K(502464K), 0.0129743 secs] [Times: user=0.06 sys=0.00, real=0.01 secs] 
Heap after GC invocations=244 (full 16):
 par new generation   total 109248K, used 21824K [0x00000000e0000000, 0x00000000e8000000, 0x00000000e8000000)
  eden space 87424K,   0% used [0x00000000e0000000, 0x00000000e0000000, 0x00000000e5560000)
  from space 21824K, 100% used [0x00000000e5560000, 0x00000000e6ab0000, 0x00000000e6ab0000)
  to   space 21824K,   0% used [0x00000000e6ab0000, 0x00000000e6ab0000, 0x00000000e8000000)
 concurrent mark-sweep generation total 393216K, used 96627K [0x00000000e8000000, 0x0000000100000000, 0x0000000100000000)
 Metaspace       used 63245K, capacity 65082K, committed 65268K, reserved 1107968K
  class space    used 7336K, capacity 7762K, committed 7776K, reserved 1048576K
}
2020-06-27T17:47:27.619+0100: 1949.880: Total time for which application threads were stopped: 0.0133178 seconds, Stopping threads took: 0.0000823 seconds
2020-06-27T17:47:27.639+0100: 1949.899: Total time for which application threads were stopped: 0.0002113 seconds, Stopping threads took: 0.0000779 seconds
2020-06-27T17:47:27.639+0100: 1949.899: Total time for which application threads were stopped: 0.0001260 seconds, Stopping threads took: 0.0000469 seconds
2020-06-27T17:47:27.639+0100: 1949.899: Total time for which application threads were stopped: 0.0002025 seconds, Stopping threads took: 0.0001321 seconds
2020-06-27T17:47:27.639+0100: 1949.900: Total time for which application threads were stopped: 0.0001151 seconds, Stopping threads took: 0.0000457 seconds
2020-06-27T17:47:27.639+0100: 1949.900: Total time for which application threads were stopped: 0.0001114 seconds, Stopping threads took: 0.0000450 seconds
2020-06-27T17:47:27.639+0100: 1949.900: Total time for which application threads were stopped: 0.0001218 seconds, Stopping threads took: 0.0000444 seconds
2020-06-27T17:47:27.640+0100: 1949.900: Total time for which application threads were stopped: 0.0001061 seconds, Stopping threads took: 0.0000401 seconds
2020-06-27T17:47:27.640+0100: 1949.900: Total time for which application threads were stopped: 0.0001132 seconds, Stopping threads took: 0.0000446 seconds
2020-06-27T17:47:27.640+0100: 1949.900: Total time for which application threads were stopped: 0.0001098 seconds, Stopping threads took: 0.0000437 seconds
2020-06-27T17:47:27.640+0100: 1949.900: Total time for which application threads were stopped: 0.0001128 seconds, Stopping threads took: 0.0000447 seconds
2020-06-27T17:47:27.640+0100: 1949.901: Total time for which application threads were stopped: 0.0001116 seconds, Stopping threads took: 0.0000425 seconds
2020-06-27T17:47:27.640+0100: 1949.901: Total time for which application threads were stopped: 0.0001128 seconds, Stopping threads took: 0.0000443 seconds
2020-06-27T17:47:28.641+0100: 1950.901: Total time for which application threads were stopped: 0.0001993 seconds, Stopping threads took: 0.0000853 seconds
2020-06-27T17:47:28.847+0100: 1951.108: Total time for which application threads were stopped: 0.0001289 seconds, Stopping threads took: 0.0000692 seconds
2020-06-27T17:47:28.848+0100: 1951.109: Total time for which application threads were stopped: 0.0001235 seconds, Stopping threads took: 0.0000538 seconds
2020-06-27T17:47:28.849+0100: 1951.109: Total time for which application threads were stopped: 0.0000929 seconds, Stopping threads took: 0.0000375 seconds
2020-06-27T17:47:28.849+0100: 1951.109: Total time for which application threads were stopped: 0.0000770 seconds, Stopping threads took: 0.0000344 seconds
2020-06-27T17:47:28.849+0100: 1951.109: Total time for which application threads were stopped: 0.0000754 seconds, Stopping threads took: 0.0000338 seconds
2020-06-27T17:47:28.849+0100: 1951.109: Total time for which application threads were stopped: 0.0000746 seconds, Stopping threads took: 0.0000332 seconds
2020-06-27T17:47:28.857+0100: 1951.117: Total time for which application threads were stopped: 0.0001533 seconds, Stopping threads took: 0.0000676 seconds
2020-06-27T17:47:32.512+0100: 1954.772: Total time for which application threads were stopped: 0.0002852 seconds, Stopping threads took: 0.0002238 seconds
2020-06-27T17:47:32.515+0100: 1954.775: Total time for which application threads were stopped: 0.0001649 seconds, Stopping threads took: 0.0000812 seconds
2020-06-27T17:47:32.517+0100: 1954.777: Total time for which application threads were stopped: 0.0002045 seconds, Stopping threads took: 0.0000863 seconds
2020-06-27T17:47:32.524+0100: 1954.785: Total time for which application threads were stopped: 0.0001320 seconds, Stopping threads took: 0.0000606 seconds
2020-06-27T17:47:32.525+0100: 1954.786: Total time for which application threads were stopped: 0.0001315 seconds, Stopping threads took: 0.0000560 seconds
2020-06-27T17:47:32.639+0100: 1954.899: Total time for which application threads were stopped: 0.0001674 seconds, Stopping threads took: 0.0000560 seconds
{Heap before GC invocations=244 (full 16):
 par new generation   total 109248K, used 109248K [0x00000000e0000000, 0x00000000e8000000, 0x00000000e8000000)
  eden space 87424K, 100% used [0x00000000e0000000, 0x00000000e5560000, 0x00000000e5560000)
  from space 21824K, 100% used [0x00000000e5560000, 0x00000000e6ab0000, 0x00000000e6ab0000)
  to   space 21824K,   0% used [0x00000000e6ab0000, 0x00000000e6ab0000, 0x00000000e8000000)
 concurrent mark-sweep generation total 393216K, used 96627K [0x00000000e8000000, 0x0000000100000000, 0x0000000100000000)
 Metaspace       used 63261K, capacity 65082K, committed 65268K, reserved 1107968K
  class space    used 7336K, capacity 7762K, committed 7776K, reserved 1048576K
2020-06-27T17:47:32.652+0100: 1954.912: [GC (Allocation Failure) 2020-06-27T17:47:32.652+0100: 1954.913: [ParNew
Desired survivor size 20112992 bytes, new threshold 8 (max 8)
- age   1:    6242576 bytes,    6242576 total
- age   2:    2846608 bytes,    9089184 total
- age   3:     200496 bytes,    9289680 total
- age   4:    2566336 bytes,   11856016 total
- age   5:    2981688 bytes,   14837704 total
- age   6:    2650096 bytes,   17487800 total
- age   7:     948208 bytes,   18436008 total
- age   8:    3646784 bytes,   22082792 total
: 109248K->21824K(109248K), 0.0142255 secs] 205875K->122492K(502464K), 0.0143280 secs] [Times: user=0.06 sys=0.00, real=0.01 secs] 
Heap after GC invocations=245 (full 16):
 par new generation   total 109248K, used 21824K [0x00000000e0000000, 0x00000000e8000000, 0x00000000e8000000)
  eden space 87424K,   0% used [0x00000000e0000000, 0x00000000e0000000, 0x00000000e5560000)
  from space 21824K, 100% used [0x00000000e6ab0000, 0x00000000e8000000, 0x00000000e8000000)
  to   space 21824K,   0% used [0x00000000e5560000, 0x00000000e5560000, 0x00000000e6ab0000)
 concurrent mark-sweep generation total 393216K, used 100668K [0x00000000e8000000, 0x0000000100000000, 0x0000000100000000)
 Metaspace       used 63261K, capacity 65082K, committed 65268K, reserved 1107968K
  class space    used 7336K, capacity 7762K, committed 7776K, reserved 1048576K
}
2020-06-27T17:47:32.666+0100: 1954.927: Total time for which application threads were stopped: 0.0146248 seconds, Stopping threads took: 0.0000692 seconds
{Heap before GC invocations=245 (full 16):
 par new generation   total 109248K, used 109248K [0x00000000e0000000, 0x00000000e8000000, 0x00000000e8000000)
  eden space 87424K, 100% used [0x00000000e0000000, 0x00000000e5560000, 0x00000000e5560000)
  from space 21824K, 100% used [0x00000000e6ab0000, 0x00000000e8000000, 0x00000000e8000000)
  to   space 21824K,   0% used [0x00000000e5560000, 0x00000000e5560000, 0x00000000e6ab0000)
 concurrent mark-sweep generation total 393216K, used 100668K [0x00000000e8000000, 0x0000000100000000, 0x0000000100000000)
 Metaspace       used 63261K, capacity 65082K, committed 65268K, reserved 1107968K
  class space    used 7336K, capacity 7762K, committed 7776K, reserved 1048576K
2020-06-27T17:47:32.830+0100: 1955.091: [GC (Allocation Failure) 2020-06-27T17:47:32.831+0100: 1955.091: [ParNew
Desired survivor size 20112992 bytes, new threshold 7 (max 8)
- age   1:    4623928 bytes,    4623928 total
- age   2:    5147424 bytes,    9771352 total
- age   3:    2757744 bytes,   12529096 total
- age   4:     200496 bytes,   12729592 total
- age   5:    2566336 bytes,   15295928 total
- age   6:    2981688 bytes,   18277616 total
- age   7:    2650024 bytes,   20927640 total
- age   8:     948144 bytes,   21875784 total
: 109248K->21824K(109248K), 0.0142245 secs] 209916K->127694K(502464K), 0.0143767 secs] [Times: user=0.06 sys=0.00, real=0.02 secs] 
Heap after GC invocations=246 (full 16):
 par new generation   total 109248K, used 21824K [0x00000000e0000000, 0x00000000e8000000, 0x00000000e8000000)
  eden space 87424K,   0% used [0x00000000e0000000, 0x00000000e0000000, 0x00000000e5560000)
  from space 21824K, 100% used [0x00000000e5560000, 0x00000000e6ab0000, 0x00000000e6ab0000)
  to   space 21824K,   0% used [0x00000000e6ab0000, 0x00000000e6ab0000, 0x00000000e8000000)
 concurrent mark-sweep generation total 393216K, used 105870K [0x00000000e8000000, 0x0000000100000000, 0x0000000100000000)
 Metaspace       used 63261K, capacity 65082K, committed 65268K, reserved 1107968K
  class space    used 7336K, capacity 7762K, committed 7776K, reserved 1048576K
}
2020-06-27T17:47:32.845+0100: 1955.105: Total time for which application threads were stopped: 0.0146653 seconds, Stopping threads took: 0.0000660 seconds
{Heap before GC invocations=246 (full 16):
 par new generation   total 109248K, used 109248K [0x00000000e0000000, 0x00000000e8000000, 0x00000000e8000000)
  eden space 87424K, 100% used [0x00000000e0000000, 0x00000000e5560000, 0x00000000e5560000)
  from space 21824K, 100% used [0x00000000e5560000, 0x00000000e6ab0000, 0x00000000e6ab0000)
  to   space 21824K,   0% used [0x00000000e6ab0000, 0x00000000e6ab0000, 0x00000000e8000000)
 concurrent mark-sweep generation total 393216K, used 105870K [0x00000000e8000000, 0x0000000100000000, 0x0000000100000000)
 Metaspace       used 63261K, capacity 65082K, committed 65268K, reserved 1107968K
  class space    used 7336K, capacity 7762K, committed 7776K, reserved 1048576K
2020-06-27T17:47:33.004+0100: 1955.264: [GC (Allocation Failure) 2020-06-27T17:47:33.004+0100: 1955.265: [ParNew
Desired survivor size 20112992 bytes, new threshold 7 (max 8)
- age   1:    6152024 bytes,    6152024 total
- age   2:    2175928 bytes,    8327952 total
- age   3:    5146472 bytes,   13474424 total
- age   4:    2757744 bytes,   16232168 total
- age   5:     200496 bytes,   16432664 total
- age   6:    2566336 bytes,   18999000 total
- age   7:    2981688 bytes,   21980688 total
: 109248K->21824K(109248K), 0.0183510 secs] 215118K->136960K(502464K), 0.0184741 secs] [Times: user=0.09 sys=0.00, real=0.02 secs] 
Heap after GC invocations=247 (full 16):
 par new generation   total 109248K, used 21824K [0x00000000e0000000, 0x00000000e8000000, 0x00000000e8000000)
  eden space 87424K,   0% used [0x00000000e0000000, 0x00000000e0000000, 0x00000000e5560000)
  from space 21824K, 100% used [0x00000000e6ab0000, 0x00000000e8000000, 0x00000000e8000000)
  to   space 21824K,   0% used [0x00000000e5560000, 0x00000000e5560000, 0x00000000e6ab0000)
 concurrent mark-sweep generation total 393216K, used 115136K [0x00000000e8000000, 0x0000000100000000, 0x0000000100000000)
 Metaspace       used 63261K, capacity 65082K, committed 65268K, reserved 1107968K
  class space    used 7336K, capacity 7762K, committed 7776K, reserved 1048576K
}
2020-06-27T17:47:33.023+0100: 1955.283: Total time for which application threads were stopped: 0.0187940 seconds, Stopping threads took: 0.0000781 seconds
{Heap before GC invocations=247 (full 16):
 par new generation   total 109248K, used 109248K [0x00000000e0000000, 0x00000000e8000000, 0x00000000e8000000)
  eden space 87424K, 100% used [0x00000000e0000000, 0x00000000e5560000, 0x00000000e5560000)
  from space 21824K, 100% used [0x00000000e6ab0000, 0x00000000e8000000, 0x00000000e8000000)
  to   space 21824K,   0% used [0x00000000e5560000, 0x00000000e5560000, 0x00000000e6ab0000)
 concurrent mark-sweep generation total 393216K, used 115136K [0x00000000e8000000, 0x0000000100000000, 0x0000000100000000)
 Metaspace       used 63261K, capacity 65082K, committed 65268K, reserved 1107968K
  class space    used 7336K, capacity 7762K, committed 7776K, reserved 1048576K
2020-06-27T17:47:33.276+0100: 1955.536: [GC (Allocation Failure) 2020-06-27T17:47:33.276+0100: 1955.536: [ParNew
Desired survivor size 20112992 bytes, new threshold 7 (max 8)
- age   1:    6213304 bytes,    6213304 total
- age   2:    2989552 bytes,    9202856 total
- age   3:    2133528 bytes,   11336384 total
- age   4:    5121056 bytes,   16457440 total
- age   5:    2278056 bytes,   18735496 total
- age   6:     149976 bytes,   18885472 total
- age   7:    2459536 bytes,   21345008 total
: 109248K->21824K(109248K), 0.0195971 secs] 224384K->147579K(502464K), 0.0197675 secs] [Times: user=0.06 sys=0.00, real=0.02 secs] 
Heap after GC invocations=248 (full 16):
 par new generation   total 109248K, used 21824K [0x00000000e0000000, 0x00000000e8000000, 0x00000000e8000000)
  eden space 87424K,   0% used [0x00000000e0000000, 0x00000000e0000000, 0x00000000e5560000)
  from space 21824K, 100% used [0x00000000e5560000, 0x00000000e6ab0000, 0x00000000e6ab0000)
  to   space 21824K,   0% used [0x00000000e6ab0000, 0x00000000e6ab0000, 0x00000000e8000000)
 concurrent mark-sweep generation total 393216K, used 125755K [0x00000000e8000000, 0x0000000100000000, 0x0000000100000000)
 Metaspace       used 63261K, capacity 65082K, committed 65268K, reserved 1107968K
  class space    used 7336K, capacity 7762K, committed 7776K, reserved 1048576K
}
2020-06-27T17:47:33.296+0100: 1955.556: Total time for which application threads were stopped: 0.0202638 seconds, Stopping threads took: 0.0002529 seconds
2020-06-27T17:47:33.415+0100: 1955.675: Total time for which application threads were stopped: 0.0001973 seconds, Stopping threads took: 0.0000791 seconds
{Heap before GC invocations=248 (full 16):
 par new generation   total 109248K, used 109248K [0x00000000e0000000, 0x00000000e8000000, 0x00000000e8000000)
  eden space 87424K, 100% used [0x00000000e0000000, 0x00000000e5560000, 0x00000000e5560000)
  from space 21824K, 100% used [0x00000000e5560000, 0x00000000e6ab0000, 0x00000000e6ab0000)
  to   space 21824K,   0% used [0x00000000e6ab0000, 0x00000000e6ab0000, 0x00000000e8000000)
 concurrent mark-sweep generation total 393216K, used 125755K [0x00000000e8000000, 0x0000000100000000, 0x0000000100000000)
 Metaspace       used 63261K, capacity 65082K, committed 65268K, reserved 1107968K
  class space    used 7336K, capacity 7762K, committed 7776K, reserved 1048576K
2020-06-27T17:47:33.428+0100: 1955.688: [GC (Allocation Failure) 2020-06-27T17:47:33.428+0100: 1955.688: [ParNew
Desired survivor size 20112992 bytes, new threshold 6 (max 8)
- age   1:    6037592 bytes,    6037592 total
- age   2:    4580680 bytes,   10618272 total
- age   3:    2060712 bytes,   12678984 total
- age   4:    2132272 bytes,   14811256 total
- age   5:    5054000 bytes,   19865256 total
- age   6:    2278008 bytes,   22143264 total
- age   7:     149976 bytes,   22293240 total
: 109248K->21824K(109248K), 0.0162365 secs] 235003K->154825K(502464K), 0.0163316 secs] [Times: user=0.03 sys=0.00, real=0.02 secs] 
Heap after GC invocations=249 (full 16):
 par new generation   total 109248K, used 21824K [0x00000000e0000000, 0x00000000e8000000, 0x00000000e8000000)
  eden space 87424K,   0% used [0x00000000e0000000, 0x00000000e0000000, 0x00000000e5560000)
  from space 21824K, 100% used [0x00000000e6ab0000, 0x00000000e8000000, 0x00000000e8000000)
  to   space 21824K,   0% used [0x00000000e5560000, 0x00000000e5560000, 0x00000000e6ab0000)
 concurrent mark-sweep generation total 393216K, used 133001K [0x00000000e8000000, 0x0000000100000000, 0x0000000100000000)
 Metaspace       used 63261K, capacity 65082K, committed 65268K, reserved 1107968K
  class space    used 7336K, capacity 7762K, committed 7776K, reserved 1048576K
}
2020-06-27T17:47:33.454+0100: 1955.715: Total time for which application threads were stopped: 0.0276957 seconds, Stopping threads took: 0.0011039 seconds
2020-06-27T17:47:34.031+0100: 1956.292: Total time for which application threads were stopped: 0.0002804 seconds, Stopping threads took: 0.0001697 seconds
2020-06-27T17:47:34.032+0100: 1956.292: Total time for which application threads were stopped: 0.0001812 seconds, Stopping threads took: 0.0000788 seconds
2020-06-27T17:47:34.035+0100: 1956.295: Total time for which application threads were stopped: 0.0001517 seconds, Stopping threads took: 0.0000700 seconds
2020-06-27T17:47:34.036+0100: 1956.296: Total time for which application threads were stopped: 0.0001462 seconds, Stopping threads took: 0.0000577 seconds
2020-06-27T17:47:34.036+0100: 1956.296: Total time for which application threads were stopped: 0.0000922 seconds, Stopping threads took: 0.0000338 seconds
2020-06-27T17:47:34.036+0100: 1956.297: Total time for which application threads were stopped: 0.0000895 seconds, Stopping threads took: 0.0000468 seconds
2020-06-27T17:47:35.037+0100: 1957.297: Total time for which application threads were stopped: 0.0001126 seconds, Stopping threads took: 0.0000568 seconds
2020-06-27T17:47:35.455+0100: 1957.715: Total time for which application threads were stopped: 0.0002159 seconds, Stopping threads took: 0.0001563 seconds
2020-06-27T17:47:35.457+0100: 1957.717: Total time for which application threads were stopped: 0.0002953 seconds, Stopping threads took: 0.0001183 seconds
2020-06-27T17:47:35.458+0100: 1957.718: Total time for which application threads were stopped: 0.0001172 seconds, Stopping threads took: 0.0000579 seconds
2020-06-27T17:47:35.460+0100: 1957.720: Total time for which application threads were stopped: 0.0001441 seconds, Stopping threads took: 0.0000647 seconds
2020-06-27T17:47:35.466+0100: 1957.726: Total time for which application threads were stopped: 0.0001159 seconds, Stopping threads took: 0.0000508 seconds
2020-06-27T17:47:35.467+0100: 1957.727: Total time for which application threads were stopped: 0.0001487 seconds, Stopping threads took: 0.0000821 seconds
{Heap before GC invocations=249 (full 16):
 par new generation   total 109248K, used 109248K [0x00000000e0000000, 0x00000000e8000000, 0x00000000e8000000)
  eden space 87424K, 100% used [0x00000000e0000000, 0x00000000e5560000, 0x00000000e5560000)
  from space 21824K, 100% used [0x00000000e6ab0000, 0x00000000e8000000, 0x00000000e8000000)
  to   space 21824K,   0% used [0x00000000e5560000, 0x00000000e5560000, 0x00000000e6ab0000)
 concurrent mark-sweep generation total 393216K, used 133001K [0x00000000e8000000, 0x0000000100000000, 0x0000000100000000)
 Metaspace       used 63272K, capacity 65146K, committed 65268K, reserved 1107968K
  class space    used 7336K, capacity 7762K, committed 7776K, reserved 1048576K
2020-06-27T17:47:35.529+0100: 1957.789: [GC (Allocation Failure) 2020-06-27T17:47:35.529+0100: 1957.789: [ParNew
Desired survivor size 20112992 bytes, new threshold 6 (max 8)
- age   1:    3698168 bytes,    3698168 total
- age   2:    4553528 bytes,    8251696 total
- age   3:    4222344 bytes,   12474040 total
- age   4:    1868720 bytes,   14342760 total
- age   5:    2036304 bytes,   16379064 total
- age   6:    4498776 bytes,   20877840 total
: 109248K->21824K(109248K), 0.0178311 secs] 242249K->164365K(502464K), 0.0179300 secs] [Times: user=0.06 sys=0.00, real=0.02 secs] 
Heap after GC invocations=250 (full 16):
 par new generation   total 109248K, used 21824K [0x00000000e0000000, 0x00000000e8000000, 0x00000000e8000000)
  eden space 87424K,   0% used [0x00000000e0000000, 0x00000000e0000000, 0x00000000e5560000)
  from space 21824K, 100% used [0x00000000e5560000, 0x00000000e6ab0000, 0x00000000e6ab0000)
  to   space 21824K,   0% used [0x00000000e6ab0000, 0x00000000e6ab0000, 0x00000000e8000000)
 concurrent mark-sweep generation total 393216K, used 142541K [0x00000000e8000000, 0x0000000100000000, 0x0000000100000000)
 Metaspace       used 63272K, capacity 65146K, committed 65268K, reserved 1107968K
  class space    used 7336K, capacity 7762K, committed 7776K, reserved 1048576K
}
2020-06-27T17:47:35.547+0100: 1957.807: Total time for which application threads were stopped: 0.0182360 seconds, Stopping threads took: 0.0000681 seconds
2020-06-27T17:47:35.582+0100: 1957.843: Total time for which application threads were stopped: 0.0001590 seconds, Stopping threads took: 0.0000595 seconds
{Heap before GC invocations=250 (full 16):
 par new generation   total 109248K, used 109248K [0x00000000e0000000, 0x00000000e8000000, 0x00000000e8000000)
  eden space 87424K, 100% used [0x00000000e0000000, 0x00000000e5560000, 0x00000000e5560000)
  from space 21824K, 100% used [0x00000000e5560000, 0x00000000e6ab0000, 0x00000000e6ab0000)
  to   space 21824K,   0% used [0x00000000e6ab0000, 0x00000000e6ab0000, 0x00000000e8000000)
 concurrent mark-sweep generation total 393216K, used 142541K [0x00000000e8000000, 0x0000000100000000, 0x0000000100000000)
 Metaspace       used 63272K, capacity 65146K, committed 65268K, reserved 1107968K
  class space    used 7336K, capacity 7762K, committed 7776K, reserved 1048576K
2020-06-27T17:47:35.654+0100: 1957.914: [GC (Allocation Failure) 2020-06-27T17:47:35.654+0100: 1957.914: [ParNew
Desired survivor size 20112992 bytes, new threshold 5 (max 8)
- age   1:    5995032 bytes,    5995032 total
- age   2:    3562624 bytes,    9557656 total
- age   3:    4553528 bytes,   14111184 total
- age   4:    4222344 bytes,   18333528 total
- age   5:    1868720 bytes,   20202248 total
- age   6:    2036304 bytes,   22238552 total
: 109248K->21824K(109248K), 0.0173771 secs] 251789K->174096K(502464K), 0.0174399 secs] [Times: user=0.06 sys=0.00, real=0.02 secs] 
Heap after GC invocations=251 (full 16):
 par new generation   total 109248K, used 21824K [0x00000000e0000000, 0x00000000e8000000, 0x00000000e8000000)
  eden space 87424K,   0% used [0x00000000e0000000, 0x00000000e0000000, 0x00000000e5560000)
  from space 21824K, 100% used [0x00000000e6ab0000, 0x00000000e8000000, 0x00000000e8000000)
  to   space 21824K,   0% used [0x00000000e5560000, 0x00000000e5560000, 0x00000000e6ab0000)
 concurrent mark-sweep generation total 393216K, used 152272K [0x00000000e8000000, 0x0000000100000000, 0x0000000100000000)
 Metaspace       used 63272K, capacity 65146K, committed 65268K, reserved 1107968K
  class space    used 7336K, capacity 7762K, committed 7776K, reserved 1048576K
}
2020-06-27T17:47:35.671+0100: 1957.932: Total time for which application threads were stopped: 0.0176948 seconds, Stopping threads took: 0.0000723 seconds
{Heap before GC invocations=251 (full 16):
 par new generation   total 109248K, used 109248K [0x00000000e0000000, 0x00000000e8000000, 0x00000000e8000000)
  eden space 87424K, 100% used [0x00000000e0000000, 0x00000000e5560000, 0x00000000e5560000)
  from space 21824K, 100% used [0x00000000e6ab0000, 0x00000000e8000000, 0x00000000e8000000)
  to   space 21824K,   0% used [0x00000000e5560000, 0x00000000e5560000, 0x00000000e6ab0000)
 concurrent mark-sweep generation total 393216K, used 152272K [0x00000000e8000000, 0x0000000100000000, 0x0000000100000000)
 Metaspace       used 63272K, capacity 65146K, committed 65268K, reserved 1107968K
  class space    used 7336K, capacity 7762K, committed 7776K, reserved 1048576K
2020-06-27T17:47:35.749+0100: 1958.010: [GC (Allocation Failure) 2020-06-27T17:47:35.750+0100: 1958.010: [ParNew
Desired survivor size 20112992 bytes, new threshold 5 (max 8)
- age   1:    4493248 bytes,    4493248 total
- age   2:    4842048 bytes,    9335296 total
- age   3:    2782544 bytes,   12117840 total
- age   4:    4553528 bytes,   16671368 total
- age   5:    4222344 bytes,   20893712 total
: 109248K->21824K(109248K), 0.0174985 secs] 261520K->184531K(502464K), 0.0175772 secs] [Times: user=0.06 sys=0.00, real=0.02 secs] 
Heap after GC invocations=252 (full 16):
 par new generation   total 109248K, used 21824K [0x00000000e0000000, 0x00000000e8000000, 0x00000000e8000000)
  eden space 87424K,   0% used [0x00000000e0000000, 0x00000000e0000000, 0x00000000e5560000)
  from space 21824K, 100% used [0x00000000e5560000, 0x00000000e6ab0000, 0x00000000e6ab0000)
  to   space 21824K,   0% used [0x00000000e6ab0000, 0x00000000e6ab0000, 0x00000000e8000000)
 concurrent mark-sweep generation total 393216K, used 162707K [0x00000000e8000000, 0x0000000100000000, 0x0000000100000000)
 Metaspace       used 63272K, capacity 65146K, committed 65268K, reserved 1107968K
  class space    used 7336K, capacity 7762K, committed 7776K, reserved 1048576K
}
2020-06-27T17:47:35.767+0100: 1958.028: Total time for which application threads were stopped: 0.0178032 seconds, Stopping threads took: 0.0000676 seconds
{Heap before GC invocations=252 (full 16):
 par new generation   total 109248K, used 109248K [0x00000000e0000000, 0x00000000e8000000, 0x00000000e8000000)
  eden space 87424K, 100% used [0x00000000e0000000, 0x00000000e5560000, 0x00000000e5560000)
  from space 21824K, 100% used [0x00000000e5560000, 0x00000000e6ab0000, 0x00000000e6ab0000)
  to   space 21824K,   0% used [0x00000000e6ab0000, 0x00000000e6ab0000, 0x00000000e8000000)
 concurrent mark-sweep generation total 393216K, used 162707K [0x00000000e8000000, 0x0000000100000000, 0x0000000100000000)
 Metaspace       used 63272K, capacity 65146K, committed 65268K, reserved 1107968K
  class space    used 7336K, capacity 7762K, committed 7776K, reserved 1048576K
2020-06-27T17:47:36.030+0100: 1958.290: [GC (Allocation Failure) 2020-06-27T17:47:36.030+0100: 1958.291: [ParNew
Desired survivor size 20112992 bytes, new threshold 5 (max 8)
- age   1:    4810584 bytes,    4810584 total
- age   2:    3288544 bytes,    8099128 total
- age   3:    4805496 bytes,   12904624 total
- age   4:    2782544 bytes,   15687168 total
- age   5:    4553528 bytes,   20240696 total
: 109248K->21824K(109248K), 0.0136141 secs] 271955K->191926K(502464K), 0.0136923 secs] [Times: user=0.06 sys=0.00, real=0.01 secs] 
Heap after GC invocations=253 (full 16):
 par new generation   total 109248K, used 21824K [0x00000000e0000000, 0x00000000e8000000, 0x00000000e8000000)
  eden space 87424K,   0% used [0x00000000e0000000, 0x00000000e0000000, 0x00000000e5560000)
  from space 21824K, 100% used [0x00000000e6ab0000, 0x00000000e8000000, 0x00000000e8000000)
  to   space 21824K,   0% used [0x00000000e5560000, 0x00000000e5560000, 0x00000000e6ab0000)
 concurrent mark-sweep generation total 393216K, used 170102K [0x00000000e8000000, 0x0000000100000000, 0x0000000100000000)
 Metaspace       used 63272K, capacity 65146K, committed 65268K, reserved 1107968K
  class space    used 7336K, capacity 7762K, committed 7776K, reserved 1048576K
}
2020-06-27T17:47:36.044+0100: 1958.304: Total time for which application threads were stopped: 0.0139573 seconds, Stopping threads took: 0.0000832 seconds
{Heap before GC invocations=253 (full 16):
 par new generation   total 109248K, used 109248K [0x00000000e0000000, 0x00000000e8000000, 0x00000000e8000000)
  eden space 87424K, 100% used [0x00000000e0000000, 0x00000000e5560000, 0x00000000e5560000)
  from space 21824K, 100% used [0x00000000e6ab0000, 0x00000000e8000000, 0x00000000e8000000)
  to   space 21824K,   0% used [0x00000000e5560000, 0x00000000e5560000, 0x00000000e6ab0000)
 concurrent mark-sweep generation total 393216K, used 170102K [0x00000000e8000000, 0x0000000100000000, 0x0000000100000000)
 Metaspace       used 63272K, capacity 65146K, committed 65268K, reserved 1107968K
  class space    used 7336K, capacity 7762K, committed 7776K, reserved 1048576K
2020-06-27T17:47:36.192+0100: 1958.452: [GC (Allocation Failure) 2020-06-27T17:47:36.192+0100: 1958.452: [ParNew
Desired survivor size 20112992 bytes, new threshold 8 (max 8)
- age   1:    5943200 bytes,    5943200 total
- age   2:    2980344 bytes,    8923544 total
- age   3:    3159160 bytes,   12082704 total
- age   4:    4805496 bytes,   16888200 total
- age   5:    2782544 bytes,   19670744 total
: 109248K->21824K(109248K), 0.0150398 secs] 279350K->198446K(502464K), 0.0151096 secs] [Times: user=0.06 sys=0.00, real=0.02 secs] 
Heap after GC invocations=254 (full 16):
 par new generation   total 109248K, used 21824K [0x00000000e0000000, 0x00000000e8000000, 0x00000000e8000000)
  eden space 87424K,   0% used [0x00000000e0000000, 0x00000000e0000000, 0x00000000e5560000)
  from space 21824K, 100% used [0x00000000e5560000, 0x00000000e6ab0000, 0x00000000e6ab0000)
  to   space 21824K,   0% used [0x00000000e6ab0000, 0x00000000e6ab0000, 0x00000000e8000000)
 concurrent mark-sweep generation total 393216K, used 176622K [0x00000000e8000000, 0x0000000100000000, 0x0000000100000000)
 Metaspace       used 63272K, capacity 65146K, committed 65268K, reserved 1107968K
  class space    used 7336K, capacity 7762K, committed 7776K, reserved 1048576K
}
2020-06-27T17:47:36.207+0100: 1958.467: Total time for which application threads were stopped: 0.0153419 seconds, Stopping threads took: 0.0000749 seconds
2020-06-27T17:47:36.897+0100: 1959.157: Total time for which application threads were stopped: 0.0002267 seconds, Stopping threads took: 0.0001621 seconds
2020-06-27T17:47:36.897+0100: 1959.158: Total time for which application threads were stopped: 0.0001487 seconds, Stopping threads took: 0.0000655 seconds
2020-06-27T17:47:36.898+0100: 1959.159: Total time for which application threads were stopped: 0.0000949 seconds, Stopping threads took: 0.0000453 seconds
2020-06-27T17:47:36.898+0100: 1959.159: Total time for which application threads were stopped: 0.0000751 seconds, Stopping threads took: 0.0000398 seconds
2020-06-27T17:47:36.899+0100: 1959.159: Total time for which application threads were stopped: 0.0000565 seconds, Stopping threads took: 0.0000158 seconds
2020-06-27T17:47:36.899+0100: 1959.159: Total time for which application threads were stopped: 0.0000909 seconds, Stopping threads took: 0.0000525 seconds
2020-06-27T17:47:37.515+0100: 1959.776: Total time for which application threads were stopped: 0.0002154 seconds, Stopping threads took: 0.0001569 seconds
2020-06-27T17:47:37.518+0100: 1959.779: Total time for which application threads were stopped: 0.0001755 seconds, Stopping threads took: 0.0001101 seconds
2020-06-27T17:47:37.520+0100: 1959.780: Total time for which application threads were stopped: 0.0001595 seconds, Stopping threads took: 0.0000748 seconds
{Heap before GC invocations=254 (full 16):
 par new generation   total 109248K, used 109248K [0x00000000e0000000, 0x00000000e8000000, 0x00000000e8000000)
  eden space 87424K, 100% used [0x00000000e0000000, 0x00000000e5560000, 0x00000000e5560000)
  from space 21824K, 100% used [0x00000000e5560000, 0x00000000e6ab0000, 0x00000000e6ab0000)
  to   space 21824K,   0% used [0x00000000e6ab0000, 0x00000000e6ab0000, 0x00000000e8000000)
 concurrent mark-sweep generation total 393216K, used 176622K [0x00000000e8000000, 0x0000000100000000, 0x0000000100000000)
 Metaspace       used 63276K, capacity 65146K, committed 65268K, reserved 1107968K
  class space    used 7336K, capacity 7762K, committed 7776K, reserved 1048576K
2020-06-27T17:47:37.533+0100: 1959.794: [GC (Allocation Failure) 2020-06-27T17:47:37.533+0100: 1959.794: [ParNew
Desired survivor size 20112992 bytes, new threshold 8 (max 8)
- age   1:    2426840 bytes,    2426840 total
- age   2:    4204528 bytes,    6631368 total
- age   3:    2591936 bytes,    9223304 total
- age   4:    3073512 bytes,   12296816 total
- age   5:    4470256 bytes,   16767072 total
- age   6:    2695368 bytes,   19462440 total
: 109248K->21824K(109248K), 0.0108532 secs] 285870K->199570K(502464K), 0.0109523 secs] [Times: user=0.06 sys=0.00, real=0.01 secs] 
Heap after GC invocations=255 (full 16):
 par new generation   total 109248K, used 21824K [0x00000000e0000000, 0x00000000e8000000, 0x00000000e8000000)
  eden space 87424K,   0% used [0x00000000e0000000, 0x00000000e0000000, 0x00000000e5560000)
  from space 21824K, 100% used [0x00000000e6ab0000, 0x00000000e8000000, 0x00000000e8000000)
  to   space 21824K,   0% used [0x00000000e5560000, 0x00000000e5560000, 0x00000000e6ab0000)
 concurrent mark-sweep generation total 393216K, used 177746K [0x00000000e8000000, 0x0000000100000000, 0x0000000100000000)
 Metaspace       used 63276K, capacity 65146K, committed 65268K, reserved 1107968K
  class space    used 7336K, capacity 7762K, committed 7776K, reserved 1048576K
}
2020-06-27T17:47:37.544+0100: 1959.805: Total time for which application threads were stopped: 0.0112479 seconds, Stopping threads took: 0.0000555 seconds
2020-06-27T17:47:37.647+0100: 1959.907: Total time for which application threads were stopped: 0.0001877 seconds, Stopping threads took: 0.0000731 seconds
{Heap before GC invocations=255 (full 16):
 par new generation   total 109248K, used 109248K [0x00000000e0000000, 0x00000000e8000000, 0x00000000e8000000)
  eden space 87424K, 100% used [0x00000000e0000000, 0x00000000e5560000, 0x00000000e5560000)
  from space 21824K, 100% used [0x00000000e6ab0000, 0x00000000e8000000, 0x00000000e8000000)
  to   space 21824K,   0% used [0x00000000e5560000, 0x00000000e5560000, 0x00000000e6ab0000)
 concurrent mark-sweep generation total 393216K, used 177746K [0x00000000e8000000, 0x0000000100000000, 0x0000000100000000)
 Metaspace       used 63276K, capacity 65146K, committed 65268K, reserved 1107968K
  class space    used 7336K, capacity 7762K, committed 7776K, reserved 1048576K
2020-06-27T17:47:37.733+0100: 1959.993: [GC (Allocation Failure) 2020-06-27T17:47:37.733+0100: 1959.993: [ParNew
Desired survivor size 20112992 bytes, new threshold 7 (max 8)
- age   1:    3666984 bytes,    3666984 total
- age   2:    2251136 bytes,    5918120 total
- age   3:    3935176 bytes,    9853296 total
- age   4:    2588608 bytes,   12441904 total
- age   5:    3072864 bytes,   15514768 total
- age   6:    4468240 bytes,   19983008 total
- age   7:    2282224 bytes,   22265232 total
: 109248K->21824K(109248K), 0.0160463 secs] 286994K->205837K(502464K), 0.0161406 secs] [Times: user=0.06 sys=0.00, real=0.02 secs] 
Heap after GC invocations=256 (full 16):
 par new generation   total 109248K, used 21824K [0x00000000e0000000, 0x00000000e8000000, 0x00000000e8000000)
  eden space 87424K,   0% used [0x00000000e0000000, 0x00000000e0000000, 0x00000000e5560000)
  from space 21824K, 100% used [0x00000000e5560000, 0x00000000e6ab0000, 0x00000000e6ab0000)
  to   space 21824K,   0% used [0x00000000e6ab0000, 0x00000000e6ab0000, 0x00000000e8000000)
 concurrent mark-sweep generation total 393216K, used 184013K [0x00000000e8000000, 0x0000000100000000, 0x0000000100000000)
 Metaspace       used 63276K, capacity 65146K, committed 65268K, reserved 1107968K
  class space    used 7336K, capacity 7762K, committed 7776K, reserved 1048576K
}
2020-06-27T17:47:37.749+0100: 1960.009: Total time for which application threads were stopped: 0.0164563 seconds, Stopping threads took: 0.0000751 seconds
{Heap before GC invocations=256 (full 16):
 par new generation   total 109248K, used 109248K [0x00000000e0000000, 0x00000000e8000000, 0x00000000e8000000)
  eden space 87424K, 100% used [0x00000000e0000000, 0x00000000e5560000, 0x00000000e5560000)
  from space 21824K, 100% used [0x00000000e5560000, 0x00000000e6ab0000, 0x00000000e6ab0000)
  to   space 21824K,   0% used [0x00000000e6ab0000, 0x00000000e6ab0000, 0x00000000e8000000)
 concurrent mark-sweep generation total 393216K, used 184013K [0x00000000e8000000, 0x0000000100000000, 0x0000000100000000)
 Metaspace       used 63276K, capacity 65146K, committed 65268K, reserved 1107968K
  class space    used 7336K, capacity 7762K, committed 7776K, reserved 1048576K
2020-06-27T17:47:37.944+0100: 1960.205: [GC (Allocation Failure) 2020-06-27T17:47:37.944+0100: 1960.205: [ParNew
Desired survivor size 20112992 bytes, new threshold 7 (max 8)
- age   1:    2757080 bytes,    2757080 total
- age   2:    2636008 bytes,    5393088 total
- age   3:    2226880 bytes,    7619968 total
- age   4:    3934792 bytes,   11554760 total
- age   5:    2574080 bytes,   14128840 total
- age   6:    2986352 bytes,   17115192 total
- age   7:    4348592 bytes,   21463784 total
: 109248K->21824K(109248K), 0.0172865 secs] 293261K->215732K(502464K), 0.0173734 secs] [Times: user=0.06 sys=0.00, real=0.02 secs] 
Heap after GC invocations=257 (full 16):
 par new generation   total 109248K, used 21824K [0x00000000e0000000, 0x00000000e8000000, 0x00000000e8000000)
  eden space 87424K,   0% used [0x00000000e0000000, 0x00000000e0000000, 0x00000000e5560000)
  from space 21824K, 100% used [0x00000000e6ab0000, 0x00000000e8000000, 0x00000000e8000000)
  to   space 21824K,   0% used [0x00000000e5560000, 0x00000000e5560000, 0x00000000e6ab0000)
 concurrent mark-sweep generation total 393216K, used 193908K [0x00000000e8000000, 0x0000000100000000, 0x0000000100000000)
 Metaspace       used 63276K, capacity 65146K, committed 65268K, reserved 1107968K
  class space    used 7336K, capacity 7762K, committed 7776K, reserved 1048576K
}
2020-06-27T17:47:37.962+0100: 1960.222: Total time for which application threads were stopped: 0.0177488 seconds, Stopping threads took: 0.0001329 seconds
{Heap before GC invocations=257 (full 16):
 par new generation   total 109248K, used 109248K [0x00000000e0000000, 0x00000000e8000000, 0x00000000e8000000)
  eden space 87424K, 100% used [0x00000000e0000000, 0x00000000e5560000, 0x00000000e5560000)
  from space 21824K, 100% used [0x00000000e6ab0000, 0x00000000e8000000, 0x00000000e8000000)
  to   space 21824K,   0% used [0x00000000e5560000, 0x00000000e5560000, 0x00000000e6ab0000)
 concurrent mark-sweep generation total 393216K, used 193908K [0x00000000e8000000, 0x0000000100000000, 0x0000000100000000)
 Metaspace       used 63276K, capacity 65146K, committed 65268K, reserved 1107968K
  class space    used 7336K, capacity 7762K, committed 7776K, reserved 1048576K
2020-06-27T17:47:38.118+0100: 1960.378: [GC (Allocation Failure) 2020-06-27T17:47:38.118+0100: 1960.378: [ParNew
Desired survivor size 20112992 bytes, new threshold 7 (max 8)
- age   1:    5942920 bytes,    5942920 total
- age   2:    1978392 bytes,    7921312 total
- age   3:    2635592 bytes,   10556904 total
- age   4:    2226880 bytes,   12783784 total
- age   5:    3934792 bytes,   16718576 total
- age   6:    2574080 bytes,   19292656 total
- age   7:    2986352 bytes,   22279008 total
: 109248K->21824K(109248K), 0.0186216 secs] 303156K->225195K(502464K), 0.0186872 secs] [Times: user=0.06 sys=0.00, real=0.02 secs] 
Heap after GC invocations=258 (full 16):
 par new generation   total 109248K, used 21824K [0x00000000e0000000, 0x00000000e8000000, 0x00000000e8000000)
  eden space 87424K,   0% used [0x00000000e0000000, 0x00000000e0000000, 0x00000000e5560000)
  from space 21824K, 100% used [0x00000000e5560000, 0x00000000e6ab0000, 0x00000000e6ab0000)
  to   space 21824K,   0% used [0x00000000e6ab0000, 0x00000000e6ab0000, 0x00000000e8000000)
 concurrent mark-sweep generation total 393216K, used 203371K [0x00000000e8000000, 0x0000000100000000, 0x0000000100000000)
 Metaspace       used 63276K, capacity 65146K, committed 65268K, reserved 1107968K
  class space    used 7336K, capacity 7762K, committed 7776K, reserved 1048576K
}
2020-06-27T17:47:38.137+0100: 1960.397: Total time for which application threads were stopped: 0.0189276 seconds, Stopping threads took: 0.0000702 seconds
2020-06-27T17:47:38.137+0100: 1960.397: [GC (CMS Initial Mark) [1 CMS-initial-mark: 203371K(393216K)] 226627K(502464K), 0.0043472 secs] [Times: user=0.00 sys=0.00, real=0.00 secs] 
2020-06-27T17:47:38.141+0100: 1960.402: Total time for which application threads were stopped: 0.0045339 seconds, Stopping threads took: 0.0000686 seconds
2020-06-27T17:47:38.141+0100: 1960.402: [CMS-concurrent-mark-start]
2020-06-27T17:47:38.166+0100: 1960.427: [CMS-concurrent-mark: 0.025/0.025 secs] [Times: user=0.13 sys=0.00, real=0.02 secs] 
2020-06-27T17:47:38.166+0100: 1960.427: [CMS-concurrent-preclean-start]
2020-06-27T17:47:38.168+0100: 1960.428: [CMS-concurrent-preclean: 0.001/0.001 secs] [Times: user=0.00 sys=0.00, real=0.00 secs] 
2020-06-27T17:47:38.168+0100: 1960.429: [GC (CMS Final Remark) [YG occupancy: 23255 K (109248 K)]{Heap before GC invocations=258 (full 17):
 par new generation   total 109248K, used 23255K [0x00000000e0000000, 0x00000000e8000000, 0x00000000e8000000)
  eden space 87424K,   1% used [0x00000000e0000000, 0x00000000e0165d28, 0x00000000e5560000)
  from space 21824K, 100% used [0x00000000e5560000, 0x00000000e6ab0000, 0x00000000e6ab0000)
  to   space 21824K,   0% used [0x00000000e6ab0000, 0x00000000e6ab0000, 0x00000000e8000000)
 concurrent mark-sweep generation total 393216K, used 203371K [0x00000000e8000000, 0x0000000100000000, 0x0000000100000000)
 Metaspace       used 63276K, capacity 65146K, committed 65268K, reserved 1107968K
  class space    used 7336K, capacity 7762K, committed 7776K, reserved 1048576K
2020-06-27T17:47:38.168+0100: 1960.429: [GC (CMS Final Remark) 2020-06-27T17:47:38.168+0100: 1960.429: [ParNew
Desired survivor size 20112992 bytes, new threshold 8 (max 8)
- age   1:      57416 bytes,      57416 total
- age   2:    5598872 bytes,    5656288 total
- age   3:    1978352 bytes,    7634640 total
- age   4:    2635592 bytes,   10270232 total
- age   5:    2226880 bytes,   12497112 total
- age   6:    3934792 bytes,   16431904 total
- age   7:    2574080 bytes,   19005984 total
: 23255K->21824K(109248K), 0.0131119 secs] 226627K->228455K(502464K), 0.0131753 secs] [Times: user=0.06 sys=0.00, real=0.01 secs] 
Heap after GC invocations=259 (full 17):
 par new generation   total 109248K, used 21824K [0x00000000e0000000, 0x00000000e8000000, 0x00000000e8000000)
  eden space 87424K,   0% used [0x00000000e0000000, 0x00000000e0000000, 0x00000000e5560000)
  from space 21824K, 100% used [0x00000000e6ab0000, 0x00000000e8000000, 0x00000000e8000000)
  to   space 21824K,   0% used [0x00000000e5560000, 0x00000000e5560000, 0x00000000e6ab0000)
 concurrent mark-sweep generation total 393216K, used 206631K [0x00000000e8000000, 0x0000000100000000, 0x0000000100000000)
 Metaspace       used 63276K, capacity 65146K, committed 65268K, reserved 1107968K
  class space    used 7336K, capacity 7762K, committed 7776K, reserved 1048576K
}
2020-06-27T17:47:38.181+0100: 1960.442: [Rescan (parallel) , 0.0054165 secs]2020-06-27T17:47:38.187+0100: 1960.447: [weak refs processing, 0.0087637 secs]2020-06-27T17:47:38.196+0100: 1960.456: [class unloading, 0.0191099 secs]2020-06-27T17:47:38.215+0100: 1960.475: [scrub symbol table, 0.0170103 secs]2020-06-27T17:47:38.232+0100: 1960.492: [scrub string table, 0.0012570 secs][1 CMS-remark: 206631K(393216K)] 228455K(502464K), 0.0652509 secs] [Times: user=0.16 sys=0.00, real=0.07 secs] 
2020-06-27T17:47:38.233+0100: 1960.494: Total time for which application threads were stopped: 0.0654524 seconds, Stopping threads took: 0.0000630 seconds
2020-06-27T17:47:38.234+0100: 1960.495: [CMS-concurrent-sweep-start]
2020-06-27T17:47:38.238+0100: 1960.498: Total time for which application threads were stopped: 0.0002005 seconds, Stopping threads took: 0.0000838 seconds
2020-06-27T17:47:38.238+0100: 1960.498: Total time for which application threads were stopped: 0.0001442 seconds, Stopping threads took: 0.0000542 seconds
2020-06-27T17:47:38.238+0100: 1960.499: Total time for which application threads were stopped: 0.0001668 seconds, Stopping threads took: 0.0000503 seconds
2020-06-27T17:47:38.239+0100: 1960.499: Total time for which application threads were stopped: 0.0001613 seconds, Stopping threads took: 0.0000519 seconds
2020-06-27T17:47:38.239+0100: 1960.500: Total time for which application threads were stopped: 0.0003686 seconds, Stopping threads took: 0.0002471 seconds
2020-06-27T17:47:38.240+0100: 1960.500: Total time for which application threads were stopped: 0.0001794 seconds, Stopping threads took: 0.0000612 seconds
2020-06-27T17:47:38.240+0100: 1960.501: Total time for which application threads were stopped: 0.0001443 seconds, Stopping threads took: 0.0000512 seconds
2020-06-27T17:47:38.241+0100: 1960.501: Total time for which application threads were stopped: 0.0001636 seconds, Stopping threads took: 0.0000813 seconds
2020-06-27T17:47:38.241+0100: 1960.501: Total time for which application threads were stopped: 0.0001067 seconds, Stopping threads took: 0.0000470 seconds
2020-06-27T17:47:38.241+0100: 1960.502: Total time for which application threads were stopped: 0.0001155 seconds, Stopping threads took: 0.0000426 seconds
2020-06-27T17:47:38.244+0100: 1960.504: Total time for which application threads were stopped: 0.0001392 seconds, Stopping threads took: 0.0000588 seconds
2020-06-27T17:47:38.244+0100: 1960.504: Total time for which application threads were stopped: 0.0000983 seconds, Stopping threads took: 0.0000440 seconds
2020-06-27T17:47:38.244+0100: 1960.505: Total time for which application threads were stopped: 0.0001335 seconds, Stopping threads took: 0.0000641 seconds
2020-06-27T17:47:38.245+0100: 1960.505: Total time for which application threads were stopped: 0.0001164 seconds, Stopping threads took: 0.0000569 seconds
2020-06-27T17:47:38.245+0100: 1960.505: Total time for which application threads were stopped: 0.0001123 seconds, Stopping threads took: 0.0000588 seconds
2020-06-27T17:47:38.245+0100: 1960.505: Total time for which application threads were stopped: 0.0001230 seconds, Stopping threads took: 0.0000650 seconds
2020-06-27T17:47:38.315+0100: 1960.576: [CMS-concurrent-sweep: 0.078/0.081 secs] [Times: user=0.25 sys=0.00, real=0.08 secs] 
2020-06-27T17:47:38.316+0100: 1960.576: [CMS-concurrent-reset-start]
2020-06-27T17:47:38.316+0100: 1960.577: [CMS-concurrent-reset: 0.001/0.001 secs] [Times: user=0.00 sys=0.00, real=0.00 secs] 
{Heap before GC invocations=259 (full 17):
 par new generation   total 109248K, used 109248K [0x00000000e0000000, 0x00000000e8000000, 0x00000000e8000000)
  eden space 87424K, 100% used [0x00000000e0000000, 0x00000000e5560000, 0x00000000e5560000)
  from space 21824K, 100% used [0x00000000e6ab0000, 0x00000000e8000000, 0x00000000e8000000)
  to   space 21824K,   0% used [0x00000000e5560000, 0x00000000e5560000, 0x00000000e6ab0000)
 concurrent mark-sweep generation total 393216K, used 104946K [0x00000000e8000000, 0x0000000100000000, 0x0000000100000000)
 Metaspace       used 63279K, capacity 65146K, committed 65268K, reserved 1107968K
  class space    used 7336K, capacity 7762K, committed 7776K, reserved 1048576K
2020-06-27T17:47:38.505+0100: 1960.765: [GC (Allocation Failure) 2020-06-27T17:47:38.505+0100: 1960.765: [ParNew
Desired survivor size 20112992 bytes, new threshold 7 (max 8)
- age   1:    7588728 bytes,    7588728 total
- age   2:       8768 bytes,    7597496 total
- age   3:    3147904 bytes,   10745400 total
- age   4:    1613104 bytes,   12358504 total
- age   5:    2430376 bytes,   14788880 total
- age   6:    2225584 bytes,   17014464 total
- age   7:    3847856 bytes,   20862320 total
- age   8:    1381624 bytes,   22243944 total
: 109248K->21824K(109248K), 0.0142420 secs] 214194K->129903K(502464K), 0.0143262 secs] [Times: user=0.06 sys=0.00, real=0.01 secs] 
Heap after GC invocations=260 (full 17):
 par new generation   total 109248K, used 21824K [0x00000000e0000000, 0x00000000e8000000, 0x00000000e8000000)
  eden space 87424K,   0% used [0x00000000e0000000, 0x00000000e0000000, 0x00000000e5560000)
  from space 21824K, 100% used [0x00000000e5560000, 0x00000000e6ab0000, 0x00000000e6ab0000)
  to   space 21824K,   0% used [0x00000000e6ab0000, 0x00000000e6ab0000, 0x00000000e8000000)
 concurrent mark-sweep generation total 393216K, used 108079K [0x00000000e8000000, 0x0000000100000000, 0x0000000100000000)
 Metaspace       used 63279K, capacity 65146K, committed 65268K, reserved 1107968K
  class space    used 7336K, capacity 7762K, committed 7776K, reserved 1048576K
}
2020-06-27T17:47:38.519+0100: 1960.780: Total time for which application threads were stopped: 0.0146434 seconds, Stopping threads took: 0.0000817 seconds
{Heap before GC invocations=260 (full 17):
 par new generation   total 109248K, used 109248K [0x00000000e0000000, 0x00000000e8000000, 0x00000000e8000000)
  eden space 87424K, 100% used [0x00000000e0000000, 0x00000000e5560000, 0x00000000e5560000)
  from space 21824K, 100% used [0x00000000e5560000, 0x00000000e6ab0000, 0x00000000e6ab0000)
  to   space 21824K,   0% used [0x00000000e6ab0000, 0x00000000e6ab0000, 0x00000000e8000000)
 concurrent mark-sweep generation total 393216K, used 108079K [0x00000000e8000000, 0x0000000100000000, 0x0000000100000000)
 Metaspace       used 63279K, capacity 65146K, committed 65268K, reserved 1107968K
  class space    used 7336K, capacity 7762K, committed 7776K, reserved 1048576K
2020-06-27T17:47:38.618+0100: 1960.878: [GC (Allocation Failure) 2020-06-27T17:47:38.618+0100: 1960.878: [ParNew
Desired survivor size 20112992 bytes, new threshold 8 (max 8)
- age   1:    5310776 bytes,    5310776 total
- age   2:    3971560 bytes,    9282336 total
- age   3:       8584 bytes,    9290920 total
- age   4:    2868520 bytes,   12159440 total
- age   5:    1613104 bytes,   13772544 total
- age   6:    2430168 bytes,   16202712 total
- age   7:    2225584 bytes,   18428296 total
: 109248K->21824K(109248K), 0.0160399 secs] 217327K->139117K(502464K), 0.0161098 secs] [Times: user=0.06 sys=0.00, real=0.02 secs] 
Heap after GC invocations=261 (full 17):
 par new generation   total 109248K, used 21824K [0x00000000e0000000, 0x00000000e8000000, 0x00000000e8000000)
  eden space 87424K,   0% used [0x00000000e0000000, 0x00000000e0000000, 0x00000000e5560000)
  from space 21824K, 100% used [0x00000000e6ab0000, 0x00000000e8000000, 0x00000000e8000000)
  to   space 21824K,   0% used [0x00000000e5560000, 0x00000000e5560000, 0x00000000e6ab0000)
 concurrent mark-sweep generation total 393216K, used 117293K [0x00000000e8000000, 0x0000000100000000, 0x0000000100000000)
 Metaspace       used 63279K, capacity 65146K, committed 65268K, reserved 1107968K
  class space    used 7336K, capacity 7762K, committed 7776K, reserved 1048576K
}
2020-06-27T17:47:38.634+0100: 1960.894: Total time for which application threads were stopped: 0.0163621 seconds, Stopping threads took: 0.0000656 seconds
2020-06-27T17:47:39.314+0100: 1961.574: Total time for which application threads were stopped: 0.0001596 seconds, Stopping threads took: 0.0000593 seconds
2020-06-27T17:47:39.314+0100: 1961.575: Total time for which application threads were stopped: 0.0001288 seconds, Stopping threads took: 0.0000639 seconds
2020-06-27T17:47:39.315+0100: 1961.575: Total time for which application threads were stopped: 0.0001106 seconds, Stopping threads took: 0.0000492 seconds
2020-06-27T17:47:39.315+0100: 1961.576: Total time for which application threads were stopped: 0.0000821 seconds, Stopping threads took: 0.0000365 seconds
2020-06-27T17:47:39.315+0100: 1961.576: Total time for which application threads were stopped: 0.0000768 seconds, Stopping threads took: 0.0000353 seconds
2020-06-27T17:47:39.315+0100: 1961.576: Total time for which application threads were stopped: 0.0000754 seconds, Stopping threads took: 0.0000348 seconds
2020-06-27T17:47:39.316+0100: 1961.576: Total time for which application threads were stopped: 0.0000940 seconds, Stopping threads took: 0.0000346 seconds
2020-06-27T17:47:49.538+0100: 1971.799: Total time for which application threads were stopped: 0.0002849 seconds, Stopping threads took: 0.0002326 seconds
2020-06-27T17:47:49.542+0100: 1971.802: Total time for which application threads were stopped: 0.0001590 seconds, Stopping threads took: 0.0000869 seconds
2020-06-27T17:47:49.548+0100: 1971.809: Total time for which application threads were stopped: 0.0001183 seconds, Stopping threads took: 0.0000604 seconds
2020-06-27T17:47:49.550+0100: 1971.810: Total time for which application threads were stopped: 0.0001484 seconds, Stopping threads took: 0.0000622 seconds
{Heap before GC invocations=261 (full 17):
 par new generation   total 109248K, used 109248K [0x00000000e0000000, 0x00000000e8000000, 0x00000000e8000000)
  eden space 87424K, 100% used [0x00000000e0000000, 0x00000000e5560000, 0x00000000e5560000)
  from space 21824K, 100% used [0x00000000e6ab0000, 0x00000000e8000000, 0x00000000e8000000)
  to   space 21824K,   0% used [0x00000000e5560000, 0x00000000e5560000, 0x00000000e6ab0000)
 concurrent mark-sweep generation total 393216K, used 117293K [0x00000000e8000000, 0x0000000100000000, 0x0000000100000000)
 Metaspace       used 63282K, capacity 65146K, committed 65268K, reserved 1107968K
  class space    used 7336K, capacity 7762K, committed 7776K, reserved 1048576K
2020-06-27T17:47:49.652+0100: 1971.912: [GC (Allocation Failure) 2020-06-27T17:47:49.652+0100: 1971.912: [ParNew
Desired survivor size 20112992 bytes, new threshold 7 (max 8)
- age   1:    7593664 bytes,    7593664 total
- age   2:    2111792 bytes,    9705456 total
- age   3:    3675736 bytes,   13381192 total
- age   4:       8584 bytes,   13389776 total
- age   5:    2868000 bytes,   16257776 total
- age   6:    1612688 bytes,   17870464 total
- age   7:    2325584 bytes,   20196048 total
- age   8:    2146592 bytes,   22342640 total
: 109248K->21824K(109248K), 0.0164831 secs] 226541K->143088K(502464K), 0.0165780 secs] [Times: user=0.06 sys=0.00, real=0.02 secs] 
Heap after GC invocations=262 (full 17):
 par new generation   total 109248K, used 21824K [0x00000000e0000000, 0x00000000e8000000, 0x00000000e8000000)
  eden space 87424K,   0% used [0x00000000e0000000, 0x00000000e0000000, 0x00000000e5560000)
  from space 21824K, 100% used [0x00000000e5560000, 0x00000000e6ab0000, 0x00000000e6ab0000)
  to   space 21824K,   0% used [0x00000000e6ab0000, 0x00000000e6ab0000, 0x00000000e8000000)
 concurrent mark-sweep generation total 393216K, used 121264K [0x00000000e8000000, 0x0000000100000000, 0x0000000100000000)
 Metaspace       used 63282K, capacity 65146K, committed 65268K, reserved 1107968K
  class space    used 7336K, capacity 7762K, committed 7776K, reserved 1048576K
}
2020-06-27T17:47:49.669+0100: 1971.929: Total time for which application threads were stopped: 0.0168603 seconds, Stopping threads took: 0.0000693 seconds
2020-06-27T17:47:49.681+0100: 1971.941: Total time for which application threads were stopped: 0.0001425 seconds, Stopping threads took: 0.0000591 seconds
{Heap before GC invocations=262 (full 17):
 par new generation   total 109248K, used 109248K [0x00000000e0000000, 0x00000000e8000000, 0x00000000e8000000)
  eden space 87424K, 100% used [0x00000000e0000000, 0x00000000e5560000, 0x00000000e5560000)
  from space 21824K, 100% used [0x00000000e5560000, 0x00000000e6ab0000, 0x00000000e6ab0000)
  to   space 21824K,   0% used [0x00000000e6ab0000, 0x00000000e6ab0000, 0x00000000e8000000)
 concurrent mark-sweep generation total 393216K, used 121264K [0x00000000e8000000, 0x0000000100000000, 0x0000000100000000)
 Metaspace       used 63282K, capacity 65146K, committed 65268K, reserved 1107968K
  class space    used 7336K, capacity 7762K, committed 7776K, reserved 1048576K
2020-06-27T17:47:49.753+0100: 1972.013: [GC (Allocation Failure) 2020-06-27T17:47:49.753+0100: 1972.013: [ParNew
Desired survivor size 20112992 bytes, new threshold 7 (max 8)
- age   1:    5872696 bytes,    5872696 total
- age   2:    4560744 bytes,   10433440 total
- age   3:    2103272 bytes,   12536712 total
- age   4:    3675736 bytes,   16212448 total
- age   5:       8584 bytes,   16221032 total
- age   6:    2868000 bytes,   19089032 total
- age   7:    1612688 bytes,   20701720 total
: 109248K->21824K(109248K), 0.0165645 secs] 230512K->153225K(502464K), 0.0166326 secs] [Times: user=0.06 sys=0.00, real=0.02 secs] 
Heap after GC invocations=263 (full 17):
 par new generation   total 109248K, used 21824K [0x00000000e0000000, 0x00000000e8000000, 0x00000000e8000000)
  eden space 87424K,   0% used [0x00000000e0000000, 0x00000000e0000000, 0x00000000e5560000)
  from space 21824K, 100% used [0x00000000e6ab0000, 0x00000000e8000000, 0x00000000e8000000)
  to   space 21824K,   0% used [0x00000000e5560000, 0x00000000e5560000, 0x00000000e6ab0000)
 concurrent mark-sweep generation total 393216K, used 131401K [0x00000000e8000000, 0x0000000100000000, 0x0000000100000000)
 Metaspace       used 63282K, capacity 65146K, committed 65268K, reserved 1107968K
  class space    used 7336K, capacity 7762K, committed 7776K, reserved 1048576K
}
2020-06-27T17:47:49.770+0100: 1972.030: Total time for which application threads were stopped: 0.0169189 seconds, Stopping threads took: 0.0000696 seconds
{Heap before GC invocations=263 (full 17):
 par new generation   total 109248K, used 109248K [0x00000000e0000000, 0x00000000e8000000, 0x00000000e8000000)
  eden space 87424K, 100% used [0x00000000e0000000, 0x00000000e5560000, 0x00000000e5560000)
  from space 21824K, 100% used [0x00000000e6ab0000, 0x00000000e8000000, 0x00000000e8000000)
  to   space 21824K,   0% used [0x00000000e5560000, 0x00000000e5560000, 0x00000000e6ab0000)
 concurrent mark-sweep generation total 393216K, used 131401K [0x00000000e8000000, 0x0000000100000000, 0x0000000100000000)
 Metaspace       used 63282K, capacity 65146K, committed 65268K, reserved 1107968K
  class space    used 7336K, capacity 7762K, committed 7776K, reserved 1048576K
2020-06-27T17:47:49.862+0100: 1972.122: [GC (Allocation Failure) 2020-06-27T17:47:49.862+0100: 1972.122: [ParNew
Desired survivor size 20112992 bytes, new threshold 7 (max 8)
- age   1:    2853776 bytes,    2853776 total
- age   2:    4486848 bytes,    7340624 total
- age   3:    4484032 bytes,   11824656 total
- age   4:    2100464 bytes,   13925120 total
- age   5:    3569016 bytes,   17494136 total
- age   6:       8584 bytes,   17502720 total
- age   7:    2856296 bytes,   20359016 total
: 109248K->21824K(109248K), 0.0181981 secs] 240649K->162820K(502464K), 0.0182716 secs] [Times: user=0.06 sys=0.00, real=0.02 secs] 
Heap after GC invocations=264 (full 17):
 par new generation   total 109248K, used 21824K [0x00000000e0000000, 0x00000000e8000000, 0x00000000e8000000)
  eden space 87424K,   0% used [0x00000000e0000000, 0x00000000e0000000, 0x00000000e5560000)
  from space 21824K, 100% used [0x00000000e5560000, 0x00000000e6ab0000, 0x00000000e6ab0000)
  to   space 21824K,   0% used [0x00000000e6ab0000, 0x00000000e6ab0000, 0x00000000e8000000)
 concurrent mark-sweep generation total 393216K, used 140996K [0x00000000e8000000, 0x0000000100000000, 0x0000000100000000)
 Metaspace       used 63282K, capacity 65146K, committed 65268K, reserved 1107968K
  class space    used 7336K, capacity 7762K, committed 7776K, reserved 1048576K
}
2020-06-27T17:47:49.880+0100: 1972.140: Total time for which application threads were stopped: 0.0185261 seconds, Stopping threads took: 0.0000669 seconds
{Heap before GC invocations=264 (full 17):
 par new generation   total 109248K, used 109248K [0x00000000e0000000, 0x00000000e8000000, 0x00000000e8000000)
  eden space 87424K, 100% used [0x00000000e0000000, 0x00000000e5560000, 0x00000000e5560000)
  from space 21824K, 100% used [0x00000000e5560000, 0x00000000e6ab0000, 0x00000000e6ab0000)
  to   space 21824K,   0% used [0x00000000e6ab0000, 0x00000000e6ab0000, 0x00000000e8000000)
 concurrent mark-sweep generation total 393216K, used 140996K [0x00000000e8000000, 0x0000000100000000, 0x0000000100000000)
 Metaspace       used 63282K, capacity 65146K, committed 65268K, reserved 1107968K
  class space    used 7336K, capacity 7762K, committed 7776K, reserved 1048576K
2020-06-27T17:47:50.065+0100: 1972.326: [GC (Allocation Failure) 2020-06-27T17:47:50.065+0100: 1972.326: [ParNew
Desired survivor size 20112992 bytes, new threshold 8 (max 8)
- age   1:    3727992 bytes,    3727992 total
- age   2:    2341496 bytes,    6069488 total
- age   3:    4483040 bytes,   10552528 total
- age   4:    3952352 bytes,   14504880 total
- age   5:    1716944 bytes,   16221824 total
- age   6:    3568856 bytes,   19790680 total
- age   7:       8584 bytes,   19799264 total
: 109248K->21824K(109248K), 0.0139191 secs] 250244K->169463K(502464K), 0.0140099 secs] [Times: user=0.06 sys=0.00, real=0.01 secs] 
Heap after GC invocations=265 (full 17):
 par new generation   total 109248K, used 21824K [0x00000000e0000000, 0x00000000e8000000, 0x00000000e8000000)
  eden space 87424K,   0% used [0x00000000e0000000, 0x00000000e0000000, 0x00000000e5560000)
  from space 21824K, 100% used [0x00000000e6ab0000, 0x00000000e8000000, 0x00000000e8000000)
  to   space 21824K,   0% used [0x00000000e5560000, 0x00000000e5560000, 0x00000000e6ab0000)
 concurrent mark-sweep generation total 393216K, used 147639K [0x00000000e8000000, 0x0000000100000000, 0x0000000100000000)
 Metaspace       used 63282K, capacity 65146K, committed 65268K, reserved 1107968K
  class space    used 7336K, capacity 7762K, committed 7776K, reserved 1048576K
}
2020-06-27T17:47:50.079+0100: 1972.340: Total time for which application threads were stopped: 0.0142850 seconds, Stopping threads took: 0.0000635 seconds
{Heap before GC invocations=265 (full 17):
 par new generation   total 109248K, used 109248K [0x00000000e0000000, 0x00000000e8000000, 0x00000000e8000000)
  eden space 87424K, 100% used [0x00000000e0000000, 0x00000000e5560000, 0x00000000e5560000)
  from space 21824K, 100% used [0x00000000e6ab0000, 0x00000000e8000000, 0x00000000e8000000)
  to   space 21824K,   0% used [0x00000000e5560000, 0x00000000e5560000, 0x00000000e6ab0000)
 concurrent mark-sweep generation total 393216K, used 147639K [0x00000000e8000000, 0x0000000100000000, 0x0000000100000000)
 Metaspace       used 63282K, capacity 65146K, committed 65268K, reserved 1107968K
  class space    used 7336K, capacity 7762K, committed 7776K, reserved 1048576K
2020-06-27T17:47:50.176+0100: 1972.437: [GC (Allocation Failure) 2020-06-27T17:47:50.177+0100: 1972.437: [ParNew
Desired survivor size 20112992 bytes, new threshold 7 (max 8)
- age   1:    3465528 bytes,    3465528 total
- age   2:    3140336 bytes,    6605864 total
- age   3:    2263048 bytes,    8868912 total
- age   4:    4450112 bytes,   13319024 total
- age   5:    3706552 bytes,   17025576 total
- age   6:    1716072 bytes,   18741648 total
- age   7:    3564232 bytes,   22305880 total
- age   8:       8584 bytes,   22314464 total
: 109248K->21824K(109248K), 0.0212930 secs] 256887K->176973K(502464K), 0.0214101 secs] [Times: user=0.11 sys=0.00, real=0.02 secs] 
Heap after GC invocations=266 (full 17):
 par new generation   total 109248K, used 21824K [0x00000000e0000000, 0x00000000e8000000, 0x00000000e8000000)
  eden space 87424K,   0% used [0x00000000e0000000, 0x00000000e0000000, 0x00000000e5560000)
  from space 21824K, 100% used [0x00000000e5560000, 0x00000000e6ab0000, 0x00000000e6ab0000)
  to   space 21824K,   0% used [0x00000000e6ab0000, 0x00000000e6ab0000, 0x00000000e8000000)
 concurrent mark-sweep generation total 393216K, used 155149K [0x00000000e8000000, 0x0000000100000000, 0x0000000100000000)
 Metaspace       used 63282K, capacity 65146K, committed 65268K, reserved 1107968K
  class space    used 7336K, capacity 7762K, committed 7776K, reserved 1048576K
}
2020-06-27T17:47:50.198+0100: 1972.458: Total time for which application threads were stopped: 0.0217020 seconds, Stopping threads took: 0.0000657 seconds
2020-06-27T17:47:51.148+0100: 1973.408: Total time for which application threads were stopped: 0.0002670 seconds, Stopping threads took: 0.0001440 seconds
2020-06-27T17:47:51.150+0100: 1973.411: Total time for which application threads were stopped: 0.0001273 seconds, Stopping threads took: 0.0000516 seconds
2020-06-27T17:47:51.150+0100: 1973.411: Total time for which application threads were stopped: 0.0001069 seconds, Stopping threads took: 0.0000441 seconds
2020-06-27T17:47:51.151+0100: 1973.411: Total time for which application threads were stopped: 0.0000952 seconds, Stopping threads took: 0.0000518 seconds
2020-06-27T17:47:51.151+0100: 1973.411: Total time for which application threads were stopped: 0.0003322 seconds, Stopping threads took: 0.0000538 seconds
2020-06-27T17:47:54.054+0100: 1976.315: Total time for which application threads were stopped: 0.0002415 seconds, Stopping threads took: 0.0001642 seconds
2020-06-27T17:47:54.060+0100: 1976.321: Total time for which application threads were stopped: 0.0001801 seconds, Stopping threads took: 0.0000678 seconds
2020-06-27T17:47:54.061+0100: 1976.322: Total time for which application threads were stopped: 0.0001644 seconds, Stopping threads took: 0.0000661 seconds
2020-06-27T17:47:54.071+0100: 1976.332: Total time for which application threads were stopped: 0.0001231 seconds, Stopping threads took: 0.0000576 seconds
{Heap before GC invocations=266 (full 17):
 par new generation   total 109248K, used 109248K [0x00000000e0000000, 0x00000000e8000000, 0x00000000e8000000)
  eden space 87424K, 100% used [0x00000000e0000000, 0x00000000e5560000, 0x00000000e5560000)
  from space 21824K, 100% used [0x00000000e5560000, 0x00000000e6ab0000, 0x00000000e6ab0000)
  to   space 21824K,   0% used [0x00000000e6ab0000, 0x00000000e6ab0000, 0x00000000e8000000)
 concurrent mark-sweep generation total 393216K, used 155149K [0x00000000e8000000, 0x0000000100000000, 0x0000000100000000)
 Metaspace       used 63293K, capacity 65146K, committed 65268K, reserved 1107968K
  class space    used 7336K, capacity 7762K, committed 7776K, reserved 1048576K
2020-06-27T17:47:54.140+0100: 1976.401: [GC (Allocation Failure) 2020-06-27T17:47:54.141+0100: 1976.401: [ParNew
Desired survivor size 20112992 bytes, new threshold 8 (max 8)
- age   1:    2707584 bytes,    2707584 total
- age   2:    2280136 bytes,    4987720 total
- age   3:    2051192 bytes,    7038912 total
- age   4:    2158416 bytes,    9197328 total
- age   5:    3855920 bytes,   13053248 total
- age   6:    3199864 bytes,   16253112 total
- age   7:    1692576 bytes,   17945688 total
: 109248K->21824K(109248K), 0.0194389 secs] 264397K->185227K(502464K), 0.0195961 secs] [Times: user=0.05 sys=0.00, real=0.02 secs] 
Heap after GC invocations=267 (full 17):
 par new generation   total 109248K, used 21824K [0x00000000e0000000, 0x00000000e8000000, 0x00000000e8000000)
  eden space 87424K,   0% used [0x00000000e0000000, 0x00000000e0000000, 0x00000000e5560000)
  from space 21824K, 100% used [0x00000000e6ab0000, 0x00000000e8000000, 0x00000000e8000000)
  to   space 21824K,   0% used [0x00000000e5560000, 0x00000000e5560000, 0x00000000e6ab0000)
 concurrent mark-sweep generation total 393216K, used 163403K [0x00000000e8000000, 0x0000000100000000, 0x0000000100000000)
 Metaspace       used 63293K, capacity 65146K, committed 65268K, reserved 1107968K
  class space    used 7336K, capacity 7762K, committed 7776K, reserved 1048576K
}
2020-06-27T17:47:54.160+0100: 1976.421: Total time for which application threads were stopped: 0.0199658 seconds, Stopping threads took: 0.0000798 seconds
2020-06-27T17:47:54.219+0100: 1976.480: Total time for which application threads were stopped: 0.0001534 seconds, Stopping threads took: 0.0000557 seconds
{Heap before GC invocations=267 (full 17):
 par new generation   total 109248K, used 109248K [0x00000000e0000000, 0x00000000e8000000, 0x00000000e8000000)
  eden space 87424K, 100% used [0x00000000e0000000, 0x00000000e5560000, 0x00000000e5560000)
  from space 21824K, 100% used [0x00000000e6ab0000, 0x00000000e8000000, 0x00000000e8000000)
  to   space 21824K,   0% used [0x00000000e5560000, 0x00000000e5560000, 0x00000000e6ab0000)
 concurrent mark-sweep generation total 393216K, used 163403K [0x00000000e8000000, 0x0000000100000000, 0x0000000100000000)
 Metaspace       used 63293K, capacity 65146K, committed 65268K, reserved 1107968K
  class space    used 7336K, capacity 7762K, committed 7776K, reserved 1048576K
2020-06-27T17:47:54.259+0100: 1976.520: [GC (Allocation Failure) 2020-06-27T17:47:54.260+0100: 1976.520: [ParNew
Desired survivor size 20112992 bytes, new threshold 8 (max 8)
- age   1:    4046752 bytes,    4046752 total
- age   2:    2017016 bytes,    6063768 total
- age   3:    2176536 bytes,    8240304 total
- age   4:    2051192 bytes,   10291496 total
- age   5:    2158344 bytes,   12449840 total
- age   6:    3855816 bytes,   16305656 total
- age   7:    3199680 bytes,   19505336 total
- age   8:    1692576 bytes,   21197912 total
: 109248K->21824K(109248K), 0.0125998 secs] 272651K->188954K(502464K), 0.0126807 secs] [Times: user=0.02 sys=0.00, real=0.01 secs] 
Heap after GC invocations=268 (full 17):
 par new generation   total 109248K, used 21824K [0x00000000e0000000, 0x00000000e8000000, 0x00000000e8000000)
  eden space 87424K,   0% used [0x00000000e0000000, 0x00000000e0000000, 0x00000000e5560000)
  from space 21824K, 100% used [0x00000000e5560000, 0x00000000e6ab0000, 0x00000000e6ab0000)
  to   space 21824K,   0% used [0x00000000e6ab0000, 0x00000000e6ab0000, 0x00000000e8000000)
 concurrent mark-sweep generation total 393216K, used 167130K [0x00000000e8000000, 0x0000000100000000, 0x0000000100000000)
 Metaspace       used 63293K, capacity 65146K, committed 65268K, reserved 1107968K
  class space    used 7336K, capacity 7762K, committed 7776K, reserved 1048576K
}
2020-06-27T17:47:54.272+0100: 1976.533: Total time for which application threads were stopped: 0.0128995 seconds, Stopping threads took: 0.0000560 seconds
{Heap before GC invocations=268 (full 17):
 par new generation   total 109248K, used 109248K [0x00000000e0000000, 0x00000000e8000000, 0x00000000e8000000)
  eden space 87424K, 100% used [0x00000000e0000000, 0x00000000e5560000, 0x00000000e5560000)
  from space 21824K, 100% used [0x00000000e5560000, 0x00000000e6ab0000, 0x00000000e6ab0000)
  to   space 21824K,   0% used [0x00000000e6ab0000, 0x00000000e6ab0000, 0x00000000e8000000)
 concurrent mark-sweep generation total 393216K, used 167130K [0x00000000e8000000, 0x0000000100000000, 0x0000000100000000)
 Metaspace       used 63293K, capacity 65146K, committed 65268K, reserved 1107968K
  class space    used 7336K, capacity 7762K, committed 7776K, reserved 1048576K
2020-06-27T17:47:54.377+0100: 1976.637: [GC (Allocation Failure) 2020-06-27T17:47:54.377+0100: 1976.637: [ParNew
Desired survivor size 20112992 bytes, new threshold 8 (max 8)
- age   1:    3443384 bytes,    3443384 total
- age   2:    3410656 bytes,    6854040 total
- age   3:    2013272 bytes,    8867312 total
- age   4:    2176536 bytes,   11043848 total
- age   5:    2051192 bytes,   13095040 total
- age   6:    2158344 bytes,   15253384 total
- age   7:    3855816 bytes,   19109200 total
- age   8:    3199680 bytes,   22308880 total
: 109248K->21824K(109248K), 0.0156302 secs] 276378K->196829K(502464K), 0.0156968 secs] [Times: user=0.06 sys=0.00, real=0.01 secs] 
Heap after GC invocations=269 (full 17):
 par new generation   total 109248K, used 21824K [0x00000000e0000000, 0x00000000e8000000, 0x00000000e8000000)
  eden space 87424K,   0% used [0x00000000e0000000, 0x00000000e0000000, 0x00000000e5560000)
  from space 21824K, 100% used [0x00000000e6ab0000, 0x00000000e8000000, 0x00000000e8000000)
  to   space 21824K,   0% used [0x00000000e5560000, 0x00000000e5560000, 0x00000000e6ab0000)
 concurrent mark-sweep generation total 393216K, used 175005K [0x00000000e8000000, 0x0000000100000000, 0x0000000100000000)
 Metaspace       used 63293K, capacity 65146K, committed 65268K, reserved 1107968K
  class space    used 7336K, capacity 7762K, committed 7776K, reserved 1048576K
}
2020-06-27T17:47:54.392+0100: 1976.653: Total time for which application threads were stopped: 0.0159373 seconds, Stopping threads took: 0.0000782 seconds
{Heap before GC invocations=269 (full 17):
 par new generation   total 109248K, used 109248K [0x00000000e0000000, 0x00000000e8000000, 0x00000000e8000000)
  eden space 87424K, 100% used [0x00000000e0000000, 0x00000000e5560000, 0x00000000e5560000)
  from space 21824K, 100% used [0x00000000e6ab0000, 0x00000000e8000000, 0x00000000e8000000)
  to   space 21824K,   0% used [0x00000000e5560000, 0x00000000e5560000, 0x00000000e6ab0000)
 concurrent mark-sweep generation total 393216K, used 175005K [0x00000000e8000000, 0x0000000100000000, 0x0000000100000000)
 Metaspace       used 63293K, capacity 65146K, committed 65268K, reserved 1107968K
  class space    used 7336K, capacity 7762K, committed 7776K, reserved 1048576K
2020-06-27T17:47:54.540+0100: 1976.801: [GC (Allocation Failure) 2020-06-27T17:47:54.540+0100: 1976.801: [ParNew
Desired survivor size 20112992 bytes, new threshold 8 (max 8)
- age   1:    5204256 bytes,    5204256 total
- age   2:    1762216 bytes,    6966472 total
- age   3:    3333328 bytes,   10299800 total
- age   4:    2013272 bytes,   12313072 total
- age   5:    2176536 bytes,   14489608 total
- age   6:    2051192 bytes,   16540800 total
- age   7:    1831632 bytes,   18372432 total
- age   8:    3797960 bytes,   22170392 total
: 109248K->21824K(109248K), 0.0170909 secs] 284253K->206028K(502464K), 0.0171584 secs] [Times: user=0.06 sys=0.00, real=0.02 secs] 
Heap after GC invocations=270 (full 17):
 par new generation   total 109248K, used 21824K [0x00000000e0000000, 0x00000000e8000000, 0x00000000e8000000)
  eden space 87424K,   0% used [0x00000000e0000000, 0x00000000e0000000, 0x00000000e5560000)
  from space 21824K, 100% used [0x00000000e5560000, 0x00000000e6ab0000, 0x00000000e6ab0000)
  to   space 21824K,   0% used [0x00000000e6ab0000, 0x00000000e6ab0000, 0x00000000e8000000)
 concurrent mark-sweep generation total 393216K, used 184204K [0x00000000e8000000, 0x0000000100000000, 0x0000000100000000)
 Metaspace       used 63293K, capacity 65146K, committed 65268K, reserved 1107968K
  class space    used 7336K, capacity 7762K, committed 7776K, reserved 1048576K
}
2020-06-27T17:47:54.557+0100: 1976.818: Total time for which application threads were stopped: 0.0173787 seconds, Stopping threads took: 0.0000643 seconds
{Heap before GC invocations=270 (full 17):
 par new generation   total 109248K, used 109248K [0x00000000e0000000, 0x00000000e8000000, 0x00000000e8000000)
  eden space 87424K, 100% used [0x00000000e0000000, 0x00000000e5560000, 0x00000000e5560000)
  from space 21824K, 100% used [0x00000000e5560000, 0x00000000e6ab0000, 0x00000000e6ab0000)
  to   space 21824K,   0% used [0x00000000e6ab0000, 0x00000000e6ab0000, 0x00000000e8000000)
 concurrent mark-sweep generation total 393216K, used 184204K [0x00000000e8000000, 0x0000000100000000, 0x0000000100000000)
 Metaspace       used 63293K, capacity 65146K, committed 65268K, reserved 1107968K
  class space    used 7336K, capacity 7762K, committed 7776K, reserved 1048576K
2020-06-27T17:47:54.655+0100: 1976.916: [GC (Allocation Failure) 2020-06-27T17:47:54.655+0100: 1976.916: [ParNew
Desired survivor size 20112992 bytes, new threshold 8 (max 8)
- age   1:    5717448 bytes,    5717448 total
- age   2:    3949024 bytes,    9666472 total
- age   3:    1661216 bytes,   11327688 total
- age   4:    2411208 bytes,   13738896 total
- age   5:    1973336 bytes,   15712232 total
- age   6:    2176536 bytes,   17888768 total
- age   7:    2031640 bytes,   19920408 total
- age   8:    1703080 bytes,   21623488 total
: 109248K->21824K(109248K), 0.0163877 secs] 293452K->213372K(502464K), 0.0164822 secs] [Times: user=0.06 sys=0.00, real=0.02 secs] 
Heap after GC invocations=271 (full 17):
 par new generation   total 109248K, used 21824K [0x00000000e0000000, 0x00000000e8000000, 0x00000000e8000000)
  eden space 87424K,   0% used [0x00000000e0000000, 0x00000000e0000000, 0x00000000e5560000)
  from space 21824K, 100% used [0x00000000e6ab0000, 0x00000000e8000000, 0x00000000e8000000)
  to   space 21824K,   0% used [0x00000000e5560000, 0x00000000e5560000, 0x00000000e6ab0000)
 concurrent mark-sweep generation total 393216K, used 191548K [0x00000000e8000000, 0x0000000100000000, 0x0000000100000000)
 Metaspace       used 63293K, capacity 65146K, committed 65268K, reserved 1107968K
  class space    used 7336K, capacity 7762K, committed 7776K, reserved 1048576K
}
2020-06-27T17:47:54.672+0100: 1976.932: Total time for which application threads were stopped: 0.0167521 seconds, Stopping threads took: 0.0000697 seconds
{Heap before GC invocations=271 (full 17):
 par new generation   total 109248K, used 109248K [0x00000000e0000000, 0x00000000e8000000, 0x00000000e8000000)
  eden space 87424K, 100% used [0x00000000e0000000, 0x00000000e5560000, 0x00000000e5560000)
  from space 21824K, 100% used [0x00000000e6ab0000, 0x00000000e8000000, 0x00000000e8000000)
  to   space 21824K,   0% used [0x00000000e5560000, 0x00000000e5560000, 0x00000000e6ab0000)
 concurrent mark-sweep generation total 393216K, used 191548K [0x00000000e8000000, 0x0000000100000000, 0x0000000100000000)
 Metaspace       used 63293K, capacity 65146K, committed 65268K, reserved 1107968K
  class space    used 7336K, capacity 7762K, committed 7776K, reserved 1048576K
2020-06-27T17:47:54.764+0100: 1977.024: [GC (Allocation Failure) 2020-06-27T17:47:54.764+0100: 1977.024: [ParNew
Desired survivor size 20112992 bytes, new threshold 7 (max 8)
- age   1:    5453616 bytes,    5453616 total
- age   2:    3370632 bytes,    8824248 total
- age   3:    3935464 bytes,   12759712 total
- age   4:    1210272 bytes,   13969984 total
- age   5:    2143024 bytes,   16113008 total
- age   6:    1968880 bytes,   18081888 total
- age   7:    2176536 bytes,   20258424 total
- age   8:    2031640 bytes,   22290064 total
: 109248K->21824K(109248K), 0.0166973 secs] 300796K->220527K(502464K), 0.0167677 secs] [Times: user=0.06 sys=0.00, real=0.02 secs] 
Heap after GC invocations=272 (full 17):
 par new generation   total 109248K, used 21824K [0x00000000e0000000, 0x00000000e8000000, 0x00000000e8000000)
  eden space 87424K,   0% used [0x00000000e0000000, 0x00000000e0000000, 0x00000000e5560000)
  from space 21824K, 100% used [0x00000000e5560000, 0x00000000e6ab0000, 0x00000000e6ab0000)
  to   space 21824K,   0% used [0x00000000e6ab0000, 0x00000000e6ab0000, 0x00000000e8000000)
 concurrent mark-sweep generation total 393216K, used 198703K [0x00000000e8000000, 0x0000000100000000, 0x0000000100000000)
 Metaspace       used 63293K, capacity 65146K, committed 65268K, reserved 1107968K
  class space    used 7336K, capacity 7762K, committed 7776K, reserved 1048576K
}
2020-06-27T17:47:54.781+0100: 1977.041: Total time for which application threads were stopped: 0.0169851 seconds, Stopping threads took: 0.0000617 seconds
2020-06-27T17:47:54.781+0100: 1977.041: [GC (CMS Initial Mark) [1 CMS-initial-mark: 198703K(393216K)] 222142K(502464K), 0.0038173 secs] [Times: user=0.00 sys=0.00, real=0.00 secs] 
2020-06-27T17:47:54.785+0100: 1977.045: Total time for which application threads were stopped: 0.0039816 seconds, Stopping threads took: 0.0000760 seconds
2020-06-27T17:47:54.785+0100: 1977.045: [CMS-concurrent-mark-start]
2020-06-27T17:47:54.811+0100: 1977.071: [CMS-concurrent-mark: 0.026/0.026 secs] [Times: user=0.13 sys=0.00, real=0.03 secs] 
2020-06-27T17:47:54.811+0100: 1977.071: [CMS-concurrent-preclean-start]
2020-06-27T17:47:54.812+0100: 1977.073: [CMS-concurrent-preclean: 0.001/0.001 secs] [Times: user=0.00 sys=0.00, real=0.00 secs] 
2020-06-27T17:47:54.813+0100: 1977.073: [GC (CMS Final Remark) [YG occupancy: 23439 K (109248 K)]{Heap before GC invocations=272 (full 18):
 par new generation   total 109248K, used 23439K [0x00000000e0000000, 0x00000000e8000000, 0x00000000e8000000)
  eden space 87424K,   1% used [0x00000000e0000000, 0x00000000e0193cc0, 0x00000000e5560000)
  from space 21824K, 100% used [0x00000000e5560000, 0x00000000e6ab0000, 0x00000000e6ab0000)
  to   space 21824K,   0% used [0x00000000e6ab0000, 0x00000000e6ab0000, 0x00000000e8000000)
 concurrent mark-sweep generation total 393216K, used 198703K [0x00000000e8000000, 0x0000000100000000, 0x0000000100000000)
 Metaspace       used 63293K, capacity 65146K, committed 65268K, reserved 1107968K
  class space    used 7336K, capacity 7762K, committed 7776K, reserved 1048576K
2020-06-27T17:47:54.813+0100: 1977.073: [GC (CMS Final Remark) 2020-06-27T17:47:54.813+0100: 1977.073: [ParNew
Desired survivor size 20112992 bytes, new threshold 8 (max 8)
- age   1:        560 bytes,        560 total
- age   2:    4867096 bytes,    4867656 total
- age   3:    3362464 bytes,    8230120 total
- age   4:    3857608 bytes,   12087728 total
- age   5:    1206552 bytes,   13294280 total
- age   6:    2143024 bytes,   15437304 total
- age   7:    1858600 bytes,   17295904 total
: 23439K->21824K(109248K), 0.0117779 secs] 222142K->225393K(502464K), 0.0118288 secs] [Times: user=0.06 sys=0.00, real=0.01 secs] 
Heap after GC invocations=273 (full 18):
 par new generation   total 109248K, used 21824K [0x00000000e0000000, 0x00000000e8000000, 0x00000000e8000000)
  eden space 87424K,   0% used [0x00000000e0000000, 0x00000000e0000000, 0x00000000e5560000)
  from space 21824K, 100% used [0x00000000e6ab0000, 0x00000000e8000000, 0x00000000e8000000)
  to   space 21824K,   0% used [0x00000000e5560000, 0x00000000e5560000, 0x00000000e6ab0000)
 concurrent mark-sweep generation total 393216K, used 203569K [0x00000000e8000000, 0x0000000100000000, 0x0000000100000000)
 Metaspace       used 63293K, capacity 65146K, committed 65268K, reserved 1107968K
  class space    used 7336K, capacity 7762K, committed 7776K, reserved 1048576K
}
2020-06-27T17:47:54.825+0100: 1977.085: [Rescan (parallel) , 0.0046347 secs]2020-06-27T17:47:54.829+0100: 1977.090: [weak refs processing, 0.0024388 secs]2020-06-27T17:47:54.832+0100: 1977.092: [class unloading, 0.0107910 secs]2020-06-27T17:47:54.843+0100: 1977.103: [scrub symbol table, 0.0148698 secs]2020-06-27T17:47:54.858+0100: 1977.118: [scrub string table, 0.0016654 secs][1 CMS-remark: 203569K(393216K)] 225393K(502464K), 0.0466556 secs] [Times: user=0.09 sys=0.00, real=0.05 secs] 
2020-06-27T17:47:54.859+0100: 1977.120: Total time for which application threads were stopped: 0.0469278 seconds, Stopping threads took: 0.0001113 seconds
2020-06-27T17:47:54.860+0100: 1977.120: [CMS-concurrent-sweep-start]
2020-06-27T17:47:54.860+0100: 1977.120: Total time for which application threads were stopped: 0.0001873 seconds, Stopping threads took: 0.0000833 seconds
2020-06-27T17:47:54.872+0100: 1977.132: Total time for which application threads were stopped: 0.0002465 seconds, Stopping threads took: 0.0000990 seconds
2020-06-27T17:47:54.873+0100: 1977.133: Total time for which application threads were stopped: 0.0002042 seconds, Stopping threads took: 0.0000665 seconds
2020-06-27T17:47:54.873+0100: 1977.134: Total time for which application threads were stopped: 0.0001670 seconds, Stopping threads took: 0.0000613 seconds
2020-06-27T17:47:54.874+0100: 1977.134: Total time for which application threads were stopped: 0.0001241 seconds, Stopping threads took: 0.0000543 seconds
2020-06-27T17:47:54.874+0100: 1977.134: Total time for which application threads were stopped: 0.0001133 seconds, Stopping threads took: 0.0000577 seconds
2020-06-27T17:47:54.874+0100: 1977.135: Total time for which application threads were stopped: 0.0002885 seconds, Stopping threads took: 0.0000500 seconds
2020-06-27T17:47:54.874+0100: 1977.135: Total time for which application threads were stopped: 0.0001967 seconds, Stopping threads took: 0.0000562 seconds
2020-06-27T17:47:54.929+0100: 1977.189: [CMS-concurrent-sweep: 0.067/0.069 secs] [Times: user=0.19 sys=0.00, real=0.07 secs] 
2020-06-27T17:47:54.929+0100: 1977.189: [CMS-concurrent-reset-start]
2020-06-27T17:47:54.929+0100: 1977.190: [CMS-concurrent-reset: 0.001/0.001 secs] [Times: user=0.00 sys=0.00, real=0.00 secs] 
2020-06-27T17:47:55.445+0100: 1977.706: Total time for which application threads were stopped: 0.0001423 seconds, Stopping threads took: 0.0000771 seconds
2020-06-27T17:47:55.445+0100: 1977.706: Total time for which application threads were stopped: 0.0001409 seconds, Stopping threads took: 0.0000993 seconds
2020-06-27T17:47:55.446+0100: 1977.707: Total time for which application threads were stopped: 0.0001452 seconds, Stopping threads took: 0.0000757 seconds
2020-06-27T17:47:55.447+0100: 1977.708: Total time for which application threads were stopped: 0.0001217 seconds, Stopping threads took: 0.0000600 seconds
2020-06-27T17:47:55.448+0100: 1977.708: Total time for which application threads were stopped: 0.0001293 seconds, Stopping threads took: 0.0000438 seconds
2020-06-27T17:47:56.449+0100: 1978.709: Total time for which application threads were stopped: 0.0001435 seconds, Stopping threads took: 0.0000571 seconds
2020-06-27T17:47:59.828+0100: 1982.089: Total time for which application threads were stopped: 0.0002093 seconds, Stopping threads took: 0.0001557 seconds
2020-06-27T17:47:59.832+0100: 1982.093: Total time for which application threads were stopped: 0.0001822 seconds, Stopping threads took: 0.0000993 seconds
2020-06-27T17:47:59.833+0100: 1982.094: Total time for which application threads were stopped: 0.0001444 seconds, Stopping threads took: 0.0000789 seconds
{Heap before GC invocations=273 (full 18):
 par new generation   total 109248K, used 109248K [0x00000000e0000000, 0x00000000e8000000, 0x00000000e8000000)
  eden space 87424K, 100% used [0x00000000e0000000, 0x00000000e5560000, 0x00000000e5560000)
  from space 21824K, 100% used [0x00000000e6ab0000, 0x00000000e8000000, 0x00000000e8000000)
  to   space 21824K,   0% used [0x00000000e5560000, 0x00000000e5560000, 0x00000000e6ab0000)
 concurrent mark-sweep generation total 393216K, used 82589K [0x00000000e8000000, 0x0000000100000000, 0x0000000100000000)
 Metaspace       used 63304K, capacity 65146K, committed 65268K, reserved 1107968K
  class space    used 7336K, capacity 7762K, committed 7776K, reserved 1048576K
2020-06-27T17:47:59.934+0100: 1982.195: [GC (Allocation Failure) 2020-06-27T17:47:59.934+0100: 1982.195: [ParNew
Desired survivor size 20112992 bytes, new threshold 7 (max 8)
- age   1:    6594392 bytes,    6594392 total
- age   3:    4091160 bytes,   10685552 total
- age   4:    3066648 bytes,   13752200 total
- age   5:    3847392 bytes,   17599592 total
- age   6:    1194048 bytes,   18793640 total
- age   7:    1729280 bytes,   20522920 total
- age   8:    1719256 bytes,   22242176 total
: 109248K->21824K(109248K), 0.0120136 secs] 191837K->107607K(502464K), 0.0121000 secs] [Times: user=0.06 sys=0.00, real=0.01 secs] 
Heap after GC invocations=274 (full 18):
 par new generation   total 109248K, used 21824K [0x00000000e0000000, 0x00000000e8000000, 0x00000000e8000000)
  eden space 87424K,   0% used [0x00000000e0000000, 0x00000000e0000000, 0x00000000e5560000)
  from space 21824K, 100% used [0x00000000e5560000, 0x00000000e6ab0000, 0x00000000e6ab0000)
  to   space 21824K,   0% used [0x00000000e6ab0000, 0x00000000e6ab0000, 0x00000000e8000000)
 concurrent mark-sweep generation total 393216K, used 85783K [0x00000000e8000000, 0x0000000100000000, 0x0000000100000000)
 Metaspace       used 63304K, capacity 65146K, committed 65268K, reserved 1107968K
  class space    used 7336K, capacity 7762K, committed 7776K, reserved 1048576K
}
2020-06-27T17:47:59.946+0100: 1982.207: Total time for which application threads were stopped: 0.0123634 seconds, Stopping threads took: 0.0000588 seconds
2020-06-27T17:47:59.950+0100: 1982.210: Total time for which application threads were stopped: 0.0001353 seconds, Stopping threads took: 0.0000597 seconds
{Heap before GC invocations=274 (full 18):
 par new generation   total 109248K, used 109248K [0x00000000e0000000, 0x00000000e8000000, 0x00000000e8000000)
  eden space 87424K, 100% used [0x00000000e0000000, 0x00000000e5560000, 0x00000000e5560000)
  from space 21824K, 100% used [0x00000000e5560000, 0x00000000e6ab0000, 0x00000000e6ab0000)
  to   space 21824K,   0% used [0x00000000e6ab0000, 0x00000000e6ab0000, 0x00000000e8000000)
 concurrent mark-sweep generation total 393216K, used 85783K [0x00000000e8000000, 0x0000000100000000, 0x0000000100000000)
 Metaspace       used 63304K, capacity 65146K, committed 65268K, reserved 1107968K
  class space    used 7336K, capacity 7762K, committed 7776K, reserved 1048576K
2020-06-27T17:48:00.040+0100: 1982.301: [GC (Allocation Failure) 2020-06-27T17:48:00.040+0100: 1982.301: [ParNew
Desired survivor size 20112992 bytes, new threshold 6 (max 8)
- age   1:    5596528 bytes,    5596528 total
- age   2:    4492144 bytes,   10088672 total
- age   4:    4091160 bytes,   14179832 total
- age   5:    3066648 bytes,   17246480 total
- age   6:    3847392 bytes,   21093872 total
- age   7:    1194048 bytes,   22287920 total
: 109248K->21824K(109248K), 0.0178510 secs] 195031K->118807K(502464K), 0.0179525 secs] [Times: user=0.06 sys=0.00, real=0.02 secs] 
Heap after GC invocations=275 (full 18):
 par new generation   total 109248K, used 21824K [0x00000000e0000000, 0x00000000e8000000, 0x00000000e8000000)
  eden space 87424K,   0% used [0x00000000e0000000, 0x00000000e0000000, 0x00000000e5560000)
  from space 21824K, 100% used [0x00000000e6ab0000, 0x00000000e8000000, 0x00000000e8000000)
  to   space 21824K,   0% used [0x00000000e5560000, 0x00000000e5560000, 0x00000000e6ab0000)
 concurrent mark-sweep generation total 393216K, used 96983K [0x00000000e8000000, 0x0000000100000000, 0x0000000100000000)
 Metaspace       used 63304K, capacity 65146K, committed 65268K, reserved 1107968K
  class space    used 7336K, capacity 7762K, committed 7776K, reserved 1048576K
}
2020-06-27T17:48:00.058+0100: 1982.319: Total time for which application threads were stopped: 0.0182741 seconds, Stopping threads took: 0.0000771 seconds
{Heap before GC invocations=275 (full 18):
 par new generation   total 109248K, used 109248K [0x00000000e0000000, 0x00000000e8000000, 0x00000000e8000000)
  eden space 87424K, 100% used [0x00000000e0000000, 0x00000000e5560000, 0x00000000e5560000)
  from space 21824K, 100% used [0x00000000e6ab0000, 0x00000000e8000000, 0x00000000e8000000)
  to   space 21824K,   0% used [0x00000000e5560000, 0x00000000e5560000, 0x00000000e6ab0000)
 concurrent mark-sweep generation total 393216K, used 96983K [0x00000000e8000000, 0x0000000100000000, 0x0000000100000000)
 Metaspace       used 63307K, capacity 65146K, committed 65268K, reserved 1107968K
  class space    used 7336K, capacity 7762K, committed 7776K, reserved 1048576K
2020-06-27T17:48:00.155+0100: 1982.415: [GC (Allocation Failure) 2020-06-27T17:48:00.155+0100: 1982.415: [ParNew
Desired survivor size 20112992 bytes, new threshold 6 (max 8)
- age   1:    6768056 bytes,    6768056 total
- age   2:    3258488 bytes,   10026544 total
- age   3:    4491448 bytes,   14517992 total
- age   5:    4091160 bytes,   18609152 total
- age   6:    3066648 bytes,   21675800 total
: 109248K->21824K(109248K), 0.0187359 secs] 206231K->128631K(502464K), 0.0188099 secs] [Times: user=0.06 sys=0.00, real=0.02 secs] 
Heap after GC invocations=276 (full 18):
 par new generation   total 109248K, used 21824K [0x00000000e0000000, 0x00000000e8000000, 0x00000000e8000000)
  eden space 87424K,   0% used [0x00000000e0000000, 0x00000000e0000000, 0x00000000e5560000)
  from space 21824K, 100% used [0x00000000e5560000, 0x00000000e6ab0000, 0x00000000e6ab0000)
  to   space 21824K,   0% used [0x00000000e6ab0000, 0x00000000e6ab0000, 0x00000000e8000000)
 concurrent mark-sweep generation total 393216K, used 106807K [0x00000000e8000000, 0x0000000100000000, 0x0000000100000000)
 Metaspace       used 63307K, capacity 65146K, committed 65268K, reserved 1107968K
  class space    used 7336K, capacity 7762K, committed 7776K, reserved 1048576K
}
2020-06-27T17:48:00.174+0100: 1982.434: Total time for which application threads were stopped: 0.0190650 seconds, Stopping threads took: 0.0000733 seconds
{Heap before GC invocations=276 (full 18):
 par new generation   total 109248K, used 109248K [0x00000000e0000000, 0x00000000e8000000, 0x00000000e8000000)
  eden space 87424K, 100% used [0x00000000e0000000, 0x00000000e5560000, 0x00000000e5560000)
  from space 21824K, 100% used [0x00000000e5560000, 0x00000000e6ab0000, 0x00000000e6ab0000)
  to   space 21824K,   0% used [0x00000000e6ab0000, 0x00000000e6ab0000, 0x00000000e8000000)
 concurrent mark-sweep generation total 393216K, used 106807K [0x00000000e8000000, 0x0000000100000000, 0x0000000100000000)
 Metaspace       used 63308K, capacity 65146K, committed 65268K, reserved 1107968K
  class space    used 7336K, capacity 7762K, committed 7776K, reserved 1048576K
2020-06-27T17:48:00.335+0100: 1982.595: [GC (Allocation Failure) 2020-06-27T17:48:00.335+0100: 1982.595: [ParNew
Desired survivor size 20112992 bytes, new threshold 6 (max 8)
- age   1:    5271768 bytes,    5271768 total
- age   2:    4669456 bytes,    9941224 total
- age   3:    3213936 bytes,   13155160 total
- age   4:    4491448 bytes,   17646608 total
- age   6:    4091160 bytes,   21737768 total
: 109248K->21824K(109248K), 0.0148202 secs] 216055K->134817K(502464K), 0.0149072 secs] [Times: user=0.02 sys=0.00, real=0.01 secs] 
Heap after GC invocations=277 (full 18):
 par new generation   total 109248K, used 21824K [0x00000000e0000000, 0x00000000e8000000, 0x00000000e8000000)
  eden space 87424K,   0% used [0x00000000e0000000, 0x00000000e0000000, 0x00000000e5560000)
  from space 21824K, 100% used [0x00000000e6ab0000, 0x00000000e8000000, 0x00000000e8000000)
  to   space 21824K,   0% used [0x00000000e5560000, 0x00000000e5560000, 0x00000000e6ab0000)
 concurrent mark-sweep generation total 393216K, used 112993K [0x00000000e8000000, 0x0000000100000000, 0x0000000100000000)
 Metaspace       used 63308K, capacity 65146K, committed 65268K, reserved 1107968K
  class space    used 7336K, capacity 7762K, committed 7776K, reserved 1048576K
}
2020-06-27T17:48:00.350+0100: 1982.610: Total time for which application threads were stopped: 0.0151807 seconds, Stopping threads took: 0.0000688 seconds
{Heap before GC invocations=277 (full 18):
 par new generation   total 109248K, used 109248K [0x00000000e0000000, 0x00000000e8000000, 0x00000000e8000000)
  eden space 87424K, 100% used [0x00000000e0000000, 0x00000000e5560000, 0x00000000e5560000)
  from space 21824K, 100% used [0x00000000e6ab0000, 0x00000000e8000000, 0x00000000e8000000)
  to   space 21824K,   0% used [0x00000000e5560000, 0x00000000e5560000, 0x00000000e6ab0000)
 concurrent mark-sweep generation total 393216K, used 112993K [0x00000000e8000000, 0x0000000100000000, 0x0000000100000000)
 Metaspace       used 63308K, capacity 65146K, committed 65268K, reserved 1107968K
  class space    used 7336K, capacity 7762K, committed 7776K, reserved 1048576K
2020-06-27T17:48:00.450+0100: 1982.710: [GC (Allocation Failure) 2020-06-27T17:48:00.450+0100: 1982.710: [ParNew
Desired survivor size 20112992 bytes, new threshold 5 (max 8)
- age   1:    7143632 bytes,    7143632 total
- age   2:    3364136 bytes,   10507768 total
- age   3:    4622744 bytes,   15130512 total
- age   4:    3023616 bytes,   18154128 total
- age   5:    4164904 bytes,   22319032 total
: 109248K->21824K(109248K), 0.0199345 secs] 222241K->142576K(502464K), 0.0201338 secs] [Times: user=0.06 sys=0.00, real=0.02 secs] 
Heap after GC invocations=278 (full 18):
 par new generation   total 109248K, used 21824K [0x00000000e0000000, 0x00000000e8000000, 0x00000000e8000000)
  eden space 87424K,   0% used [0x00000000e0000000, 0x00000000e0000000, 0x00000000e5560000)
  from space 21824K, 100% used [0x00000000e5560000, 0x00000000e6ab0000, 0x00000000e6ab0000)
  to   space 21824K,   0% used [0x00000000e6ab0000, 0x00000000e6ab0000, 0x00000000e8000000)
 concurrent mark-sweep generation total 393216K, used 120752K [0x00000000e8000000, 0x0000000100000000, 0x0000000100000000)
 Metaspace       used 63308K, capacity 65146K, committed 65268K, reserved 1107968K
  class space    used 7336K, capacity 7762K, committed 7776K, reserved 1048576K
}
2020-06-27T17:48:00.470+0100: 1982.731: Total time for which application threads were stopped: 0.0205173 seconds, Stopping threads took: 0.0000542 seconds
2020-06-27T17:48:01.460+0100: 1983.720: Total time for which application threads were stopped: 0.0001600 seconds, Stopping threads took: 0.0000862 seconds
2020-06-27T17:48:01.461+0100: 1983.721: Total time for which application threads were stopped: 0.0001626 seconds, Stopping threads took: 0.0000658 seconds
2020-06-27T17:48:01.462+0100: 1983.722: Total time for which application threads were stopped: 0.0001772 seconds, Stopping threads took: 0.0000946 seconds
2020-06-27T17:48:01.462+0100: 1983.722: Total time for which application threads were stopped: 0.0001224 seconds, Stopping threads took: 0.0000410 seconds
2020-06-27T17:48:01.462+0100: 1983.722: Total time for which application threads were stopped: 0.0001052 seconds, Stopping threads took: 0.0000386 seconds
2020-06-27T17:48:01.462+0100: 1983.723: Total time for which application threads were stopped: 0.0000969 seconds, Stopping threads took: 0.0000376 seconds
2020-06-27T17:48:01.462+0100: 1983.723: Total time for which application threads were stopped: 0.0000784 seconds, Stopping threads took: 0.0000355 seconds
2020-06-27T17:48:14.850+0100: 1997.110: Total time for which application threads were stopped: 0.0001446 seconds, Stopping threads took: 0.0000381 seconds
2020-06-27T17:48:51.711+0100: 2033.971: Total time for which application threads were stopped: 0.0002343 seconds, Stopping threads took: 0.0001621 seconds
2020-06-27T17:48:51.715+0100: 2033.975: Total time for which application threads were stopped: 0.0003594 seconds, Stopping threads took: 0.0000406 seconds
2020-06-27T17:48:51.727+0100: 2033.987: Total time for which application threads were stopped: 0.0003492 seconds, Stopping threads took: 0.0000454 seconds
2020-06-27T17:48:51.729+0100: 2033.989: Total time for which application threads were stopped: 0.0001108 seconds, Stopping threads took: 0.0000368 seconds
{Heap before GC invocations=278 (full 18):
 par new generation   total 109248K, used 109248K [0x00000000e0000000, 0x00000000e8000000, 0x00000000e8000000)
  eden space 87424K, 100% used [0x00000000e0000000, 0x00000000e5560000, 0x00000000e5560000)
  from space 21824K, 100% used [0x00000000e5560000, 0x00000000e6ab0000, 0x00000000e6ab0000)
  to   space 21824K,   0% used [0x00000000e6ab0000, 0x00000000e6ab0000, 0x00000000e8000000)
 concurrent mark-sweep generation total 393216K, used 120752K [0x00000000e8000000, 0x0000000100000000, 0x0000000100000000)
 Metaspace       used 63362K, capacity 65210K, committed 65268K, reserved 1107968K
  class space    used 7336K, capacity 7762K, committed 7776K, reserved 1048576K
2020-06-27T17:48:51.784+0100: 2034.044: [GC (Allocation Failure) 2020-06-27T17:48:51.784+0100: 2034.044: [ParNew
Desired survivor size 20112992 bytes, new threshold 5 (max 8)
- age   1:    4865624 bytes,    4865624 total
- age   2:    5723984 bytes,   10589608 total
- age   3:    3255152 bytes,   13844760 total
- age   4:    4618600 bytes,   18463360 total
- age   5:    3002888 bytes,   21466248 total
: 109248K->21824K(109248K), 0.0172248 secs] 230000K->151525K(502464K), 0.0173028 secs] [Times: user=0.06 sys=0.00, real=0.02 secs] 
Heap after GC invocations=279 (full 18):
 par new generation   total 109248K, used 21824K [0x00000000e0000000, 0x00000000e8000000, 0x00000000e8000000)
  eden space 87424K,   0% used [0x00000000e0000000, 0x00000000e0000000, 0x00000000e5560000)
  from space 21824K, 100% used [0x00000000e6ab0000, 0x00000000e8000000, 0x00000000e8000000)
  to   space 21824K,   0% used [0x00000000e5560000, 0x00000000e5560000, 0x00000000e6ab0000)
 concurrent mark-sweep generation total 393216K, used 129701K [0x00000000e8000000, 0x0000000100000000, 0x0000000100000000)
 Metaspace       used 63362K, capacity 65210K, committed 65268K, reserved 1107968K
  class space    used 7336K, capacity 7762K, committed 7776K, reserved 1048576K
}
2020-06-27T17:48:51.802+0100: 2034.062: Total time for which application threads were stopped: 0.0175586 seconds, Stopping threads took: 0.0000626 seconds
2020-06-27T17:48:51.838+0100: 2034.099: Total time for which application threads were stopped: 0.0001314 seconds, Stopping threads took: 0.0000536 seconds
{Heap before GC invocations=279 (full 18):
 par new generation   total 109248K, used 109248K [0x00000000e0000000, 0x00000000e8000000, 0x00000000e8000000)
  eden space 87424K, 100% used [0x00000000e0000000, 0x00000000e5560000, 0x00000000e5560000)
  from space 21824K, 100% used [0x00000000e6ab0000, 0x00000000e8000000, 0x00000000e8000000)
  to   space 21824K,   0% used [0x00000000e5560000, 0x00000000e5560000, 0x00000000e6ab0000)
 concurrent mark-sweep generation total 393216K, used 129701K [0x00000000e8000000, 0x0000000100000000, 0x0000000100000000)
 Metaspace       used 63395K, capacity 65274K, committed 65524K, reserved 1107968K
  class space    used 7336K, capacity 7762K, committed 7776K, reserved 1048576K
2020-06-27T17:48:51.891+0100: 2034.151: [GC (Allocation Failure) 2020-06-27T17:48:51.891+0100: 2034.151: [ParNew
Desired survivor size 20112992 bytes, new threshold 5 (max 8)
- age   1:    5870008 bytes,    5870008 total
- age   2:    3058872 bytes,    8928880 total
- age   3:    5181656 bytes,   14110536 total
- age   4:    2936256 bytes,   17046792 total
- age   5:    4587536 bytes,   21634328 total
: 109248K->21824K(109248K), 0.0168873 secs] 238949K->159826K(502464K), 0.0169595 secs] [Times: user=0.06 sys=0.00, real=0.02 secs] 
Heap after GC invocations=280 (full 18):
 par new generation   total 109248K, used 21824K [0x00000000e0000000, 0x00000000e8000000, 0x00000000e8000000)
  eden space 87424K,   0% used [0x00000000e0000000, 0x00000000e0000000, 0x00000000e5560000)
  from space 21824K, 100% used [0x00000000e5560000, 0x00000000e6ab0000, 0x00000000e6ab0000)
  to   space 21824K,   0% used [0x00000000e6ab0000, 0x00000000e6ab0000, 0x00000000e8000000)
 concurrent mark-sweep generation total 393216K, used 138002K [0x00000000e8000000, 0x0000000100000000, 0x0000000100000000)
 Metaspace       used 63395K, capacity 65274K, committed 65524K, reserved 1107968K
  class space    used 7336K, capacity 7762K, committed 7776K, reserved 1048576K
}
2020-06-27T17:48:51.908+0100: 2034.168: Total time for which application threads were stopped: 0.0172023 seconds, Stopping threads took: 0.0000644 seconds
{Heap before GC invocations=280 (full 18):
 par new generation   total 109248K, used 109248K [0x00000000e0000000, 0x00000000e8000000, 0x00000000e8000000)
  eden space 87424K, 100% used [0x00000000e0000000, 0x00000000e5560000, 0x00000000e5560000)
  from space 21824K, 100% used [0x00000000e5560000, 0x00000000e6ab0000, 0x00000000e6ab0000)
  to   space 21824K,   0% used [0x00000000e6ab0000, 0x00000000e6ab0000, 0x00000000e8000000)
 concurrent mark-sweep generation total 393216K, used 138002K [0x00000000e8000000, 0x0000000100000000, 0x0000000100000000)
 Metaspace       used 63400K, capacity 65274K, committed 65524K, reserved 1107968K
  class space    used 7336K, capacity 7762K, committed 7776K, reserved 1048576K
2020-06-27T17:48:51.997+0100: 2034.257: [GC (Allocation Failure) 2020-06-27T17:48:51.997+0100: 2034.257: [ParNew
Desired survivor size 20112992 bytes, new threshold 5 (max 8)
- age   1:    4565328 bytes,    4565328 total
- age   2:    4475088 bytes,    9040416 total
- age   3:    3058736 bytes,   12099152 total
- age   4:    5181656 bytes,   17280808 total
- age   5:    2936256 bytes,   20217064 total
: 109248K->21824K(109248K), 0.0146053 secs] 247250K->166562K(502464K), 0.0146712 secs] [Times: user=0.06 sys=0.00, real=0.01 secs] 
Heap after GC invocations=281 (full 18):
 par new generation   total 109248K, used 21824K [0x00000000e0000000, 0x00000000e8000000, 0x00000000e8000000)
  eden space 87424K,   0% used [0x00000000e0000000, 0x00000000e0000000, 0x00000000e5560000)
  from space 21824K, 100% used [0x00000000e6ab0000, 0x00000000e8000000, 0x00000000e8000000)
  to   space 21824K,   0% used [0x00000000e5560000, 0x00000000e5560000, 0x00000000e6ab0000)
 concurrent mark-sweep generation total 393216K, used 144738K [0x00000000e8000000, 0x0000000100000000, 0x0000000100000000)
 Metaspace       used 63400K, capacity 65274K, committed 65524K, reserved 1107968K
  class space    used 7336K, capacity 7762K, committed 7776K, reserved 1048576K
}
2020-06-27T17:48:52.011+0100: 2034.272: Total time for which application threads were stopped: 0.0148967 seconds, Stopping threads took: 0.0000701 seconds
{Heap before GC invocations=281 (full 18):
 par new generation   total 109248K, used 109248K [0x00000000e0000000, 0x00000000e8000000, 0x00000000e8000000)
  eden space 87424K, 100% used [0x00000000e0000000, 0x00000000e5560000, 0x00000000e5560000)
  from space 21824K, 100% used [0x00000000e6ab0000, 0x00000000e8000000, 0x00000000e8000000)
  to   space 21824K,   0% used [0x00000000e5560000, 0x00000000e5560000, 0x00000000e6ab0000)
 concurrent mark-sweep generation total 393216K, used 144738K [0x00000000e8000000, 0x0000000100000000, 0x0000000100000000)
 Metaspace       used 63400K, capacity 65274K, committed 65524K, reserved 1107968K
  class space    used 7336K, capacity 7762K, committed 7776K, reserved 1048576K
2020-06-27T17:48:52.164+0100: 2034.425: [GC (Allocation Failure) 2020-06-27T17:48:52.164+0100: 2034.425: [ParNew
Desired survivor size 20112992 bytes, new threshold 5 (max 8)
- age   1:    6602960 bytes,    6602960 total
- age   2:    2966288 bytes,    9569248 total
- age   3:    4196040 bytes,   13765288 total
- age   4:    3057584 bytes,   16822872 total
- age   5:    5101288 bytes,   21924160 total
: 109248K->21824K(109248K), 0.0156683 secs] 253986K->172685K(502464K), 0.0157396 secs] [Times: user=0.06 sys=0.00, real=0.02 secs] 
Heap after GC invocations=282 (full 18):
 par new generation   total 109248K, used 21824K [0x00000000e0000000, 0x00000000e8000000, 0x00000000e8000000)
  eden space 87424K,   0% used [0x00000000e0000000, 0x00000000e0000000, 0x00000000e5560000)
  from space 21824K, 100% used [0x00000000e5560000, 0x00000000e6ab0000, 0x00000000e6ab0000)
  to   space 21824K,   0% used [0x00000000e6ab0000, 0x00000000e6ab0000, 0x00000000e8000000)
 concurrent mark-sweep generation total 393216K, used 150861K [0x00000000e8000000, 0x0000000100000000, 0x0000000100000000)
 Metaspace       used 63400K, capacity 65274K, committed 65524K, reserved 1107968K
  class space    used 7336K, capacity 7762K, committed 7776K, reserved 1048576K
}
2020-06-27T17:48:52.180+0100: 2034.440: Total time for which application threads were stopped: 0.0159677 seconds, Stopping threads took: 0.0000672 seconds
{Heap before GC invocations=282 (full 18):
 par new generation   total 109248K, used 109248K [0x00000000e0000000, 0x00000000e8000000, 0x00000000e8000000)
  eden space 87424K, 100% used [0x00000000e0000000, 0x00000000e5560000, 0x00000000e5560000)
  from space 21824K, 100% used [0x00000000e5560000, 0x00000000e6ab0000, 0x00000000e6ab0000)
  to   space 21824K,   0% used [0x00000000e6ab0000, 0x00000000e6ab0000, 0x00000000e8000000)
 concurrent mark-sweep generation total 393216K, used 150861K [0x00000000e8000000, 0x0000000100000000, 0x0000000100000000)
 Metaspace       used 63400K, capacity 65274K, committed 65524K, reserved 1107968K
  class space    used 7336K, capacity 7762K, committed 7776K, reserved 1048576K
2020-06-27T17:48:52.262+0100: 2034.522: [GC (Allocation Failure) 2020-06-27T17:48:52.262+0100: 2034.522: [ParNew
Desired survivor size 20112992 bytes, new threshold 5 (max 8)
- age   1:    6366952 bytes,    6366952 total
- age   2:    4638424 bytes,   11005376 total
- age   3:    2962168 bytes,   13967544 total
- age   4:    4196040 bytes,   18163584 total
- age   5:    3057584 bytes,   21221168 total
: 109248K->21824K(109248K), 0.0151647 secs] 260109K->179633K(502464K), 0.0152305 secs] [Times: user=0.06 sys=0.00, real=0.01 secs] 
Heap after GC invocations=283 (full 18):
 par new generation   total 109248K, used 21824K [0x00000000e0000000, 0x00000000e8000000, 0x00000000e8000000)
  eden space 87424K,   0% used [0x00000000e0000000, 0x00000000e0000000, 0x00000000e5560000)
  from space 21824K, 100% used [0x00000000e6ab0000, 0x00000000e8000000, 0x00000000e8000000)
  to   space 21824K,   0% used [0x00000000e5560000, 0x00000000e5560000, 0x00000000e6ab0000)
 concurrent mark-sweep generation total 393216K, used 157809K [0x00000000e8000000, 0x0000000100000000, 0x0000000100000000)
 Metaspace       used 63400K, capacity 65274K, committed 65524K, reserved 1107968K
  class space    used 7336K, capacity 7762K, committed 7776K, reserved 1048576K
}
2020-06-27T17:48:52.277+0100: 2034.537: Total time for which application threads were stopped: 0.0154843 seconds, Stopping threads took: 0.0000927 seconds
{Heap before GC invocations=283 (full 18):
 par new generation   total 109248K, used 109248K [0x00000000e0000000, 0x00000000e8000000, 0x00000000e8000000)
  eden space 87424K, 100% used [0x00000000e0000000, 0x00000000e5560000, 0x00000000e5560000)
  from space 21824K, 100% used [0x00000000e6ab0000, 0x00000000e8000000, 0x00000000e8000000)
  to   space 21824K,   0% used [0x00000000e5560000, 0x00000000e5560000, 0x00000000e6ab0000)
 concurrent mark-sweep generation total 393216K, used 157809K [0x00000000e8000000, 0x0000000100000000, 0x0000000100000000)
 Metaspace       used 63400K, capacity 65274K, committed 65524K, reserved 1107968K
  class space    used 7336K, capacity 7762K, committed 7776K, reserved 1048576K
2020-06-27T17:48:52.369+0100: 2034.629: [GC (Allocation Failure) 2020-06-27T17:48:52.369+0100: 2034.629: [ParNew
Desired survivor size 20112992 bytes, new threshold 5 (max 8)
- age   1:    6275808 bytes,    6275808 total
- age   2:    4146920 bytes,   10422728 total
- age   3:    4636872 bytes,   15059600 total
- age   4:    2960752 bytes,   18020352 total
- age   5:    4196040 bytes,   22216392 total
: 109248K->21824K(109248K), 0.0154443 secs] 267057K->186285K(502464K), 0.0155391 secs] [Times: user=0.06 sys=0.00, real=0.02 secs] 
Heap after GC invocations=284 (full 18):
 par new generation   total 109248K, used 21824K [0x00000000e0000000, 0x00000000e8000000, 0x00000000e8000000)
  eden space 87424K,   0% used [0x00000000e0000000, 0x00000000e0000000, 0x00000000e5560000)
  from space 21824K, 100% used [0x00000000e5560000, 0x00000000e6ab0000, 0x00000000e6ab0000)
  to   space 21824K,   0% used [0x00000000e6ab0000, 0x00000000e6ab0000, 0x00000000e8000000)
 concurrent mark-sweep generation total 393216K, used 164461K [0x00000000e8000000, 0x0000000100000000, 0x0000000100000000)
 Metaspace       used 63400K, capacity 65274K, committed 65524K, reserved 1107968K
  class space    used 7336K, capacity 7762K, committed 7776K, reserved 1048576K
}
2020-06-27T17:48:52.384+0100: 2034.645: Total time for which application threads were stopped: 0.0158155 seconds, Stopping threads took: 0.0000777 seconds
2020-06-27T17:48:53.112+0100: 2035.372: Total time for which application threads were stopped: 0.0001670 seconds, Stopping threads took: 0.0000735 seconds
2020-06-27T17:48:53.112+0100: 2035.373: Total time for which application threads were stopped: 0.0001426 seconds, Stopping threads took: 0.0000558 seconds
2020-06-27T17:48:53.113+0100: 2035.373: Total time for which application threads were stopped: 0.0001616 seconds, Stopping threads took: 0.0000628 seconds
2020-06-27T17:48:53.114+0100: 2035.375: Total time for which application threads were stopped: 0.0006478 seconds, Stopping threads took: 0.0003655 seconds
2020-06-27T17:48:53.132+0100: 2035.392: Total time for which application threads were stopped: 0.0001522 seconds, Stopping threads took: 0.0000598 seconds
2020-06-27T17:48:53.138+0100: 2035.399: Total time for which application threads were stopped: 0.0003180 seconds, Stopping threads took: 0.0002173 seconds
2020-06-27T17:48:53.139+0100: 2035.399: Total time for which application threads were stopped: 0.0001189 seconds, Stopping threads took: 0.0000512 seconds
2020-06-27T17:48:53.139+0100: 2035.399: Total time for which application threads were stopped: 0.0000992 seconds, Stopping threads took: 0.0000431 seconds
2020-06-27T17:48:58.489+0100: 2040.750: Total time for which application threads were stopped: 0.0002624 seconds, Stopping threads took: 0.0002127 seconds
2020-06-27T17:48:58.493+0100: 2040.753: Total time for which application threads were stopped: 0.0001821 seconds, Stopping threads took: 0.0000739 seconds
2020-06-27T17:48:58.494+0100: 2040.754: Total time for which application threads were stopped: 0.0001535 seconds, Stopping threads took: 0.0000890 seconds
2020-06-27T17:48:58.501+0100: 2040.761: Total time for which application threads were stopped: 0.0001559 seconds, Stopping threads took: 0.0000762 seconds
2020-06-27T17:48:58.503+0100: 2040.764: Total time for which application threads were stopped: 0.0002278 seconds, Stopping threads took: 0.0001501 seconds
2020-06-27T17:48:58.586+0100: 2040.846: Total time for which application threads were stopped: 0.0002666 seconds, Stopping threads took: 0.0000658 seconds
{Heap before GC invocations=284 (full 18):
 par new generation   total 109248K, used 109248K [0x00000000e0000000, 0x00000000e8000000, 0x00000000e8000000)
  eden space 87424K, 100% used [0x00000000e0000000, 0x00000000e5560000, 0x00000000e5560000)
  from space 21824K, 100% used [0x00000000e5560000, 0x00000000e6ab0000, 0x00000000e6ab0000)
  to   space 21824K,   0% used [0x00000000e6ab0000, 0x00000000e6ab0000, 0x00000000e8000000)
 concurrent mark-sweep generation total 393216K, used 164461K [0x00000000e8000000, 0x0000000100000000, 0x0000000100000000)
 Metaspace       used 63422K, capacity 65274K, committed 65524K, reserved 1107968K
  class space    used 7336K, capacity 7762K, committed 7776K, reserved 1048576K
2020-06-27T17:48:58.594+0100: 2040.854: [GC (Allocation Failure) 2020-06-27T17:48:58.594+0100: 2040.854: [ParNew
Desired survivor size 20112992 bytes, new threshold 5 (max 8)
- age   1:    4716808 bytes,    4716808 total
- age   2:    3972088 bytes,    8688896 total
- age   3:    4002944 bytes,   12691840 total
- age   4:    4636720 bytes,   17328560 total
- age   5:    2894720 bytes,   20223280 total
: 109248K->21824K(109248K), 0.0128792 secs] 273709K->191981K(502464K), 0.0129720 secs] [Times: user=0.06 sys=0.00, real=0.01 secs] 
Heap after GC invocations=285 (full 18):
 par new generation   total 109248K, used 21824K [0x00000000e0000000, 0x00000000e8000000, 0x00000000e8000000)
  eden space 87424K,   0% used [0x00000000e0000000, 0x00000000e0000000, 0x00000000e5560000)
  from space 21824K, 100% used [0x00000000e6ab0000, 0x00000000e8000000, 0x00000000e8000000)
  to   space 21824K,   0% used [0x00000000e5560000, 0x00000000e5560000, 0x00000000e6ab0000)
 concurrent mark-sweep generation total 393216K, used 170157K [0x00000000e8000000, 0x0000000100000000, 0x0000000100000000)
 Metaspace       used 63422K, capacity 65274K, committed 65524K, reserved 1107968K
  class space    used 7336K, capacity 7762K, committed 7776K, reserved 1048576K
}
2020-06-27T17:48:58.607+0100: 2040.867: Total time for which application threads were stopped: 0.0132223 seconds, Stopping threads took: 0.0000664 seconds
{Heap before GC invocations=285 (full 18):
 par new generation   total 109248K, used 109248K [0x00000000e0000000, 0x00000000e8000000, 0x00000000e8000000)
  eden space 87424K, 100% used [0x00000000e0000000, 0x00000000e5560000, 0x00000000e5560000)
  from space 21824K, 100% used [0x00000000e6ab0000, 0x00000000e8000000, 0x00000000e8000000)
  to   space 21824K,   0% used [0x00000000e5560000, 0x00000000e5560000, 0x00000000e6ab0000)
 concurrent mark-sweep generation total 393216K, used 170157K [0x00000000e8000000, 0x0000000100000000, 0x0000000100000000)
 Metaspace       used 63422K, capacity 65274K, committed 65524K, reserved 1107968K
  class space    used 7336K, capacity 7762K, committed 7776K, reserved 1048576K
2020-06-27T17:48:58.709+0100: 2040.970: [GC (Allocation Failure) 2020-06-27T17:48:58.709+0100: 2040.970: [ParNew
Desired survivor size 20112992 bytes, new threshold 5 (max 8)
- age   1:    4044592 bytes,    4044592 total
- age   2:    3548440 bytes,    7593032 total
- age   3:    3970848 bytes,   11563880 total
- age   4:    4002768 bytes,   15566648 total
- age   5:    4624152 bytes,   20190800 total
: 109248K->21824K(109248K), 0.0126164 secs] 279405K->196598K(502464K), 0.0126749 secs] [Times: user=0.06 sys=0.00, real=0.01 secs] 
Heap after GC invocations=286 (full 18):
 par new generation   total 109248K, used 21824K [0x00000000e0000000, 0x00000000e8000000, 0x00000000e8000000)
  eden space 87424K,   0% used [0x00000000e0000000, 0x00000000e0000000, 0x00000000e5560000)
  from space 21824K, 100% used [0x00000000e5560000, 0x00000000e6ab0000, 0x00000000e6ab0000)
  to   space 21824K,   0% used [0x00000000e6ab0000, 0x00000000e6ab0000, 0x00000000e8000000)
 concurrent mark-sweep generation total 393216K, used 174774K [0x00000000e8000000, 0x0000000100000000, 0x0000000100000000)
 Metaspace       used 63422K, capacity 65274K, committed 65524K, reserved 1107968K
  class space    used 7336K, capacity 7762K, committed 7776K, reserved 1048576K
}
2020-06-27T17:48:58.722+0100: 2040.982: Total time for which application threads were stopped: 0.0128786 seconds, Stopping threads took: 0.0000514 seconds
{Heap before GC invocations=286 (full 18):
 par new generation   total 109248K, used 109248K [0x00000000e0000000, 0x00000000e8000000, 0x00000000e8000000)
  eden space 87424K, 100% used [0x00000000e0000000, 0x00000000e5560000, 0x00000000e5560000)
  from space 21824K, 100% used [0x00000000e5560000, 0x00000000e6ab0000, 0x00000000e6ab0000)
  to   space 21824K,   0% used [0x00000000e6ab0000, 0x00000000e6ab0000, 0x00000000e8000000)
 concurrent mark-sweep generation total 393216K, used 174774K [0x00000000e8000000, 0x0000000100000000, 0x0000000100000000)
 Metaspace       used 63422K, capacity 65274K, committed 65524K, reserved 1107968K
  class space    used 7336K, capacity 7762K, committed 7776K, reserved 1048576K
2020-06-27T17:48:58.811+0100: 2041.071: [GC (Allocation Failure) 2020-06-27T17:48:58.811+0100: 2041.071: [ParNew
Desired survivor size 20112992 bytes, new threshold 5 (max 8)
- age   1:    7975200 bytes,    7975200 total
- age   2:    3110920 bytes,   11086120 total
- age   3:    1755320 bytes,   12841440 total
- age   4:    3970848 bytes,   16812288 total
- age   5:    4002768 bytes,   20815056 total
: 109248K->21824K(109248K), 0.0162091 secs] 284022K->204008K(502464K), 0.0162947 secs] [Times: user=0.06 sys=0.00, real=0.02 secs] 
Heap after GC invocations=287 (full 18):
 par new generation   total 109248K, used 21824K [0x00000000e0000000, 0x00000000e8000000, 0x00000000e8000000)
  eden space 87424K,   0% used [0x00000000e0000000, 0x00000000e0000000, 0x00000000e5560000)
  from space 21824K, 100% used [0x00000000e6ab0000, 0x00000000e8000000, 0x00000000e8000000)
  to   space 21824K,   0% used [0x00000000e5560000, 0x00000000e5560000, 0x00000000e6ab0000)
 concurrent mark-sweep generation total 393216K, used 182184K [0x00000000e8000000, 0x0000000100000000, 0x0000000100000000)
 Metaspace       used 63422K, capacity 65274K, committed 65524K, reserved 1107968K
  class space    used 7336K, capacity 7762K, committed 7776K, reserved 1048576K
}
2020-06-27T17:48:58.827+0100: 2041.087: Total time for which application threads were stopped: 0.0165342 seconds, Stopping threads took: 0.0000682 seconds
{Heap before GC invocations=287 (full 18):
 par new generation   total 109248K, used 109248K [0x00000000e0000000, 0x00000000e8000000, 0x00000000e8000000)
  eden space 87424K, 100% used [0x00000000e0000000, 0x00000000e5560000, 0x00000000e5560000)
  from space 21824K, 100% used [0x00000000e6ab0000, 0x00000000e8000000, 0x00000000e8000000)
  to   space 21824K,   0% used [0x00000000e5560000, 0x00000000e5560000, 0x00000000e6ab0000)
 concurrent mark-sweep generation total 393216K, used 182184K [0x00000000e8000000, 0x0000000100000000, 0x0000000100000000)
 Metaspace       used 63422K, capacity 65274K, committed 65524K, reserved 1107968K
  class space    used 7336K, capacity 7762K, committed 7776K, reserved 1048576K
2020-06-27T17:48:58.972+0100: 2041.232: [GC (Allocation Failure) 2020-06-27T17:48:58.972+0100: 2041.232: [ParNew
Desired survivor size 20112992 bytes, new threshold 5 (max 8)
- age   1:    8159888 bytes,    8159888 total
- age   2:    3788784 bytes,   11948672 total
- age   3:    3072472 bytes,   15021144 total
- age   4:    1755320 bytes,   16776464 total
- age   5:    3970848 bytes,   20747312 total
: 109248K->21824K(109248K), 0.0146707 secs] 291432K->210302K(502464K), 0.0147362 secs] [Times: user=0.06 sys=0.00, real=0.01 secs] 
Heap after GC invocations=288 (full 18):
 par new generation   total 109248K, used 21824K [0x00000000e0000000, 0x00000000e8000000, 0x00000000e8000000)
  eden space 87424K,   0% used [0x00000000e0000000, 0x00000000e0000000, 0x00000000e5560000)
  from space 21824K, 100% used [0x00000000e5560000, 0x00000000e6ab0000, 0x00000000e6ab0000)
  to   space 21824K,   0% used [0x00000000e6ab0000, 0x00000000e6ab0000, 0x00000000e8000000)
 concurrent mark-sweep generation total 393216K, used 188478K [0x00000000e8000000, 0x0000000100000000, 0x0000000100000000)
 Metaspace       used 63422K, capacity 65274K, committed 65524K, reserved 1107968K
  class space    used 7336K, capacity 7762K, committed 7776K, reserved 1048576K
}
2020-06-27T17:48:58.986+0100: 2041.247: Total time for which application threads were stopped: 0.0149720 seconds, Stopping threads took: 0.0000602 seconds
{Heap before GC invocations=288 (full 18):
 par new generation   total 109248K, used 109248K [0x00000000e0000000, 0x00000000e8000000, 0x00000000e8000000)
  eden space 87424K, 100% used [0x00000000e0000000, 0x00000000e5560000, 0x00000000e5560000)
  from space 21824K, 100% used [0x00000000e5560000, 0x00000000e6ab0000, 0x00000000e6ab0000)
  to   space 21824K,   0% used [0x00000000e6ab0000, 0x00000000e6ab0000, 0x00000000e8000000)
 concurrent mark-sweep generation total 393216K, used 188478K [0x00000000e8000000, 0x0000000100000000, 0x0000000100000000)
 Metaspace       used 63422K, capacity 65274K, committed 65524K, reserved 1107968K
  class space    used 7336K, capacity 7762K, committed 7776K, reserved 1048576K
2020-06-27T17:48:59.080+0100: 2041.340: [GC (Allocation Failure) 2020-06-27T17:48:59.080+0100: 2041.340: [ParNew
Desired survivor size 20112992 bytes, new threshold 5 (max 8)
- age   1:    7293176 bytes,    7293176 total
- age   2:    4498056 bytes,   11791232 total
- age   3:    3781984 bytes,   15573216 total
- age   4:    3071832 bytes,   18645048 total
- age   5:    1705320 bytes,   20350368 total
: 109248K->21824K(109248K), 0.0152030 secs] 297726K->216948K(502464K), 0.0152706 secs] [Times: user=0.06 sys=0.00, real=0.02 secs] 
Heap after GC invocations=289 (full 18):
 par new generation   total 109248K, used 21824K [0x00000000e0000000, 0x00000000e8000000, 0x00000000e8000000)
  eden space 87424K,   0% used [0x00000000e0000000, 0x00000000e0000000, 0x00000000e5560000)
  from space 21824K, 100% used [0x00000000e6ab0000, 0x00000000e8000000, 0x00000000e8000000)
  to   space 21824K,   0% used [0x00000000e5560000, 0x00000000e5560000, 0x00000000e6ab0000)
 concurrent mark-sweep generation total 393216K, used 195124K [0x00000000e8000000, 0x0000000100000000, 0x0000000100000000)
 Metaspace       used 63422K, capacity 65274K, committed 65524K, reserved 1107968K
  class space    used 7336K, capacity 7762K, committed 7776K, reserved 1048576K
}
2020-06-27T17:48:59.095+0100: 2041.355: Total time for which application threads were stopped: 0.0155010 seconds, Stopping threads took: 0.0000699 seconds
2020-06-27T17:48:59.996+0100: 2042.256: Total time for which application threads were stopped: 0.0002191 seconds, Stopping threads took: 0.0001363 seconds
2020-06-27T17:48:59.996+0100: 2042.257: Total time for which application threads were stopped: 0.0001254 seconds, Stopping threads took: 0.0000518 seconds
2020-06-27T17:48:59.998+0100: 2042.259: Total time for which application threads were stopped: 0.0001715 seconds, Stopping threads took: 0.0000743 seconds
2020-06-27T17:49:00.030+0100: 2042.290: Total time for which application threads were stopped: 0.0001528 seconds, Stopping threads took: 0.0000601 seconds
2020-06-27T17:49:00.030+0100: 2042.290: Total time for which application threads were stopped: 0.0001314 seconds, Stopping threads took: 0.0000583 seconds
2020-06-27T17:49:00.030+0100: 2042.290: Total time for which application threads were stopped: 0.0001229 seconds, Stopping threads took: 0.0000558 seconds
2020-06-27T17:49:00.030+0100: 2042.291: Total time for which application threads were stopped: 0.0001165 seconds, Stopping threads took: 0.0000536 seconds
2020-06-27T17:49:07.199+0100: 2049.459: Total time for which application threads were stopped: 0.0002155 seconds, Stopping threads took: 0.0001611 seconds
2020-06-27T17:49:07.202+0100: 2049.463: Total time for which application threads were stopped: 0.0001351 seconds, Stopping threads took: 0.0000686 seconds
2020-06-27T17:49:07.203+0100: 2049.464: Total time for which application threads were stopped: 0.0001306 seconds, Stopping threads took: 0.0000709 seconds
2020-06-27T17:49:07.209+0100: 2049.470: Total time for which application threads were stopped: 0.0001259 seconds, Stopping threads took: 0.0000643 seconds
2020-06-27T17:49:07.211+0100: 2049.471: Total time for which application threads were stopped: 0.0001641 seconds, Stopping threads took: 0.0000790 seconds
{Heap before GC invocations=289 (full 18):
 par new generation   total 109248K, used 109248K [0x00000000e0000000, 0x00000000e8000000, 0x00000000e8000000)
  eden space 87424K, 100% used [0x00000000e0000000, 0x00000000e5560000, 0x00000000e5560000)
  from space 21824K, 100% used [0x00000000e6ab0000, 0x00000000e8000000, 0x00000000e8000000)
  to   space 21824K,   0% used [0x00000000e5560000, 0x00000000e5560000, 0x00000000e6ab0000)
 concurrent mark-sweep generation total 393216K, used 195124K [0x00000000e8000000, 0x0000000100000000, 0x0000000100000000)
 Metaspace       used 63438K, capacity 65274K, committed 65524K, reserved 1107968K
  class space    used 7336K, capacity 7762K, committed 7776K, reserved 1048576K
2020-06-27T17:49:07.270+0100: 2049.530: [GC (Allocation Failure) 2020-06-27T17:49:07.270+0100: 2049.530: [ParNew
Desired survivor size 20112992 bytes, new threshold 5 (max 8)
- age   1:    7147768 bytes,    7147768 total
- age   2:    4285768 bytes,   11433536 total
- age   3:    4368912 bytes,   15802448 total
- age   4:    3111552 bytes,   18914000 total
- age   5:    3016168 bytes,   21930168 total
: 109248K->21824K(109248K), 0.0143078 secs] 304372K->221473K(502464K), 0.0143872 secs] [Times: user=0.06 sys=0.00, real=0.01 secs] 
Heap after GC invocations=290 (full 18):
 par new generation   total 109248K, used 21824K [0x00000000e0000000, 0x00000000e8000000, 0x00000000e8000000)
  eden space 87424K,   0% used [0x00000000e0000000, 0x00000000e0000000, 0x00000000e5560000)
  from space 21824K, 100% used [0x00000000e5560000, 0x00000000e6ab0000, 0x00000000e6ab0000)
  to   space 21824K,   0% used [0x00000000e6ab0000, 0x00000000e6ab0000, 0x00000000e8000000)
 concurrent mark-sweep generation total 393216K, used 199649K [0x00000000e8000000, 0x0000000100000000, 0x0000000100000000)
 Metaspace       used 63438K, capacity 65274K, committed 65524K, reserved 1107968K
  class space    used 7336K, capacity 7762K, committed 7776K, reserved 1048576K
}
2020-06-27T17:49:07.284+0100: 2049.545: Total time for which application threads were stopped: 0.0146274 seconds, Stopping threads took: 0.0000755 seconds
2020-06-27T17:49:07.285+0100: 2049.545: [GC (CMS Initial Mark) [1 CMS-initial-mark: 199649K(393216K)] 221473K(502464K), 0.0034236 secs] [Times: user=0.05 sys=0.00, real=0.00 secs] 
2020-06-27T17:49:07.288+0100: 2049.548: Total time for which application threads were stopped: 0.0036468 seconds, Stopping threads took: 0.0000843 seconds
2020-06-27T17:49:07.288+0100: 2049.548: [CMS-concurrent-mark-start]
2020-06-27T17:49:07.313+0100: 2049.573: [CMS-concurrent-mark: 0.025/0.025 secs] [Times: user=0.06 sys=0.00, real=0.02 secs] 
2020-06-27T17:49:07.313+0100: 2049.573: [CMS-concurrent-preclean-start]
2020-06-27T17:49:07.315+0100: 2049.575: [CMS-concurrent-preclean: 0.002/0.002 secs] [Times: user=0.00 sys=0.00, real=0.00 secs] 
2020-06-27T17:49:07.315+0100: 2049.575: [CMS-concurrent-abortable-preclean-start]
2020-06-27T17:49:07.345+0100: 2049.605: Total time for which application threads were stopped: 0.0001788 seconds, Stopping threads took: 0.0000709 seconds
{Heap before GC invocations=290 (full 19):
 par new generation   total 109248K, used 109248K [0x00000000e0000000, 0x00000000e8000000, 0x00000000e8000000)
  eden space 87424K, 100% used [0x00000000e0000000, 0x00000000e5560000, 0x00000000e5560000)
  from space 21824K, 100% used [0x00000000e5560000, 0x00000000e6ab0000, 0x00000000e6ab0000)
  to   space 21824K,   0% used [0x00000000e6ab0000, 0x00000000e6ab0000, 0x00000000e8000000)
 concurrent mark-sweep generation total 393216K, used 199649K [0x00000000e8000000, 0x0000000100000000, 0x0000000100000000)
 Metaspace       used 63438K, capacity 65274K, committed 65524K, reserved 1107968K
  class space    used 7336K, capacity 7762K, committed 7776K, reserved 1048576K
2020-06-27T17:49:07.409+0100: 2049.670: [GC (Allocation Failure) 2020-06-27T17:49:07.409+0100: 2049.670: [ParNew
Desired survivor size 20112992 bytes, new threshold 5 (max 8)
- age   1:    4091968 bytes,    4091968 total
- age   2:    6353792 bytes,   10445760 total
- age   3:    4285648 bytes,   14731408 total
- age   4:    4266112 bytes,   18997520 total
- age   5:    3111552 bytes,   22109072 total
: 109248K->21824K(109248K), 0.0169471 secs] 308897K->231331K(502464K), 0.0170632 secs] [Times: user=0.06 sys=0.00, real=0.02 secs] 
Heap after GC invocations=291 (full 19):
 par new generation   total 109248K, used 21824K [0x00000000e0000000, 0x00000000e8000000, 0x00000000e8000000)
  eden space 87424K,   0% used [0x00000000e0000000, 0x00000000e0000000, 0x00000000e5560000)
  from space 21824K, 100% used [0x00000000e6ab0000, 0x00000000e8000000, 0x00000000e8000000)
  to   space 21824K,   0% used [0x00000000e5560000, 0x00000000e5560000, 0x00000000e6ab0000)
 concurrent mark-sweep generation total 393216K, used 209507K [0x00000000e8000000, 0x0000000100000000, 0x0000000100000000)
 Metaspace       used 63438K, capacity 65274K, committed 65524K, reserved 1107968K
  class space    used 7336K, capacity 7762K, committed 7776K, reserved 1048576K
}
2020-06-27T17:49:07.426+0100: 2049.687: Total time for which application threads were stopped: 0.0172867 seconds, Stopping threads took: 0.0000604 seconds
2020-06-27T17:49:07.426+0100: 2049.687: [CMS-concurrent-abortable-preclean: 0.064/0.112 secs] [Times: user=0.31 sys=0.00, real=0.11 secs] 
2020-06-27T17:49:07.427+0100: 2049.687: [GC (CMS Final Remark) [YG occupancy: 23153 K (109248 K)]{Heap before GC invocations=291 (full 19):
 par new generation   total 109248K, used 23153K [0x00000000e0000000, 0x00000000e8000000, 0x00000000e8000000)
  eden space 87424K,   1% used [0x00000000e0000000, 0x00000000e014c428, 0x00000000e5560000)
  from space 21824K, 100% used [0x00000000e6ab0000, 0x00000000e8000000, 0x00000000e8000000)
  to   space 21824K,   0% used [0x00000000e5560000, 0x00000000e5560000, 0x00000000e6ab0000)
 concurrent mark-sweep generation total 393216K, used 209507K [0x00000000e8000000, 0x0000000100000000, 0x0000000100000000)
 Metaspace       used 63438K, capacity 65274K, committed 65524K, reserved 1107968K
  class space    used 7336K, capacity 7762K, committed 7776K, reserved 1048576K
2020-06-27T17:49:07.427+0100: 2049.687: [GC (CMS Final Remark) 2020-06-27T17:49:07.427+0100: 2049.687: [ParNew
Desired survivor size 20112992 bytes, new threshold 8 (max 8)
- age   1:     181880 bytes,     181880 total
- age   2:    3660152 bytes,    3842032 total
- age   3:    5661072 bytes,    9503104 total
- age   4:    4284184 bytes,   13787288 total
- age   5:    4265896 bytes,   18053184 total
: 23153K->21824K(109248K), 0.0120300 secs] 232660K->235554K(502464K), 0.0120733 secs] [Times: user=0.06 sys=0.00, real=0.01 secs] 
Heap after GC invocations=292 (full 19):
 par new generation   total 109248K, used 21824K [0x00000000e0000000, 0x00000000e8000000, 0x00000000e8000000)
  eden space 87424K,   0% used [0x00000000e0000000, 0x00000000e0000000, 0x00000000e5560000)
  from space 21824K, 100% used [0x00000000e5560000, 0x00000000e6ab0000, 0x00000000e6ab0000)
  to   space 21824K,   0% used [0x00000000e6ab0000, 0x00000000e6ab0000, 0x00000000e8000000)
 concurrent mark-sweep generation total 393216K, used 213730K [0x00000000e8000000, 0x0000000100000000, 0x0000000100000000)
 Metaspace       used 63438K, capacity 65274K, committed 65524K, reserved 1107968K
  class space    used 7336K, capacity 7762K, committed 7776K, reserved 1048576K
}
2020-06-27T17:49:07.439+0100: 2049.699: [Rescan (parallel) , 0.0063315 secs]2020-06-27T17:49:07.445+0100: 2049.705: [weak refs processing, 0.0067807 secs]2020-06-27T17:49:07.452+0100: 2049.712: [class unloading, 0.0158965 secs]2020-06-27T17:49:07.468+0100: 2049.728: [scrub symbol table, 0.0119950 secs]2020-06-27T17:49:07.480+0100: 2049.740: [scrub string table, 0.0007704 secs][1 CMS-remark: 213730K(393216K)] 235554K(502464K), 0.0601844 secs] [Times: user=0.16 sys=0.00, real=0.06 secs] 
2020-06-27T17:49:07.487+0100: 2049.747: Total time for which application threads were stopped: 0.0603657 seconds, Stopping threads took: 0.0000717 seconds
2020-06-27T17:49:07.487+0100: 2049.747: [CMS-concurrent-sweep-start]
2020-06-27T17:49:07.561+0100: 2049.822: [CMS-concurrent-sweep: 0.074/0.074 secs] [Times: user=0.23 sys=0.00, real=0.07 secs] 
2020-06-27T17:49:07.561+0100: 2049.822: [CMS-concurrent-reset-start]
2020-06-27T17:49:07.562+0100: 2049.822: [CMS-concurrent-reset: 0.001/0.001 secs] [Times: user=0.00 sys=0.00, real=0.00 secs] 
{Heap before GC invocations=292 (full 19):
 par new generation   total 109248K, used 109248K [0x00000000e0000000, 0x00000000e8000000, 0x00000000e8000000)
  eden space 87424K, 100% used [0x00000000e0000000, 0x00000000e5560000, 0x00000000e5560000)
  from space 21824K, 100% used [0x00000000e5560000, 0x00000000e6ab0000, 0x00000000e6ab0000)
  to   space 21824K,   0% used [0x00000000e6ab0000, 0x00000000e6ab0000, 0x00000000e8000000)
 concurrent mark-sweep generation total 393216K, used 96297K [0x00000000e8000000, 0x0000000100000000, 0x0000000100000000)
 Metaspace       used 63419K, capacity 65244K, committed 65524K, reserved 1107968K
  class space    used 7333K, capacity 7757K, committed 7776K, reserved 1048576K
2020-06-27T17:49:07.581+0100: 2049.842: [GC (Allocation Failure) 2020-06-27T17:49:07.581+0100: 2049.842: [ParNew
Desired survivor size 20112992 bytes, new threshold 6 (max 8)
- age   1:    5133776 bytes,    5133776 total
- age   2:     181784 bytes,    5315560 total
- age   3:    3011360 bytes,    8326920 total
- age   4:    5538936 bytes,   13865856 total
- age   5:    4283392 bytes,   18149248 total
- age   6:    4192768 bytes,   22342016 total
: 109248K->21824K(109248K), 0.0142116 secs] 205545K->123217K(502464K), 0.0142733 secs] [Times: user=0.06 sys=0.00, real=0.01 secs] 
Heap after GC invocations=293 (full 19):
 par new generation   total 109248K, used 21824K [0x00000000e0000000, 0x00000000e8000000, 0x00000000e8000000)
  eden space 87424K,   0% used [0x00000000e0000000, 0x00000000e0000000, 0x00000000e5560000)
  from space 21824K, 100% used [0x00000000e6ab0000, 0x00000000e8000000, 0x00000000e8000000)
  to   space 21824K,   0% used [0x00000000e5560000, 0x00000000e5560000, 0x00000000e6ab0000)
 concurrent mark-sweep generation total 393216K, used 101393K [0x00000000e8000000, 0x0000000100000000, 0x0000000100000000)
 Metaspace       used 63419K, capacity 65244K, committed 65524K, reserved 1107968K
  class space    used 7333K, capacity 7757K, committed 7776K, reserved 1048576K
}
2020-06-27T17:49:07.596+0100: 2049.856: Total time for which application threads were stopped: 0.0145670 seconds, Stopping threads took: 0.0000672 seconds
{Heap before GC invocations=293 (full 19):
 par new generation   total 109248K, used 109248K [0x00000000e0000000, 0x00000000e8000000, 0x00000000e8000000)
  eden space 87424K, 100% used [0x00000000e0000000, 0x00000000e5560000, 0x00000000e5560000)
  from space 21824K, 100% used [0x00000000e6ab0000, 0x00000000e8000000, 0x00000000e8000000)
  to   space 21824K,   0% used [0x00000000e5560000, 0x00000000e5560000, 0x00000000e6ab0000)
 concurrent mark-sweep generation total 393216K, used 101393K [0x00000000e8000000, 0x0000000100000000, 0x0000000100000000)
 Metaspace       used 63419K, capacity 65244K, committed 65524K, reserved 1107968K
  class space    used 7333K, capacity 7757K, committed 7776K, reserved 1048576K
2020-06-27T17:49:07.760+0100: 2050.020: [GC (Allocation Failure) 2020-06-27T17:49:07.760+0100: 2050.020: [ParNew
Desired survivor size 20112992 bytes, new threshold 6 (max 8)
- age   1:    3936064 bytes,    3936064 total
- age   2:    3674184 bytes,    7610248 total
- age   3:     181784 bytes,    7792032 total
- age   4:    2974072 bytes,   10766104 total
- age   5:    5077304 bytes,   15843408 total
- age   6:    4281464 bytes,   20124872 total
: 109248K->21824K(109248K), 0.0146479 secs] 210641K->132473K(502464K), 0.0147161 secs] [Times: user=0.06 sys=0.00, real=0.01 secs] 
Heap after GC invocations=294 (full 19):
 par new generation   total 109248K, used 21824K [0x00000000e0000000, 0x00000000e8000000, 0x00000000e8000000)
  eden space 87424K,   0% used [0x00000000e0000000, 0x00000000e0000000, 0x00000000e5560000)
  from space 21824K, 100% used [0x00000000e5560000, 0x00000000e6ab0000, 0x00000000e6ab0000)
  to   space 21824K,   0% used [0x00000000e6ab0000, 0x00000000e6ab0000, 0x00000000e8000000)
 concurrent mark-sweep generation total 393216K, used 110649K [0x00000000e8000000, 0x0000000100000000, 0x0000000100000000)
 Metaspace       used 63419K, capacity 65244K, committed 65524K, reserved 1107968K
  class space    used 7333K, capacity 7757K, committed 7776K, reserved 1048576K
}
2020-06-27T17:49:07.774+0100: 2050.035: Total time for which application threads were stopped: 0.0149713 seconds, Stopping threads took: 0.0000719 seconds
{Heap before GC invocations=294 (full 19):
 par new generation   total 109248K, used 109248K [0x00000000e0000000, 0x00000000e8000000, 0x00000000e8000000)
  eden space 87424K, 100% used [0x00000000e0000000, 0x00000000e5560000, 0x00000000e5560000)
  from space 21824K, 100% used [0x00000000e5560000, 0x00000000e6ab0000, 0x00000000e6ab0000)
  to   space 21824K,   0% used [0x00000000e6ab0000, 0x00000000e6ab0000, 0x00000000e8000000)
 concurrent mark-sweep generation total 393216K, used 110649K [0x00000000e8000000, 0x0000000100000000, 0x0000000100000000)
 Metaspace       used 63419K, capacity 65244K, committed 65524K, reserved 1107968K
  class space    used 7333K, capacity 7757K, committed 7776K, reserved 1048576K
2020-06-27T17:49:07.873+0100: 2050.133: [GC (Allocation Failure) 2020-06-27T17:49:07.873+0100: 2050.133: [ParNew
Desired survivor size 20112992 bytes, new threshold 6 (max 8)
- age   1:    6513800 bytes,    6513800 total
- age   2:    2674784 bytes,    9188584 total
- age   3:    3671080 bytes,   12859664 total
- age   4:     181784 bytes,   13041448 total
- age   5:    2974032 bytes,   16015480 total
- age   6:    5077216 bytes,   21092696 total
: 109248K->21824K(109248K), 0.0149438 secs] 219897K->138081K(502464K), 0.0150132 secs] [Times: user=0.06 sys=0.00, real=0.02 secs] 
Heap after GC invocations=295 (full 19):
 par new generation   total 109248K, used 21824K [0x00000000e0000000, 0x00000000e8000000, 0x00000000e8000000)
  eden space 87424K,   0% used [0x00000000e0000000, 0x00000000e0000000, 0x00000000e5560000)
  from space 21824K, 100% used [0x00000000e6ab0000, 0x00000000e8000000, 0x00000000e8000000)
  to   space 21824K,   0% used [0x00000000e5560000, 0x00000000e5560000, 0x00000000e6ab0000)
 concurrent mark-sweep generation total 393216K, used 116257K [0x00000000e8000000, 0x0000000100000000, 0x0000000100000000)
 Metaspace       used 63419K, capacity 65244K, committed 65524K, reserved 1107968K
  class space    used 7333K, capacity 7757K, committed 7776K, reserved 1048576K
}
2020-06-27T17:49:07.888+0100: 2050.148: Total time for which application threads were stopped: 0.0152525 seconds, Stopping threads took: 0.0000640 seconds
2020-06-27T17:49:08.659+0100: 2050.919: Total time for which application threads were stopped: 0.0002826 seconds, Stopping threads took: 0.0001160 seconds
2020-06-27T17:49:08.661+0100: 2050.921: Total time for which application threads were stopped: 0.0003542 seconds, Stopping threads took: 0.0002544 seconds
2020-06-27T17:49:08.661+0100: 2050.922: Total time for which application threads were stopped: 0.0001313 seconds, Stopping threads took: 0.0000450 seconds
2020-06-27T17:49:08.663+0100: 2050.923: Total time for which application threads were stopped: 0.0001526 seconds, Stopping threads took: 0.0000612 seconds
2020-06-27T17:49:08.663+0100: 2050.924: Total time for which application threads were stopped: 0.0001083 seconds, Stopping threads took: 0.0000483 seconds
2020-06-27T17:49:08.663+0100: 2050.924: Total time for which application threads were stopped: 0.0000900 seconds, Stopping threads took: 0.0000388 seconds
2020-06-27T17:49:08.664+0100: 2050.924: Total time for which application threads were stopped: 0.0000943 seconds, Stopping threads took: 0.0000355 seconds
2020-06-27T17:49:09.664+0100: 2051.924: Total time for which application threads were stopped: 0.0001875 seconds, Stopping threads took: 0.0000799 seconds
2020-06-27T17:49:19.920+0100: 2062.180: Total time for which application threads were stopped: 0.0002412 seconds, Stopping threads took: 0.0001816 seconds
2020-06-27T17:49:19.924+0100: 2062.184: Total time for which application threads were stopped: 0.0002035 seconds, Stopping threads took: 0.0000726 seconds
2020-06-27T17:49:19.925+0100: 2062.185: Total time for which application threads were stopped: 0.0001409 seconds, Stopping threads took: 0.0000673 seconds
{Heap before GC invocations=295 (full 19):
 par new generation   total 109248K, used 109248K [0x00000000e0000000, 0x00000000e8000000, 0x00000000e8000000)
  eden space 87424K, 100% used [0x00000000e0000000, 0x00000000e5560000, 0x00000000e5560000)
  from space 21824K, 100% used [0x00000000e6ab0000, 0x00000000e8000000, 0x00000000e8000000)
  to   space 21824K,   0% used [0x00000000e5560000, 0x00000000e5560000, 0x00000000e6ab0000)
 concurrent mark-sweep generation total 393216K, used 116257K [0x00000000e8000000, 0x0000000100000000, 0x0000000100000000)
 Metaspace       used 63421K, capacity 65244K, committed 65524K, reserved 1107968K
  class space    used 7333K, capacity 7757K, committed 7776K, reserved 1048576K
2020-06-27T17:49:19.929+0100: 2062.189: [GC (Allocation Failure) 2020-06-27T17:49:19.929+0100: 2062.189: [ParNew
Desired survivor size 20112992 bytes, new threshold 8 (max 8)
- age   1:    3244768 bytes,    3244768 total
- age   2:    5200040 bytes,    8444808 total
- age   3:    2659104 bytes,   11103912 total
- age   4:    3585432 bytes,   14689344 total
- age   5:     181784 bytes,   14871128 total
- age   6:    2638792 bytes,   17509920 total
: 109248K->21824K(109248K), 0.0144553 secs] 225505K->143185K(502464K), 0.0145425 secs] [Times: user=0.00 sys=0.00, real=0.01 secs] 
Heap after GC invocations=296 (full 19):
 par new generation   total 109248K, used 21824K [0x00000000e0000000, 0x00000000e8000000, 0x00000000e8000000)
  eden space 87424K,   0% used [0x00000000e0000000, 0x00000000e0000000, 0x00000000e5560000)
  from space 21824K, 100% used [0x00000000e5560000, 0x00000000e6ab0000, 0x00000000e6ab0000)
  to   space 21824K,   0% used [0x00000000e6ab0000, 0x00000000e6ab0000, 0x00000000e8000000)
 concurrent mark-sweep generation total 393216K, used 121361K [0x00000000e8000000, 0x0000000100000000, 0x0000000100000000)
 Metaspace       used 63421K, capacity 65244K, committed 65524K, reserved 1107968K
  class space    used 7333K, capacity 7757K, committed 7776K, reserved 1048576K
}
2020-06-27T17:49:19.944+0100: 2062.204: Total time for which application threads were stopped: 0.0148022 seconds, Stopping threads took: 0.0000631 seconds
2020-06-27T17:49:19.945+0100: 2062.205: Total time for which application threads were stopped: 0.0001521 seconds, Stopping threads took: 0.0000653 seconds
2020-06-27T17:49:19.946+0100: 2062.206: Total time for which application threads were stopped: 0.0001604 seconds, Stopping threads took: 0.0000514 seconds
2020-06-27T17:49:20.039+0100: 2062.299: Total time for which application threads were stopped: 0.0001795 seconds, Stopping threads took: 0.0000812 seconds
{Heap before GC invocations=296 (full 19):
 par new generation   total 109248K, used 109248K [0x00000000e0000000, 0x00000000e8000000, 0x00000000e8000000)
  eden space 87424K, 100% used [0x00000000e0000000, 0x00000000e5560000, 0x00000000e5560000)
  from space 21824K, 100% used [0x00000000e5560000, 0x00000000e6ab0000, 0x00000000e6ab0000)
  to   space 21824K,   0% used [0x00000000e6ab0000, 0x00000000e6ab0000, 0x00000000e8000000)
 concurrent mark-sweep generation total 393216K, used 121361K [0x00000000e8000000, 0x0000000100000000, 0x0000000100000000)
 Metaspace       used 63422K, capacity 65244K, committed 65524K, reserved 1107968K
  class space    used 7333K, capacity 7757K, committed 7776K, reserved 1048576K
2020-06-27T17:49:20.065+0100: 2062.325: [GC (Allocation Failure) 2020-06-27T17:49:20.065+0100: 2062.325: [ParNew
Desired survivor size 20112992 bytes, new threshold 8 (max 8)
- age   1:    7268176 bytes,    7268176 total
- age   2:     213664 bytes,    7481840 total
- age   3:    3079224 bytes,   10561064 total
- age   4:    2659104 bytes,   13220168 total
- age   5:    3585432 bytes,   16805600 total
- age   6:     181784 bytes,   16987384 total
- age   7:    2638752 bytes,   19626136 total
: 109248K->21824K(109248K), 0.0112588 secs] 230609K->145386K(502464K), 0.0113383 secs] [Times: user=0.06 sys=0.00, real=0.01 secs] 
Heap after GC invocations=297 (full 19):
 par new generation   total 109248K, used 21824K [0x00000000e0000000, 0x00000000e8000000, 0x00000000e8000000)
  eden space 87424K,   0% used [0x00000000e0000000, 0x00000000e0000000, 0x00000000e5560000)
  from space 21824K, 100% used [0x00000000e6ab0000, 0x00000000e8000000, 0x00000000e8000000)
  to   space 21824K,   0% used [0x00000000e5560000, 0x00000000e5560000, 0x00000000e6ab0000)
 concurrent mark-sweep generation total 393216K, used 123562K [0x00000000e8000000, 0x0000000100000000, 0x0000000100000000)
 Metaspace       used 63422K, capacity 65244K, committed 65524K, reserved 1107968K
  class space    used 7333K, capacity 7757K, committed 7776K, reserved 1048576K
}
2020-06-27T17:49:20.076+0100: 2062.336: Total time for which application threads were stopped: 0.0116409 seconds, Stopping threads took: 0.0000655 seconds
{Heap before GC invocations=297 (full 19):
 par new generation   total 109248K, used 109248K [0x00000000e0000000, 0x00000000e8000000, 0x00000000e8000000)
  eden space 87424K, 100% used [0x00000000e0000000, 0x00000000e5560000, 0x00000000e5560000)
  from space 21824K, 100% used [0x00000000e6ab0000, 0x00000000e8000000, 0x00000000e8000000)
  to   space 21824K,   0% used [0x00000000e5560000, 0x00000000e5560000, 0x00000000e6ab0000)
 concurrent mark-sweep generation total 393216K, used 123562K [0x00000000e8000000, 0x0000000100000000, 0x0000000100000000)
 Metaspace       used 63422K, capacity 65244K, committed 65524K, reserved 1107968K
  class space    used 7333K, capacity 7757K, committed 7776K, reserved 1048576K
2020-06-27T17:49:20.164+0100: 2062.424: [GC (Allocation Failure) 2020-06-27T17:49:20.164+0100: 2062.424: [ParNew
Desired survivor size 20112992 bytes, new threshold 8 (max 8)
- age   1:    6792264 bytes,    6792264 total
- age   2:    2702768 bytes,    9495032 total
- age   3:     213664 bytes,    9708696 total
- age   4:    3079224 bytes,   12787920 total
- age   5:    2659104 bytes,   15447024 total
- age   6:    3585432 bytes,   19032456 total
- age   7:     181784 bytes,   19214240 total
- age   8:    2638752 bytes,   21852992 total
: 109248K->21824K(109248K), 0.0123334 secs] 232810K->147728K(502464K), 0.0124070 secs] [Times: user=0.00 sys=0.00, real=0.01 secs] 
Heap after GC invocations=298 (full 19):
 par new generation   total 109248K, used 21824K [0x00000000e0000000, 0x00000000e8000000, 0x00000000e8000000)
  eden space 87424K,   0% used [0x00000000e0000000, 0x00000000e0000000, 0x00000000e5560000)
  from space 21824K, 100% used [0x00000000e5560000, 0x00000000e6ab0000, 0x00000000e6ab0000)
  to   space 21824K,   0% used [0x00000000e6ab0000, 0x00000000e6ab0000, 0x00000000e8000000)
 concurrent mark-sweep generation total 393216K, used 125904K [0x00000000e8000000, 0x0000000100000000, 0x0000000100000000)
 Metaspace       used 63422K, capacity 65244K, committed 65524K, reserved 1107968K
  class space    used 7333K, capacity 7757K, committed 7776K, reserved 1048576K
}
2020-06-27T17:49:20.176+0100: 2062.437: Total time for which application threads were stopped: 0.0126745 seconds, Stopping threads took: 0.0000677 seconds
{Heap before GC invocations=298 (full 19):
 par new generation   total 109248K, used 109248K [0x00000000e0000000, 0x00000000e8000000, 0x00000000e8000000)
  eden space 87424K, 100% used [0x00000000e0000000, 0x00000000e5560000, 0x00000000e5560000)
  from space 21824K, 100% used [0x00000000e5560000, 0x00000000e6ab0000, 0x00000000e6ab0000)
  to   space 21824K,   0% used [0x00000000e6ab0000, 0x00000000e6ab0000, 0x00000000e8000000)
 concurrent mark-sweep generation total 393216K, used 125904K [0x00000000e8000000, 0x0000000100000000, 0x0000000100000000)
 Metaspace       used 63422K, capacity 65244K, committed 65524K, reserved 1107968K
  class space    used 7333K, capacity 7757K, committed 7776K, reserved 1048576K
2020-06-27T17:49:20.262+0100: 2062.522: [GC (Allocation Failure) 2020-06-27T17:49:20.262+0100: 2062.522: [ParNew
Desired survivor size 20112992 bytes, new threshold 7 (max 8)
- age   1:    4346128 bytes,    4346128 total
- age   2:    5689984 bytes,   10036112 total
- age   3:    2589072 bytes,   12625184 total
- age   4:     210360 bytes,   12835544 total
- age   5:    3039928 bytes,   15875472 total
- age   6:    2658920 bytes,   18534392 total
- age   7:    3301768 bytes,   21836160 total
- age   8:     181784 bytes,   22017944 total
: 109248K->21824K(109248K), 0.0185344 secs] 235152K->158080K(502464K), 0.0185989 secs] [Times: user=0.06 sys=0.00, real=0.02 secs] 
Heap after GC invocations=299 (full 19):
 par new generation   total 109248K, used 21824K [0x00000000e0000000, 0x00000000e8000000, 0x00000000e8000000)
  eden space 87424K,   0% used [0x00000000e0000000, 0x00000000e0000000, 0x00000000e5560000)
  from space 21824K, 100% used [0x00000000e6ab0000, 0x00000000e8000000, 0x00000000e8000000)
  to   space 21824K,   0% used [0x00000000e5560000, 0x00000000e5560000, 0x00000000e6ab0000)
 concurrent mark-sweep generation total 393216K, used 136256K [0x00000000e8000000, 0x0000000100000000, 0x0000000100000000)
 Metaspace       used 63422K, capacity 65244K, committed 65524K, reserved 1107968K
  class space    used 7333K, capacity 7757K, committed 7776K, reserved 1048576K
}
2020-06-27T17:49:20.281+0100: 2062.541: Total time for which application threads were stopped: 0.0188314 seconds, Stopping threads took: 0.0000672 seconds
{Heap before GC invocations=299 (full 19):
 par new generation   total 109248K, used 109248K [0x00000000e0000000, 0x00000000e8000000, 0x00000000e8000000)
  eden space 87424K, 100% used [0x00000000e0000000, 0x00000000e5560000, 0x00000000e5560000)
  from space 21824K, 100% used [0x00000000e6ab0000, 0x00000000e8000000, 0x00000000e8000000)
  to   space 21824K,   0% used [0x00000000e5560000, 0x00000000e5560000, 0x00000000e6ab0000)
 concurrent mark-sweep generation total 393216K, used 136256K [0x00000000e8000000, 0x0000000100000000, 0x0000000100000000)
 Metaspace       used 63422K, capacity 65244K, committed 65524K, reserved 1107968K
  class space    used 7333K, capacity 7757K, committed 7776K, reserved 1048576K
2020-06-27T17:49:20.456+0100: 2062.716: [GC (Allocation Failure) 2020-06-27T17:49:20.456+0100: 2062.716: [ParNew
Desired survivor size 20112992 bytes, new threshold 7 (max 8)
- age   1:    4794920 bytes,    4794920 total
- age   2:    3601592 bytes,    8396512 total
- age   3:    5650808 bytes,   14047320 total
- age   4:    2440208 bytes,   16487528 total
- age   5:     206288 bytes,   16693816 total
- age   6:    2100760 bytes,   18794576 total
- age   7:    2554912 bytes,   21349488 total
: 109248K->21824K(109248K), 0.0196420 secs] 245504K->168840K(502464K), 0.0197702 secs] [Times: user=0.08 sys=0.00, real=0.02 secs] 
Heap after GC invocations=300 (full 19):
 par new generation   total 109248K, used 21824K [0x00000000e0000000, 0x00000000e8000000, 0x00000000e8000000)
  eden space 87424K,   0% used [0x00000000e0000000, 0x00000000e0000000, 0x00000000e5560000)
  from space 21824K, 100% used [0x00000000e5560000, 0x00000000e6ab0000, 0x00000000e6ab0000)
  to   space 21824K,   0% used [0x00000000e6ab0000, 0x00000000e6ab0000, 0x00000000e8000000)
 concurrent mark-sweep generation total 393216K, used 147016K [0x00000000e8000000, 0x0000000100000000, 0x0000000100000000)
 Metaspace       used 63422K, capacity 65244K, committed 65524K, reserved 1107968K
  class space    used 7333K, capacity 7757K, committed 7776K, reserved 1048576K
}
2020-06-27T17:49:20.475+0100: 2062.736: Total time for which application threads were stopped: 0.0201029 seconds, Stopping threads took: 0.0000723 seconds
{Heap before GC invocations=300 (full 19):
 par new generation   total 109248K, used 109248K [0x00000000e0000000, 0x00000000e8000000, 0x00000000e8000000)
  eden space 87424K, 100% used [0x00000000e0000000, 0x00000000e5560000, 0x00000000e5560000)
  from space 21824K, 100% used [0x00000000e5560000, 0x00000000e6ab0000, 0x00000000e6ab0000)
  to   space 21824K,   0% used [0x00000000e6ab0000, 0x00000000e6ab0000, 0x00000000e8000000)
 concurrent mark-sweep generation total 393216K, used 147016K [0x00000000e8000000, 0x0000000100000000, 0x0000000100000000)
 Metaspace       used 63422K, capacity 65244K, committed 65524K, reserved 1107968K
  class space    used 7333K, capacity 7757K, committed 7776K, reserved 1048576K
2020-06-27T17:49:20.567+0100: 2062.828: [GC (Allocation Failure) 2020-06-27T17:49:20.567+0100: 2062.828: [ParNew
Desired survivor size 20112992 bytes, new threshold 7 (max 8)
- age   1:    5172328 bytes,    5172328 total
- age   2:    3079880 bytes,    8252208 total
- age   3:    3600816 bytes,   11853024 total
- age   4:    5630408 bytes,   17483432 total
- age   5:    2413360 bytes,   19896792 total
- age   6:     206120 bytes,   20102912 total
- age   7:    1990960 bytes,   22093872 total
: 109248K->21824K(109248K), 0.0162947 secs] 256264K->177011K(502464K), 0.0163657 secs] [Times: user=0.06 sys=0.00, real=0.02 secs] 
Heap after GC invocations=301 (full 19):
 par new generation   total 109248K, used 21824K [0x00000000e0000000, 0x00000000e8000000, 0x00000000e8000000)
  eden space 87424K,   0% used [0x00000000e0000000, 0x00000000e0000000, 0x00000000e5560000)
  from space 21824K, 100% used [0x00000000e6ab0000, 0x00000000e8000000, 0x00000000e8000000)
  to   space 21824K,   0% used [0x00000000e5560000, 0x00000000e5560000, 0x00000000e6ab0000)
 concurrent mark-sweep generation total 393216K, used 155187K [0x00000000e8000000, 0x0000000100000000, 0x0000000100000000)
 Metaspace       used 63422K, capacity 65244K, committed 65524K, reserved 1107968K
  class space    used 7333K, capacity 7757K, committed 7776K, reserved 1048576K
}
2020-06-27T17:49:20.584+0100: 2062.844: Total time for which application threads were stopped: 0.0166002 seconds, Stopping threads took: 0.0000745 seconds
2020-06-27T17:49:21.372+0100: 2063.632: Total time for which application threads were stopped: 0.0003094 seconds, Stopping threads took: 0.0001995 seconds
2020-06-27T17:49:21.372+0100: 2063.632: Total time for which application threads were stopped: 0.0001362 seconds, Stopping threads took: 0.0000639 seconds
2020-06-27T17:49:21.372+0100: 2063.632: Total time for which application threads were stopped: 0.0001117 seconds, Stopping threads took: 0.0000415 seconds
2020-06-27T17:49:21.378+0100: 2063.638: Total time for which application threads were stopped: 0.0001413 seconds, Stopping threads took: 0.0000552 seconds
2020-06-27T17:49:21.379+0100: 2063.639: Total time for which application threads were stopped: 0.0002950 seconds, Stopping threads took: 0.0000755 seconds
2020-06-27T17:49:21.380+0100: 2063.640: Total time for which application threads were stopped: 0.0001295 seconds, Stopping threads took: 0.0000495 seconds
2020-06-27T17:49:21.380+0100: 2063.641: Total time for which application threads were stopped: 0.0002604 seconds, Stopping threads took: 0.0001666 seconds
2020-06-27T17:49:25.290+0100: 2067.550: Total time for which application threads were stopped: 0.0002096 seconds, Stopping threads took: 0.0001558 seconds
2020-06-27T17:49:25.293+0100: 2067.553: Total time for which application threads were stopped: 0.0002101 seconds, Stopping threads took: 0.0000709 seconds
2020-06-27T17:49:25.294+0100: 2067.555: Total time for which application threads were stopped: 0.0001543 seconds, Stopping threads took: 0.0000622 seconds
{Heap before GC invocations=301 (full 19):
 par new generation   total 109248K, used 109248K [0x00000000e0000000, 0x00000000e8000000, 0x00000000e8000000)
  eden space 87424K, 100% used [0x00000000e0000000, 0x00000000e5560000, 0x00000000e5560000)
  from space 21824K, 100% used [0x00000000e6ab0000, 0x00000000e8000000, 0x00000000e8000000)
  to   space 21824K,   0% used [0x00000000e5560000, 0x00000000e5560000, 0x00000000e6ab0000)
 concurrent mark-sweep generation total 393216K, used 155187K [0x00000000e8000000, 0x0000000100000000, 0x0000000100000000)
 Metaspace       used 63431K, capacity 65244K, committed 65524K, reserved 1107968K
  class space    used 7333K, capacity 7757K, committed 7776K, reserved 1048576K
2020-06-27T17:49:25.374+0100: 2067.635: [GC (Allocation Failure) 2020-06-27T17:49:25.374+0100: 2067.635: [ParNew
Desired survivor size 20112992 bytes, new threshold 6 (max 8)
- age   1:    4714304 bytes,    4714304 total
- age   2:    4337448 bytes,    9051752 total
- age   3:    2975944 bytes,   12027696 total
- age   4:    2458864 bytes,   14486560 total
- age   5:    5596904 bytes,   20083464 total
- age   6:    2058744 bytes,   22142208 total
- age   7:     175096 bytes,   22317304 total
: 109248K->21824K(109248K), 0.0172803 secs] 264435K->185694K(502464K), 0.0173579 secs] [Times: user=0.06 sys=0.00, real=0.02 secs] 
Heap after GC invocations=302 (full 19):
 par new generation   total 109248K, used 21824K [0x00000000e0000000, 0x00000000e8000000, 0x00000000e8000000)
  eden space 87424K,   0% used [0x00000000e0000000, 0x00000000e0000000, 0x00000000e5560000)
  from space 21824K, 100% used [0x00000000e5560000, 0x00000000e6ab0000, 0x00000000e6ab0000)
  to   space 21824K,   0% used [0x00000000e6ab0000, 0x00000000e6ab0000, 0x00000000e8000000)
 concurrent mark-sweep generation total 393216K, used 163870K [0x00000000e8000000, 0x0000000100000000, 0x0000000100000000)
 Metaspace       used 63431K, capacity 65244K, committed 65524K, reserved 1107968K
  class space    used 7333K, capacity 7757K, committed 7776K, reserved 1048576K
}
2020-06-27T17:49:25.392+0100: 2067.652: Total time for which application threads were stopped: 0.0175980 seconds, Stopping threads took: 0.0000634 seconds
2020-06-27T17:49:25.408+0100: 2067.669: Total time for which application threads were stopped: 0.0001457 seconds, Stopping threads took: 0.0000715 seconds
{Heap before GC invocations=302 (full 19):
 par new generation   total 109248K, used 109248K [0x00000000e0000000, 0x00000000e8000000, 0x00000000e8000000)
  eden space 87424K, 100% used [0x00000000e0000000, 0x00000000e5560000, 0x00000000e5560000)
  from space 21824K, 100% used [0x00000000e5560000, 0x00000000e6ab0000, 0x00000000e6ab0000)
  to   space 21824K,   0% used [0x00000000e6ab0000, 0x00000000e6ab0000, 0x00000000e8000000)
 concurrent mark-sweep generation total 393216K, used 163870K [0x00000000e8000000, 0x0000000100000000, 0x0000000100000000)
 Metaspace       used 63433K, capacity 65248K, committed 65524K, reserved 1107968K
  class space    used 7333K, capacity 7757K, committed 7776K, reserved 1048576K
2020-06-27T17:49:25.485+0100: 2067.745: [GC (Allocation Failure) 2020-06-27T17:49:25.485+0100: 2067.746: [ParNew
Desired survivor size 20112992 bytes, new threshold 6 (max 8)
- age   1:    4635128 bytes,    4635128 total
- age   2:    3136088 bytes,    7771216 total
- age   3:    3427776 bytes,   11198992 total
- age   4:    2975944 bytes,   14174936 total
- age   5:    2458864 bytes,   16633800 total
- age   6:    5596456 bytes,   22230256 total
: 109248K->21824K(109248K), 0.0153500 secs] 273118K->195698K(502464K), 0.0154160 secs] [Times: user=0.06 sys=0.00, real=0.02 secs] 
Heap after GC invocations=303 (full 19):
 par new generation   total 109248K, used 21824K [0x00000000e0000000, 0x00000000e8000000, 0x00000000e8000000)
  eden space 87424K,   0% used [0x00000000e0000000, 0x00000000e0000000, 0x00000000e5560000)
  from space 21824K, 100% used [0x00000000e6ab0000, 0x00000000e8000000, 0x00000000e8000000)
  to   space 21824K,   0% used [0x00000000e5560000, 0x00000000e5560000, 0x00000000e6ab0000)
 concurrent mark-sweep generation total 393216K, used 173874K [0x00000000e8000000, 0x0000000100000000, 0x0000000100000000)
 Metaspace       used 63433K, capacity 65248K, committed 65524K, reserved 1107968K
  class space    used 7333K, capacity 7757K, committed 7776K, reserved 1048576K
}
2020-06-27T17:49:25.501+0100: 2067.761: Total time for which application threads were stopped: 0.0156469 seconds, Stopping threads took: 0.0000659 seconds
{Heap before GC invocations=303 (full 19):
 par new generation   total 109248K, used 109248K [0x00000000e0000000, 0x00000000e8000000, 0x00000000e8000000)
  eden space 87424K, 100% used [0x00000000e0000000, 0x00000000e5560000, 0x00000000e5560000)
  from space 21824K, 100% used [0x00000000e6ab0000, 0x00000000e8000000, 0x00000000e8000000)
  to   space 21824K,   0% used [0x00000000e5560000, 0x00000000e5560000, 0x00000000e6ab0000)
 concurrent mark-sweep generation total 393216K, used 173874K [0x00000000e8000000, 0x0000000100000000, 0x0000000100000000)
 Metaspace       used 63433K, capacity 65248K, committed 65524K, reserved 1107968K
  class space    used 7333K, capacity 7757K, committed 7776K, reserved 1048576K
2020-06-27T17:49:25.585+0100: 2067.845: [GC (Allocation Failure) 2020-06-27T17:49:25.585+0100: 2067.846: [ParNew
Desired survivor size 20112992 bytes, new threshold 6 (max 8)
- age   1:    7153872 bytes,    7153872 total
- age   2:    2974648 bytes,   10128520 total
- age   3:    3136048 bytes,   13264568 total
- age   4:    3427776 bytes,   16692344 total
- age   5:    2975944 bytes,   19668288 total
- age   6:    2458864 bytes,   22127152 total
: 109248K->21824K(109248K), 0.0162287 secs] 283122K->204607K(502464K), 0.0162943 secs] [Times: user=0.06 sys=0.00, real=0.02 secs] 
Heap after GC invocations=304 (full 19):
 par new generation   total 109248K, used 21824K [0x00000000e0000000, 0x00000000e8000000, 0x00000000e8000000)
  eden space 87424K,   0% used [0x00000000e0000000, 0x00000000e0000000, 0x00000000e5560000)
  from space 21824K, 100% used [0x00000000e5560000, 0x00000000e6ab0000, 0x00000000e6ab0000)
  to   space 21824K,   0% used [0x00000000e6ab0000, 0x00000000e6ab0000, 0x00000000e8000000)
 concurrent mark-sweep generation total 393216K, used 182783K [0x00000000e8000000, 0x0000000100000000, 0x0000000100000000)
 Metaspace       used 63433K, capacity 65248K, committed 65524K, reserved 1107968K
  class space    used 7333K, capacity 7757K, committed 7776K, reserved 1048576K
}
2020-06-27T17:49:25.602+0100: 2067.862: Total time for which application threads were stopped: 0.0165248 seconds, Stopping threads took: 0.0000529 seconds
{Heap before GC invocations=304 (full 19):
 par new generation   total 109248K, used 109248K [0x00000000e0000000, 0x00000000e8000000, 0x00000000e8000000)
  eden space 87424K, 100% used [0x00000000e0000000, 0x00000000e5560000, 0x00000000e5560000)
  from space 21824K, 100% used [0x00000000e5560000, 0x00000000e6ab0000, 0x00000000e6ab0000)
  to   space 21824K,   0% used [0x00000000e6ab0000, 0x00000000e6ab0000, 0x00000000e8000000)
 concurrent mark-sweep generation total 393216K, used 182783K [0x00000000e8000000, 0x0000000100000000, 0x0000000100000000)
 Metaspace       used 63433K, capacity 65248K, committed 65524K, reserved 1107968K
  class space    used 7333K, capacity 7757K, committed 7776K, reserved 1048576K
2020-06-27T17:49:25.767+0100: 2068.028: [GC (Allocation Failure) 2020-06-27T17:49:25.767+0100: 2068.028: [ParNew
Desired survivor size 20112992 bytes, new threshold 6 (max 8)
- age   1:    4349176 bytes,    4349176 total
- age   2:    4759448 bytes,    9108624 total
- age   3:    2819416 bytes,   11928040 total
- age   4:    3135968 bytes,   15064008 total
- age   5:    3427776 bytes,   18491784 total
- age   6:    2975944 bytes,   21467728 total
: 109248K->21824K(109248K), 0.0128595 secs] 292031K->210106K(502464K), 0.0129316 secs] [Times: user=0.06 sys=0.00, real=0.01 secs] 
Heap after GC invocations=305 (full 19):
 par new generation   total 109248K, used 21824K [0x00000000e0000000, 0x00000000e8000000, 0x00000000e8000000)
  eden space 87424K,   0% used [0x00000000e0000000, 0x00000000e0000000, 0x00000000e5560000)
  from space 21824K, 100% used [0x00000000e6ab0000, 0x00000000e8000000, 0x00000000e8000000)
  to   space 21824K,   0% used [0x00000000e5560000, 0x00000000e5560000, 0x00000000e6ab0000)
 concurrent mark-sweep generation total 393216K, used 188282K [0x00000000e8000000, 0x0000000100000000, 0x0000000100000000)
 Metaspace       used 63433K, capacity 65248K, committed 65524K, reserved 1107968K
  class space    used 7333K, capacity 7757K, committed 7776K, reserved 1048576K
}
2020-06-27T17:49:25.780+0100: 2068.041: Total time for which application threads were stopped: 0.0131613 seconds, Stopping threads took: 0.0000615 seconds
{Heap before GC invocations=305 (full 19):
 par new generation   total 109248K, used 109248K [0x00000000e0000000, 0x00000000e8000000, 0x00000000e8000000)
  eden space 87424K, 100% used [0x00000000e0000000, 0x00000000e5560000, 0x00000000e5560000)
  from space 21824K, 100% used [0x00000000e6ab0000, 0x00000000e8000000, 0x00000000e8000000)
  to   space 21824K,   0% used [0x00000000e5560000, 0x00000000e5560000, 0x00000000e6ab0000)
 concurrent mark-sweep generation total 393216K, used 188282K [0x00000000e8000000, 0x0000000100000000, 0x0000000100000000)
 Metaspace       used 63433K, capacity 65248K, committed 65524K, reserved 1107968K
  class space    used 7333K, capacity 7757K, committed 7776K, reserved 1048576K
2020-06-27T17:49:25.856+0100: 2068.117: [GC (Allocation Failure) 2020-06-27T17:49:25.856+0100: 2068.117: [ParNew
Desired survivor size 20112992 bytes, new threshold 8 (max 8)
- age   1:    3697848 bytes,    3697848 total
- age   2:    2402240 bytes,    6100088 total
- age   3:    4457424 bytes,   10557512 total
- age   4:    2818312 bytes,   13375824 total
- age   5:    3133176 bytes,   16509000 total
- age   6:    3427776 bytes,   19936776 total
: 109248K->21824K(109248K), 0.0167547 secs] 297530K->219450K(502464K), 0.0168204 secs] [Times: user=0.06 sys=0.00, real=0.02 secs] 
Heap after GC invocations=306 (full 19):
 par new generation   total 109248K, used 21824K [0x00000000e0000000, 0x00000000e8000000, 0x00000000e8000000)
  eden space 87424K,   0% used [0x00000000e0000000, 0x00000000e0000000, 0x00000000e5560000)
  from space 21824K, 100% used [0x00000000e5560000, 0x00000000e6ab0000, 0x00000000e6ab0000)
  to   space 21824K,   0% used [0x00000000e6ab0000, 0x00000000e6ab0000, 0x00000000e8000000)
 concurrent mark-sweep generation total 393216K, used 197626K [0x00000000e8000000, 0x0000000100000000, 0x0000000100000000)
 Metaspace       used 63433K, capacity 65248K, committed 65524K, reserved 1107968K
  class space    used 7333K, capacity 7757K, committed 7776K, reserved 1048576K
}
2020-06-27T17:49:25.873+0100: 2068.134: Total time for which application threads were stopped: 0.0170426 seconds, Stopping threads took: 0.0000655 seconds
2020-06-27T17:49:25.874+0100: 2068.134: [GC (CMS Initial Mark) [1 CMS-initial-mark: 197626K(393216K)] 221056K(502464K), 0.0035209 secs] [Times: user=0.00 sys=0.00, real=0.00 secs] 
2020-06-27T17:49:25.877+0100: 2068.137: Total time for which application threads were stopped: 0.0037110 seconds, Stopping threads took: 0.0000843 seconds
2020-06-27T17:49:25.877+0100: 2068.137: [CMS-concurrent-mark-start]
2020-06-27T17:49:25.903+0100: 2068.164: [CMS-concurrent-mark: 0.026/0.026 secs] [Times: user=0.13 sys=0.00, real=0.03 secs] 
2020-06-27T17:49:25.904+0100: 2068.164: [CMS-concurrent-preclean-start]
2020-06-27T17:49:25.905+0100: 2068.165: [CMS-concurrent-preclean: 0.001/0.001 secs] [Times: user=0.00 sys=0.00, real=0.00 secs] 
2020-06-27T17:49:25.905+0100: 2068.165: [GC (CMS Final Remark) [YG occupancy: 23429 K (109248 K)]{Heap before GC invocations=306 (full 20):
 par new generation   total 109248K, used 23429K [0x00000000e0000000, 0x00000000e8000000, 0x00000000e8000000)
  eden space 87424K,   1% used [0x00000000e0000000, 0x00000000e01915e0, 0x00000000e5560000)
  from space 21824K, 100% used [0x00000000e5560000, 0x00000000e6ab0000, 0x00000000e6ab0000)
  to   space 21824K,   0% used [0x00000000e6ab0000, 0x00000000e6ab0000, 0x00000000e8000000)
 concurrent mark-sweep generation total 393216K, used 197626K [0x00000000e8000000, 0x0000000100000000, 0x0000000100000000)
 Metaspace       used 63433K, capacity 65248K, committed 65524K, reserved 1107968K
  class space    used 7333K, capacity 7757K, committed 7776K, reserved 1048576K
2020-06-27T17:49:25.905+0100: 2068.166: [GC (CMS Final Remark) 2020-06-27T17:49:25.905+0100: 2068.166: [ParNew
Desired survivor size 20112992 bytes, new threshold 8 (max 8)
- age   1:     212944 bytes,     212944 total
- age   2:    3657032 bytes,    3869976 total
- age   3:    2395656 bytes,    6265632 total
- age   4:    4337312 bytes,   10602944 total
- age   5:    1966192 bytes,   12569136 total
- age   6:    3056560 bytes,   15625696 total
- age   7:    3378936 bytes,   19004632 total
: 23429K->21824K(109248K), 0.0100758 secs] 221056K->220559K(502464K), 0.0101348 secs] [Times: user=0.06 sys=0.00, real=0.01 secs] 
Heap after GC invocations=307 (full 20):
 par new generation   total 109248K, used 21824K [0x00000000e0000000, 0x00000000e8000000, 0x00000000e8000000)
  eden space 87424K,   0% used [0x00000000e0000000, 0x00000000e0000000, 0x00000000e5560000)
  from space 21824K, 100% used [0x00000000e6ab0000, 0x00000000e8000000, 0x00000000e8000000)
  to   space 21824K,   0% used [0x00000000e5560000, 0x00000000e5560000, 0x00000000e6ab0000)
 concurrent mark-sweep generation total 393216K, used 198735K [0x00000000e8000000, 0x0000000100000000, 0x0000000100000000)
 Metaspace       used 63433K, capacity 65248K, committed 65524K, reserved 1107968K
  class space    used 7333K, capacity 7757K, committed 7776K, reserved 1048576K
}
2020-06-27T17:49:25.915+0100: 2068.176: [Rescan (parallel) , 0.0043805 secs]2020-06-27T17:49:25.920+0100: 2068.180: [weak refs processing, 0.0052273 secs]2020-06-27T17:49:25.925+0100: 2068.185: [class unloading, 0.0135431 secs]2020-06-27T17:49:25.939+0100: 2068.199: [scrub symbol table, 0.0133857 secs]2020-06-27T17:49:25.952+0100: 2068.212: [scrub string table, 0.0008853 secs][1 CMS-remark: 198735K(393216K)] 220559K(502464K), 0.0479850 secs] [Times: user=0.09 sys=0.00, real=0.05 secs] 
2020-06-27T17:49:25.953+0100: 2068.214: Total time for which application threads were stopped: 0.0481658 seconds, Stopping threads took: 0.0000728 seconds
2020-06-27T17:49:25.953+0100: 2068.214: [CMS-concurrent-sweep-start]
2020-06-27T17:49:25.955+0100: 2068.215: Total time for which application threads were stopped: 0.0001703 seconds, Stopping threads took: 0.0000759 seconds
2020-06-27T17:49:25.955+0100: 2068.215: Total time for which application threads were stopped: 0.0001280 seconds, Stopping threads took: 0.0000675 seconds
2020-06-27T17:49:25.955+0100: 2068.216: Total time for which application threads were stopped: 0.0001221 seconds, Stopping threads took: 0.0000583 seconds
2020-06-27T17:49:25.956+0100: 2068.216: Total time for which application threads were stopped: 0.0001300 seconds, Stopping threads took: 0.0000622 seconds
2020-06-27T17:49:25.956+0100: 2068.216: Total time for which application threads were stopped: 0.0001064 seconds, Stopping threads took: 0.0000566 seconds
2020-06-27T17:49:25.956+0100: 2068.216: Total time for which application threads were stopped: 0.0001024 seconds, Stopping threads took: 0.0000541 seconds
2020-06-27T17:49:25.956+0100: 2068.217: Total time for which application threads were stopped: 0.0000857 seconds, Stopping threads took: 0.0000383 seconds
2020-06-27T17:49:25.956+0100: 2068.217: Total time for which application threads were stopped: 0.0000678 seconds, Stopping threads took: 0.0000287 seconds
2020-06-27T17:49:25.957+0100: 2068.217: Total time for which application threads were stopped: 0.0001078 seconds, Stopping threads took: 0.0000492 seconds
2020-06-27T17:49:25.957+0100: 2068.217: Total time for which application threads were stopped: 0.0000882 seconds, Stopping threads took: 0.0000418 seconds
2020-06-27T17:49:25.957+0100: 2068.218: Total time for which application threads were stopped: 0.0001259 seconds, Stopping threads took: 0.0000586 seconds
2020-06-27T17:49:25.957+0100: 2068.218: Total time for which application threads were stopped: 0.0000881 seconds, Stopping threads took: 0.0000430 seconds
2020-06-27T17:49:26.031+0100: 2068.291: [CMS-concurrent-sweep: 0.076/0.077 secs] [Times: user=0.22 sys=0.00, real=0.08 secs] 
2020-06-27T17:49:26.031+0100: 2068.291: [CMS-concurrent-reset-start]
2020-06-27T17:49:26.031+0100: 2068.292: [CMS-concurrent-reset: 0.000/0.000 secs] [Times: user=0.00 sys=0.00, real=0.00 secs] 
2020-06-27T17:49:26.759+0100: 2069.019: Total time for which application threads were stopped: 0.0007985 seconds, Stopping threads took: 0.0006890 seconds
2020-06-27T17:49:26.759+0100: 2069.020: Total time for which application threads were stopped: 0.0001526 seconds, Stopping threads took: 0.0000542 seconds
2020-06-27T17:49:26.779+0100: 2069.040: Total time for which application threads were stopped: 0.0001681 seconds, Stopping threads took: 0.0000563 seconds
2020-06-27T17:49:26.780+0100: 2069.040: Total time for which application threads were stopped: 0.0001398 seconds, Stopping threads took: 0.0000487 seconds
2020-06-27T17:49:26.780+0100: 2069.040: Total time for which application threads were stopped: 0.0001466 seconds, Stopping threads took: 0.0000546 seconds
2020-06-27T17:49:26.780+0100: 2069.041: Total time for which application threads were stopped: 0.0001398 seconds, Stopping threads took: 0.0000515 seconds
2020-06-27T17:49:26.781+0100: 2069.041: Total time for which application threads were stopped: 0.0003224 seconds, Stopping threads took: 0.0000436 seconds
2020-06-27T17:49:27.782+0100: 2070.042: Total time for which application threads were stopped: 0.0001539 seconds, Stopping threads took: 0.0000592 seconds
2020-06-27T17:49:32.819+0100: 2075.080: Total time for which application threads were stopped: 0.0002423 seconds, Stopping threads took: 0.0001879 seconds
2020-06-27T17:49:32.822+0100: 2075.082: Total time for which application threads were stopped: 0.0001464 seconds, Stopping threads took: 0.0000788 seconds
2020-06-27T17:49:32.823+0100: 2075.083: Total time for which application threads were stopped: 0.0001006 seconds, Stopping threads took: 0.0000387 seconds
2020-06-27T17:49:32.830+0100: 2075.090: Total time for which application threads were stopped: 0.0001795 seconds, Stopping threads took: 0.0001224 seconds
{Heap before GC invocations=307 (full 20):
 par new generation   total 109248K, used 109248K [0x00000000e0000000, 0x00000000e8000000, 0x00000000e8000000)
  eden space 87424K, 100% used [0x00000000e0000000, 0x00000000e5560000, 0x00000000e5560000)
  from space 21824K, 100% used [0x00000000e6ab0000, 0x00000000e8000000, 0x00000000e8000000)
  to   space 21824K,   0% used [0x00000000e5560000, 0x00000000e5560000, 0x00000000e6ab0000)
 concurrent mark-sweep generation total 393216K, used 91708K [0x00000000e8000000, 0x0000000100000000, 0x0000000100000000)
 Metaspace       used 63441K, capacity 65248K, committed 65524K, reserved 1107968K
  class space    used 7333K, capacity 7757K, committed 7776K, reserved 1048576K
2020-06-27T17:49:32.865+0100: 2075.125: [GC (Allocation Failure) 2020-06-27T17:49:32.865+0100: 2075.125: [ParNew
Desired survivor size 20112992 bytes, new threshold 8 (max 8)
- age   1:    4535480 bytes,    4535480 total
- age   2:     111880 bytes,    4647360 total
- age   3:    2150928 bytes,    6798288 total
- age   4:    2379768 bytes,    9178056 total
- age   5:    4049752 bytes,   13227808 total
- age   6:    1217224 bytes,   14445032 total
- age   7:    2867448 bytes,   17312480 total
- age   8:    3251520 bytes,   20564000 total
: 109248K->21824K(109248K), 0.0118970 secs] 200956K->115029K(502464K), 0.0119637 secs] [Times: user=0.06 sys=0.00, real=0.01 secs] 
Heap after GC invocations=308 (full 20):
 par new generation   total 109248K, used 21824K [0x00000000e0000000, 0x00000000e8000000, 0x00000000e8000000)
  eden space 87424K,   0% used [0x00000000e0000000, 0x00000000e0000000, 0x00000000e5560000)
  from space 21824K, 100% used [0x00000000e5560000, 0x00000000e6ab0000, 0x00000000e6ab0000)
  to   space 21824K,   0% used [0x00000000e6ab0000, 0x00000000e6ab0000, 0x00000000e8000000)
 concurrent mark-sweep generation total 393216K, used 93205K [0x00000000e8000000, 0x0000000100000000, 0x0000000100000000)
 Metaspace       used 63441K, capacity 65248K, committed 65524K, reserved 1107968K
  class space    used 7333K, capacity 7757K, committed 7776K, reserved 1048576K
}
2020-06-27T17:49:32.877+0100: 2075.137: Total time for which application threads were stopped: 0.0121996 seconds, Stopping threads took: 0.0000670 seconds
2020-06-27T17:49:32.919+0100: 2075.179: Total time for which application threads were stopped: 0.0001393 seconds, Stopping threads took: 0.0000666 seconds
{Heap before GC invocations=308 (full 20):
 par new generation   total 109248K, used 109248K [0x00000000e0000000, 0x00000000e8000000, 0x00000000e8000000)
  eden space 87424K, 100% used [0x00000000e0000000, 0x00000000e5560000, 0x00000000e5560000)
  from space 21824K, 100% used [0x00000000e5560000, 0x00000000e6ab0000, 0x00000000e6ab0000)
  to   space 21824K,   0% used [0x00000000e6ab0000, 0x00000000e6ab0000, 0x00000000e8000000)
 concurrent mark-sweep generation total 393216K, used 93205K [0x00000000e8000000, 0x0000000100000000, 0x0000000100000000)
 Metaspace       used 63443K, capacity 65248K, committed 65524K, reserved 1107968K
  class space    used 7333K, capacity 7757K, committed 7776K, reserved 1048576K
2020-06-27T17:49:32.958+0100: 2075.218: [GC (Allocation Failure) 2020-06-27T17:49:32.958+0100: 2075.218: [ParNew
Desired survivor size 20112992 bytes, new threshold 8 (max 8)
- age   1:    5041064 bytes,    5041064 total
- age   2:    3660872 bytes,    8701936 total
- age   3:     111736 bytes,    8813672 total
- age   4:    2150728 bytes,   10964400 total
- age   5:    2379768 bytes,   13344168 total
- age   6:    4049752 bytes,   17393920 total
- age   7:    1217184 bytes,   18611104 total
- age   8:    2867368 bytes,   21478472 total
: 109248K->21824K(109248K), 0.0143117 secs] 202453K->121105K(502464K), 0.0144171 secs] [Times: user=0.06 sys=0.00, real=0.01 secs] 
Heap after GC invocations=309 (full 20):
 par new generation   total 109248K, used 21824K [0x00000000e0000000, 0x00000000e8000000, 0x00000000e8000000)
  eden space 87424K,   0% used [0x00000000e0000000, 0x00000000e0000000, 0x00000000e5560000)
  from space 21824K, 100% used [0x00000000e6ab0000, 0x00000000e8000000, 0x00000000e8000000)
  to   space 21824K,   0% used [0x00000000e5560000, 0x00000000e5560000, 0x00000000e6ab0000)
 concurrent mark-sweep generation total 393216K, used 99281K [0x00000000e8000000, 0x0000000100000000, 0x0000000100000000)
 Metaspace       used 63443K, capacity 65248K, committed 65524K, reserved 1107968K
  class space    used 7333K, capacity 7757K, committed 7776K, reserved 1048576K
}
2020-06-27T17:49:32.972+0100: 2075.233: Total time for which application threads were stopped: 0.0147291 seconds, Stopping threads took: 0.0000633 seconds
{Heap before GC invocations=309 (full 20):
 par new generation   total 109248K, used 109248K [0x00000000e0000000, 0x00000000e8000000, 0x00000000e8000000)
  eden space 87424K, 100% used [0x00000000e0000000, 0x00000000e5560000, 0x00000000e5560000)
  from space 21824K, 100% used [0x00000000e6ab0000, 0x00000000e8000000, 0x00000000e8000000)
  to   space 21824K,   0% used [0x00000000e5560000, 0x00000000e5560000, 0x00000000e6ab0000)
 concurrent mark-sweep generation total 393216K, used 99281K [0x00000000e8000000, 0x0000000100000000, 0x0000000100000000)
 Metaspace       used 63443K, capacity 65248K, committed 65524K, reserved 1107968K
  class space    used 7333K, capacity 7757K, committed 7776K, reserved 1048576K
2020-06-27T17:49:33.066+0100: 2075.326: [GC (Allocation Failure) 2020-06-27T17:49:33.066+0100: 2075.326: [ParNew
Desired survivor size 20112992 bytes, new threshold 7 (max 8)
- age   1:    6117832 bytes,    6117832 total
- age   2:    2458616 bytes,    8576448 total
- age   3:    3659544 bytes,   12235992 total
- age   4:     111736 bytes,   12347728 total
- age   5:    2150728 bytes,   14498456 total
- age   6:    2379768 bytes,   16878224 total
- age   7:    4049752 bytes,   20927976 total
- age   8:    1217224 bytes,   22145200 total
: 109248K->21824K(109248K), 0.0182560 secs] 208529K->127450K(502464K), 0.0183329 secs] [Times: user=0.06 sys=0.00, real=0.02 secs] 
Heap after GC invocations=310 (full 20):
 par new generation   total 109248K, used 21824K [0x00000000e0000000, 0x00000000e8000000, 0x00000000e8000000)
  eden space 87424K,   0% used [0x00000000e0000000, 0x00000000e0000000, 0x00000000e5560000)
  from space 21824K, 100% used [0x00000000e5560000, 0x00000000e6ab0000, 0x00000000e6ab0000)
  to   space 21824K,   0% used [0x00000000e6ab0000, 0x00000000e6ab0000, 0x00000000e8000000)
 concurrent mark-sweep generation total 393216K, used 105626K [0x00000000e8000000, 0x0000000100000000, 0x0000000100000000)
 Metaspace       used 63443K, capacity 65248K, committed 65524K, reserved 1107968K
  class space    used 7333K, capacity 7757K, committed 7776K, reserved 1048576K
}
2020-06-27T17:49:33.084+0100: 2075.344: Total time for which application threads were stopped: 0.0185876 seconds, Stopping threads took: 0.0000803 seconds
{Heap before GC invocations=310 (full 20):
 par new generation   total 109248K, used 109248K [0x00000000e0000000, 0x00000000e8000000, 0x00000000e8000000)
  eden space 87424K, 100% used [0x00000000e0000000, 0x00000000e5560000, 0x00000000e5560000)
  from space 21824K, 100% used [0x00000000e5560000, 0x00000000e6ab0000, 0x00000000e6ab0000)
  to   space 21824K,   0% used [0x00000000e6ab0000, 0x00000000e6ab0000, 0x00000000e8000000)
 concurrent mark-sweep generation total 393216K, used 105626K [0x00000000e8000000, 0x0000000100000000, 0x0000000100000000)
 Metaspace       used 63443K, capacity 65248K, committed 65524K, reserved 1107968K
  class space    used 7333K, capacity 7757K, committed 7776K, reserved 1048576K
2020-06-27T17:49:33.250+0100: 2075.511: [GC (Allocation Failure) 2020-06-27T17:49:33.250+0100: 2075.511: [ParNew
Desired survivor size 20112992 bytes, new threshold 8 (max 8)
- age   1:    6305168 bytes,    6305168 total
- age   2:    3255392 bytes,    9560560 total
- age   3:    2374904 bytes,   11935464 total
- age   4:    3636048 bytes,   15571512 total
- age   5:     110728 bytes,   15682240 total
- age   6:    1834640 bytes,   17516880 total
- age   7:    2379768 bytes,   19896648 total
: 109248K->21824K(109248K), 0.0178301 secs] 214874K->136683K(502464K), 0.0178969 secs] [Times: user=0.06 sys=0.00, real=0.02 secs] 
Heap after GC invocations=311 (full 20):
 par new generation   total 109248K, used 21824K [0x00000000e0000000, 0x00000000e8000000, 0x00000000e8000000)
  eden space 87424K,   0% used [0x00000000e0000000, 0x00000000e0000000, 0x00000000e5560000)
  from space 21824K, 100% used [0x00000000e6ab0000, 0x00000000e8000000, 0x00000000e8000000)
  to   space 21824K,   0% used [0x00000000e5560000, 0x00000000e5560000, 0x00000000e6ab0000)
 concurrent mark-sweep generation total 393216K, used 114859K [0x00000000e8000000, 0x0000000100000000, 0x0000000100000000)
 Metaspace       used 63443K, capacity 65248K, committed 65524K, reserved 1107968K
  class space    used 7333K, capacity 7757K, committed 7776K, reserved 1048576K
}
2020-06-27T17:49:33.268+0100: 2075.529: Total time for which application threads were stopped: 0.0181196 seconds, Stopping threads took: 0.0000597 seconds
{Heap before GC invocations=311 (full 20):
 par new generation   total 109248K, used 109248K [0x00000000e0000000, 0x00000000e8000000, 0x00000000e8000000)
  eden space 87424K, 100% used [0x00000000e0000000, 0x00000000e5560000, 0x00000000e5560000)
  from space 21824K, 100% used [0x00000000e6ab0000, 0x00000000e8000000, 0x00000000e8000000)
  to   space 21824K,   0% used [0x00000000e5560000, 0x00000000e5560000, 0x00000000e6ab0000)
 concurrent mark-sweep generation total 393216K, used 114859K [0x00000000e8000000, 0x0000000100000000, 0x0000000100000000)
 Metaspace       used 63443K, capacity 65248K, committed 65524K, reserved 1107968K
  class space    used 7333K, capacity 7757K, committed 7776K, reserved 1048576K
2020-06-27T17:49:33.350+0100: 2075.610: [GC (Allocation Failure) 2020-06-27T17:49:33.350+0100: 2075.610: [ParNew
Desired survivor size 20112992 bytes, new threshold 8 (max 8)
- age   1:    4314768 bytes,    4314768 total
- age   2:    4483352 bytes,    8798120 total
- age   3:    3195312 bytes,   11993432 total
- age   4:    2374904 bytes,   14368336 total
- age   5:    3636048 bytes,   18004384 total
- age   6:     110728 bytes,   18115112 total
- age   7:    1834640 bytes,   19949752 total
- age   8:    2379768 bytes,   22329520 total
: 109248K->21824K(109248K), 0.0140447 secs] 224107K->140686K(502464K), 0.0141140 secs] [Times: user=0.00 sys=0.00, real=0.01 secs] 
Heap after GC invocations=312 (full 20):
 par new generation   total 109248K, used 21824K [0x00000000e0000000, 0x00000000e8000000, 0x00000000e8000000)
  eden space 87424K,   0% used [0x00000000e0000000, 0x00000000e0000000, 0x00000000e5560000)
  from space 21824K, 100% used [0x00000000e5560000, 0x00000000e6ab0000, 0x00000000e6ab0000)
  to   space 21824K,   0% used [0x00000000e6ab0000, 0x00000000e6ab0000, 0x00000000e8000000)
 concurrent mark-sweep generation total 393216K, used 118862K [0x00000000e8000000, 0x0000000100000000, 0x0000000100000000)
 Metaspace       used 63443K, capacity 65248K, committed 65524K, reserved 1107968K
  class space    used 7333K, capacity 7757K, committed 7776K, reserved 1048576K
}
2020-06-27T17:49:33.364+0100: 2075.624: Total time for which application threads were stopped: 0.0143407 seconds, Stopping threads took: 0.0000639 seconds
{Heap before GC invocations=312 (full 20):
 par new generation   total 109248K, used 109248K [0x00000000e0000000, 0x00000000e8000000, 0x00000000e8000000)
  eden space 87424K, 100% used [0x00000000e0000000, 0x00000000e5560000, 0x00000000e5560000)
  from space 21824K, 100% used [0x00000000e5560000, 0x00000000e6ab0000, 0x00000000e6ab0000)
  to   space 21824K,   0% used [0x00000000e6ab0000, 0x00000000e6ab0000, 0x00000000e8000000)
 concurrent mark-sweep generation total 393216K, used 118862K [0x00000000e8000000, 0x0000000100000000, 0x0000000100000000)
 Metaspace       used 63443K, capacity 65248K, committed 65524K, reserved 1107968K
  class space    used 7333K, capacity 7757K, committed 7776K, reserved 1048576K
2020-06-27T17:49:33.449+0100: 2075.709: [GC (Allocation Failure) 2020-06-27T17:49:33.449+0100: 2075.710: [ParNew
Desired survivor size 20112992 bytes, new threshold 8 (max 8)
- age   1:    4985520 bytes,    4985520 total
- age   2:    2310664 bytes,    7296184 total
- age   3:    4477000 bytes,   11773184 total
- age   4:    2794072 bytes,   14567256 total
- age   5:    1745000 bytes,   16312256 total
- age   6:    3513248 bytes,   19825504 total
- age   7:     110728 bytes,   19936232 total
- age   8:    1831856 bytes,   21768088 total
: 109248K->21824K(109248K), 0.0176383 secs] 228110K->149498K(502464K), 0.0177027 secs] [Times: user=0.05 sys=0.00, real=0.02 secs] 
Heap after GC invocations=313 (full 20):
 par new generation   total 109248K, used 21824K [0x00000000e0000000, 0x00000000e8000000, 0x00000000e8000000)
  eden space 87424K,   0% used [0x00000000e0000000, 0x00000000e0000000, 0x00000000e5560000)
  from space 21824K, 100% used [0x00000000e6ab0000, 0x00000000e8000000, 0x00000000e8000000)
  to   space 21824K,   0% used [0x00000000e5560000, 0x00000000e5560000, 0x00000000e6ab0000)
 concurrent mark-sweep generation total 393216K, used 127674K [0x00000000e8000000, 0x0000000100000000, 0x0000000100000000)
 Metaspace       used 63443K, capacity 65248K, committed 65524K, reserved 1107968K
  class space    used 7333K, capacity 7757K, committed 7776K, reserved 1048576K
}
2020-06-27T17:49:33.467+0100: 2075.727: Total time for which application threads were stopped: 0.0179125 seconds, Stopping threads took: 0.0000522 seconds
2020-06-27T17:49:34.268+0100: 2076.528: Total time for which application threads were stopped: 0.0002982 seconds, Stopping threads took: 0.0001746 seconds
2020-06-27T17:49:34.268+0100: 2076.528: Total time for which application threads were stopped: 0.0001383 seconds, Stopping threads took: 0.0000540 seconds
2020-06-27T17:49:34.268+0100: 2076.529: Total time for which application threads were stopped: 0.0001046 seconds, Stopping threads took: 0.0000316 seconds
2020-06-27T17:49:34.279+0100: 2076.539: Total time for which application threads were stopped: 0.0001445 seconds, Stopping threads took: 0.0000623 seconds
2020-06-27T17:49:34.279+0100: 2076.540: Total time for which application threads were stopped: 0.0001403 seconds, Stopping threads took: 0.0000456 seconds
2020-06-27T17:49:35.910+0100: 2078.171: Total time for which application threads were stopped: 0.0002383 seconds, Stopping threads took: 0.0001858 seconds
2020-06-27T17:49:35.913+0100: 2078.174: Total time for which application threads were stopped: 0.0001582 seconds, Stopping threads took: 0.0000772 seconds
2020-06-27T17:49:35.914+0100: 2078.174: Total time for which application threads were stopped: 0.0001194 seconds, Stopping threads took: 0.0000630 seconds
{Heap before GC invocations=313 (full 20):
 par new generation   total 109248K, used 109248K [0x00000000e0000000, 0x00000000e8000000, 0x00000000e8000000)
  eden space 87424K, 100% used [0x00000000e0000000, 0x00000000e5560000, 0x00000000e5560000)
  from space 21824K, 100% used [0x00000000e6ab0000, 0x00000000e8000000, 0x00000000e8000000)
  to   space 21824K,   0% used [0x00000000e5560000, 0x00000000e5560000, 0x00000000e6ab0000)
 concurrent mark-sweep generation total 393216K, used 127674K [0x00000000e8000000, 0x0000000100000000, 0x0000000100000000)
 Metaspace       used 63451K, capacity 65248K, committed 65524K, reserved 1107968K
  class space    used 7333K, capacity 7757K, committed 7776K, reserved 1048576K
2020-06-27T17:49:35.996+0100: 2078.256: [GC (Allocation Failure) 2020-06-27T17:49:35.996+0100: 2078.256: [ParNew
Desired survivor size 20112992 bytes, new threshold 7 (max 8)
- age   1:    4687888 bytes,    4687888 total
- age   2:    2916256 bytes,    7604144 total
- age   3:    2198824 bytes,    9802968 total
- age   4:    4428296 bytes,   14231264 total
- age   5:    2740952 bytes,   16972216 total
- age   6:    1254928 bytes,   18227144 total
- age   7:    3391168 bytes,   21618312 total
- age   8:     110440 bytes,   21728752 total
: 109248K->21824K(109248K), 0.0168427 secs] 236922K->156794K(502464K), 0.0169434 secs] [Times: user=0.06 sys=0.00, real=0.02 secs] 
Heap after GC invocations=314 (full 20):
 par new generation   total 109248K, used 21824K [0x00000000e0000000, 0x00000000e8000000, 0x00000000e8000000)
  eden space 87424K,   0% used [0x00000000e0000000, 0x00000000e0000000, 0x00000000e5560000)
  from space 21824K, 100% used [0x00000000e5560000, 0x00000000e6ab0000, 0x00000000e6ab0000)
  to   space 21824K,   0% used [0x00000000e6ab0000, 0x00000000e6ab0000, 0x00000000e8000000)
 concurrent mark-sweep generation total 393216K, used 134970K [0x00000000e8000000, 0x0000000100000000, 0x0000000100000000)
 Metaspace       used 63451K, capacity 65248K, committed 65524K, reserved 1107968K
  class space    used 7333K, capacity 7757K, committed 7776K, reserved 1048576K
}
2020-06-27T17:49:36.013+0100: 2078.273: Total time for which application threads were stopped: 0.0172192 seconds, Stopping threads took: 0.0000699 seconds
2020-06-27T17:49:36.018+0100: 2078.279: Total time for which application threads were stopped: 0.0001446 seconds, Stopping threads took: 0.0000702 seconds
{Heap before GC invocations=314 (full 20):
 par new generation   total 109248K, used 109248K [0x00000000e0000000, 0x00000000e8000000, 0x00000000e8000000)
  eden space 87424K, 100% used [0x00000000e0000000, 0x00000000e5560000, 0x00000000e5560000)
  from space 21824K, 100% used [0x00000000e5560000, 0x00000000e6ab0000, 0x00000000e6ab0000)
  to   space 21824K,   0% used [0x00000000e6ab0000, 0x00000000e6ab0000, 0x00000000e8000000)
 concurrent mark-sweep generation total 393216K, used 134970K [0x00000000e8000000, 0x0000000100000000, 0x0000000100000000)
 Metaspace       used 63457K, capacity 65312K, committed 65524K, reserved 1107968K
  class space    used 7333K, capacity 7757K, committed 7776K, reserved 1048576K
2020-06-27T17:49:36.121+0100: 2078.381: [GC (Allocation Failure) 2020-06-27T17:49:36.121+0100: 2078.382: [ParNew
Desired survivor size 20112992 bytes, new threshold 6 (max 8)
- age   1:    5764952 bytes,    5764952 total
- age   2:    4075512 bytes,    9840464 total
- age   3:    2706544 bytes,   12547008 total
- age   4:    1530512 bytes,   14077520 total
- age   5:    4412280 bytes,   18489800 total
- age   6:    2740504 bytes,   21230304 total
- age   7:    1076552 bytes,   22306856 total
: 109248K->21824K(109248K), 0.0182777 secs] 244218K->168415K(502464K), 0.0184900 secs] [Times: user=0.06 sys=0.00, real=0.02 secs] 
Heap after GC invocations=315 (full 20):
 par new generation   total 109248K, used 21824K [0x00000000e0000000, 0x00000000e8000000, 0x00000000e8000000)
  eden space 87424K,   0% used [0x00000000e0000000, 0x00000000e0000000, 0x00000000e5560000)
  from space 21824K, 100% used [0x00000000e6ab0000, 0x00000000e8000000, 0x00000000e8000000)
  to   space 21824K,   0% used [0x00000000e5560000, 0x00000000e5560000, 0x00000000e6ab0000)
 concurrent mark-sweep generation total 393216K, used 146591K [0x00000000e8000000, 0x0000000100000000, 0x0000000100000000)
 Metaspace       used 63457K, capacity 65312K, committed 65524K, reserved 1107968K
  class space    used 7333K, capacity 7757K, committed 7776K, reserved 1048576K
}
2020-06-27T17:49:36.140+0100: 2078.400: Total time for which application threads were stopped: 0.0187184 seconds, Stopping threads took: 0.0000615 seconds
{Heap before GC invocations=315 (full 20):
 par new generation   total 109248K, used 109248K [0x00000000e0000000, 0x00000000e8000000, 0x00000000e8000000)
  eden space 87424K, 100% used [0x00000000e0000000, 0x00000000e5560000, 0x00000000e5560000)
  from space 21824K, 100% used [0x00000000e6ab0000, 0x00000000e8000000, 0x00000000e8000000)
  to   space 21824K,   0% used [0x00000000e5560000, 0x00000000e5560000, 0x00000000e6ab0000)
 concurrent mark-sweep generation total 393216K, used 146591K [0x00000000e8000000, 0x0000000100000000, 0x0000000100000000)
 Metaspace       used 63457K, capacity 65312K, committed 65524K, reserved 1107968K
  class space    used 7333K, capacity 7757K, committed 7776K, reserved 1048576K
2020-06-27T17:49:36.254+0100: 2078.515: [GC (Allocation Failure) 2020-06-27T17:49:36.254+0100: 2078.515: [ParNew
Desired survivor size 20112992 bytes, new threshold 6 (max 8)
- age   1:    6036016 bytes,    6036016 total
- age   2:    3552296 bytes,    9588312 total
- age   3:    4075376 bytes,   13663688 total
- age   4:    2706504 bytes,   16370192 total
- age   5:    1530512 bytes,   17900704 total
- age   6:    4412280 bytes,   22312984 total
: 109248K->21824K(109248K), 0.0192616 secs] 255839K->177543K(502464K), 0.0193364 secs] [Times: user=0.13 sys=0.00, real=0.02 secs] 
Heap after GC invocations=316 (full 20):
 par new generation   total 109248K, used 21824K [0x00000000e0000000, 0x00000000e8000000, 0x00000000e8000000)
  eden space 87424K,   0% used [0x00000000e0000000, 0x00000000e0000000, 0x00000000e5560000)
  from space 21824K, 100% used [0x00000000e5560000, 0x00000000e6ab0000, 0x00000000e6ab0000)
  to   space 21824K,   0% used [0x00000000e6ab0000, 0x00000000e6ab0000, 0x00000000e8000000)
 concurrent mark-sweep generation total 393216K, used 155719K [0x00000000e8000000, 0x0000000100000000, 0x0000000100000000)
 Metaspace       used 63457K, capacity 65312K, committed 65524K, reserved 1107968K
  class space    used 7333K, capacity 7757K, committed 7776K, reserved 1048576K
}
2020-06-27T17:49:36.274+0100: 2078.534: Total time for which application threads were stopped: 0.0195906 seconds, Stopping threads took: 0.0000737 seconds
{Heap before GC invocations=316 (full 20):
 par new generation   total 109248K, used 109248K [0x00000000e0000000, 0x00000000e8000000, 0x00000000e8000000)
  eden space 87424K, 100% used [0x00000000e0000000, 0x00000000e5560000, 0x00000000e5560000)
  from space 21824K, 100% used [0x00000000e5560000, 0x00000000e6ab0000, 0x00000000e6ab0000)
  to   space 21824K,   0% used [0x00000000e6ab0000, 0x00000000e6ab0000, 0x00000000e8000000)
 concurrent mark-sweep generation total 393216K, used 155719K [0x00000000e8000000, 0x0000000100000000, 0x0000000100000000)
 Metaspace       used 63457K, capacity 65312K, committed 65524K, reserved 1107968K
  class space    used 7333K, capacity 7757K, committed 7776K, reserved 1048576K
2020-06-27T17:49:36.458+0100: 2078.718: [GC (Allocation Failure) 2020-06-27T17:49:36.458+0100: 2078.718: [ParNew
Desired survivor size 20112992 bytes, new threshold 6 (max 8)
- age   1:    6358224 bytes,    6358224 total
- age   2:    2304336 bytes,    8662560 total
- age   3:    3513760 bytes,   12176320 total
- age   4:    3909088 bytes,   16085408 total
- age   5:    2598136 bytes,   18683544 total
- age   6:    1454640 bytes,   20138184 total
: 109248K->21824K(109248K), 0.0134587 secs] 264967K->183427K(502464K), 0.0135416 secs] [Times: user=0.06 sys=0.00, real=0.01 secs] 
Heap after GC invocations=317 (full 20):
 par new generation   total 109248K, used 21824K [0x00000000e0000000, 0x00000000e8000000, 0x00000000e8000000)
  eden space 87424K,   0% used [0x00000000e0000000, 0x00000000e0000000, 0x00000000e5560000)
  from space 21824K, 100% used [0x00000000e6ab0000, 0x00000000e8000000, 0x00000000e8000000)
  to   space 21824K,   0% used [0x00000000e5560000, 0x00000000e5560000, 0x00000000e6ab0000)
 concurrent mark-sweep generation total 393216K, used 161603K [0x00000000e8000000, 0x0000000100000000, 0x0000000100000000)
 Metaspace       used 63457K, capacity 65312K, committed 65524K, reserved 1107968K
  class space    used 7333K, capacity 7757K, committed 7776K, reserved 1048576K
}
2020-06-27T17:49:36.471+0100: 2078.732: Total time for which application threads were stopped: 0.0138011 seconds, Stopping threads took: 0.0000708 seconds
{Heap before GC invocations=317 (full 20):
 par new generation   total 109248K, used 109248K [0x00000000e0000000, 0x00000000e8000000, 0x00000000e8000000)
  eden space 87424K, 100% used [0x00000000e0000000, 0x00000000e5560000, 0x00000000e5560000)
  from space 21824K, 100% used [0x00000000e6ab0000, 0x00000000e8000000, 0x00000000e8000000)
  to   space 21824K,   0% used [0x00000000e5560000, 0x00000000e5560000, 0x00000000e6ab0000)
 concurrent mark-sweep generation total 393216K, used 161603K [0x00000000e8000000, 0x0000000100000000, 0x0000000100000000)
 Metaspace       used 63457K, capacity 65312K, committed 65524K, reserved 1107968K
  class space    used 7333K, capacity 7757K, committed 7776K, reserved 1048576K
2020-06-27T17:49:36.600+0100: 2078.860: [GC (Allocation Failure) 2020-06-27T17:49:36.600+0100: 2078.860: [ParNew
Desired survivor size 20112992 bytes, new threshold 6 (max 8)
- age   1:    4753344 bytes,    4753344 total
- age   2:    5152624 bytes,    9905968 total
- age   3:    2228016 bytes,   12133984 total
- age   4:    2375984 bytes,   14509968 total
- age   5:    3764448 bytes,   18274416 total
- age   6:    2597560 bytes,   20871976 total
: 109248K->21824K(109248K), 0.0173554 secs] 270851K->191688K(502464K), 0.0174481 secs] [Times: user=0.03 sys=0.00, real=0.02 secs] 
Heap after GC invocations=318 (full 20):
 par new generation   total 109248K, used 21824K [0x00000000e0000000, 0x00000000e8000000, 0x00000000e8000000)
  eden space 87424K,   0% used [0x00000000e0000000, 0x00000000e0000000, 0x00000000e5560000)
  from space 21824K, 100% used [0x00000000e5560000, 0x00000000e6ab0000, 0x00000000e6ab0000)
  to   space 21824K,   0% used [0x00000000e6ab0000, 0x00000000e6ab0000, 0x00000000e8000000)
 concurrent mark-sweep generation total 393216K, used 169864K [0x00000000e8000000, 0x0000000100000000, 0x0000000100000000)
 Metaspace       used 63457K, capacity 65312K, committed 65524K, reserved 1107968K
  class space    used 7333K, capacity 7757K, committed 7776K, reserved 1048576K
}
2020-06-27T17:49:36.618+0100: 2078.878: Total time for which application threads were stopped: 0.0182161 seconds, Stopping threads took: 0.0005166 seconds
2020-06-27T17:49:37.468+0100: 2079.728: Total time for which application threads were stopped: 0.0002139 seconds, Stopping threads took: 0.0001477 seconds
2020-06-27T17:49:37.468+0100: 2079.729: Total time for which application threads were stopped: 0.0000922 seconds, Stopping threads took: 0.0000470 seconds
2020-06-27T17:49:37.470+0100: 2079.731: Total time for which application threads were stopped: 0.0001178 seconds, Stopping threads took: 0.0000474 seconds
2020-06-27T17:49:37.470+0100: 2079.731: Total time for which application threads were stopped: 0.0001134 seconds, Stopping threads took: 0.0000545 seconds
2020-06-27T17:49:37.471+0100: 2079.731: Total time for which application threads were stopped: 0.0000915 seconds, Stopping threads took: 0.0000454 seconds
2020-06-27T17:49:37.471+0100: 2079.731: Total time for which application threads were stopped: 0.0000547 seconds, Stopping threads took: 0.0000167 seconds
2020-06-27T17:49:37.471+0100: 2079.731: Total time for which application threads were stopped: 0.0000502 seconds, Stopping threads took: 0.0000139 seconds
2020-06-27T17:49:37.866+0100: 2080.126: Total time for which application threads were stopped: 0.0003351 seconds, Stopping threads took: 0.0002594 seconds
2020-06-27T17:49:37.869+0100: 2080.129: Total time for which application threads were stopped: 0.0001715 seconds, Stopping threads took: 0.0000621 seconds
2020-06-27T17:49:37.869+0100: 2080.130: Total time for which application threads were stopped: 0.0001237 seconds, Stopping threads took: 0.0000617 seconds
2020-06-27T17:49:37.878+0100: 2080.138: Total time for which application threads were stopped: 0.0001414 seconds, Stopping threads took: 0.0000665 seconds
2020-06-27T17:49:37.879+0100: 2080.139: Total time for which application threads were stopped: 0.0001300 seconds, Stopping threads took: 0.0000552 seconds
{Heap before GC invocations=318 (full 20):
 par new generation   total 109248K, used 109248K [0x00000000e0000000, 0x00000000e8000000, 0x00000000e8000000)
  eden space 87424K, 100% used [0x00000000e0000000, 0x00000000e5560000, 0x00000000e5560000)
  from space 21824K, 100% used [0x00000000e5560000, 0x00000000e6ab0000, 0x00000000e6ab0000)
  to   space 21824K,   0% used [0x00000000e6ab0000, 0x00000000e6ab0000, 0x00000000e8000000)
 concurrent mark-sweep generation total 393216K, used 169864K [0x00000000e8000000, 0x0000000100000000, 0x0000000100000000)
 Metaspace       used 63459K, capacity 65312K, committed 65524K, reserved 1107968K
  class space    used 7333K, capacity 7757K, committed 7776K, reserved 1048576K
2020-06-27T17:49:37.947+0100: 2080.207: [GC (Allocation Failure) 2020-06-27T17:49:37.947+0100: 2080.207: [ParNew
Desired survivor size 20112992 bytes, new threshold 6 (max 8)
- age   1:    3772160 bytes,    3772160 total
- age   2:    3743024 bytes,    7515184 total
- age   3:    5151752 bytes,   12666936 total
- age   4:    2227616 bytes,   14894552 total
- age   5:    2374968 bytes,   17269520 total
- age   6:    3439896 bytes,   20709416 total
: 109248K->21824K(109248K), 0.0163212 secs] 279112K->200344K(502464K), 0.0164266 secs] [Times: user=0.06 sys=0.00, real=0.02 secs] 
Heap after GC invocations=319 (full 20):
 par new generation   total 109248K, used 21824K [0x00000000e0000000, 0x00000000e8000000, 0x00000000e8000000)
  eden space 87424K,   0% used [0x00000000e0000000, 0x00000000e0000000, 0x00000000e5560000)
  from space 21824K, 100% used [0x00000000e6ab0000, 0x00000000e8000000, 0x00000000e8000000)
  to   space 21824K,   0% used [0x00000000e5560000, 0x00000000e5560000, 0x00000000e6ab0000)
 concurrent mark-sweep generation total 393216K, used 178520K [0x00000000e8000000, 0x0000000100000000, 0x0000000100000000)
 Metaspace       used 63459K, capacity 65312K, committed 65524K, reserved 1107968K
  class space    used 7333K, capacity 7757K, committed 7776K, reserved 1048576K
}
2020-06-27T17:49:37.963+0100: 2080.223: Total time for which application threads were stopped: 0.0167550 seconds, Stopping threads took: 0.0000692 seconds
2020-06-27T17:49:38.008+0100: 2080.269: Total time for which application threads were stopped: 0.0002803 seconds, Stopping threads took: 0.0001297 seconds
{Heap before GC invocations=319 (full 20):
 par new generation   total 109248K, used 109248K [0x00000000e0000000, 0x00000000e8000000, 0x00000000e8000000)
  eden space 87424K, 100% used [0x00000000e0000000, 0x00000000e5560000, 0x00000000e5560000)
  from space 21824K, 100% used [0x00000000e6ab0000, 0x00000000e8000000, 0x00000000e8000000)
  to   space 21824K,   0% used [0x00000000e5560000, 0x00000000e5560000, 0x00000000e6ab0000)
 concurrent mark-sweep generation total 393216K, used 178520K [0x00000000e8000000, 0x0000000100000000, 0x0000000100000000)
 Metaspace       used 63459K, capacity 65312K, committed 65524K, reserved 1107968K
  class space    used 7333K, capacity 7757K, committed 7776K, reserved 1048576K
2020-06-27T17:49:38.060+0100: 2080.321: [GC (Allocation Failure) 2020-06-27T17:49:38.060+0100: 2080.321: [ParNew
Desired survivor size 20112992 bytes, new threshold 6 (max 8)
- age   1:    3959456 bytes,    3959456 total
- age   2:    3746312 bytes,    7705768 total
- age   3:    3743000 bytes,   11448768 total
- age   4:    5151752 bytes,   16600520 total
- age   5:    2227616 bytes,   18828136 total
- age   6:    2374864 bytes,   21203000 total
: 109248K->21824K(109248K), 0.0160769 secs] 287768K->208919K(502464K), 0.0161490 secs] [Times: user=0.06 sys=0.00, real=0.02 secs] 
Heap after GC invocations=320 (full 20):
 par new generation   total 109248K, used 21824K [0x00000000e0000000, 0x00000000e8000000, 0x00000000e8000000)
  eden space 87424K,   0% used [0x00000000e0000000, 0x00000000e0000000, 0x00000000e5560000)
  from space 21824K, 100% used [0x00000000e5560000, 0x00000000e6ab0000, 0x00000000e6ab0000)
  to   space 21824K,   0% used [0x00000000e6ab0000, 0x00000000e6ab0000, 0x00000000e8000000)
 concurrent mark-sweep generation total 393216K, used 187095K [0x00000000e8000000, 0x0000000100000000, 0x0000000100000000)
 Metaspace       used 63459K, capacity 65312K, committed 65524K, reserved 1107968K
  class space    used 7333K, capacity 7757K, committed 7776K, reserved 1048576K
}
2020-06-27T17:49:38.077+0100: 2080.337: Total time for which application threads were stopped: 0.0163763 seconds, Stopping threads took: 0.0000653 seconds
{Heap before GC invocations=320 (full 20):
 par new generation   total 109248K, used 109248K [0x00000000e0000000, 0x00000000e8000000, 0x00000000e8000000)
  eden space 87424K, 100% used [0x00000000e0000000, 0x00000000e5560000, 0x00000000e5560000)
  from space 21824K, 100% used [0x00000000e5560000, 0x00000000e6ab0000, 0x00000000e6ab0000)
  to   space 21824K,   0% used [0x00000000e6ab0000, 0x00000000e6ab0000, 0x00000000e8000000)
 concurrent mark-sweep generation total 393216K, used 187095K [0x00000000e8000000, 0x0000000100000000, 0x0000000100000000)
 Metaspace       used 63459K, capacity 65312K, committed 65524K, reserved 1107968K
  class space    used 7333K, capacity 7757K, committed 7776K, reserved 1048576K
2020-06-27T17:49:38.193+0100: 2080.453: [GC (Allocation Failure) 2020-06-27T17:49:38.193+0100: 2080.453: [ParNew
Desired survivor size 20112992 bytes, new threshold 6 (max 8)
- age   1:    2977720 bytes,    2977720 total
- age   2:    3369888 bytes,    6347608 total
- age   3:    3301672 bytes,    9649280 total
- age   4:    3743000 bytes,   13392280 total
- age   5:    5151752 bytes,   18544032 total
- age   6:    2214480 bytes,   20758512 total
: 109248K->21824K(109248K), 0.0134585 secs] 296343K->214958K(502464K), 0.0135616 secs] [Times: user=0.06 sys=0.00, real=0.01 secs] 
Heap after GC invocations=321 (full 20):
 par new generation   total 109248K, used 21824K [0x00000000e0000000, 0x00000000e8000000, 0x00000000e8000000)
  eden space 87424K,   0% used [0x00000000e0000000, 0x00000000e0000000, 0x00000000e5560000)
  from space 21824K, 100% used [0x00000000e6ab0000, 0x00000000e8000000, 0x00000000e8000000)
  to   space 21824K,   0% used [0x00000000e5560000, 0x00000000e5560000, 0x00000000e6ab0000)
 concurrent mark-sweep generation total 393216K, used 193134K [0x00000000e8000000, 0x0000000100000000, 0x0000000100000000)
 Metaspace       used 63459K, capacity 65312K, committed 65524K, reserved 1107968K
  class space    used 7333K, capacity 7757K, committed 7776K, reserved 1048576K
}
2020-06-27T17:49:38.206+0100: 2080.467: Total time for which application threads were stopped: 0.0139119 seconds, Stopping threads took: 0.0000851 seconds
{Heap before GC invocations=321 (full 20):
 par new generation   total 109248K, used 109248K [0x00000000e0000000, 0x00000000e8000000, 0x00000000e8000000)
  eden space 87424K, 100% used [0x00000000e0000000, 0x00000000e5560000, 0x00000000e5560000)
  from space 21824K, 100% used [0x00000000e6ab0000, 0x00000000e8000000, 0x00000000e8000000)
  to   space 21824K,   0% used [0x00000000e5560000, 0x00000000e5560000, 0x00000000e6ab0000)
 concurrent mark-sweep generation total 393216K, used 193134K [0x00000000e8000000, 0x0000000100000000, 0x0000000100000000)
 Metaspace       used 63459K, capacity 65312K, committed 65524K, reserved 1107968K
  class space    used 7333K, capacity 7757K, committed 7776K, reserved 1048576K
2020-06-27T17:49:38.595+0100: 2080.855: [GC (Allocation Failure) 2020-06-27T17:49:38.595+0100: 2080.855: [ParNew
Desired survivor size 20112992 bytes, new threshold 6 (max 8)
- age   1:    5454976 bytes,    5454976 total
- age   2:    1870200 bytes,    7325176 total
- age   3:    3251800 bytes,   10576976 total
- age   4:    3079608 bytes,   13656584 total
- age   5:    3506120 bytes,   17162704 total
- age   6:    5151752 bytes,   22314456 total
: 109248K->21824K(109248K), 0.0180194 secs] 302382K->221999K(502464K), 0.0181120 secs] [Times: user=0.06 sys=0.00, real=0.02 secs] 
Heap after GC invocations=322 (full 20):
 par new generation   total 109248K, used 21824K [0x00000000e0000000, 0x00000000e8000000, 0x00000000e8000000)
  eden space 87424K,   0% used [0x00000000e0000000, 0x00000000e0000000, 0x00000000e5560000)
  from space 21824K, 100% used [0x00000000e5560000, 0x00000000e6ab0000, 0x00000000e6ab0000)
  to   space 21824K,   0% used [0x00000000e6ab0000, 0x00000000e6ab0000, 0x00000000e8000000)
 concurrent mark-sweep generation total 393216K, used 200175K [0x00000000e8000000, 0x0000000100000000, 0x0000000100000000)
 Metaspace       used 63459K, capacity 65312K, committed 65524K, reserved 1107968K
  class space    used 7333K, capacity 7757K, committed 7776K, reserved 1048576K
}
2020-06-27T17:49:38.613+0100: 2080.874: Total time for which application threads were stopped: 0.0184159 seconds, Stopping threads took: 0.0000770 seconds
2020-06-27T17:49:38.613+0100: 2080.874: [GC (CMS Initial Mark) [1 CMS-initial-mark: 200175K(393216K)] 223459K(502464K), 0.0042639 secs] [Times: user=0.06 sys=0.00, real=0.01 secs] 
2020-06-27T17:49:38.618+0100: 2080.878: Total time for which application threads were stopped: 0.0044439 seconds, Stopping threads took: 0.0000669 seconds
2020-06-27T17:49:38.618+0100: 2080.878: [CMS-concurrent-mark-start]
2020-06-27T17:49:38.643+0100: 2080.903: [CMS-concurrent-mark: 0.025/0.025 secs] [Times: user=0.06 sys=0.00, real=0.02 secs] 
2020-06-27T17:49:38.643+0100: 2080.903: [CMS-concurrent-preclean-start]
2020-06-27T17:49:38.645+0100: 2080.905: [CMS-concurrent-preclean: 0.002/0.002 secs] [Times: user=0.00 sys=0.00, real=0.00 secs] 
2020-06-27T17:49:38.645+0100: 2080.905: [GC (CMS Final Remark) [YG occupancy: 23284 K (109248 K)]{Heap before GC invocations=322 (full 21):
 par new generation   total 109248K, used 23284K [0x00000000e0000000, 0x00000000e8000000, 0x00000000e8000000)
  eden space 87424K,   1% used [0x00000000e0000000, 0x00000000e016d270, 0x00000000e5560000)
  from space 21824K, 100% used [0x00000000e5560000, 0x00000000e6ab0000, 0x00000000e6ab0000)
  to   space 21824K,   0% used [0x00000000e6ab0000, 0x00000000e6ab0000, 0x00000000e8000000)
 concurrent mark-sweep generation total 393216K, used 200175K [0x00000000e8000000, 0x0000000100000000, 0x0000000100000000)
 Metaspace       used 63459K, capacity 65312K, committed 65524K, reserved 1107968K
  class space    used 7333K, capacity 7757K, committed 7776K, reserved 1048576K
2020-06-27T17:49:38.645+0100: 2080.905: [GC (CMS Final Remark) 2020-06-27T17:49:38.645+0100: 2080.905: [ParNew
Desired survivor size 20112992 bytes, new threshold 8 (max 8)
- age   1:      84600 bytes,      84600 total
- age   2:    5293024 bytes,    5377624 total
- age   3:    1870120 bytes,    7247744 total
- age   4:    3251800 bytes,   10499544 total
- age   5:    3079608 bytes,   13579152 total
- age   6:    3506120 bytes,   17085272 total
: 23284K->21431K(109248K), 0.0109984 secs] 223459K->226642K(502464K), 0.0110749 secs] [Times: user=0.06 sys=0.00, real=0.01 secs] 
Heap after GC invocations=323 (full 21):
 par new generation   total 109248K, used 21431K [0x00000000e0000000, 0x00000000e8000000, 0x00000000e8000000)
  eden space 87424K,   0% used [0x00000000e0000000, 0x00000000e0000000, 0x00000000e5560000)
  from space 21824K,  98% used [0x00000000e6ab0000, 0x00000000e7f9de40, 0x00000000e8000000)
  to   space 21824K,   0% used [0x00000000e5560000, 0x00000000e5560000, 0x00000000e6ab0000)
 concurrent mark-sweep generation total 393216K, used 205211K [0x00000000e8000000, 0x0000000100000000, 0x0000000100000000)
 Metaspace       used 63459K, capacity 65312K, committed 65524K, reserved 1107968K
  class space    used 7333K, capacity 7757K, committed 7776K, reserved 1048576K
}
2020-06-27T17:49:38.656+0100: 2080.916: [Rescan (parallel) , 0.0047469 secs]2020-06-27T17:49:38.661+0100: 2080.921: [weak refs processing, 0.0055438 secs]2020-06-27T17:49:38.666+0100: 2080.927: [class unloading, 0.0155046 secs]2020-06-27T17:49:38.682+0100: 2080.942: [scrub symbol table, 0.0154128 secs]2020-06-27T17:49:38.697+0100: 2080.958: [scrub string table, 0.0011659 secs][1 CMS-remark: 205211K(393216K)] 226642K(502464K), 0.0538975 secs] [Times: user=0.16 sys=0.00, real=0.05 secs] 
2020-06-27T17:49:38.699+0100: 2080.959: Total time for which application threads were stopped: 0.0540942 seconds, Stopping threads took: 0.0000671 seconds
2020-06-27T17:49:38.699+0100: 2080.959: [CMS-concurrent-sweep-start]
2020-06-27T17:49:38.701+0100: 2080.961: Total time for which application threads were stopped: 0.0001482 seconds, Stopping threads took: 0.0000623 seconds
2020-06-27T17:49:38.701+0100: 2080.962: Total time for which application threads were stopped: 0.0001100 seconds, Stopping threads took: 0.0000607 seconds
2020-06-27T17:49:38.702+0100: 2080.962: Total time for which application threads were stopped: 0.0001553 seconds, Stopping threads took: 0.0000502 seconds
2020-06-27T17:49:38.702+0100: 2080.962: Total time for which application threads were stopped: 0.0001132 seconds, Stopping threads took: 0.0000529 seconds
2020-06-27T17:49:38.702+0100: 2080.963: Total time for which application threads were stopped: 0.0001017 seconds, Stopping threads took: 0.0000372 seconds
2020-06-27T17:49:38.702+0100: 2080.963: Total time for which application threads were stopped: 0.0001152 seconds, Stopping threads took: 0.0000595 seconds
2020-06-27T17:49:38.703+0100: 2080.963: Total time for which application threads were stopped: 0.0000936 seconds, Stopping threads took: 0.0000486 seconds
2020-06-27T17:49:38.703+0100: 2080.963: Total time for which application threads were stopped: 0.0000929 seconds, Stopping threads took: 0.0000593 seconds
2020-06-27T17:49:38.789+0100: 2081.049: [CMS-concurrent-sweep: 0.089/0.090 secs] [Times: user=0.25 sys=0.00, real=0.09 secs] 
2020-06-27T17:49:38.789+0100: 2081.049: [CMS-concurrent-reset-start]
2020-06-27T17:49:38.789+0100: 2081.050: [CMS-concurrent-reset: 0.001/0.001 secs] [Times: user=0.00 sys=0.00, real=0.00 secs] 
{Heap before GC invocations=323 (full 21):
 par new generation   total 109248K, used 108855K [0x00000000e0000000, 0x00000000e8000000, 0x00000000e8000000)
  eden space 87424K, 100% used [0x00000000e0000000, 0x00000000e5560000, 0x00000000e5560000)
  from space 21824K,  98% used [0x00000000e6ab0000, 0x00000000e7f9de40, 0x00000000e8000000)
  to   space 21824K,   0% used [0x00000000e5560000, 0x00000000e5560000, 0x00000000e6ab0000)
 concurrent mark-sweep generation total 393216K, used 93855K [0x00000000e8000000, 0x0000000100000000, 0x0000000100000000)
 Metaspace       used 63459K, capacity 65312K, committed 65524K, reserved 1107968K
  class space    used 7333K, capacity 7757K, committed 7776K, reserved 1048576K
2020-06-27T17:49:38.833+0100: 2081.094: [GC (Allocation Failure) 2020-06-27T17:49:38.834+0100: 2081.094: [ParNew
Desired survivor size 20112992 bytes, new threshold 7 (max 8)
- age   1:    7515968 bytes,    7515968 total
- age   3:    3926096 bytes,   11442064 total
- age   4:    1763344 bytes,   13205408 total
- age   5:    3113584 bytes,   16318992 total
- age   6:    2928128 bytes,   19247120 total
- age   7:    2793544 bytes,   22040664 total
: 108855K->21824K(109248K), 0.0130896 secs] 202711K->116422K(502464K), 0.0131884 secs] [Times: user=0.06 sys=0.00, real=0.01 secs] 
Heap after GC invocations=324 (full 21):
 par new generation   total 109248K, used 21824K [0x00000000e0000000, 0x00000000e8000000, 0x00000000e8000000)
  eden space 87424K,   0% used [0x00000000e0000000, 0x00000000e0000000, 0x00000000e5560000)
  from space 21824K, 100% used [0x00000000e5560000, 0x00000000e6ab0000, 0x00000000e6ab0000)
  to   space 21824K,   0% used [0x00000000e6ab0000, 0x00000000e6ab0000, 0x00000000e8000000)
 concurrent mark-sweep generation total 393216K, used 94598K [0x00000000e8000000, 0x0000000100000000, 0x0000000100000000)
 Metaspace       used 63459K, capacity 65312K, committed 65524K, reserved 1107968K
  class space    used 7333K, capacity 7757K, committed 7776K, reserved 1048576K
}
2020-06-27T17:49:38.847+0100: 2081.107: Total time for which application threads were stopped: 0.0134895 seconds, Stopping threads took: 0.0000666 seconds
{Heap before GC invocations=324 (full 21):
 par new generation   total 109248K, used 109248K [0x00000000e0000000, 0x00000000e8000000, 0x00000000e8000000)
  eden space 87424K, 100% used [0x00000000e0000000, 0x00000000e5560000, 0x00000000e5560000)
  from space 21824K, 100% used [0x00000000e5560000, 0x00000000e6ab0000, 0x00000000e6ab0000)
  to   space 21824K,   0% used [0x00000000e6ab0000, 0x00000000e6ab0000, 0x00000000e8000000)
 concurrent mark-sweep generation total 393216K, used 94598K [0x00000000e8000000, 0x0000000100000000, 0x0000000100000000)
 Metaspace       used 63459K, capacity 65312K, committed 65524K, reserved 1107968K
  class space    used 7333K, capacity 7757K, committed 7776K, reserved 1048576K
2020-06-27T17:49:38.969+0100: 2081.229: [GC (Allocation Failure) 2020-06-27T17:49:38.969+0100: 2081.229: [ParNew
Desired survivor size 20112992 bytes, new threshold 7 (max 8)
- age   1:    6370248 bytes,    6370248 total
- age   2:    4056408 bytes,   10426656 total
- age   4:    3874936 bytes,   14301592 total
- age   5:    1761928 bytes,   16063520 total
- age   6:    3113584 bytes,   19177104 total
- age   7:    2928128 bytes,   22105232 total
: 109248K->21824K(109248K), 0.0184194 secs] 203846K->122743K(502464K), 0.0184957 secs] [Times: user=0.03 sys=0.00, real=0.02 secs] 
Heap after GC invocations=325 (full 21):
 par new generation   total 109248K, used 21824K [0x00000000e0000000, 0x00000000e8000000, 0x00000000e8000000)
  eden space 87424K,   0% used [0x00000000e0000000, 0x00000000e0000000, 0x00000000e5560000)
  from space 21824K, 100% used [0x00000000e6ab0000, 0x00000000e8000000, 0x00000000e8000000)
  to   space 21824K,   0% used [0x00000000e5560000, 0x00000000e5560000, 0x00000000e6ab0000)
 concurrent mark-sweep generation total 393216K, used 100919K [0x00000000e8000000, 0x0000000100000000, 0x0000000100000000)
 Metaspace       used 63459K, capacity 65312K, committed 65524K, reserved 1107968K
  class space    used 7333K, capacity 7757K, committed 7776K, reserved 1048576K
}
2020-06-27T17:49:38.988+0100: 2081.248: Total time for which application threads were stopped: 0.0187593 seconds, Stopping threads took: 0.0000645 seconds
2020-06-27T17:49:39.951+0100: 2082.211: Total time for which application threads were stopped: 0.0001628 seconds, Stopping threads took: 0.0000657 seconds
2020-06-27T17:49:39.951+0100: 2082.211: Total time for which application threads were stopped: 0.0000900 seconds, Stopping threads took: 0.0000467 seconds
2020-06-27T17:49:39.951+0100: 2082.211: Total time for which application threads were stopped: 0.0000891 seconds, Stopping threads took: 0.0000570 seconds
2020-06-27T17:49:39.953+0100: 2082.213: Total time for which application threads were stopped: 0.0001432 seconds, Stopping threads took: 0.0000741 seconds
2020-06-27T17:49:39.953+0100: 2082.213: Total time for which application threads were stopped: 0.0000827 seconds, Stopping threads took: 0.0000392 seconds
2020-06-27T17:49:39.953+0100: 2082.213: Total time for which application threads were stopped: 0.0000691 seconds, Stopping threads took: 0.0000370 seconds
2020-06-27T17:49:39.953+0100: 2082.214: Total time for which application threads were stopped: 0.0000779 seconds, Stopping threads took: 0.0000459 seconds
2020-06-27T17:49:40.021+0100: 2082.281: Total time for which application threads were stopped: 0.0002029 seconds, Stopping threads took: 0.0001511 seconds
2020-06-27T17:49:40.024+0100: 2082.284: Total time for which application threads were stopped: 0.0002028 seconds, Stopping threads took: 0.0000857 seconds
2020-06-27T17:49:40.024+0100: 2082.284: Total time for which application threads were stopped: 0.0001277 seconds, Stopping threads took: 0.0000630 seconds
2020-06-27T17:49:40.031+0100: 2082.291: Total time for which application threads were stopped: 0.0001381 seconds, Stopping threads took: 0.0000710 seconds
2020-06-27T17:49:40.032+0100: 2082.292: Total time for which application threads were stopped: 0.0001407 seconds, Stopping threads took: 0.0000718 seconds
2020-06-27T17:49:40.118+0100: 2082.378: Total time for which application threads were stopped: 0.0001535 seconds, Stopping threads took: 0.0000687 seconds
{Heap before GC invocations=325 (full 21):
 par new generation   total 109248K, used 109248K [0x00000000e0000000, 0x00000000e8000000, 0x00000000e8000000)
  eden space 87424K, 100% used [0x00000000e0000000, 0x00000000e5560000, 0x00000000e5560000)
  from space 21824K, 100% used [0x00000000e6ab0000, 0x00000000e8000000, 0x00000000e8000000)
  to   space 21824K,   0% used [0x00000000e5560000, 0x00000000e5560000, 0x00000000e6ab0000)
 concurrent mark-sweep generation total 393216K, used 100919K [0x00000000e8000000, 0x0000000100000000, 0x0000000100000000)
 Metaspace       used 63464K, capacity 65312K, committed 65524K, reserved 1107968K
  class space    used 7333K, capacity 7757K, committed 7776K, reserved 1048576K
2020-06-27T17:49:40.125+0100: 2082.386: [GC (Allocation Failure) 2020-06-27T17:49:40.125+0100: 2082.386: [ParNew
Desired survivor size 20112992 bytes, new threshold 7 (max 8)
- age   1:    5474160 bytes,    5474160 total
- age   2:    3690312 bytes,    9164472 total
- age   3:    3943104 bytes,   13107576 total
- age   5:    3858992 bytes,   16966568 total
- age   6:    1520984 bytes,   18487552 total
- age   7:    1650376 bytes,   20137928 total
: 109248K->21824K(109248K), 0.0143943 secs] 210167K->127882K(502464K), 0.0145018 secs] [Times: user=0.06 sys=0.00, real=0.02 secs] 
Heap after GC invocations=326 (full 21):
 par new generation   total 109248K, used 21824K [0x00000000e0000000, 0x00000000e8000000, 0x00000000e8000000)
  eden space 87424K,   0% used [0x00000000e0000000, 0x00000000e0000000, 0x00000000e5560000)
  from space 21824K, 100% used [0x00000000e5560000, 0x00000000e6ab0000, 0x00000000e6ab0000)
  to   space 21824K,   0% used [0x00000000e6ab0000, 0x00000000e6ab0000, 0x00000000e8000000)
 concurrent mark-sweep generation total 393216K, used 106058K [0x00000000e8000000, 0x0000000100000000, 0x0000000100000000)
 Metaspace       used 63464K, capacity 65312K, committed 65524K, reserved 1107968K
  class space    used 7333K, capacity 7757K, committed 7776K, reserved 1048576K
}
2020-06-27T17:49:40.140+0100: 2082.400: Total time for which application threads were stopped: 0.0149108 seconds, Stopping threads took: 0.0001841 seconds
{Heap before GC invocations=326 (full 21):
 par new generation   total 109248K, used 109248K [0x00000000e0000000, 0x00000000e8000000, 0x00000000e8000000)
  eden space 87424K, 100% used [0x00000000e0000000, 0x00000000e5560000, 0x00000000e5560000)
  from space 21824K, 100% used [0x00000000e5560000, 0x00000000e6ab0000, 0x00000000e6ab0000)
  to   space 21824K,   0% used [0x00000000e6ab0000, 0x00000000e6ab0000, 0x00000000e8000000)
 concurrent mark-sweep generation total 393216K, used 106058K [0x00000000e8000000, 0x0000000100000000, 0x0000000100000000)
 Metaspace       used 63464K, capacity 65312K, committed 65524K, reserved 1107968K
  class space    used 7333K, capacity 7757K, committed 7776K, reserved 1048576K
2020-06-27T17:49:40.269+0100: 2082.529: [GC (Allocation Failure) 2020-06-27T17:49:40.269+0100: 2082.529: [ParNew
Desired survivor size 20112992 bytes, new threshold 7 (max 8)
- age   1:    4291352 bytes,    4291352 total
- age   2:    4082608 bytes,    8373960 total
- age   3:    3637640 bytes,   12011600 total
- age   4:    3943064 bytes,   15954664 total
- age   6:    3858992 bytes,   19813656 total
- age   7:    1520984 bytes,   21334640 total
: 109248K->21824K(109248K), 0.0140115 secs] 215306K->130918K(502464K), 0.0141392 secs] [Times: user=0.06 sys=0.00, real=0.01 secs] 
Heap after GC invocations=327 (full 21):
 par new generation   total 109248K, used 21824K [0x00000000e0000000, 0x00000000e8000000, 0x00000000e8000000)
  eden space 87424K,   0% used [0x00000000e0000000, 0x00000000e0000000, 0x00000000e5560000)
  from space 21824K, 100% used [0x00000000e6ab0000, 0x00000000e8000000, 0x00000000e8000000)
  to   space 21824K,   0% used [0x00000000e5560000, 0x00000000e5560000, 0x00000000e6ab0000)
 concurrent mark-sweep generation total 393216K, used 109094K [0x00000000e8000000, 0x0000000100000000, 0x0000000100000000)
 Metaspace       used 63464K, capacity 65312K, committed 65524K, reserved 1107968K
  class space    used 7333K, capacity 7757K, committed 7776K, reserved 1048576K
}
2020-06-27T17:49:40.283+0100: 2082.543: Total time for which application threads were stopped: 0.0144301 seconds, Stopping threads took: 0.0000566 seconds
{Heap before GC invocations=327 (full 21):
 par new generation   total 109248K, used 109248K [0x00000000e0000000, 0x00000000e8000000, 0x00000000e8000000)
  eden space 87424K, 100% used [0x00000000e0000000, 0x00000000e5560000, 0x00000000e5560000)
  from space 21824K, 100% used [0x00000000e6ab0000, 0x00000000e8000000, 0x00000000e8000000)
  to   space 21824K,   0% used [0x00000000e5560000, 0x00000000e5560000, 0x00000000e6ab0000)
 concurrent mark-sweep generation total 393216K, used 109094K [0x00000000e8000000, 0x0000000100000000, 0x0000000100000000)
 Metaspace       used 63464K, capacity 65312K, committed 65524K, reserved 1107968K
  class space    used 7333K, capacity 7757K, committed 7776K, reserved 1048576K
2020-06-27T17:49:40.394+0100: 2082.655: [GC (Allocation Failure) 2020-06-27T17:49:40.394+0100: 2082.655: [ParNew
Desired survivor size 20112992 bytes, new threshold 7 (max 8)
- age   1:    3673392 bytes,    3673392 total
- age   2:    3214232 bytes,    6887624 total
- age   3:    3882544 bytes,   10770168 total
- age   4:    3637640 bytes,   14407808 total
- age   5:    3942944 bytes,   18350752 total
- age   7:    3646880 bytes,   21997632 total
: 109248K->21824K(109248K), 0.0177222 secs] 218342K->141032K(502464K), 0.0177882 secs] [Times: user=0.06 sys=0.00, real=0.02 secs] 
Heap after GC invocations=328 (full 21):
 par new generation   total 109248K, used 21824K [0x00000000e0000000, 0x00000000e8000000, 0x00000000e8000000)
  eden space 87424K,   0% used [0x00000000e0000000, 0x00000000e0000000, 0x00000000e5560000)
  from space 21824K, 100% used [0x00000000e5560000, 0x00000000e6ab0000, 0x00000000e6ab0000)
  to   space 21824K,   0% used [0x00000000e6ab0000, 0x00000000e6ab0000, 0x00000000e8000000)
 concurrent mark-sweep generation total 393216K, used 119208K [0x00000000e8000000, 0x0000000100000000, 0x0000000100000000)
 Metaspace       used 63464K, capacity 65312K, committed 65524K, reserved 1107968K
  class space    used 7333K, capacity 7757K, committed 7776K, reserved 1048576K
}
2020-06-27T17:49:40.412+0100: 2082.672: Total time for which application threads were stopped: 0.0180181 seconds, Stopping threads took: 0.0000721 seconds
{Heap before GC invocations=328 (full 21):
 par new generation   total 109248K, used 109248K [0x00000000e0000000, 0x00000000e8000000, 0x00000000e8000000)
  eden space 87424K, 100% used [0x00000000e0000000, 0x00000000e5560000, 0x00000000e5560000)
  from space 21824K, 100% used [0x00000000e5560000, 0x00000000e6ab0000, 0x00000000e6ab0000)
  to   space 21824K,   0% used [0x00000000e6ab0000, 0x00000000e6ab0000, 0x00000000e8000000)
 concurrent mark-sweep generation total 393216K, used 119208K [0x00000000e8000000, 0x0000000100000000, 0x0000000100000000)
 Metaspace       used 63464K, capacity 65312K, committed 65524K, reserved 1107968K
  class space    used 7333K, capacity 7757K, committed 7776K, reserved 1048576K
2020-06-27T17:49:40.584+0100: 2082.844: [GC (Allocation Failure) 2020-06-27T17:49:40.584+0100: 2082.844: [ParNew
Desired survivor size 20112992 bytes, new threshold 6 (max 8)
- age   1:    5246808 bytes,    5246808 total
- age   2:    2732696 bytes,    7979504 total
- age   3:    3175824 bytes,   11155328 total
- age   4:    3109488 bytes,   14264816 total
- age   5:    3637640 bytes,   17902456 total
- age   6:    3942944 bytes,   21845400 total
: 109248K->21824K(109248K), 0.0171517 secs] 228456K->150573K(502464K), 0.0172215 secs] [Times: user=0.08 sys=0.00, real=0.02 secs] 
Heap after GC invocations=329 (full 21):
 par new generation   total 109248K, used 21824K [0x00000000e0000000, 0x00000000e8000000, 0x00000000e8000000)
  eden space 87424K,   0% used [0x00000000e0000000, 0x00000000e0000000, 0x00000000e5560000)
  from space 21824K, 100% used [0x00000000e6ab0000, 0x00000000e8000000, 0x00000000e8000000)
  to   space 21824K,   0% used [0x00000000e5560000, 0x00000000e5560000, 0x00000000e6ab0000)
 concurrent mark-sweep generation total 393216K, used 128749K [0x00000000e8000000, 0x0000000100000000, 0x0000000100000000)
 Metaspace       used 63464K, capacity 65312K, committed 65524K, reserved 1107968K
  class space    used 7333K, capacity 7757K, committed 7776K, reserved 1048576K
}
2020-06-27T17:49:40.601+0100: 2082.862: Total time for which application threads were stopped: 0.0174360 seconds, Stopping threads took: 0.0000582 seconds
{Heap before GC invocations=329 (full 21):
 par new generation   total 109248K, used 109248K [0x00000000e0000000, 0x00000000e8000000, 0x00000000e8000000)
  eden space 87424K, 100% used [0x00000000e0000000, 0x00000000e5560000, 0x00000000e5560000)
  from space 21824K, 100% used [0x00000000e6ab0000, 0x00000000e8000000, 0x00000000e8000000)
  to   space 21824K,   0% used [0x00000000e5560000, 0x00000000e5560000, 0x00000000e6ab0000)
 concurrent mark-sweep generation total 393216K, used 128749K [0x00000000e8000000, 0x0000000100000000, 0x0000000100000000)
 Metaspace       used 63464K, capacity 65312K, committed 65524K, reserved 1107968K
  class space    used 7333K, capacity 7757K, committed 7776K, reserved 1048576K
2020-06-27T17:49:40.697+0100: 2082.957: [GC (Allocation Failure) 2020-06-27T17:49:40.697+0100: 2082.957: [ParNew
Desired survivor size 20112992 bytes, new threshold 6 (max 8)
- age   1:    6254944 bytes,    6254944 total
- age   2:    3556384 bytes,    9811328 total
- age   3:    2114704 bytes,   11926032 total
- age   4:    3161336 bytes,   15087368 total
- age   5:    3076248 bytes,   18163616 total
- age   6:    3637640 bytes,   21801256 total
: 109248K->21824K(109248K), 0.0185589 secs] 237997K->159785K(502464K), 0.0186535 secs] [Times: user=0.06 sys=0.00, real=0.02 secs] 
Heap after GC invocations=330 (full 21):
 par new generation   total 109248K, used 21824K [0x00000000e0000000, 0x00000000e8000000, 0x00000000e8000000)
  eden space 87424K,   0% used [0x00000000e0000000, 0x00000000e0000000, 0x00000000e5560000)
  from space 21824K, 100% used [0x00000000e5560000, 0x00000000e6ab0000, 0x00000000e6ab0000)
  to   space 21824K,   0% used [0x00000000e6ab0000, 0x00000000e6ab0000, 0x00000000e8000000)
 concurrent mark-sweep generation total 393216K, used 137961K [0x00000000e8000000, 0x0000000100000000, 0x0000000100000000)
 Metaspace       used 63464K, capacity 65312K, committed 65524K, reserved 1107968K
  class space    used 7333K, capacity 7757K, committed 7776K, reserved 1048576K
}
2020-06-27T17:49:40.716+0100: 2082.976: Total time for which application threads were stopped: 0.0189232 seconds, Stopping threads took: 0.0000774 seconds
2020-06-27T17:49:41.369+0100: 2083.629: Total time for which application threads were stopped: 0.0001157 seconds, Stopping threads took: 0.0000553 seconds
2020-06-27T17:49:41.369+0100: 2083.630: Total time for which application threads were stopped: 0.0001026 seconds, Stopping threads took: 0.0000527 seconds
2020-06-27T17:49:41.369+0100: 2083.630: Total time for which application threads were stopped: 0.0001014 seconds, Stopping threads took: 0.0000523 seconds
2020-06-27T17:49:41.372+0100: 2083.632: Total time for which application threads were stopped: 0.0001419 seconds, Stopping threads took: 0.0000609 seconds
2020-06-27T17:49:41.372+0100: 2083.632: Total time for which application threads were stopped: 0.0001341 seconds, Stopping threads took: 0.0000376 seconds
2020-06-27T17:49:41.372+0100: 2083.633: Total time for which application threads were stopped: 0.0000836 seconds, Stopping threads took: 0.0000356 seconds
2020-06-27T17:49:41.372+0100: 2083.633: Total time for which application threads were stopped: 0.0000798 seconds, Stopping threads took: 0.0000382 seconds
2020-06-27T17:49:41.674+0100: 2083.934: Total time for which application threads were stopped: 0.0002383 seconds, Stopping threads took: 0.0001850 seconds
2020-06-27T17:49:41.676+0100: 2083.936: Total time for which application threads were stopped: 0.0003410 seconds, Stopping threads took: 0.0000746 seconds
2020-06-27T17:49:41.677+0100: 2083.938: Total time for which application threads were stopped: 0.0001519 seconds, Stopping threads took: 0.0000844 seconds
2020-06-27T17:49:41.678+0100: 2083.938: Total time for which application threads were stopped: 0.0001626 seconds, Stopping threads took: 0.0000636 seconds
{Heap before GC invocations=330 (full 21):
 par new generation   total 109248K, used 109248K [0x00000000e0000000, 0x00000000e8000000, 0x00000000e8000000)
  eden space 87424K, 100% used [0x00000000e0000000, 0x00000000e5560000, 0x00000000e5560000)
  from space 21824K, 100% used [0x00000000e5560000, 0x00000000e6ab0000, 0x00000000e6ab0000)
  to   space 21824K,   0% used [0x00000000e6ab0000, 0x00000000e6ab0000, 0x00000000e8000000)
 concurrent mark-sweep generation total 393216K, used 137961K [0x00000000e8000000, 0x0000000100000000, 0x0000000100000000)
 Metaspace       used 63510K, capacity 65376K, committed 65524K, reserved 1107968K
  class space    used 7333K, capacity 7757K, committed 7776K, reserved 1048576K
2020-06-27T17:49:41.756+0100: 2084.017: [GC (Allocation Failure) 2020-06-27T17:49:41.756+0100: 2084.017: [ParNew
Desired survivor size 20112992 bytes, new threshold 8 (max 8)
- age   1:    5926136 bytes,    5926136 total
- age   2:    3903744 bytes,    9829880 total
- age   3:    2837880 bytes,   12667760 total
- age   4:    1714864 bytes,   14382624 total
- age   5:    3100496 bytes,   17483120 total
- age   6:    2430624 bytes,   19913744 total
: 109248K->21824K(109248K), 0.0163575 secs] 247209K->167496K(502464K), 0.0164545 secs] [Times: user=0.11 sys=0.00, real=0.02 secs] 
Heap after GC invocations=331 (full 21):
 par new generation   total 109248K, used 21824K [0x00000000e0000000, 0x00000000e8000000, 0x00000000e8000000)
  eden space 87424K,   0% used [0x00000000e0000000, 0x00000000e0000000, 0x00000000e5560000)
  from space 21824K, 100% used [0x00000000e6ab0000, 0x00000000e8000000, 0x00000000e8000000)
  to   space 21824K,   0% used [0x00000000e5560000, 0x00000000e5560000, 0x00000000e6ab0000)
 concurrent mark-sweep generation total 393216K, used 145672K [0x00000000e8000000, 0x0000000100000000, 0x0000000100000000)
 Metaspace       used 63510K, capacity 65376K, committed 65524K, reserved 1107968K
  class space    used 7333K, capacity 7757K, committed 7776K, reserved 1048576K
}
2020-06-27T17:49:41.773+0100: 2084.033: Total time for which application threads were stopped: 0.0167727 seconds, Stopping threads took: 0.0000734 seconds
2020-06-27T17:49:41.805+0100: 2084.065: Total time for which application threads were stopped: 0.0001759 seconds, Stopping threads took: 0.0000626 seconds
{Heap before GC invocations=331 (full 21):
 par new generation   total 109248K, used 109248K [0x00000000e0000000, 0x00000000e8000000, 0x00000000e8000000)
  eden space 87424K, 100% used [0x00000000e0000000, 0x00000000e5560000, 0x00000000e5560000)
  from space 21824K, 100% used [0x00000000e6ab0000, 0x00000000e8000000, 0x00000000e8000000)
  to   space 21824K,   0% used [0x00000000e5560000, 0x00000000e5560000, 0x00000000e6ab0000)
 concurrent mark-sweep generation total 393216K, used 145672K [0x00000000e8000000, 0x0000000100000000, 0x0000000100000000)
 Metaspace       used 63568K, capacity 65440K, committed 65524K, reserved 1107968K
  class space    used 7333K, capacity 7757K, committed 7776K, reserved 1048576K
2020-06-27T17:49:42.046+0100: 2084.306: [GC (Allocation Failure) 2020-06-27T17:49:42.046+0100: 2084.306: [ParNew
Desired survivor size 20112992 bytes, new threshold 7 (max 8)
- age   1:    3897136 bytes,    3897136 total
- age   2:    4467456 bytes,    8364592 total
- age   3:    3903392 bytes,   12267984 total
- age   4:    2837880 bytes,   15105864 total
- age   5:    1714864 bytes,   16820728 total
- age   6:    3096392 bytes,   19917120 total
- age   7:    2430416 bytes,   22347536 total
: 109248K->21824K(109248K), 0.0176228 secs] 254920K->175657K(502464K), 0.0177564 secs] [Times: user=0.06 sys=0.00, real=0.02 secs] 
Heap after GC invocations=332 (full 21):
 par new generation   total 109248K, used 21824K [0x00000000e0000000, 0x00000000e8000000, 0x00000000e8000000)
  eden space 87424K,   0% used [0x00000000e0000000, 0x00000000e0000000, 0x00000000e5560000)
  from space 21824K, 100% used [0x00000000e5560000, 0x00000000e6ab0000, 0x00000000e6ab0000)
  to   space 21824K,   0% used [0x00000000e6ab0000, 0x00000000e6ab0000, 0x00000000e8000000)
 concurrent mark-sweep generation total 393216K, used 153833K [0x00000000e8000000, 0x0000000100000000, 0x0000000100000000)
 Metaspace       used 63568K, capacity 65440K, committed 65524K, reserved 1107968K
  class space    used 7333K, capacity 7757K, committed 7776K, reserved 1048576K
}
2020-06-27T17:49:42.064+0100: 2084.324: Total time for which application threads were stopped: 0.0180598 seconds, Stopping threads took: 0.0000651 seconds
{Heap before GC invocations=332 (full 21):
 par new generation   total 109248K, used 109248K [0x00000000e0000000, 0x00000000e8000000, 0x00000000e8000000)
  eden space 87424K, 100% used [0x00000000e0000000, 0x00000000e5560000, 0x00000000e5560000)
  from space 21824K, 100% used [0x00000000e5560000, 0x00000000e6ab0000, 0x00000000e6ab0000)
  to   space 21824K,   0% used [0x00000000e6ab0000, 0x00000000e6ab0000, 0x00000000e8000000)
 concurrent mark-sweep generation total 393216K, used 153833K [0x00000000e8000000, 0x0000000100000000, 0x0000000100000000)
 Metaspace       used 63568K, capacity 65440K, committed 65524K, reserved 1107968K
  class space    used 7333K, capacity 7757K, committed 7776K, reserved 1048576K
2020-06-27T17:49:42.201+0100: 2084.461: [GC (Allocation Failure) 2020-06-27T17:49:42.201+0100: 2084.461: [ParNew
Desired survivor size 20112992 bytes, new threshold 7 (max 8)
- age   1:    4375928 bytes,    4375928 total
- age   2:    1836416 bytes,    6212344 total
- age   3:    4093736 bytes,   10306080 total
- age   4:    3903368 bytes,   14209448 total
- age   5:    2782880 bytes,   16992328 total
- age   6:    1205560 bytes,   18197888 total
- age   7:    3080392 bytes,   21278280 total
: 109248K->21824K(109248K), 0.0185516 secs] 263081K->185691K(502464K), 0.0187039 secs] [Times: user=0.06 sys=0.00, real=0.02 secs] 
Heap after GC invocations=333 (full 21):
 par new generation   total 109248K, used 21824K [0x00000000e0000000, 0x00000000e8000000, 0x00000000e8000000)
  eden space 87424K,   0% used [0x00000000e0000000, 0x00000000e0000000, 0x00000000e5560000)
  from space 21824K, 100% used [0x00000000e6ab0000, 0x00000000e8000000, 0x00000000e8000000)
  to   space 21824K,   0% used [0x00000000e5560000, 0x00000000e5560000, 0x00000000e6ab0000)
 concurrent mark-sweep generation total 393216K, used 163867K [0x00000000e8000000, 0x0000000100000000, 0x0000000100000000)
 Metaspace       used 63568K, capacity 65440K, committed 65524K, reserved 1107968K
  class space    used 7333K, capacity 7757K, committed 7776K, reserved 1048576K
}
2020-06-27T17:49:42.219+0100: 2084.480: Total time for which application threads were stopped: 0.0190733 seconds, Stopping threads took: 0.0000845 seconds
{Heap before GC invocations=333 (full 21):
 par new generation   total 109248K, used 109248K [0x00000000e0000000, 0x00000000e8000000, 0x00000000e8000000)
  eden space 87424K, 100% used [0x00000000e0000000, 0x00000000e5560000, 0x00000000e5560000)
  from space 21824K, 100% used [0x00000000e6ab0000, 0x00000000e8000000, 0x00000000e8000000)
  to   space 21824K,   0% used [0x00000000e5560000, 0x00000000e5560000, 0x00000000e6ab0000)
 concurrent mark-sweep generation total 393216K, used 163867K [0x00000000e8000000, 0x0000000100000000, 0x0000000100000000)
 Metaspace       used 63568K, capacity 65440K, committed 65524K, reserved 1107968K
  class space    used 7333K, capacity 7757K, committed 7776K, reserved 1048576K
2020-06-27T17:49:42.497+0100: 2084.758: [GC (Allocation Failure) 2020-06-27T17:49:42.497+0100: 2084.758: [ParNew
Desired survivor size 20112992 bytes, new threshold 6 (max 8)
- age   1:    5454680 bytes,    5454680 total
- age   2:    3048288 bytes,    8502968 total
- age   3:    1836376 bytes,   10339344 total
- age   4:    4093736 bytes,   14433080 total
- age   5:    3903368 bytes,   18336448 total
- age   6:    2782880 bytes,   21119328 total
- age   7:    1205560 bytes,   22324888 total
: 109248K->21824K(109248K), 0.0165104 secs] 273115K->191899K(502464K), 0.0166186 secs] [Times: user=0.06 sys=0.00, real=0.02 secs] 
Heap after GC invocations=334 (full 21):
 par new generation   total 109248K, used 21824K [0x00000000e0000000, 0x00000000e8000000, 0x00000000e8000000)
  eden space 87424K,   0% used [0x00000000e0000000, 0x00000000e0000000, 0x00000000e5560000)
  from space 21824K, 100% used [0x00000000e5560000, 0x00000000e6ab0000, 0x00000000e6ab0000)
  to   space 21824K,   0% used [0x00000000e6ab0000, 0x00000000e6ab0000, 0x00000000e8000000)
 concurrent mark-sweep generation total 393216K, used 170075K [0x00000000e8000000, 0x0000000100000000, 0x0000000100000000)
 Metaspace       used 63568K, capacity 65440K, committed 65524K, reserved 1107968K
  class space    used 7333K, capacity 7757K, committed 7776K, reserved 1048576K
}
2020-06-27T17:49:42.514+0100: 2084.774: Total time for which application threads were stopped: 0.0168846 seconds, Stopping threads took: 0.0000551 seconds
{Heap before GC invocations=334 (full 21):
 par new generation   total 109248K, used 109248K [0x00000000e0000000, 0x00000000e8000000, 0x00000000e8000000)
  eden space 87424K, 100% used [0x00000000e0000000, 0x00000000e5560000, 0x00000000e5560000)
  from space 21824K, 100% used [0x00000000e5560000, 0x00000000e6ab0000, 0x00000000e6ab0000)
  to   space 21824K,   0% used [0x00000000e6ab0000, 0x00000000e6ab0000, 0x00000000e8000000)
 concurrent mark-sweep generation total 393216K, used 170075K [0x00000000e8000000, 0x0000000100000000, 0x0000000100000000)
 Metaspace       used 63568K, capacity 65440K, committed 65524K, reserved 1107968K
  class space    used 7333K, capacity 7757K, committed 7776K, reserved 1048576K
2020-06-27T17:49:42.639+0100: 2084.900: [GC (Allocation Failure) 2020-06-27T17:49:42.639+0100: 2084.900: [ParNew
Desired survivor size 20112992 bytes, new threshold 6 (max 8)
- age   1:    3813904 bytes,    3813904 total
- age   2:    4038224 bytes,    7852128 total
- age   3:    3025848 bytes,   10877976 total
- age   4:    1638488 bytes,   12516464 total
- age   5:    4075544 bytes,   16592008 total
- age   6:    3658456 bytes,   20250464 total
: 109248K->21824K(109248K), 0.0168970 secs] 279323K->199478K(502464K), 0.0169633 secs] [Times: user=0.06 sys=0.00, real=0.02 secs] 
Heap after GC invocations=335 (full 21):
 par new generation   total 109248K, used 21824K [0x00000000e0000000, 0x00000000e8000000, 0x00000000e8000000)
  eden space 87424K,   0% used [0x00000000e0000000, 0x00000000e0000000, 0x00000000e5560000)
  from space 21824K, 100% used [0x00000000e6ab0000, 0x00000000e8000000, 0x00000000e8000000)
  to   space 21824K,   0% used [0x00000000e5560000, 0x00000000e5560000, 0x00000000e6ab0000)
 concurrent mark-sweep generation total 393216K, used 177654K [0x00000000e8000000, 0x0000000100000000, 0x0000000100000000)
 Metaspace       used 63568K, capacity 65440K, committed 65524K, reserved 1107968K
  class space    used 7333K, capacity 7757K, committed 7776K, reserved 1048576K
}
2020-06-27T17:49:42.656+0100: 2084.917: Total time for which application threads were stopped: 0.0171892 seconds, Stopping threads took: 0.0000614 seconds
2020-06-27T17:49:43.329+0100: 2085.589: Total time for which application threads were stopped: 0.0001484 seconds, Stopping threads took: 0.0000780 seconds
2020-06-27T17:49:43.329+0100: 2085.590: Total time for which application threads were stopped: 0.0000647 seconds, Stopping threads took: 0.0000253 seconds
2020-06-27T17:49:43.331+0100: 2085.591: Total time for which application threads were stopped: 0.0001083 seconds, Stopping threads took: 0.0000421 seconds
2020-06-27T17:49:43.331+0100: 2085.591: Total time for which application threads were stopped: 0.0000796 seconds, Stopping threads took: 0.0000300 seconds
2020-06-27T17:49:43.331+0100: 2085.591: Total time for which application threads were stopped: 0.0000533 seconds, Stopping threads took: 0.0000159 seconds
2020-06-27T17:49:43.331+0100: 2085.592: Total time for which application threads were stopped: 0.0000521 seconds, Stopping threads took: 0.0000163 seconds
2020-06-27T17:49:43.331+0100: 2085.592: Total time for which application threads were stopped: 0.0000519 seconds, Stopping threads took: 0.0000168 seconds
2020-06-27T17:49:50.328+0100: 2092.588: Total time for which application threads were stopped: 0.0004526 seconds, Stopping threads took: 0.0001858 seconds
2020-06-27T17:49:50.331+0100: 2092.592: Total time for which application threads were stopped: 0.0002441 seconds, Stopping threads took: 0.0001321 seconds
2020-06-27T17:49:50.333+0100: 2092.593: Total time for which application threads were stopped: 0.0001999 seconds, Stopping threads took: 0.0000917 seconds
{Heap before GC invocations=335 (full 21):
 par new generation   total 109248K, used 109248K [0x00000000e0000000, 0x00000000e8000000, 0x00000000e8000000)
  eden space 87424K, 100% used [0x00000000e0000000, 0x00000000e5560000, 0x00000000e5560000)
  from space 21824K, 100% used [0x00000000e6ab0000, 0x00000000e8000000, 0x00000000e8000000)
  to   space 21824K,   0% used [0x00000000e5560000, 0x00000000e5560000, 0x00000000e6ab0000)
 concurrent mark-sweep generation total 393216K, used 177654K [0x00000000e8000000, 0x0000000100000000, 0x0000000100000000)
 Metaspace       used 63589K, capacity 65504K, committed 65780K, reserved 1107968K
  class space    used 7333K, capacity 7757K, committed 7776K, reserved 1048576K
2020-06-27T17:49:50.336+0100: 2092.596: [GC (Allocation Failure) 2020-06-27T17:49:50.336+0100: 2092.596: [ParNew
Desired survivor size 20112992 bytes, new threshold 8 (max 8)
- age   1:    3171232 bytes,    3171232 total
- age   2:    3486120 bytes,    6657352 total
- age   3:    4033488 bytes,   10690840 total
- age   4:    3025648 bytes,   13716488 total
- age   5:    1638192 bytes,   15354680 total
- age   6:    3939624 bytes,   19294304 total
: 109248K->21824K(109248K), 0.0142521 secs] 286902K->203564K(502464K), 0.0143676 secs] [Times: user=0.02 sys=0.00, real=0.01 secs] 
Heap after GC invocations=336 (full 21):
 par new generation   total 109248K, used 21824K [0x00000000e0000000, 0x00000000e8000000, 0x00000000e8000000)
  eden space 87424K,   0% used [0x00000000e0000000, 0x00000000e0000000, 0x00000000e5560000)
  from space 21824K, 100% used [0x00000000e5560000, 0x00000000e6ab0000, 0x00000000e6ab0000)
  to   space 21824K,   0% used [0x00000000e6ab0000, 0x00000000e6ab0000, 0x00000000e8000000)
 concurrent mark-sweep generation total 393216K, used 181740K [0x00000000e8000000, 0x0000000100000000, 0x0000000100000000)
 Metaspace       used 63589K, capacity 65504K, committed 65780K, reserved 1107968K
  class space    used 7333K, capacity 7757K, committed 7776K, reserved 1048576K
}
2020-06-27T17:49:50.350+0100: 2092.611: Total time for which application threads were stopped: 0.0147080 seconds, Stopping threads took: 0.0000729 seconds
2020-06-27T17:49:50.454+0100: 2092.715: Total time for which application threads were stopped: 0.0001396 seconds, Stopping threads took: 0.0000639 seconds
{Heap before GC invocations=336 (full 21):
 par new generation   total 109248K, used 109248K [0x00000000e0000000, 0x00000000e8000000, 0x00000000e8000000)
  eden space 87424K, 100% used [0x00000000e0000000, 0x00000000e5560000, 0x00000000e5560000)
  from space 21824K, 100% used [0x00000000e5560000, 0x00000000e6ab0000, 0x00000000e6ab0000)
  to   space 21824K,   0% used [0x00000000e6ab0000, 0x00000000e6ab0000, 0x00000000e8000000)
 concurrent mark-sweep generation total 393216K, used 181740K [0x00000000e8000000, 0x0000000100000000, 0x0000000100000000)
 Metaspace       used 63599K, capacity 65504K, committed 65780K, reserved 1107968K
  class space    used 7333K, capacity 7757K, committed 7776K, reserved 1048576K
2020-06-27T17:49:50.477+0100: 2092.738: [GC (Allocation Failure) 2020-06-27T17:49:50.477+0100: 2092.738: [ParNew
Desired survivor size 20112992 bytes, new threshold 7 (max 8)
- age   1:    3131664 bytes,    3131664 total
- age   2:    3071112 bytes,    6202776 total
- age   3:    3485960 bytes,    9688736 total
- age   4:    4033488 bytes,   13722224 total
- age   5:    3025576 bytes,   16747800 total
- age   6:    1638016 bytes,   18385816 total
- age   7:    3939432 bytes,   22325248 total
: 109248K->21824K(109248K), 0.0140874 secs] 290988K->209537K(502464K), 0.0141651 secs] [Times: user=0.06 sys=0.00, real=0.01 secs] 
Heap after GC invocations=337 (full 21):
 par new generation   total 109248K, used 21824K [0x00000000e0000000, 0x00000000e8000000, 0x00000000e8000000)
  eden space 87424K,   0% used [0x00000000e0000000, 0x00000000e0000000, 0x00000000e5560000)
  from space 21824K, 100% used [0x00000000e6ab0000, 0x00000000e8000000, 0x00000000e8000000)
  to   space 21824K,   0% used [0x00000000e5560000, 0x00000000e5560000, 0x00000000e6ab0000)
 concurrent mark-sweep generation total 393216K, used 187713K [0x00000000e8000000, 0x0000000100000000, 0x0000000100000000)
 Metaspace       used 63599K, capacity 65504K, committed 65780K, reserved 1107968K
  class space    used 7333K, capacity 7757K, committed 7776K, reserved 1048576K
}
2020-06-27T17:49:50.491+0100: 2092.752: Total time for which application threads were stopped: 0.0144626 seconds, Stopping threads took: 0.0000809 seconds
{Heap before GC invocations=337 (full 21):
 par new generation   total 109248K, used 109248K [0x00000000e0000000, 0x00000000e8000000, 0x00000000e8000000)
  eden space 87424K, 100% used [0x00000000e0000000, 0x00000000e5560000, 0x00000000e5560000)
  from space 21824K, 100% used [0x00000000e6ab0000, 0x00000000e8000000, 0x00000000e8000000)
  to   space 21824K,   0% used [0x00000000e5560000, 0x00000000e5560000, 0x00000000e6ab0000)
 concurrent mark-sweep generation total 393216K, used 187713K [0x00000000e8000000, 0x0000000100000000, 0x0000000100000000)
 Metaspace       used 63599K, capacity 65504K, committed 65780K, reserved 1107968K
  class space    used 7333K, capacity 7757K, committed 7776K, reserved 1048576K
2020-06-27T17:49:50.582+0100: 2092.842: [GC (Allocation Failure) 2020-06-27T17:49:50.582+0100: 2092.842: [ParNew
Desired survivor size 20112992 bytes, new threshold 6 (max 8)
- age   1:    5398800 bytes,    5398800 total
- age   2:    2242088 bytes,    7640888 total
- age   3:    2963416 bytes,   10604304 total
- age   4:    2850312 bytes,   13454616 total
- age   5:    4032080 bytes,   17486696 total
- age   6:    3025576 bytes,   20512272 total
- age   7:    1637432 bytes,   22149704 total
: 109248K->21824K(109248K), 0.0165249 secs] 296961K->218280K(502464K), 0.0165970 secs] [Times: user=0.06 sys=0.00, real=0.02 secs] 
Heap after GC invocations=338 (full 21):
 par new generation   total 109248K, used 21824K [0x00000000e0000000, 0x00000000e8000000, 0x00000000e8000000)
  eden space 87424K,   0% used [0x00000000e0000000, 0x00000000e0000000, 0x00000000e5560000)
  from space 21824K, 100% used [0x00000000e5560000, 0x00000000e6ab0000, 0x00000000e6ab0000)
  to   space 21824K,   0% used [0x00000000e6ab0000, 0x00000000e6ab0000, 0x00000000e8000000)
 concurrent mark-sweep generation total 393216K, used 196456K [0x00000000e8000000, 0x0000000100000000, 0x0000000100000000)
 Metaspace       used 63599K, capacity 65504K, committed 65780K, reserved 1107968K
  class space    used 7333K, capacity 7757K, committed 7776K, reserved 1048576K
}
2020-06-27T17:49:50.598+0100: 2092.859: Total time for which application threads were stopped: 0.0168411 seconds, Stopping threads took: 0.0000737 seconds
{Heap before GC invocations=338 (full 21):
 par new generation   total 109248K, used 109248K [0x00000000e0000000, 0x00000000e8000000, 0x00000000e8000000)
  eden space 87424K, 100% used [0x00000000e0000000, 0x00000000e5560000, 0x00000000e5560000)
  from space 21824K, 100% used [0x00000000e5560000, 0x00000000e6ab0000, 0x00000000e6ab0000)
  to   space 21824K,   0% used [0x00000000e6ab0000, 0x00000000e6ab0000, 0x00000000e8000000)
 concurrent mark-sweep generation total 393216K, used 196456K [0x00000000e8000000, 0x0000000100000000, 0x0000000100000000)
 Metaspace       used 63599K, capacity 65504K, committed 65780K, reserved 1107968K
  class space    used 7333K, capacity 7757K, committed 7776K, reserved 1048576K
2020-06-27T17:49:50.694+0100: 2092.954: [GC (Allocation Failure) 2020-06-27T17:49:50.694+0100: 2092.954: [ParNew
Desired survivor size 20112992 bytes, new threshold 6 (max 8)
- age   1:    5815736 bytes,    5815736 total
- age   2:    4639144 bytes,   10454880 total
- age   3:    2232248 bytes,   12687128 total
- age   4:    2948296 bytes,   15635424 total
- age   5:    2336312 bytes,   17971736 total
- age   6:    4032080 bytes,   22003816 total
: 109248K->21824K(109248K), 0.0192884 secs] 305704K->229078K(502464K), 0.0193565 secs] [Times: user=0.06 sys=0.00, real=0.02 secs] 
Heap after GC invocations=339 (full 21):
 par new generation   total 109248K, used 21824K [0x00000000e0000000, 0x00000000e8000000, 0x00000000e8000000)
  eden space 87424K,   0% used [0x00000000e0000000, 0x00000000e0000000, 0x00000000e5560000)
  from space 21824K, 100% used [0x00000000e6ab0000, 0x00000000e8000000, 0x00000000e8000000)
  to   space 21824K,   0% used [0x00000000e5560000, 0x00000000e5560000, 0x00000000e6ab0000)
 concurrent mark-sweep generation total 393216K, used 207254K [0x00000000e8000000, 0x0000000100000000, 0x0000000100000000)
 Metaspace       used 63599K, capacity 65504K, committed 65780K, reserved 1107968K
  class space    used 7333K, capacity 7757K, committed 7776K, reserved 1048576K
}
2020-06-27T17:49:50.713+0100: 2092.974: Total time for which application threads were stopped: 0.0195978 seconds, Stopping threads took: 0.0000747 seconds
2020-06-27T17:49:50.714+0100: 2092.974: [GC (CMS Initial Mark) [1 CMS-initial-mark: 207254K(393216K)] 229078K(502464K), 0.0045577 secs] [Times: user=0.00 sys=0.00, real=0.00 secs] 
2020-06-27T17:49:50.718+0100: 2092.979: Total time for which application threads were stopped: 0.0047634 seconds, Stopping threads took: 0.0000864 seconds
2020-06-27T17:49:50.718+0100: 2092.979: [CMS-concurrent-mark-start]
2020-06-27T17:49:50.742+0100: 2093.002: [CMS-concurrent-mark: 0.024/0.024 secs] [Times: user=0.13 sys=0.00, real=0.02 secs] 
2020-06-27T17:49:50.742+0100: 2093.003: [CMS-concurrent-preclean-start]
2020-06-27T17:49:50.744+0100: 2093.004: [CMS-concurrent-preclean: 0.001/0.001 secs] [Times: user=0.00 sys=0.00, real=0.00 secs] 
2020-06-27T17:49:50.744+0100: 2093.004: [GC (CMS Final Remark) [YG occupancy: 23213 K (109248 K)]2020-06-27T17:49:50.744+0100: 2093.004: [Rescan (parallel) , 0.0054579 secs]2020-06-27T17:49:50.749+0100: 2093.010: [weak refs processing, 0.0075211 secs]2020-06-27T17:49:50.757+0100: 2093.017: [class unloading, 0.0113889 secs]2020-06-27T17:49:50.768+0100: 2093.029: [scrub symbol table, 0.0120510 secs]2020-06-27T17:49:50.780+0100: 2093.041: [scrub string table, 0.0007976 secs][1 CMS-remark: 207254K(393216K)] 230468K(502464K), 0.0375304 secs] [Times: user=0.03 sys=0.00, real=0.04 secs] 
2020-06-27T17:49:50.781+0100: 2093.042: Total time for which application threads were stopped: 0.0377426 seconds, Stopping threads took: 0.0000735 seconds
{Heap before GC invocations=339 (full 22):
 par new generation   total 109248K, used 23213K [0x00000000e0000000, 0x00000000e8000000, 0x00000000e8000000)
  eden space 87424K,   1% used [0x00000000e0000000, 0x00000000e015b5e8, 0x00000000e5560000)
  from space 21824K, 100% used [0x00000000e6ab0000, 0x00000000e8000000, 0x00000000e8000000)
  to   space 21824K,   0% used [0x00000000e5560000, 0x00000000e5560000, 0x00000000e6ab0000)
 concurrent mark-sweep generation total 393216K, used 207254K [0x00000000e8000000, 0x0000000100000000, 0x0000000100000000)
 Metaspace       used 63599K, capacity 65504K, committed 65780K, reserved 1107968K
  class space    used 7333K, capacity 7757K, committed 7776K, reserved 1048576K
2020-06-27T17:49:50.782+0100: 2093.042: [GC (GCLocker Initiated GC) 2020-06-27T17:49:50.782+0100: 2093.042: [ParNew
Desired survivor size 20112992 bytes, new threshold 8 (max 8)
- age   1:     195104 bytes,     195104 total
- age   2:    5652536 bytes,    5847640 total
- age   3:    3644240 bytes,    9491880 total
- age   4:    1749288 bytes,   11241168 total
- age   5:    2826160 bytes,   14067328 total
- age   6:    1928296 bytes,   15995624 total
: 23213K->21824K(109248K), 0.0105867 secs] 230468K->232605K(502464K), 0.0106361 secs] [Times: user=0.06 sys=0.00, real=0.01 secs] 
Heap after GC invocations=340 (full 22):
 par new generation   total 109248K, used 21824K [0x00000000e0000000, 0x00000000e8000000, 0x00000000e8000000)
  eden space 87424K,   0% used [0x00000000e0000000, 0x00000000e0000000, 0x00000000e5560000)
  from space 21824K, 100% used [0x00000000e5560000, 0x00000000e6ab0000, 0x00000000e6ab0000)
  to   space 21824K,   0% used [0x00000000e6ab0000, 0x00000000e6ab0000, 0x00000000e8000000)
 concurrent mark-sweep generation total 393216K, used 210781K [0x00000000e8000000, 0x0000000100000000, 0x0000000100000000)
 Metaspace       used 63599K, capacity 65504K, committed 65780K, reserved 1107968K
  class space    used 7333K, capacity 7757K, committed 7776K, reserved 1048576K
}
2020-06-27T17:49:50.792+0100: 2093.053: Total time for which application threads were stopped: 0.0108744 seconds, Stopping threads took: 0.0000931 seconds
2020-06-27T17:49:50.792+0100: 2093.053: [CMS-concurrent-sweep-start]
2020-06-27T17:49:50.793+0100: 2093.053: Total time for which application threads were stopped: 0.0001625 seconds, Stopping threads took: 0.0000701 seconds
2020-06-27T17:49:50.793+0100: 2093.054: Total time for which application threads were stopped: 0.0001020 seconds, Stopping threads took: 0.0000408 seconds
2020-06-27T17:49:50.794+0100: 2093.054: Total time for which application threads were stopped: 0.0001040 seconds, Stopping threads took: 0.0000446 seconds
2020-06-27T17:49:50.794+0100: 2093.054: Total time for which application threads were stopped: 0.0000911 seconds, Stopping threads took: 0.0000378 seconds
2020-06-27T17:49:50.794+0100: 2093.054: Total time for which application threads were stopped: 0.0000767 seconds, Stopping threads took: 0.0000409 seconds
2020-06-27T17:49:50.794+0100: 2093.054: Total time for which application threads were stopped: 0.0000715 seconds, Stopping threads took: 0.0000377 seconds
2020-06-27T17:49:50.794+0100: 2093.055: Total time for which application threads were stopped: 0.0000747 seconds, Stopping threads took: 0.0000404 seconds
2020-06-27T17:49:50.795+0100: 2093.055: Total time for which application threads were stopped: 0.0000822 seconds, Stopping threads took: 0.0000370 seconds
2020-06-27T17:49:50.795+0100: 2093.055: Total time for which application threads were stopped: 0.0000719 seconds, Stopping threads took: 0.0000374 seconds
2020-06-27T17:49:50.795+0100: 2093.055: Total time for which application threads were stopped: 0.0000727 seconds, Stopping threads took: 0.0000393 seconds
2020-06-27T17:49:50.795+0100: 2093.055: Total time for which application threads were stopped: 0.0000719 seconds, Stopping threads took: 0.0000380 seconds
2020-06-27T17:49:50.795+0100: 2093.055: Total time for which application threads were stopped: 0.0000689 seconds, Stopping threads took: 0.0000365 seconds
2020-06-27T17:49:50.859+0100: 2093.119: [CMS-concurrent-sweep: 0.065/0.066 secs] [Times: user=0.17 sys=0.01, real=0.07 secs] 
2020-06-27T17:49:50.859+0100: 2093.119: [CMS-concurrent-reset-start]
2020-06-27T17:49:50.859+0100: 2093.119: [CMS-concurrent-reset: 0.000/0.000 secs] [Times: user=0.00 sys=0.00, real=0.00 secs] 
{Heap before GC invocations=340 (full 22):
 par new generation   total 109248K, used 109248K [0x00000000e0000000, 0x00000000e8000000, 0x00000000e8000000)
  eden space 87424K, 100% used [0x00000000e0000000, 0x00000000e5560000, 0x00000000e5560000)
  from space 21824K, 100% used [0x00000000e5560000, 0x00000000e6ab0000, 0x00000000e6ab0000)
  to   space 21824K,   0% used [0x00000000e6ab0000, 0x00000000e6ab0000, 0x00000000e8000000)
 concurrent mark-sweep generation total 393216K, used 95292K [0x00000000e8000000, 0x0000000100000000, 0x0000000100000000)
 Metaspace       used 63601K, capacity 65504K, committed 65780K, reserved 1107968K
  class space    used 7333K, capacity 7757K, committed 7776K, reserved 1048576K
2020-06-27T17:49:50.944+0100: 2093.204: [GC (Allocation Failure) 2020-06-27T17:49:50.944+0100: 2093.204: [ParNew
Desired survivor size 20112992 bytes, new threshold 6 (max 8)
- age   1:    8320528 bytes,    8320528 total
- age   2:       8584 bytes,    8329112 total
- age   3:    4006792 bytes,   12335904 total
- age   4:    3606640 bytes,   15942544 total
- age   5:    1637000 bytes,   17579544 total
- age   6:    2826160 bytes,   20405704 total
- age   7:    1928296 bytes,   22334000 total
: 109248K->21824K(109248K), 0.0129561 secs] 204540K->119555K(502464K), 0.0130203 secs] [Times: user=0.00 sys=0.00, real=0.01 secs] 
Heap after GC invocations=341 (full 22):
 par new generation   total 109248K, used 21824K [0x00000000e0000000, 0x00000000e8000000, 0x00000000e8000000)
  eden space 87424K,   0% used [0x00000000e0000000, 0x00000000e0000000, 0x00000000e5560000)
  from space 21824K, 100% used [0x00000000e6ab0000, 0x00000000e8000000, 0x00000000e8000000)
  to   space 21824K,   0% used [0x00000000e5560000, 0x00000000e5560000, 0x00000000e6ab0000)
 concurrent mark-sweep generation total 393216K, used 97731K [0x00000000e8000000, 0x0000000100000000, 0x0000000100000000)
 Metaspace       used 63601K, capacity 65504K, committed 65780K, reserved 1107968K
  class space    used 7333K, capacity 7757K, committed 7776K, reserved 1048576K
}
2020-06-27T17:49:50.957+0100: 2093.218: Total time for which application threads were stopped: 0.0132469 seconds, Stopping threads took: 0.0000585 seconds
{Heap before GC invocations=341 (full 22):
 par new generation   total 109248K, used 109248K [0x00000000e0000000, 0x00000000e8000000, 0x00000000e8000000)
  eden space 87424K, 100% used [0x00000000e0000000, 0x00000000e5560000, 0x00000000e5560000)
  from space 21824K, 100% used [0x00000000e6ab0000, 0x00000000e8000000, 0x00000000e8000000)
  to   space 21824K,   0% used [0x00000000e5560000, 0x00000000e5560000, 0x00000000e6ab0000)
 concurrent mark-sweep generation total 393216K, used 97731K [0x00000000e8000000, 0x0000000100000000, 0x0000000100000000)
 Metaspace       used 63601K, capacity 65504K, committed 65780K, reserved 1107968K
  class space    used 7333K, capacity 7757K, committed 7776K, reserved 1048576K
2020-06-27T17:49:51.053+0100: 2093.313: [GC (Allocation Failure) 2020-06-27T17:49:51.053+0100: 2093.313: [ParNew
Desired survivor size 20112992 bytes, new threshold 8 (max 8)
- age   1:    5568752 bytes,    5568752 total
- age   2:    5023968 bytes,   10592720 total
- age   3:       8464 bytes,   10601184 total
- age   4:    3894856 bytes,   14496040 total
- age   5:    3606000 bytes,   18102040 total
- age   6:    1637000 bytes,   19739040 total
: 109248K->21824K(109248K), 0.0169718 secs] 206979K->128082K(502464K), 0.0170434 secs] [Times: user=0.13 sys=0.00, real=0.02 secs] 
Heap after GC invocations=342 (full 22):
 par new generation   total 109248K, used 21824K [0x00000000e0000000, 0x00000000e8000000, 0x00000000e8000000)
  eden space 87424K,   0% used [0x00000000e0000000, 0x00000000e0000000, 0x00000000e5560000)
  from space 21824K, 100% used [0x00000000e5560000, 0x00000000e6ab0000, 0x00000000e6ab0000)
  to   space 21824K,   0% used [0x00000000e6ab0000, 0x00000000e6ab0000, 0x00000000e8000000)
 concurrent mark-sweep generation total 393216K, used 106258K [0x00000000e8000000, 0x0000000100000000, 0x0000000100000000)
 Metaspace       used 63601K, capacity 65504K, committed 65780K, reserved 1107968K
  class space    used 7333K, capacity 7757K, committed 7776K, reserved 1048576K
}
2020-06-27T17:49:51.070+0100: 2093.330: Total time for which application threads were stopped: 0.0172714 seconds, Stopping threads took: 0.0000670 seconds
2020-06-27T17:49:52.084+0100: 2094.344: Total time for which application threads were stopped: 0.0001676 seconds, Stopping threads took: 0.0000799 seconds
2020-06-27T17:49:52.084+0100: 2094.345: Total time for which application threads were stopped: 0.0001123 seconds, Stopping threads took: 0.0000460 seconds
2020-06-27T17:49:52.085+0100: 2094.345: Total time for which application threads were stopped: 0.0001135 seconds, Stopping threads took: 0.0000434 seconds
2020-06-27T17:49:52.085+0100: 2094.345: Total time for which application threads were stopped: 0.0000745 seconds, Stopping threads took: 0.0000313 seconds
2020-06-27T17:49:52.085+0100: 2094.345: Total time for which application threads were stopped: 0.0000746 seconds, Stopping threads took: 0.0000320 seconds
2020-06-27T17:49:52.085+0100: 2094.345: Total time for which application threads were stopped: 0.0000809 seconds, Stopping threads took: 0.0000383 seconds
2020-06-27T17:49:52.358+0100: 2094.618: Total time for which application threads were stopped: 0.0002032 seconds, Stopping threads took: 0.0001465 seconds
2020-06-27T17:49:52.361+0100: 2094.621: Total time for which application threads were stopped: 0.0001315 seconds, Stopping threads took: 0.0000651 seconds
2020-06-27T17:49:52.362+0100: 2094.622: Total time for which application threads were stopped: 0.0001544 seconds, Stopping threads took: 0.0000647 seconds
{Heap before GC invocations=342 (full 22):
 par new generation   total 109248K, used 109248K [0x00000000e0000000, 0x00000000e8000000, 0x00000000e8000000)
  eden space 87424K, 100% used [0x00000000e0000000, 0x00000000e5560000, 0x00000000e5560000)
  from space 21824K, 100% used [0x00000000e5560000, 0x00000000e6ab0000, 0x00000000e6ab0000)
  to   space 21824K,   0% used [0x00000000e6ab0000, 0x00000000e6ab0000, 0x00000000e8000000)
 concurrent mark-sweep generation total 393216K, used 106258K [0x00000000e8000000, 0x0000000100000000, 0x0000000100000000)
 Metaspace       used 63614K, capacity 65512K, committed 65780K, reserved 1107968K
  class space    used 7333K, capacity 7757K, committed 7776K, reserved 1048576K
2020-06-27T17:49:52.443+0100: 2094.703: [GC (Allocation Failure) 2020-06-27T17:49:52.443+0100: 2094.703: [ParNew
Desired survivor size 20112992 bytes, new threshold 6 (max 8)
- age   1:    5683016 bytes,    5683016 total
- age   2:    2971600 bytes,    8654616 total
- age   3:    4895056 bytes,   13549672 total
- age   4:       8464 bytes,   13558136 total
- age   5:    3861760 bytes,   17419896 total
- age   6:    3552800 bytes,   20972696 total
- age   7:    1268000 bytes,   22240696 total
: 109248K->21824K(109248K), 0.0139978 secs] 215506K->132408K(502464K), 0.0140877 secs] [Times: user=0.06 sys=0.00, real=0.01 secs] 
Heap after GC invocations=343 (full 22):
 par new generation   total 109248K, used 21824K [0x00000000e0000000, 0x00000000e8000000, 0x00000000e8000000)
  eden space 87424K,   0% used [0x00000000e0000000, 0x00000000e0000000, 0x00000000e5560000)
  from space 21824K, 100% used [0x00000000e6ab0000, 0x00000000e8000000, 0x00000000e8000000)
  to   space 21824K,   0% used [0x00000000e5560000, 0x00000000e5560000, 0x00000000e6ab0000)
 concurrent mark-sweep generation total 393216K, used 110584K [0x00000000e8000000, 0x0000000100000000, 0x0000000100000000)
 Metaspace       used 63614K, capacity 65512K, committed 65780K, reserved 1107968K
  class space    used 7333K, capacity 7757K, committed 7776K, reserved 1048576K
}
2020-06-27T17:49:52.457+0100: 2094.718: Total time for which application threads were stopped: 0.0143807 seconds, Stopping threads took: 0.0000677 seconds
2020-06-27T17:49:52.479+0100: 2094.739: Total time for which application threads were stopped: 0.0001258 seconds, Stopping threads took: 0.0000503 seconds
{Heap before GC invocations=343 (full 22):
 par new generation   total 109248K, used 109248K [0x00000000e0000000, 0x00000000e8000000, 0x00000000e8000000)
  eden space 87424K, 100% used [0x00000000e0000000, 0x00000000e5560000, 0x00000000e5560000)
  from space 21824K, 100% used [0x00000000e6ab0000, 0x00000000e8000000, 0x00000000e8000000)
  to   space 21824K,   0% used [0x00000000e5560000, 0x00000000e5560000, 0x00000000e6ab0000)
 concurrent mark-sweep generation total 393216K, used 110584K [0x00000000e8000000, 0x0000000100000000, 0x0000000100000000)
 Metaspace       used 63614K, capacity 65512K, committed 65780K, reserved 1107968K
  class space    used 7333K, capacity 7757K, committed 7776K, reserved 1048576K
2020-06-27T17:49:52.551+0100: 2094.811: [GC (Allocation Failure) 2020-06-27T17:49:52.551+0100: 2094.811: [ParNew
Desired survivor size 20112992 bytes, new threshold 6 (max 8)
- age   1:    5475832 bytes,    5475832 total
- age   2:    4729328 bytes,   10205160 total
- age   3:    2971440 bytes,   13176600 total
- age   4:    4895056 bytes,   18071656 total
- age   5:       8464 bytes,   18080120 total
- age   6:    3861760 bytes,   21941880 total
: 109248K->21824K(109248K), 0.0176069 secs] 219832K->143121K(502464K), 0.0176742 secs] [Times: user=0.06 sys=0.00, real=0.02 secs] 
Heap after GC invocations=344 (full 22):
 par new generation   total 109248K, used 21824K [0x00000000e0000000, 0x00000000e8000000, 0x00000000e8000000)
  eden space 87424K,   0% used [0x00000000e0000000, 0x00000000e0000000, 0x00000000e5560000)
  from space 21824K, 100% used [0x00000000e5560000, 0x00000000e6ab0000, 0x00000000e6ab0000)
  to   space 21824K,   0% used [0x00000000e6ab0000, 0x00000000e6ab0000, 0x00000000e8000000)
 concurrent mark-sweep generation total 393216K, used 121297K [0x00000000e8000000, 0x0000000100000000, 0x0000000100000000)
 Metaspace       used 63614K, capacity 65512K, committed 65780K, reserved 1107968K
  class space    used 7333K, capacity 7757K, committed 7776K, reserved 1048576K
}
2020-06-27T17:49:52.568+0100: 2094.829: Total time for which application threads were stopped: 0.0179071 seconds, Stopping threads took: 0.0000673 seconds
{Heap before GC invocations=344 (full 22):
 par new generation   total 109248K, used 109248K [0x00000000e0000000, 0x00000000e8000000, 0x00000000e8000000)
  eden space 87424K, 100% used [0x00000000e0000000, 0x00000000e5560000, 0x00000000e5560000)
  from space 21824K, 100% used [0x00000000e5560000, 0x00000000e6ab0000, 0x00000000e6ab0000)
  to   space 21824K,   0% used [0x00000000e6ab0000, 0x00000000e6ab0000, 0x00000000e8000000)
 concurrent mark-sweep generation total 393216K, used 121297K [0x00000000e8000000, 0x0000000100000000, 0x0000000100000000)
 Metaspace       used 63614K, capacity 65512K, committed 65780K, reserved 1107968K
  class space    used 7333K, capacity 7757K, committed 7776K, reserved 1048576K
2020-06-27T17:49:52.652+0100: 2094.912: [GC (Allocation Failure) 2020-06-27T17:49:52.652+0100: 2094.912: [ParNew
Desired survivor size 20112992 bytes, new threshold 5 (max 8)
- age   1:    5202504 bytes,    5202504 total
- age   2:    2606328 bytes,    7808832 total
- age   3:    4555536 bytes,   12364368 total
- age   4:    2969520 bytes,   15333888 total
- age   5:    4895056 bytes,   20228944 total
- age   6:       8464 bytes,   20237408 total
: 109248K->21824K(109248K), 0.0171240 secs] 230545K->151037K(502464K), 0.0171906 secs] [Times: user=0.06 sys=0.00, real=0.02 secs] 
Heap after GC invocations=345 (full 22):
 par new generation   total 109248K, used 21824K [0x00000000e0000000, 0x00000000e8000000, 0x00000000e8000000)
  eden space 87424K,   0% used [0x00000000e0000000, 0x00000000e0000000, 0x00000000e5560000)
  from space 21824K, 100% used [0x00000000e6ab0000, 0x00000000e8000000, 0x00000000e8000000)
  to   space 21824K,   0% used [0x00000000e5560000, 0x00000000e5560000, 0x00000000e6ab0000)
 concurrent mark-sweep generation total 393216K, used 129213K [0x00000000e8000000, 0x0000000100000000, 0x0000000100000000)
 Metaspace       used 63614K, capacity 65512K, committed 65780K, reserved 1107968K
  class space    used 7333K, capacity 7757K, committed 7776K, reserved 1048576K
}
2020-06-27T17:49:52.669+0100: 2094.930: Total time for which application threads were stopped: 0.0174123 seconds, Stopping threads took: 0.0000622 seconds
{Heap before GC invocations=345 (full 22):
 par new generation   total 109248K, used 109248K [0x00000000e0000000, 0x00000000e8000000, 0x00000000e8000000)
  eden space 87424K, 100% used [0x00000000e0000000, 0x00000000e5560000, 0x00000000e5560000)
  from space 21824K, 100% used [0x00000000e6ab0000, 0x00000000e8000000, 0x00000000e8000000)
  to   space 21824K,   0% used [0x00000000e5560000, 0x00000000e5560000, 0x00000000e6ab0000)
 concurrent mark-sweep generation total 393216K, used 129213K [0x00000000e8000000, 0x0000000100000000, 0x0000000100000000)
 Metaspace       used 63614K, capacity 65512K, committed 65780K, reserved 1107968K
  class space    used 7333K, capacity 7757K, committed 7776K, reserved 1048576K
2020-06-27T17:49:52.837+0100: 2095.098: [GC (Allocation Failure) 2020-06-27T17:49:52.838+0100: 2095.098: [ParNew
Desired survivor size 20112992 bytes, new threshold 8 (max 8)
- age   1:    4403680 bytes,    4403680 total
- age   2:    3899648 bytes,    8303328 total
- age   3:    2569416 bytes,   10872744 total
- age   4:    4555536 bytes,   15428280 total
- age   5:    2969520 bytes,   18397800 total
: 109248K->21824K(109248K), 0.0155489 secs] 238461K->158641K(502464K), 0.0156907 secs] [Times: user=0.06 sys=0.00, real=0.02 secs] 
Heap after GC invocations=346 (full 22):
 par new generation   total 109248K, used 21824K [0x00000000e0000000, 0x00000000e8000000, 0x00000000e8000000)
  eden space 87424K,   0% used [0x00000000e0000000, 0x00000000e0000000, 0x00000000e5560000)
  from space 21824K, 100% used [0x00000000e5560000, 0x00000000e6ab0000, 0x00000000e6ab0000)
  to   space 21824K,   0% used [0x00000000e6ab0000, 0x00000000e6ab0000, 0x00000000e8000000)
 concurrent mark-sweep generation total 393216K, used 136817K [0x00000000e8000000, 0x0000000100000000, 0x0000000100000000)
 Metaspace       used 63614K, capacity 65512K, committed 65780K, reserved 1107968K
  class space    used 7333K, capacity 7757K, committed 7776K, reserved 1048576K
}
2020-06-27T17:49:52.853+0100: 2095.114: Total time for which application threads were stopped: 0.0159807 seconds, Stopping threads took: 0.0000573 seconds
{Heap before GC invocations=346 (full 22):
 par new generation   total 109248K, used 109248K [0x00000000e0000000, 0x00000000e8000000, 0x00000000e8000000)
  eden space 87424K, 100% used [0x00000000e0000000, 0x00000000e5560000, 0x00000000e5560000)
  from space 21824K, 100% used [0x00000000e5560000, 0x00000000e6ab0000, 0x00000000e6ab0000)
  to   space 21824K,   0% used [0x00000000e6ab0000, 0x00000000e6ab0000, 0x00000000e8000000)
 concurrent mark-sweep generation total 393216K, used 136817K [0x00000000e8000000, 0x0000000100000000, 0x0000000100000000)
 Metaspace       used 63614K, capacity 65512K, committed 65780K, reserved 1107968K
  class space    used 7333K, capacity 7757K, committed 7776K, reserved 1048576K
2020-06-27T17:49:52.951+0100: 2095.211: [GC (Allocation Failure) 2020-06-27T17:49:52.951+0100: 2095.211: [ParNew
Desired survivor size 20112992 bytes, new threshold 6 (max 8)
- age   1:    6656952 bytes,    6656952 total
- age   2:    1819360 bytes,    8476312 total
- age   3:    3775048 bytes,   12251360 total
- age   4:    2569416 bytes,   14820776 total
- age   5:    4555536 bytes,   19376312 total
- age   6:    2969520 bytes,   22345832 total
: 109248K->21824K(109248K), 0.0167798 secs] 246065K->162080K(502464K), 0.0168685 secs] [Times: user=0.05 sys=0.00, real=0.02 secs] 
Heap after GC invocations=347 (full 22):
 par new generation   total 109248K, used 21824K [0x00000000e0000000, 0x00000000e8000000, 0x00000000e8000000)
  eden space 87424K,   0% used [0x00000000e0000000, 0x00000000e0000000, 0x00000000e5560000)
  from space 21824K, 100% used [0x00000000e6ab0000, 0x00000000e8000000, 0x00000000e8000000)
  to   space 21824K,   0% used [0x00000000e5560000, 0x00000000e5560000, 0x00000000e6ab0000)
 concurrent mark-sweep generation total 393216K, used 140256K [0x00000000e8000000, 0x0000000100000000, 0x0000000100000000)
 Metaspace       used 63614K, capacity 65512K, committed 65780K, reserved 1107968K
  class space    used 7333K, capacity 7757K, committed 7776K, reserved 1048576K
}
2020-06-27T17:49:52.967+0100: 2095.228: Total time for which application threads were stopped: 0.0171029 seconds, Stopping threads took: 0.0000665 seconds
2020-06-27T17:49:53.583+0100: 2095.844: Total time for which application threads were stopped: 0.0001401 seconds, Stopping threads took: 0.0000595 seconds
2020-06-27T17:49:53.888+0100: 2096.148: Total time for which application threads were stopped: 0.0001743 seconds, Stopping threads took: 0.0001009 seconds
2020-06-27T17:49:53.888+0100: 2096.148: Total time for which application threads were stopped: 0.0001606 seconds, Stopping threads took: 0.0000784 seconds
2020-06-27T17:49:53.890+0100: 2096.150: Total time for which application threads were stopped: 0.0001743 seconds, Stopping threads took: 0.0001047 seconds
2020-06-27T17:49:53.890+0100: 2096.151: Total time for which application threads were stopped: 0.0001073 seconds, Stopping threads took: 0.0000547 seconds
2020-06-27T17:49:53.891+0100: 2096.151: Total time for which application threads were stopped: 0.0001131 seconds, Stopping threads took: 0.0000465 seconds
2020-06-27T17:49:53.891+0100: 2096.151: Total time for which application threads were stopped: 0.0000534 seconds, Stopping threads took: 0.0000155 seconds
2020-06-27T17:49:53.891+0100: 2096.151: Total time for which application threads were stopped: 0.0000513 seconds, Stopping threads took: 0.0000155 seconds
2020-06-27T17:50:03.609+0100: 2105.869: Total time for which application threads were stopped: 0.0001536 seconds, Stopping threads took: 0.0000861 seconds
2020-06-27T17:50:03.610+0100: 2105.871: Total time for which application threads were stopped: 0.0002775 seconds, Stopping threads took: 0.0000803 seconds
{Heap before GC invocations=347 (full 22):
 par new generation   total 109248K, used 109248K [0x00000000e0000000, 0x00000000e8000000, 0x00000000e8000000)
  eden space 87424K, 100% used [0x00000000e0000000, 0x00000000e5560000, 0x00000000e5560000)
  from space 21824K, 100% used [0x00000000e6ab0000, 0x00000000e8000000, 0x00000000e8000000)
  to   space 21824K,   0% used [0x00000000e5560000, 0x00000000e5560000, 0x00000000e6ab0000)
 concurrent mark-sweep generation total 393216K, used 140256K [0x00000000e8000000, 0x0000000100000000, 0x0000000100000000)
 Metaspace       used 63629K, capacity 65512K, committed 65780K, reserved 1107968K
  class space    used 7333K, capacity 7757K, committed 7776K, reserved 1048576K
2020-06-27T17:50:03.660+0100: 2105.921: [GC (Allocation Failure) 2020-06-27T17:50:03.661+0100: 2105.921: [ParNew
Desired survivor size 20112992 bytes, new threshold 8 (max 8)
- age   1:    3718880 bytes,    3718880 total
- age   2:    3761640 bytes,    7480520 total
- age   3:     494392 bytes,    7974912 total
- age   4:    3687120 bytes,   11662032 total
- age   5:    2218440 bytes,   13880472 total
- age   6:    4338072 bytes,   18218544 total
: 109248K->21824K(109248K), 0.0144549 secs] 249504K->166192K(502464K), 0.0145740 secs] [Times: user=0.06 sys=0.00, real=0.01 secs] 
Heap after GC invocations=348 (full 22):
 par new generation   total 109248K, used 21824K [0x00000000e0000000, 0x00000000e8000000, 0x00000000e8000000)
  eden space 87424K,   0% used [0x00000000e0000000, 0x00000000e0000000, 0x00000000e5560000)
  from space 21824K, 100% used [0x00000000e5560000, 0x00000000e6ab0000, 0x00000000e6ab0000)
  to   space 21824K,   0% used [0x00000000e6ab0000, 0x00000000e6ab0000, 0x00000000e8000000)
 concurrent mark-sweep generation total 393216K, used 144368K [0x00000000e8000000, 0x0000000100000000, 0x0000000100000000)
 Metaspace       used 63629K, capacity 65512K, committed 65780K, reserved 1107968K
  class space    used 7333K, capacity 7757K, committed 7776K, reserved 1048576K
}
2020-06-27T17:50:03.675+0100: 2105.935: Total time for which application threads were stopped: 0.0148617 seconds, Stopping threads took: 0.0000703 seconds
2020-06-27T17:50:03.724+0100: 2105.984: Total time for which application threads were stopped: 0.0001595 seconds, Stopping threads took: 0.0000606 seconds
{Heap before GC invocations=348 (full 22):
 par new generation   total 109248K, used 109248K [0x00000000e0000000, 0x00000000e8000000, 0x00000000e8000000)
  eden space 87424K, 100% used [0x00000000e0000000, 0x00000000e5560000, 0x00000000e5560000)
  from space 21824K, 100% used [0x00000000e5560000, 0x00000000e6ab0000, 0x00000000e6ab0000)
  to   space 21824K,   0% used [0x00000000e6ab0000, 0x00000000e6ab0000, 0x00000000e8000000)
 concurrent mark-sweep generation total 393216K, used 144368K [0x00000000e8000000, 0x0000000100000000, 0x0000000100000000)
 Metaspace       used 63629K, capacity 65512K, committed 65780K, reserved 1107968K
  class space    used 7333K, capacity 7757K, committed 7776K, reserved 1048576K
2020-06-27T17:50:03.759+0100: 2106.020: [GC (Allocation Failure) 2020-06-27T17:50:03.759+0100: 2106.020: [ParNew
Desired survivor size 20112992 bytes, new threshold 7 (max 8)
- age   1:    5772256 bytes,    5772256 total
- age   2:    2322432 bytes,    8094688 total
- age   3:    3630920 bytes,   11725608 total
- age   4:     494304 bytes,   12219912 total
- age   5:    3686872 bytes,   15906784 total
- age   6:    2216120 bytes,   18122904 total
- age   7:    4213088 bytes,   22335992 total
: 109248K->21824K(109248K), 0.0135405 secs] 253616K->169499K(502464K), 0.0136258 secs] [Times: user=0.06 sys=0.00, real=0.01 secs] 
Heap after GC invocations=349 (full 22):
 par new generation   total 109248K, used 21824K [0x00000000e0000000, 0x00000000e8000000, 0x00000000e8000000)
  eden space 87424K,   0% used [0x00000000e0000000, 0x00000000e0000000, 0x00000000e5560000)
  from space 21824K, 100% used [0x00000000e6ab0000, 0x00000000e8000000, 0x00000000e8000000)
  to   space 21824K,   0% used [0x00000000e5560000, 0x00000000e5560000, 0x00000000e6ab0000)
 concurrent mark-sweep generation total 393216K, used 147675K [0x00000000e8000000, 0x0000000100000000, 0x0000000100000000)
 Metaspace       used 63629K, capacity 65512K, committed 65780K, reserved 1107968K
  class space    used 7333K, capacity 7757K, committed 7776K, reserved 1048576K
}
2020-06-27T17:50:03.773+0100: 2106.033: Total time for which application threads were stopped: 0.0138756 seconds, Stopping threads took: 0.0000660 seconds
2020-06-27T17:50:03.773+0100: 2106.034: Total time for which application threads were stopped: 0.0001996 seconds, Stopping threads took: 0.0000747 seconds
2020-06-27T17:50:03.774+0100: 2106.034: Total time for which application threads were stopped: 0.0002320 seconds, Stopping threads took: 0.0000969 seconds
2020-06-27T17:50:03.775+0100: 2106.035: Total time for which application threads were stopped: 0.0001525 seconds, Stopping threads took: 0.0000591 seconds
2020-06-27T17:50:03.775+0100: 2106.035: Total time for which application threads were stopped: 0.0001120 seconds, Stopping threads took: 0.0000508 seconds
{Heap before GC invocations=349 (full 22):
 par new generation   total 109248K, used 109248K [0x00000000e0000000, 0x00000000e8000000, 0x00000000e8000000)
  eden space 87424K, 100% used [0x00000000e0000000, 0x00000000e5560000, 0x00000000e5560000)
  from space 21824K, 100% used [0x00000000e6ab0000, 0x00000000e8000000, 0x00000000e8000000)
  to   space 21824K,   0% used [0x00000000e5560000, 0x00000000e5560000, 0x00000000e6ab0000)
 concurrent mark-sweep generation total 393216K, used 147675K [0x00000000e8000000, 0x0000000100000000, 0x0000000100000000)
 Metaspace       used 63629K, capacity 65512K, committed 65780K, reserved 1107968K
  class space    used 7333K, capacity 7757K, committed 7776K, reserved 1048576K
2020-06-27T17:50:03.892+0100: 2106.153: [GC (Allocation Failure) 2020-06-27T17:50:03.892+0100: 2106.153: [ParNew
Desired survivor size 20112992 bytes, new threshold 8 (max 8)
- age   1:    3279944 bytes,    3279944 total
- age   2:    4314928 bytes,    7594872 total
- age   3:    2221040 bytes,    9815912 total
- age   4:    3621736 bytes,   13437648 total
- age   5:     494304 bytes,   13931952 total
- age   6:    3681512 bytes,   17613464 total
- age   7:    2208536 bytes,   19822000 total
: 109248K->21824K(109248K), 0.0169091 secs] 256923K->180433K(502464K), 0.0169809 secs] [Times: user=0.06 sys=0.00, real=0.02 secs] 
Heap after GC invocations=350 (full 22):
 par new generation   total 109248K, used 21824K [0x00000000e0000000, 0x00000000e8000000, 0x00000000e8000000)
  eden space 87424K,   0% used [0x00000000e0000000, 0x00000000e0000000, 0x00000000e5560000)
  from space 21824K, 100% used [0x00000000e5560000, 0x00000000e6ab0000, 0x00000000e6ab0000)
  to   space 21824K,   0% used [0x00000000e6ab0000, 0x00000000e6ab0000, 0x00000000e8000000)
 concurrent mark-sweep generation total 393216K, used 158609K [0x00000000e8000000, 0x0000000100000000, 0x0000000100000000)
 Metaspace       used 63629K, capacity 65512K, committed 65780K, reserved 1107968K
  class space    used 7333K, capacity 7757K, committed 7776K, reserved 1048576K
}
2020-06-27T17:50:03.909+0100: 2106.170: Total time for which application threads were stopped: 0.0172347 seconds, Stopping threads took: 0.0000652 seconds
{Heap before GC invocations=350 (full 22):
 par new generation   total 109248K, used 109248K [0x00000000e0000000, 0x00000000e8000000, 0x00000000e8000000)
  eden space 87424K, 100% used [0x00000000e0000000, 0x00000000e5560000, 0x00000000e5560000)
  from space 21824K, 100% used [0x00000000e5560000, 0x00000000e6ab0000, 0x00000000e6ab0000)
  to   space 21824K,   0% used [0x00000000e6ab0000, 0x00000000e6ab0000, 0x00000000e8000000)
 concurrent mark-sweep generation total 393216K, used 158609K [0x00000000e8000000, 0x0000000100000000, 0x0000000100000000)
 Metaspace       used 63629K, capacity 65512K, committed 65780K, reserved 1107968K
  class space    used 7333K, capacity 7757K, committed 7776K, reserved 1048576K
2020-06-27T17:50:04.069+0100: 2106.329: [GC (Allocation Failure) 2020-06-27T17:50:04.069+0100: 2106.329: [ParNew
Desired survivor size 20112992 bytes, new threshold 7 (max 8)
- age   1:    3715784 bytes,    3715784 total
- age   2:    2073976 bytes,    5789760 total
- age   3:    4313696 bytes,   10103456 total
- age   4:    2221040 bytes,   12324496 total
- age   5:    3621736 bytes,   15946232 total
- age   6:     494304 bytes,   16440536 total
- age   7:    3681512 bytes,   20122048 total
- age   8:    2208536 bytes,   22330584 total
: 109248K->21824K(109248K), 0.0145105 secs] 267857K->185564K(502464K), 0.0145790 secs] [Times: user=0.00 sys=0.00, real=0.02 secs] 
Heap after GC invocations=351 (full 22):
 par new generation   total 109248K, used 21824K [0x00000000e0000000, 0x00000000e8000000, 0x00000000e8000000)
  eden space 87424K,   0% used [0x00000000e0000000, 0x00000000e0000000, 0x00000000e5560000)
  from space 21824K, 100% used [0x00000000e6ab0000, 0x00000000e8000000, 0x00000000e8000000)
  to   space 21824K,   0% used [0x00000000e5560000, 0x00000000e5560000, 0x00000000e6ab0000)
 concurrent mark-sweep generation total 393216K, used 163740K [0x00000000e8000000, 0x0000000100000000, 0x0000000100000000)
 Metaspace       used 63629K, capacity 65512K, committed 65780K, reserved 1107968K
  class space    used 7333K, capacity 7757K, committed 7776K, reserved 1048576K
}
2020-06-27T17:50:04.084+0100: 2106.344: Total time for which application threads were stopped: 0.0147895 seconds, Stopping threads took: 0.0000516 seconds
{Heap before GC invocations=351 (full 22):
 par new generation   total 109248K, used 109248K [0x00000000e0000000, 0x00000000e8000000, 0x00000000e8000000)
  eden space 87424K, 100% used [0x00000000e0000000, 0x00000000e5560000, 0x00000000e5560000)
  from space 21824K, 100% used [0x00000000e6ab0000, 0x00000000e8000000, 0x00000000e8000000)
  to   space 21824K,   0% used [0x00000000e5560000, 0x00000000e5560000, 0x00000000e6ab0000)
 concurrent mark-sweep generation total 393216K, used 163740K [0x00000000e8000000, 0x0000000100000000, 0x0000000100000000)
 Metaspace       used 63629K, capacity 65512K, committed 65780K, reserved 1107968K
  class space    used 7333K, capacity 7757K, committed 7776K, reserved 1048576K
2020-06-27T17:50:04.171+0100: 2106.431: [GC (Allocation Failure) 2020-06-27T17:50:04.171+0100: 2106.431: [ParNew
Desired survivor size 20112992 bytes, new threshold 6 (max 8)
- age   1:    6195088 bytes,    6195088 total
- age   2:    1812568 bytes,    8007656 total
- age   3:    2072392 bytes,   10080048 total
- age   4:    4313696 bytes,   14393744 total
- age   5:    2221040 bytes,   16614784 total
- age   6:    3621736 bytes,   20236520 total
- age   7:     494304 bytes,   20730824 total
: 109248K->21824K(109248K), 0.0190527 secs] 272988K->194759K(502464K), 0.0191750 secs] [Times: user=0.06 sys=0.00, real=0.02 secs] 
Heap after GC invocations=352 (full 22):
 par new generation   total 109248K, used 21824K [0x00000000e0000000, 0x00000000e8000000, 0x00000000e8000000)
  eden space 87424K,   0% used [0x00000000e0000000, 0x00000000e0000000, 0x00000000e5560000)
  from space 21824K, 100% used [0x00000000e5560000, 0x00000000e6ab0000, 0x00000000e6ab0000)
  to   space 21824K,   0% used [0x00000000e6ab0000, 0x00000000e6ab0000, 0x00000000e8000000)
 concurrent mark-sweep generation total 393216K, used 172935K [0x00000000e8000000, 0x0000000100000000, 0x0000000100000000)
 Metaspace       used 63629K, capacity 65512K, committed 65780K, reserved 1107968K
  class space    used 7333K, capacity 7757K, committed 7776K, reserved 1048576K
}
2020-06-27T17:50:04.190+0100: 2106.451: Total time for which application threads were stopped: 0.0194209 seconds, Stopping threads took: 0.0000619 seconds
{Heap before GC invocations=352 (full 22):
 par new generation   total 109248K, used 109248K [0x00000000e0000000, 0x00000000e8000000, 0x00000000e8000000)
  eden space 87424K, 100% used [0x00000000e0000000, 0x00000000e5560000, 0x00000000e5560000)
  from space 21824K, 100% used [0x00000000e5560000, 0x00000000e6ab0000, 0x00000000e6ab0000)
  to   space 21824K,   0% used [0x00000000e6ab0000, 0x00000000e6ab0000, 0x00000000e8000000)
 concurrent mark-sweep generation total 393216K, used 172935K [0x00000000e8000000, 0x0000000100000000, 0x0000000100000000)
 Metaspace       used 63629K, capacity 65512K, committed 65780K, reserved 1107968K
  class space    used 7333K, capacity 7757K, committed 7776K, reserved 1048576K
2020-06-27T17:50:04.300+0100: 2106.560: [GC (Allocation Failure) 2020-06-27T17:50:04.300+0100: 2106.560: [ParNew
Desired survivor size 20112992 bytes, new threshold 8 (max 8)
- age   1:    4183968 bytes,    4183968 total
- age   2:    4604848 bytes,    8788816 total
- age   3:    1627224 bytes,   10416040 total
- age   4:    2067672 bytes,   12483712 total
- age   5:    2825864 bytes,   15309576 total
- age   6:    2207192 bytes,   17516768 total
: 109248K->21824K(109248K), 0.0193954 secs] 282183K->205754K(502464K), 0.0194883 secs] [Times: user=0.08 sys=0.00, real=0.02 secs] 
Heap after GC invocations=353 (full 22):
 par new generation   total 109248K, used 21824K [0x00000000e0000000, 0x00000000e8000000, 0x00000000e8000000)
  eden space 87424K,   0% used [0x00000000e0000000, 0x00000000e0000000, 0x00000000e5560000)
  from space 21824K, 100% used [0x00000000e6ab0000, 0x00000000e8000000, 0x00000000e8000000)
  to   space 21824K,   0% used [0x00000000e5560000, 0x00000000e5560000, 0x00000000e6ab0000)
 concurrent mark-sweep generation total 393216K, used 183930K [0x00000000e8000000, 0x0000000100000000, 0x0000000100000000)
 Metaspace       used 63629K, capacity 65512K, committed 65780K, reserved 1107968K
  class space    used 7333K, capacity 7757K, committed 7776K, reserved 1048576K
}
2020-06-27T17:50:04.320+0100: 2106.580: Total time for which application threads were stopped: 0.0197497 seconds, Stopping threads took: 0.0000601 seconds
2020-06-27T17:50:05.166+0100: 2107.426: Total time for which application threads were stopped: 0.0001852 seconds, Stopping threads took: 0.0000655 seconds
2020-06-27T17:50:05.169+0100: 2107.430: Total time for which application threads were stopped: 0.0001986 seconds, Stopping threads took: 0.0000738 seconds
2020-06-27T17:50:05.409+0100: 2107.669: Total time for which application threads were stopped: 0.0001744 seconds, Stopping threads took: 0.0000828 seconds
2020-06-27T17:50:05.410+0100: 2107.670: Total time for which application threads were stopped: 0.0002379 seconds, Stopping threads took: 0.0000524 seconds
2020-06-27T17:50:05.410+0100: 2107.670: Total time for which application threads were stopped: 0.0000957 seconds, Stopping threads took: 0.0000477 seconds
2020-06-27T17:50:05.410+0100: 2107.670: Total time for which application threads were stopped: 0.0000963 seconds, Stopping threads took: 0.0000503 seconds
2020-06-27T17:50:05.410+0100: 2107.671: Total time for which application threads were stopped: 0.0000932 seconds, Stopping threads took: 0.0000514 seconds
2020-06-27T17:50:05.410+0100: 2107.671: Total time for which application threads were stopped: 0.0000885 seconds, Stopping threads took: 0.0000474 seconds
2020-06-27T17:50:28.420+0100: 2130.681: Total time for which application threads were stopped: 0.0000848 seconds, Stopping threads took: 0.0000275 seconds
2020-06-27T17:51:48.935+0100: 2211.196: Total time for which application threads were stopped: 0.0001888 seconds, Stopping threads took: 0.0000861 seconds
2020-06-27T17:51:48.937+0100: 2211.197: Total time for which application threads were stopped: 0.0001797 seconds, Stopping threads took: 0.0001039 seconds
2020-06-27T17:51:48.951+0100: 2211.211: Total time for which application threads were stopped: 0.0001811 seconds, Stopping threads took: 0.0000690 seconds
2020-06-27T17:51:48.954+0100: 2211.214: Total time for which application threads were stopped: 0.0002994 seconds, Stopping threads took: 0.0002082 seconds
{Heap before GC invocations=353 (full 22):
 par new generation   total 109248K, used 109248K [0x00000000e0000000, 0x00000000e8000000, 0x00000000e8000000)
  eden space 87424K, 100% used [0x00000000e0000000, 0x00000000e5560000, 0x00000000e5560000)
  from space 21824K, 100% used [0x00000000e6ab0000, 0x00000000e8000000, 0x00000000e8000000)
  to   space 21824K,   0% used [0x00000000e5560000, 0x00000000e5560000, 0x00000000e6ab0000)
 concurrent mark-sweep generation total 393216K, used 183930K [0x00000000e8000000, 0x0000000100000000, 0x0000000100000000)
 Metaspace       used 63678K, capacity 65512K, committed 65780K, reserved 1107968K
  class space    used 7333K, capacity 7757K, committed 7776K, reserved 1048576K
2020-06-27T17:51:49.090+0100: 2211.351: [GC (Allocation Failure) 2020-06-27T17:51:49.090+0100: 2211.351: [ParNew
Desired survivor size 20112992 bytes, new threshold 7 (max 8)
- age   1:    5601552 bytes,    5601552 total
- age   2:    2561264 bytes,    8162816 total
- age   3:    4491704 bytes,   12654520 total
- age   4:    1578136 bytes,   14232656 total
- age   5:    2014168 bytes,   16246824 total
- age   6:    2562816 bytes,   18809640 total
- age   7:    2113872 bytes,   20923512 total
: 109248K->21824K(109248K), 0.0144221 secs] 293178K->210092K(502464K), 0.0145383 secs] [Times: user=0.06 sys=0.00, real=0.02 secs] 
Heap after GC invocations=354 (full 22):
 par new generation   total 109248K, used 21824K [0x00000000e0000000, 0x00000000e8000000, 0x00000000e8000000)
  eden space 87424K,   0% used [0x00000000e0000000, 0x00000000e0000000, 0x00000000e5560000)
  from space 21824K, 100% used [0x00000000e5560000, 0x00000000e6ab0000, 0x00000000e6ab0000)
  to   space 21824K,   0% used [0x00000000e6ab0000, 0x00000000e6ab0000, 0x00000000e8000000)
 concurrent mark-sweep generation total 393216K, used 188268K [0x00000000e8000000, 0x0000000100000000, 0x0000000100000000)
 Metaspace       used 63678K, capacity 65512K, committed 65780K, reserved 1107968K
  class space    used 7333K, capacity 7757K, committed 7776K, reserved 1048576K
}
2020-06-27T17:51:49.105+0100: 2211.365: Total time for which application threads were stopped: 0.0148643 seconds, Stopping threads took: 0.0000732 seconds
2020-06-27T17:51:49.117+0100: 2211.378: Total time for which application threads were stopped: 0.0001427 seconds, Stopping threads took: 0.0000613 seconds
{Heap before GC invocations=354 (full 22):
 par new generation   total 109248K, used 109248K [0x00000000e0000000, 0x00000000e8000000, 0x00000000e8000000)
  eden space 87424K, 100% used [0x00000000e0000000, 0x00000000e5560000, 0x00000000e5560000)
  from space 21824K, 100% used [0x00000000e5560000, 0x00000000e6ab0000, 0x00000000e6ab0000)
  to   space 21824K,   0% used [0x00000000e6ab0000, 0x00000000e6ab0000, 0x00000000e8000000)
 concurrent mark-sweep generation total 393216K, used 188268K [0x00000000e8000000, 0x0000000100000000, 0x0000000100000000)
 Metaspace       used 63678K, capacity 65512K, committed 65780K, reserved 1107968K
  class space    used 7333K, capacity 7757K, committed 7776K, reserved 1048576K
2020-06-27T17:51:49.353+0100: 2211.613: [GC (Allocation Failure) 2020-06-27T17:51:49.353+0100: 2211.613: [ParNew
Desired survivor size 20112992 bytes, new threshold 7 (max 8)
- age   1:    6663224 bytes,    6663224 total
- age   2:    2456288 bytes,    9119512 total
- age   3:    2561104 bytes,   11680616 total
- age   4:    4491704 bytes,   16172320 total
- age   5:    1578136 bytes,   17750456 total
- age   6:    2013720 bytes,   19764176 total
- age   7:    2561144 bytes,   22325320 total
: 109248K->21824K(109248K), 0.0169828 secs] 297516K->217782K(502464K), 0.0170449 secs] [Times: user=0.06 sys=0.00, real=0.02 secs] 
Heap after GC invocations=355 (full 22):
 par new generation   total 109248K, used 21824K [0x00000000e0000000, 0x00000000e8000000, 0x00000000e8000000)
  eden space 87424K,   0% used [0x00000000e0000000, 0x00000000e0000000, 0x00000000e5560000)
  from space 21824K, 100% used [0x00000000e6ab0000, 0x00000000e8000000, 0x00000000e8000000)
  to   space 21824K,   0% used [0x00000000e5560000, 0x00000000e5560000, 0x00000000e6ab0000)
 concurrent mark-sweep generation total 393216K, used 195958K [0x00000000e8000000, 0x0000000100000000, 0x0000000100000000)
 Metaspace       used 63678K, capacity 65512K, committed 65780K, reserved 1107968K
  class space    used 7333K, capacity 7757K, committed 7776K, reserved 1048576K
}
2020-06-27T17:51:49.370+0100: 2211.630: Total time for which application threads were stopped: 0.0172778 seconds, Stopping threads took: 0.0000526 seconds
{Heap before GC invocations=355 (full 22):
 par new generation   total 109248K, used 109248K [0x00000000e0000000, 0x00000000e8000000, 0x00000000e8000000)
  eden space 87424K, 100% used [0x00000000e0000000, 0x00000000e5560000, 0x00000000e5560000)
  from space 21824K, 100% used [0x00000000e6ab0000, 0x00000000e8000000, 0x00000000e8000000)
  to   space 21824K,   0% used [0x00000000e5560000, 0x00000000e5560000, 0x00000000e6ab0000)
 concurrent mark-sweep generation total 393216K, used 195958K [0x00000000e8000000, 0x0000000100000000, 0x0000000100000000)
 Metaspace       used 63678K, capacity 65512K, committed 65780K, reserved 1107968K
  class space    used 7333K, capacity 7757K, committed 7776K, reserved 1048576K
2020-06-27T17:51:49.617+0100: 2211.877: [GC (Allocation Failure) 2020-06-27T17:51:49.617+0100: 2211.878: [ParNew
Desired survivor size 20112992 bytes, new threshold 6 (max 8)
- age   1:    5824736 bytes,    5824736 total
- age   2:    3763608 bytes,    9588344 total
- age   3:    2298312 bytes,   11886656 total
- age   4:    2560592 bytes,   14447248 total
- age   5:    4229928 bytes,   18677176 total
- age   6:    1578136 bytes,   20255312 total
- age   7:    2013720 bytes,   22269032 total
: 109248K->21824K(109248K), 0.0199166 secs] 305206K->226259K(502464K), 0.0200534 secs] [Times: user=0.06 sys=0.00, real=0.02 secs] 
Heap after GC invocations=356 (full 22):
 par new generation   total 109248K, used 21824K [0x00000000e0000000, 0x00000000e8000000, 0x00000000e8000000)
  eden space 87424K,   0% used [0x00000000e0000000, 0x00000000e0000000, 0x00000000e5560000)
  from space 21824K, 100% used [0x00000000e5560000, 0x00000000e6ab0000, 0x00000000e6ab0000)
  to   space 21824K,   0% used [0x00000000e6ab0000, 0x00000000e6ab0000, 0x00000000e8000000)
 concurrent mark-sweep generation total 393216K, used 204435K [0x00000000e8000000, 0x0000000100000000, 0x0000000100000000)
 Metaspace       used 63678K, capacity 65512K, committed 65780K, reserved 1107968K
  class space    used 7333K, capacity 7757K, committed 7776K, reserved 1048576K
}
2020-06-27T17:51:49.637+0100: 2211.898: Total time for which application threads were stopped: 0.0203399 seconds, Stopping threads took: 0.0000719 seconds
2020-06-27T17:51:49.638+0100: 2211.898: [GC (CMS Initial Mark) [1 CMS-initial-mark: 204435K(393216K)] 226259K(502464K), 0.0055852 secs] [Times: user=0.00 sys=0.00, real=0.01 secs] 
2020-06-27T17:51:49.644+0100: 2211.904: Total time for which application threads were stopped: 0.0058672 seconds, Stopping threads took: 0.0001233 seconds
2020-06-27T17:51:49.644+0100: 2211.904: [CMS-concurrent-mark-start]
2020-06-27T17:51:49.670+0100: 2211.931: [CMS-concurrent-mark: 0.026/0.026 secs] [Times: user=0.13 sys=0.00, real=0.03 secs] 
2020-06-27T17:51:49.670+0100: 2211.931: [CMS-concurrent-preclean-start]
2020-06-27T17:51:49.672+0100: 2211.932: [CMS-concurrent-preclean: 0.001/0.001 secs] [Times: user=0.00 sys=0.00, real=0.00 secs] 
2020-06-27T17:51:49.673+0100: 2211.933: [GC (CMS Final Remark) [YG occupancy: 23275 K (109248 K)]{Heap before GC invocations=356 (full 23):
 par new generation   total 109248K, used 23275K [0x00000000e0000000, 0x00000000e8000000, 0x00000000e8000000)
  eden space 87424K,   1% used [0x00000000e0000000, 0x00000000e016acd0, 0x00000000e5560000)
  from space 21824K, 100% used [0x00000000e5560000, 0x00000000e6ab0000, 0x00000000e6ab0000)
  to   space 21824K,   0% used [0x00000000e6ab0000, 0x00000000e6ab0000, 0x00000000e8000000)
 concurrent mark-sweep generation total 393216K, used 204435K [0x00000000e8000000, 0x0000000100000000, 0x0000000100000000)
 Metaspace       used 63678K, capacity 65512K, committed 65780K, reserved 1107968K
  class space    used 7333K, capacity 7757K, committed 7776K, reserved 1048576K
2020-06-27T17:51:49.673+0100: 2211.933: [GC (CMS Final Remark) 2020-06-27T17:51:49.673+0100: 2211.933: [ParNew
Desired survivor size 20112992 bytes, new threshold 8 (max 8)
- age   1:      76944 bytes,      76944 total
- age   2:    5601200 bytes,    5678144 total
- age   3:    3763488 bytes,    9441632 total
- age   4:    2298312 bytes,   11739944 total
- age   5:    2560592 bytes,   14300536 total
- age   6:    4229928 bytes,   18530464 total
: 23275K->21636K(109248K), 0.0140816 secs] 227710K->229605K(502464K), 0.0141743 secs] [Times: user=0.06 sys=0.00, real=0.01 secs] 
Heap after GC invocations=357 (full 23):
 par new generation   total 109248K, used 21636K [0x00000000e0000000, 0x00000000e8000000, 0x00000000e8000000)
  eden space 87424K,   0% used [0x00000000e0000000, 0x00000000e0000000, 0x00000000e5560000)
  from space 21824K,  99% used [0x00000000e6ab0000, 0x00000000e7fd1240, 0x00000000e8000000)
  to   space 21824K,   0% used [0x00000000e5560000, 0x00000000e5560000, 0x00000000e6ab0000)
 concurrent mark-sweep generation total 393216K, used 207969K [0x00000000e8000000, 0x0000000100000000, 0x0000000100000000)
 Metaspace       used 63678K, capacity 65512K, committed 65780K, reserved 1107968K
  class space    used 7333K, capacity 7757K, committed 7776K, reserved 1048576K
}
2020-06-27T17:51:49.687+0100: 2211.948: [Rescan (parallel) , 0.0061387 secs]2020-06-27T17:51:49.694+0100: 2211.954: [weak refs processing, 0.0025757 secs]2020-06-27T17:51:49.696+0100: 2211.956: [class unloading, 0.0159333 secs]2020-06-27T17:51:49.712+0100: 2211.972: [scrub symbol table, 0.0206659 secs]2020-06-27T17:51:49.733+0100: 2211.993: [scrub string table, 0.0011970 secs][1 CMS-remark: 207969K(393216K)] 229605K(502464K), 0.0612341 secs] [Times: user=0.16 sys=0.00, real=0.06 secs] 
2020-06-27T17:51:49.734+0100: 2211.995: Total time for which application threads were stopped: 0.0614502 seconds, Stopping threads took: 0.0000695 seconds
2020-06-27T17:51:49.736+0100: 2211.996: [CMS-concurrent-sweep-start]
2020-06-27T17:51:49.739+0100: 2211.999: Total time for which application threads were stopped: 0.0001853 seconds, Stopping threads took: 0.0000709 seconds
2020-06-27T17:51:49.739+0100: 2212.000: Total time for which application threads were stopped: 0.0001432 seconds, Stopping threads took: 0.0000606 seconds
2020-06-27T17:51:49.740+0100: 2212.001: Total time for which application threads were stopped: 0.0004383 seconds, Stopping threads took: 0.0000677 seconds
2020-06-27T17:51:49.742+0100: 2212.002: Total time for which application threads were stopped: 0.0004078 seconds, Stopping threads took: 0.0000965 seconds
2020-06-27T17:51:49.826+0100: 2212.086: [CMS-concurrent-sweep: 0.089/0.091 secs] [Times: user=0.22 sys=0.00, real=0.09 secs] 
2020-06-27T17:51:49.826+0100: 2212.087: [CMS-concurrent-reset-start]
2020-06-27T17:51:49.827+0100: 2212.087: [CMS-concurrent-reset: 0.001/0.001 secs] [Times: user=0.00 sys=0.00, real=0.00 secs] 
{Heap before GC invocations=357 (full 23):
 par new generation   total 109248K, used 109060K [0x00000000e0000000, 0x00000000e8000000, 0x00000000e8000000)
  eden space 87424K, 100% used [0x00000000e0000000, 0x00000000e5560000, 0x00000000e5560000)
  from space 21824K,  99% used [0x00000000e6ab0000, 0x00000000e7fd1240, 0x00000000e8000000)
  to   space 21824K,   0% used [0x00000000e5560000, 0x00000000e5560000, 0x00000000e6ab0000)
 concurrent mark-sweep generation total 393216K, used 80957K [0x00000000e8000000, 0x0000000100000000, 0x0000000100000000)
 Metaspace       used 63678K, capacity 65512K, committed 65780K, reserved 1107968K
  class space    used 7333K, capacity 7757K, committed 7776K, reserved 1048576K
2020-06-27T17:51:50.483+0100: 2212.743: [GC (Allocation Failure) 2020-06-27T17:51:50.483+0100: 2212.743: [ParNew
Desired survivor size 20112992 bytes, new threshold 7 (max 8)
- age   1:    7041432 bytes,    7041432 total
- age   2:      12560 bytes,    7053992 total
- age   3:    4635272 bytes,   11689264 total
- age   4:    3287440 bytes,   14976704 total
- age   5:    1750976 bytes,   16727680 total
- age   6:    2131528 bytes,   18859208 total
- age   7:    2997936 bytes,   21857144 total
: 109060K->21824K(109248K), 0.0114687 secs] 190017K->103489K(502464K), 0.0115326 secs] [Times: user=0.06 sys=0.00, real=0.01 secs] 
Heap after GC invocations=358 (full 23):
 par new generation   total 109248K, used 21824K [0x00000000e0000000, 0x00000000e8000000, 0x00000000e8000000)
  eden space 87424K,   0% used [0x00000000e0000000, 0x00000000e0000000, 0x00000000e5560000)
  from space 21824K, 100% used [0x00000000e5560000, 0x00000000e6ab0000, 0x00000000e6ab0000)
  to   space 21824K,   0% used [0x00000000e6ab0000, 0x00000000e6ab0000, 0x00000000e8000000)
 concurrent mark-sweep generation total 393216K, used 81665K [0x00000000e8000000, 0x0000000100000000, 0x0000000100000000)
 Metaspace       used 63678K, capacity 65512K, committed 65780K, reserved 1107968K
  class space    used 7333K, capacity 7757K, committed 7776K, reserved 1048576K
}
2020-06-27T17:51:50.494+0100: 2212.755: Total time for which application threads were stopped: 0.0117742 seconds, Stopping threads took: 0.0000713 seconds
{Heap before GC invocations=358 (full 23):
 par new generation   total 109248K, used 109248K [0x00000000e0000000, 0x00000000e8000000, 0x00000000e8000000)
  eden space 87424K, 100% used [0x00000000e0000000, 0x00000000e5560000, 0x00000000e5560000)
  from space 21824K, 100% used [0x00000000e5560000, 0x00000000e6ab0000, 0x00000000e6ab0000)
  to   space 21824K,   0% used [0x00000000e6ab0000, 0x00000000e6ab0000, 0x00000000e8000000)
 concurrent mark-sweep generation total 393216K, used 81665K [0x00000000e8000000, 0x0000000100000000, 0x0000000100000000)
 Metaspace       used 63678K, capacity 65512K, committed 65780K, reserved 1107968K
  class space    used 7333K, capacity 7757K, committed 7776K, reserved 1048576K
2020-06-27T17:51:50.796+0100: 2213.056: [GC (Allocation Failure) 2020-06-27T17:51:50.796+0100: 2213.056: [ParNew
Desired survivor size 20112992 bytes, new threshold 7 (max 8)
- age   1:    4486008 bytes,    4486008 total
- age   2:    4401864 bytes,    8887872 total
- age   3:      12520 bytes,    8900392 total
- age   4:    4633768 bytes,   13534160 total
- age   5:    3285928 bytes,   16820088 total
- age   6:    1197464 bytes,   18017552 total
- age   7:    2125080 bytes,   20142632 total
: 109248K->21824K(109248K), 0.0186892 secs] 190913K->114017K(502464K), 0.0187676 secs] [Times: user=0.06 sys=0.00, real=0.02 secs] 
Heap after GC invocations=359 (full 23):
 par new generation   total 109248K, used 21824K [0x00000000e0000000, 0x00000000e8000000, 0x00000000e8000000)
  eden space 87424K,   0% used [0x00000000e0000000, 0x00000000e0000000, 0x00000000e5560000)
  from space 21824K, 100% used [0x00000000e6ab0000, 0x00000000e8000000, 0x00000000e8000000)
  to   space 21824K,   0% used [0x00000000e5560000, 0x00000000e5560000, 0x00000000e6ab0000)
 concurrent mark-sweep generation total 393216K, used 92193K [0x00000000e8000000, 0x0000000100000000, 0x0000000100000000)
 Metaspace       used 63678K, capacity 65512K, committed 65780K, reserved 1107968K
  class space    used 7333K, capacity 7757K, committed 7776K, reserved 1048576K
}
2020-06-27T17:51:50.815+0100: 2213.075: Total time for which application threads were stopped: 0.0190010 seconds, Stopping threads took: 0.0000637 seconds
2020-06-27T17:51:51.613+0100: 2213.874: Total time for which application threads were stopped: 0.0001309 seconds, Stopping threads took: 0.0000664 seconds
2020-06-27T17:51:51.614+0100: 2213.874: Total time for which application threads were stopped: 0.0000620 seconds, Stopping threads took: 0.0000262 seconds
2020-06-27T17:51:51.614+0100: 2213.874: Total time for which application threads were stopped: 0.0000429 seconds, Stopping threads took: 0.0000161 seconds
2020-06-27T17:51:52.615+0100: 2214.875: Total time for which application threads were stopped: 0.0001334 seconds, Stopping threads took: 0.0000697 seconds
2020-06-27T17:52:03.955+0100: 2226.215: Total time for which application threads were stopped: 0.0001007 seconds, Stopping threads took: 0.0000308 seconds
2020-06-27T17:54:55.974+0100: 2398.235: Total time for which application threads were stopped: 0.0003297 seconds, Stopping threads took: 0.0002413 seconds
2020-06-27T17:54:55.978+0100: 2398.238: Total time for which application threads were stopped: 0.0001846 seconds, Stopping threads took: 0.0000608 seconds
2020-06-27T17:54:55.979+0100: 2398.239: Total time for which application threads were stopped: 0.0001088 seconds, Stopping threads took: 0.0000357 seconds
2020-06-27T17:54:55.988+0100: 2398.249: Total time for which application threads were stopped: 0.0000834 seconds, Stopping threads took: 0.0000226 seconds
2020-06-27T17:54:55.990+0100: 2398.250: Total time for which application threads were stopped: 0.0001407 seconds, Stopping threads took: 0.0000573 seconds
{Heap before GC invocations=359 (full 23):
 par new generation   total 109248K, used 109248K [0x00000000e0000000, 0x00000000e8000000, 0x00000000e8000000)
  eden space 87424K, 100% used [0x00000000e0000000, 0x00000000e5560000, 0x00000000e5560000)
  from space 21824K, 100% used [0x00000000e6ab0000, 0x00000000e8000000, 0x00000000e8000000)
  to   space 21824K,   0% used [0x00000000e5560000, 0x00000000e5560000, 0x00000000e6ab0000)
 concurrent mark-sweep generation total 393216K, used 92193K [0x00000000e8000000, 0x0000000100000000, 0x0000000100000000)
 Metaspace       used 63705K, capacity 65576K, committed 65780K, reserved 1107968K
  class space    used 7333K, capacity 7757K, committed 7776K, reserved 1048576K
2020-06-27T17:54:56.042+0100: 2398.303: [GC (Allocation Failure) 2020-06-27T17:54:56.042+0100: 2398.303: [ParNew
Desired survivor size 20112992 bytes, new threshold 6 (max 8)
- age   1:    5523776 bytes,    5523776 total
- age   2:    2847392 bytes,    8371168 total
- age   3:    4272808 bytes,   12643976 total
- age   4:      12520 bytes,   12656496 total
- age   5:    4547672 bytes,   17204168 total
- age   6:    2950080 bytes,   20154248 total
- age   7:    1110776 bytes,   21265024 total
: 109248K->21824K(109248K), 0.0155426 secs] 201441K->118025K(502464K), 0.0156631 secs] [Times: user=0.06 sys=0.00, real=0.02 secs] 
Heap after GC invocations=360 (full 23):
 par new generation   total 109248K, used 21824K [0x00000000e0000000, 0x00000000e8000000, 0x00000000e8000000)
  eden space 87424K,   0% used [0x00000000e0000000, 0x00000000e0000000, 0x00000000e5560000)
  from space 21824K, 100% used [0x00000000e5560000, 0x00000000e6ab0000, 0x00000000e6ab0000)
  to   space 21824K,   0% used [0x00000000e6ab0000, 0x00000000e6ab0000, 0x00000000e8000000)
 concurrent mark-sweep generation total 393216K, used 96201K [0x00000000e8000000, 0x0000000100000000, 0x0000000100000000)
 Metaspace       used 63705K, capacity 65576K, committed 65780K, reserved 1107968K
  class space    used 7333K, capacity 7757K, committed 7776K, reserved 1048576K
}
2020-06-27T17:54:56.058+0100: 2398.318: Total time for which application threads were stopped: 0.0160812 seconds, Stopping threads took: 0.0000749 seconds
2020-06-27T17:54:56.106+0100: 2398.366: Total time for which application threads were stopped: 0.0001782 seconds, Stopping threads took: 0.0000670 seconds
{Heap before GC invocations=360 (full 23):
 par new generation   total 109248K, used 109248K [0x00000000e0000000, 0x00000000e8000000, 0x00000000e8000000)
  eden space 87424K, 100% used [0x00000000e0000000, 0x00000000e5560000, 0x00000000e5560000)
  from space 21824K, 100% used [0x00000000e5560000, 0x00000000e6ab0000, 0x00000000e6ab0000)
  to   space 21824K,   0% used [0x00000000e6ab0000, 0x00000000e6ab0000, 0x00000000e8000000)
 concurrent mark-sweep generation total 393216K, used 96201K [0x00000000e8000000, 0x0000000100000000, 0x0000000100000000)
 Metaspace       used 63708K, capacity 65576K, committed 65780K, reserved 1107968K
  class space    used 7333K, capacity 7757K, committed 7776K, reserved 1048576K
2020-06-27T17:54:56.157+0100: 2398.417: [GC (Allocation Failure) 2020-06-27T17:54:56.157+0100: 2398.417: [ParNew
Desired survivor size 20112992 bytes, new threshold 8 (max 8)
- age   1:    5715344 bytes,    5715344 total
- age   2:    3577336 bytes,    9292680 total
- age   3:    2333320 bytes,   11626000 total
- age   4:    4272520 bytes,   15898520 total
- age   5:      12520 bytes,   15911040 total
- age   6:    3829304 bytes,   19740344 total
: 109248K->21824K(109248K), 0.0157771 secs] 205449K->125581K(502464K), 0.0158683 secs] [Times: user=0.06 sys=0.00, real=0.02 secs] 
Heap after GC invocations=361 (full 23):
 par new generation   total 109248K, used 21824K [0x00000000e0000000, 0x00000000e8000000, 0x00000000e8000000)
  eden space 87424K,   0% used [0x00000000e0000000, 0x00000000e0000000, 0x00000000e5560000)
  from space 21824K, 100% used [0x00000000e6ab0000, 0x00000000e8000000, 0x00000000e8000000)
  to   space 21824K,   0% used [0x00000000e5560000, 0x00000000e5560000, 0x00000000e6ab0000)
 concurrent mark-sweep generation total 393216K, used 103757K [0x00000000e8000000, 0x0000000100000000, 0x0000000100000000)
 Metaspace       used 63708K, capacity 65576K, committed 65780K, reserved 1107968K
  class space    used 7333K, capacity 7757K, committed 7776K, reserved 1048576K
}
2020-06-27T17:54:56.173+0100: 2398.433: Total time for which application threads were stopped: 0.0161512 seconds, Stopping threads took: 0.0000739 seconds
{Heap before GC invocations=361 (full 23):
 par new generation   total 109248K, used 109248K [0x00000000e0000000, 0x00000000e8000000, 0x00000000e8000000)
  eden space 87424K, 100% used [0x00000000e0000000, 0x00000000e5560000, 0x00000000e5560000)
  from space 21824K, 100% used [0x00000000e6ab0000, 0x00000000e8000000, 0x00000000e8000000)
  to   space 21824K,   0% used [0x00000000e5560000, 0x00000000e5560000, 0x00000000e6ab0000)
 concurrent mark-sweep generation total 393216K, used 103757K [0x00000000e8000000, 0x0000000100000000, 0x0000000100000000)
 Metaspace       used 63708K, capacity 65576K, committed 65780K, reserved 1107968K
  class space    used 7333K, capacity 7757K, committed 7776K, reserved 1048576K
2020-06-27T17:54:56.274+0100: 2398.535: [GC (Allocation Failure) 2020-06-27T17:54:56.274+0100: 2398.535: [ParNew
Desired survivor size 20112992 bytes, new threshold 7 (max 8)
- age   1:    4471776 bytes,    4471776 total
- age   2:    4968784 bytes,    9440560 total
- age   3:    3435800 bytes,   12876360 total
- age   4:    2216040 bytes,   15092400 total
- age   5:    2873112 bytes,   17965512 total
- age   6:      12520 bytes,   17978032 total
- age   7:    3825024 bytes,   21803056 total
: 109248K->21824K(109248K), 0.0126454 secs] 213005K->129034K(502464K), 0.0127032 secs] [Times: user=0.00 sys=0.00, real=0.01 secs] 
Heap after GC invocations=362 (full 23):
 par new generation   total 109248K, used 21824K [0x00000000e0000000, 0x00000000e8000000, 0x00000000e8000000)
  eden space 87424K,   0% used [0x00000000e0000000, 0x00000000e0000000, 0x00000000e5560000)
  from space 21824K, 100% used [0x00000000e5560000, 0x00000000e6ab0000, 0x00000000e6ab0000)
  to   space 21824K,   0% used [0x00000000e6ab0000, 0x00000000e6ab0000, 0x00000000e8000000)
 concurrent mark-sweep generation total 393216K, used 107210K [0x00000000e8000000, 0x0000000100000000, 0x0000000100000000)
 Metaspace       used 63708K, capacity 65576K, committed 65780K, reserved 1107968K
  class space    used 7333K, capacity 7757K, committed 7776K, reserved 1048576K
}
2020-06-27T17:54:56.287+0100: 2398.547: Total time for which application threads were stopped: 0.0129143 seconds, Stopping threads took: 0.0000538 seconds
{Heap before GC invocations=362 (full 23):
 par new generation   total 109248K, used 109248K [0x00000000e0000000, 0x00000000e8000000, 0x00000000e8000000)
  eden space 87424K, 100% used [0x00000000e0000000, 0x00000000e5560000, 0x00000000e5560000)
  from space 21824K, 100% used [0x00000000e5560000, 0x00000000e6ab0000, 0x00000000e6ab0000)
  to   space 21824K,   0% used [0x00000000e6ab0000, 0x00000000e6ab0000, 0x00000000e8000000)
 concurrent mark-sweep generation total 393216K, used 107210K [0x00000000e8000000, 0x0000000100000000, 0x0000000100000000)
 Metaspace       used 63708K, capacity 65576K, committed 65780K, reserved 1107968K
  class space    used 7333K, capacity 7757K, committed 7776K, reserved 1048576K
2020-06-27T17:54:56.437+0100: 2398.697: [GC (Allocation Failure) 2020-06-27T17:54:56.437+0100: 2398.697: [ParNew
Desired survivor size 20112992 bytes, new threshold 6 (max 8)
- age   1:    5995920 bytes,    5995920 total
- age   2:    2502952 bytes,    8498872 total
- age   3:    4652112 bytes,   13150984 total
- age   4:    3435800 bytes,   16586784 total
- age   5:    2216040 bytes,   18802824 total
- age   6:    2873112 bytes,   21675936 total
- age   7:      12520 bytes,   21688456 total
: 109248K->21824K(109248K), 0.0181568 secs] 216458K->138445K(502464K), 0.0183160 secs] [Times: user=0.06 sys=0.00, real=0.02 secs] 
Heap after GC invocations=363 (full 23):
 par new generation   total 109248K, used 21824K [0x00000000e0000000, 0x00000000e8000000, 0x00000000e8000000)
  eden space 87424K,   0% used [0x00000000e0000000, 0x00000000e0000000, 0x00000000e5560000)
  from space 21824K, 100% used [0x00000000e6ab0000, 0x00000000e8000000, 0x00000000e8000000)
  to   space 21824K,   0% used [0x00000000e5560000, 0x00000000e5560000, 0x00000000e6ab0000)
 concurrent mark-sweep generation total 393216K, used 116621K [0x00000000e8000000, 0x0000000100000000, 0x0000000100000000)
 Metaspace       used 63708K, capacity 65576K, committed 65780K, reserved 1107968K
  class space    used 7333K, capacity 7757K, committed 7776K, reserved 1048576K
}
2020-06-27T17:54:56.455+0100: 2398.715: Total time for which application threads were stopped: 0.0186207 seconds, Stopping threads took: 0.0000744 seconds
{Heap before GC invocations=363 (full 23):
 par new generation   total 109248K, used 109248K [0x00000000e0000000, 0x00000000e8000000, 0x00000000e8000000)
  eden space 87424K, 100% used [0x00000000e0000000, 0x00000000e5560000, 0x00000000e5560000)
  from space 21824K, 100% used [0x00000000e6ab0000, 0x00000000e8000000, 0x00000000e8000000)
  to   space 21824K,   0% used [0x00000000e5560000, 0x00000000e5560000, 0x00000000e6ab0000)
 concurrent mark-sweep generation total 393216K, used 116621K [0x00000000e8000000, 0x0000000100000000, 0x0000000100000000)
 Metaspace       used 63708K, capacity 65576K, committed 65780K, reserved 1107968K
  class space    used 7333K, capacity 7757K, committed 7776K, reserved 1048576K
2020-06-27T17:54:56.543+0100: 2398.803: [GC (Allocation Failure) 2020-06-27T17:54:56.543+0100: 2398.803: [ParNew
Desired survivor size 20112992 bytes, new threshold 6 (max 8)
- age   1:    3930096 bytes,    3930096 total
- age   2:    3921672 bytes,    7851768 total
- age   3:    2502824 bytes,   10354592 total
- age   4:    4652112 bytes,   15006704 total
- age   5:    3435800 bytes,   18442504 total
- age   6:    2216040 bytes,   20658544 total
: 109248K->21824K(109248K), 0.0159510 secs] 225869K->145535K(502464K), 0.0160379 secs] [Times: user=0.06 sys=0.00, real=0.02 secs] 
Heap after GC invocations=364 (full 23):
 par new generation   total 109248K, used 21824K [0x00000000e0000000, 0x00000000e8000000, 0x00000000e8000000)
  eden space 87424K,   0% used [0x00000000e0000000, 0x00000000e0000000, 0x00000000e5560000)
  from space 21824K, 100% used [0x00000000e5560000, 0x00000000e6ab0000, 0x00000000e6ab0000)
  to   space 21824K,   0% used [0x00000000e6ab0000, 0x00000000e6ab0000, 0x00000000e8000000)
 concurrent mark-sweep generation total 393216K, used 123711K [0x00000000e8000000, 0x0000000100000000, 0x0000000100000000)
 Metaspace       used 63708K, capacity 65576K, committed 65780K, reserved 1107968K
  class space    used 7333K, capacity 7757K, committed 7776K, reserved 1048576K
}
2020-06-27T17:54:56.559+0100: 2398.819: Total time for which application threads were stopped: 0.0163400 seconds, Stopping threads took: 0.0000763 seconds
{Heap before GC invocations=364 (full 23):
 par new generation   total 109248K, used 109248K [0x00000000e0000000, 0x00000000e8000000, 0x00000000e8000000)
  eden space 87424K, 100% used [0x00000000e0000000, 0x00000000e5560000, 0x00000000e5560000)
  from space 21824K, 100% used [0x00000000e5560000, 0x00000000e6ab0000, 0x00000000e6ab0000)
  to   space 21824K,   0% used [0x00000000e6ab0000, 0x00000000e6ab0000, 0x00000000e8000000)
 concurrent mark-sweep generation total 393216K, used 123711K [0x00000000e8000000, 0x0000000100000000, 0x0000000100000000)
 Metaspace       used 63708K, capacity 65576K, committed 65780K, reserved 1107968K
  class space    used 7333K, capacity 7757K, committed 7776K, reserved 1048576K
2020-06-27T17:54:56.680+0100: 2398.940: [GC (Allocation Failure) 2020-06-27T17:54:56.680+0100: 2398.940: [ParNew
Desired survivor size 20112992 bytes, new threshold 6 (max 8)
- age   1:    5330920 bytes,    5330920 total
- age   2:    2418832 bytes,    7749752 total
- age   3:    3915448 bytes,   11665200 total
- age   4:    2502824 bytes,   14168024 total
- age   5:    4652112 bytes,   18820136 total
- age   6:    3435800 bytes,   22255936 total
: 109248K->21824K(109248K), 0.0195340 secs] 232959K->152198K(502464K), 0.0195974 secs] [Times: user=0.06 sys=0.00, real=0.02 secs] 
Heap after GC invocations=365 (full 23):
 par new generation   total 109248K, used 21824K [0x00000000e0000000, 0x00000000e8000000, 0x00000000e8000000)
  eden space 87424K,   0% used [0x00000000e0000000, 0x00000000e0000000, 0x00000000e5560000)
  from space 21824K, 100% used [0x00000000e6ab0000, 0x00000000e8000000, 0x00000000e8000000)
  to   space 21824K,   0% used [0x00000000e5560000, 0x00000000e5560000, 0x00000000e6ab0000)
 concurrent mark-sweep generation total 393216K, used 130374K [0x00000000e8000000, 0x0000000100000000, 0x0000000100000000)
 Metaspace       used 63708K, capacity 65576K, committed 65780K, reserved 1107968K
  class space    used 7333K, capacity 7757K, committed 7776K, reserved 1048576K
}
2020-06-27T17:54:56.699+0100: 2398.959: Total time for which application threads were stopped: 0.0198956 seconds, Stopping threads took: 0.0001264 seconds
2020-06-27T17:54:57.692+0100: 2399.952: Total time for which application threads were stopped: 0.0001534 seconds, Stopping threads took: 0.0000673 seconds
2020-06-27T17:54:57.692+0100: 2399.952: Total time for which application threads were stopped: 0.0001045 seconds, Stopping threads took: 0.0000580 seconds
2020-06-27T17:54:57.692+0100: 2399.952: Total time for which application threads were stopped: 0.0001075 seconds, Stopping threads took: 0.0000315 seconds
2020-06-27T17:54:57.694+0100: 2399.954: Total time for which application threads were stopped: 0.0001782 seconds, Stopping threads took: 0.0001053 seconds
2020-06-27T17:54:57.694+0100: 2399.954: Total time for which application threads were stopped: 0.0000733 seconds, Stopping threads took: 0.0000328 seconds
2020-06-27T17:54:57.694+0100: 2399.954: Total time for which application threads were stopped: 0.0000748 seconds, Stopping threads took: 0.0000409 seconds
2020-06-27T17:54:57.694+0100: 2399.955: Total time for which application threads were stopped: 0.0002972 seconds, Stopping threads took: 0.0000465 seconds
2020-06-27T17:54:58.694+0100: 2400.954: Total time for which application threads were stopped: 0.0001294 seconds, Stopping threads took: 0.0000606 seconds
2020-06-27T17:55:00.318+0100: 2402.578: Total time for which application threads were stopped: 0.0012472 seconds, Stopping threads took: 0.0011548 seconds
2020-06-27T17:55:00.321+0100: 2402.582: Total time for which application threads were stopped: 0.0002306 seconds, Stopping threads took: 0.0001070 seconds
2020-06-27T17:55:00.323+0100: 2402.583: Total time for which application threads were stopped: 0.0001870 seconds, Stopping threads took: 0.0000732 seconds
2020-06-27T17:55:00.496+0100: 2402.756: Total time for which application threads were stopped: 0.0001812 seconds, Stopping threads took: 0.0000656 seconds
{Heap before GC invocations=365 (full 23):
 par new generation   total 109248K, used 109248K [0x00000000e0000000, 0x00000000e8000000, 0x00000000e8000000)
  eden space 87424K, 100% used [0x00000000e0000000, 0x00000000e5560000, 0x00000000e5560000)
  from space 21824K, 100% used [0x00000000e6ab0000, 0x00000000e8000000, 0x00000000e8000000)
  to   space 21824K,   0% used [0x00000000e5560000, 0x00000000e5560000, 0x00000000e6ab0000)
 concurrent mark-sweep generation total 393216K, used 130374K [0x00000000e8000000, 0x0000000100000000, 0x0000000100000000)
 Metaspace       used 63733K, capacity 65576K, committed 65780K, reserved 1107968K
  class space    used 7333K, capacity 7757K, committed 7776K, reserved 1048576K
2020-06-27T17:55:00.499+0100: 2402.759: [GC (Allocation Failure) 2020-06-27T17:55:00.499+0100: 2402.759: [ParNew
Desired survivor size 20112992 bytes, new threshold 6 (max 8)
- age   1:    2881952 bytes,    2881952 total
- age   2:    3844032 bytes,    6725984 total
- age   3:    2416808 bytes,    9142792 total
- age   4:    3915176 bytes,   13057968 total
- age   5:    2502536 bytes,   15560504 total
- age   6:    4651448 bytes,   20211952 total
: 109248K->21824K(109248K), 0.0144938 secs] 239622K->156446K(502464K), 0.0145950 secs] [Times: user=0.06 sys=0.00, real=0.01 secs] 
Heap after GC invocations=366 (full 23):
 par new generation   total 109248K, used 21824K [0x00000000e0000000, 0x00000000e8000000, 0x00000000e8000000)
  eden space 87424K,   0% used [0x00000000e0000000, 0x00000000e0000000, 0x00000000e5560000)
  from space 21824K, 100% used [0x00000000e5560000, 0x00000000e6ab0000, 0x00000000e6ab0000)
  to   space 21824K,   0% used [0x00000000e6ab0000, 0x00000000e6ab0000, 0x00000000e8000000)
 concurrent mark-sweep generation total 393216K, used 134622K [0x00000000e8000000, 0x0000000100000000, 0x0000000100000000)
 Metaspace       used 63733K, capacity 65576K, committed 65780K, reserved 1107968K
  class space    used 7333K, capacity 7757K, committed 7776K, reserved 1048576K
}
2020-06-27T17:55:00.514+0100: 2402.774: Total time for which application threads were stopped: 0.0148813 seconds, Stopping threads took: 0.0000526 seconds
{Heap before GC invocations=366 (full 23):
 par new generation   total 109248K, used 109248K [0x00000000e0000000, 0x00000000e8000000, 0x00000000e8000000)
  eden space 87424K, 100% used [0x00000000e0000000, 0x00000000e5560000, 0x00000000e5560000)
  from space 21824K, 100% used [0x00000000e5560000, 0x00000000e6ab0000, 0x00000000e6ab0000)
  to   space 21824K,   0% used [0x00000000e6ab0000, 0x00000000e6ab0000, 0x00000000e8000000)
 concurrent mark-sweep generation total 393216K, used 134622K [0x00000000e8000000, 0x0000000100000000, 0x0000000100000000)
 Metaspace       used 63733K, capacity 65576K, committed 65780K, reserved 1107968K
  class space    used 7333K, capacity 7757K, committed 7776K, reserved 1048576K
2020-06-27T17:55:00.704+0100: 2402.964: [GC (Allocation Failure) 2020-06-27T17:55:00.704+0100: 2402.964: [ParNew
Desired survivor size 20112992 bytes, new threshold 6 (max 8)
- age   1:    6562840 bytes,    6562840 total
- age   2:    2550976 bytes,    9113816 total
- age   3:    3567184 bytes,   12681000 total
- age   4:    2416808 bytes,   15097808 total
- age   5:    3915176 bytes,   19012984 total
- age   6:    2502536 bytes,   21515520 total
: 109248K->21824K(109248K), 0.0191347 secs] 243870K->166741K(502464K), 0.0192128 secs] [Times: user=0.06 sys=0.00, real=0.02 secs] 
Heap after GC invocations=367 (full 23):
 par new generation   total 109248K, used 21824K [0x00000000e0000000, 0x00000000e8000000, 0x00000000e8000000)
  eden space 87424K,   0% used [0x00000000e0000000, 0x00000000e0000000, 0x00000000e5560000)
  from space 21824K, 100% used [0x00000000e6ab0000, 0x00000000e8000000, 0x00000000e8000000)
  to   space 21824K,   0% used [0x00000000e5560000, 0x00000000e5560000, 0x00000000e6ab0000)
 concurrent mark-sweep generation total 393216K, used 144917K [0x00000000e8000000, 0x0000000100000000, 0x0000000100000000)
 Metaspace       used 63733K, capacity 65576K, committed 65780K, reserved 1107968K
  class space    used 7333K, capacity 7757K, committed 7776K, reserved 1048576K
}
2020-06-27T17:55:00.724+0100: 2402.984: Total time for which application threads were stopped: 0.0194710 seconds, Stopping threads took: 0.0000631 seconds
{Heap before GC invocations=367 (full 23):
 par new generation   total 109248K, used 109248K [0x00000000e0000000, 0x00000000e8000000, 0x00000000e8000000)
  eden space 87424K, 100% used [0x00000000e0000000, 0x00000000e5560000, 0x00000000e5560000)
  from space 21824K, 100% used [0x00000000e6ab0000, 0x00000000e8000000, 0x00000000e8000000)
  to   space 21824K,   0% used [0x00000000e5560000, 0x00000000e5560000, 0x00000000e6ab0000)
 concurrent mark-sweep generation total 393216K, used 144917K [0x00000000e8000000, 0x0000000100000000, 0x0000000100000000)
 Metaspace       used 63734K, capacity 65576K, committed 65780K, reserved 1107968K
  class space    used 7333K, capacity 7757K, committed 7776K, reserved 1048576K
2020-06-27T17:55:00.847+0100: 2403.107: [GC (Allocation Failure) 2020-06-27T17:55:00.847+0100: 2403.107: [ParNew
Desired survivor size 20112992 bytes, new threshold 6 (max 8)
- age   1:    5422624 bytes,    5422624 total
- age   2:    3382688 bytes,    8805312 total
- age   3:    2519824 bytes,   11325136 total
- age   4:    3566816 bytes,   14891952 total
- age   5:    2404400 bytes,   17296352 total
- age   6:    3898768 bytes,   21195120 total
: 109248K->21824K(109248K), 0.0187521 secs] 254165K->175364K(502464K), 0.0188420 secs] [Times: user=0.08 sys=0.00, real=0.02 secs] 
Heap after GC invocations=368 (full 23):
 par new generation   total 109248K, used 21824K [0x00000000e0000000, 0x00000000e8000000, 0x00000000e8000000)
  eden space 87424K,   0% used [0x00000000e0000000, 0x00000000e0000000, 0x00000000e5560000)
  from space 21824K, 100% used [0x00000000e5560000, 0x00000000e6ab0000, 0x00000000e6ab0000)
  to   space 21824K,   0% used [0x00000000e6ab0000, 0x00000000e6ab0000, 0x00000000e8000000)
 concurrent mark-sweep generation total 393216K, used 153540K [0x00000000e8000000, 0x0000000100000000, 0x0000000100000000)
 Metaspace       used 63734K, capacity 65576K, committed 65780K, reserved 1107968K
  class space    used 7333K, capacity 7757K, committed 7776K, reserved 1048576K
}
2020-06-27T17:55:00.866+0100: 2403.126: Total time for which application threads were stopped: 0.0191275 seconds, Stopping threads took: 0.0000657 seconds
{Heap before GC invocations=368 (full 23):
 par new generation   total 109248K, used 109248K [0x00000000e0000000, 0x00000000e8000000, 0x00000000e8000000)
  eden space 87424K, 100% used [0x00000000e0000000, 0x00000000e5560000, 0x00000000e5560000)
  from space 21824K, 100% used [0x00000000e5560000, 0x00000000e6ab0000, 0x00000000e6ab0000)
  to   space 21824K,   0% used [0x00000000e6ab0000, 0x00000000e6ab0000, 0x00000000e8000000)
 concurrent mark-sweep generation total 393216K, used 153540K [0x00000000e8000000, 0x0000000100000000, 0x0000000100000000)
 Metaspace       used 63734K, capacity 65576K, committed 65780K, reserved 1107968K
  class space    used 7333K, capacity 7757K, committed 7776K, reserved 1048576K
2020-06-27T17:55:01.021+0100: 2403.281: [GC (Allocation Failure) 2020-06-27T17:55:01.021+0100: 2403.281: [ParNew
Desired survivor size 20112992 bytes, new threshold 6 (max 8)
- age   1:    6551000 bytes,    6551000 total
- age   2:    2203632 bytes,    8754632 total
- age   3:    3382072 bytes,   12136704 total
- age   4:    2519824 bytes,   14656528 total
- age   5:    3566816 bytes,   18223344 total
- age   6:    2404400 bytes,   20627744 total
: 109248K->21824K(109248K), 0.0154782 secs] 262788K->181845K(502464K), 0.0155439 secs] [Times: user=0.05 sys=0.00, real=0.02 secs] 
Heap after GC invocations=369 (full 23):
 par new generation   total 109248K, used 21824K [0x00000000e0000000, 0x00000000e8000000, 0x00000000e8000000)
  eden space 87424K,   0% used [0x00000000e0000000, 0x00000000e0000000, 0x00000000e5560000)
  from space 21824K, 100% used [0x00000000e6ab0000, 0x00000000e8000000, 0x00000000e8000000)
  to   space 21824K,   0% used [0x00000000e5560000, 0x00000000e5560000, 0x00000000e6ab0000)
 concurrent mark-sweep generation total 393216K, used 160021K [0x00000000e8000000, 0x0000000100000000, 0x0000000100000000)
 Metaspace       used 63734K, capacity 65576K, committed 65780K, reserved 1107968K
  class space    used 7333K, capacity 7757K, committed 7776K, reserved 1048576K
}
2020-06-27T17:55:01.037+0100: 2403.297: Total time for which application threads were stopped: 0.0157975 seconds, Stopping threads took: 0.0000657 seconds
{Heap before GC invocations=369 (full 23):
 par new generation   total 109248K, used 109248K [0x00000000e0000000, 0x00000000e8000000, 0x00000000e8000000)
  eden space 87424K, 100% used [0x00000000e0000000, 0x00000000e5560000, 0x00000000e5560000)
  from space 21824K, 100% used [0x00000000e6ab0000, 0x00000000e8000000, 0x00000000e8000000)
  to   space 21824K,   0% used [0x00000000e5560000, 0x00000000e5560000, 0x00000000e6ab0000)
 concurrent mark-sweep generation total 393216K, used 160021K [0x00000000e8000000, 0x0000000100000000, 0x0000000100000000)
 Metaspace       used 63734K, capacity 65576K, committed 65780K, reserved 1107968K
  class space    used 7333K, capacity 7757K, committed 7776K, reserved 1048576K
2020-06-27T17:55:01.121+0100: 2403.381: [GC (Allocation Failure) 2020-06-27T17:55:01.121+0100: 2403.381: [ParNew
Desired survivor size 20112992 bytes, new threshold 6 (max 8)
- age   1:    4592632 bytes,    4592632 total
- age   2:    4395800 bytes,    8988432 total
- age   3:    2201064 bytes,   11189496 total
- age   4:    3382072 bytes,   14571568 total
- age   5:    2519824 bytes,   17091392 total
- age   6:    3566816 bytes,   20658208 total
: 109248K->21824K(109248K), 0.0160126 secs] 269269K->188827K(502464K), 0.0160841 secs] [Times: user=0.06 sys=0.00, real=0.02 secs] 
Heap after GC invocations=370 (full 23):
 par new generation   total 109248K, used 21824K [0x00000000e0000000, 0x00000000e8000000, 0x00000000e8000000)
  eden space 87424K,   0% used [0x00000000e0000000, 0x00000000e0000000, 0x00000000e5560000)
  from space 21824K, 100% used [0x00000000e5560000, 0x00000000e6ab0000, 0x00000000e6ab0000)
  to   space 21824K,   0% used [0x00000000e6ab0000, 0x00000000e6ab0000, 0x00000000e8000000)
 concurrent mark-sweep generation total 393216K, used 167003K [0x00000000e8000000, 0x0000000100000000, 0x0000000100000000)
 Metaspace       used 63734K, capacity 65576K, committed 65780K, reserved 1107968K
  class space    used 7333K, capacity 7757K, committed 7776K, reserved 1048576K
}
2020-06-27T17:55:01.137+0100: 2403.397: Total time for which application threads were stopped: 0.0163061 seconds, Stopping threads took: 0.0000587 seconds
2020-06-27T17:55:01.826+0100: 2404.086: Total time for which application threads were stopped: 0.0001400 seconds, Stopping threads took: 0.0000629 seconds
2020-06-27T17:55:01.826+0100: 2404.086: Total time for which application threads were stopped: 0.0000906 seconds, Stopping threads took: 0.0000380 seconds
2020-06-27T17:55:02.384+0100: 2404.644: Total time for which application threads were stopped: 0.0002198 seconds, Stopping threads took: 0.0001501 seconds
2020-06-27T17:55:02.387+0100: 2404.647: Total time for which application threads were stopped: 0.0001873 seconds, Stopping threads took: 0.0000754 seconds
2020-06-27T17:55:02.388+0100: 2404.648: Total time for which application threads were stopped: 0.0001986 seconds, Stopping threads took: 0.0000748 seconds
{Heap before GC invocations=370 (full 23):
 par new generation   total 109248K, used 109248K [0x00000000e0000000, 0x00000000e8000000, 0x00000000e8000000)
  eden space 87424K, 100% used [0x00000000e0000000, 0x00000000e5560000, 0x00000000e5560000)
  from space 21824K, 100% used [0x00000000e5560000, 0x00000000e6ab0000, 0x00000000e6ab0000)
  to   space 21824K,   0% used [0x00000000e6ab0000, 0x00000000e6ab0000, 0x00000000e8000000)
 concurrent mark-sweep generation total 393216K, used 167003K [0x00000000e8000000, 0x0000000100000000, 0x0000000100000000)
 Metaspace       used 63741K, capacity 65576K, committed 65780K, reserved 1107968K
  class space    used 7333K, capacity 7757K, committed 7776K, reserved 1048576K
2020-06-27T17:55:02.455+0100: 2404.716: [GC (Allocation Failure) 2020-06-27T17:55:02.455+0100: 2404.716: [ParNew
Desired survivor size 20112992 bytes, new threshold 6 (max 8)
- age   1:    6345432 bytes,    6345432 total
- age   2:    2346760 bytes,    8692192 total
- age   3:    4263608 bytes,   12955800 total
- age   4:    1937176 bytes,   14892976 total
- age   5:    3296520 bytes,   18189496 total
- age   6:    2002248 bytes,   20191744 total
: 109248K->21824K(109248K), 0.0159525 secs] 276251K->194997K(502464K), 0.0160442 secs] [Times: user=0.06 sys=0.00, real=0.02 secs] 
Heap after GC invocations=371 (full 23):
 par new generation   total 109248K, used 21824K [0x00000000e0000000, 0x00000000e8000000, 0x00000000e8000000)
  eden space 87424K,   0% used [0x00000000e0000000, 0x00000000e0000000, 0x00000000e5560000)
  from space 21824K, 100% used [0x00000000e6ab0000, 0x00000000e8000000, 0x00000000e8000000)
  to   space 21824K,   0% used [0x00000000e5560000, 0x00000000e5560000, 0x00000000e6ab0000)
 concurrent mark-sweep generation total 393216K, used 173173K [0x00000000e8000000, 0x0000000100000000, 0x0000000100000000)
 Metaspace       used 63741K, capacity 65576K, committed 65780K, reserved 1107968K
  class space    used 7333K, capacity 7757K, committed 7776K, reserved 1048576K
}
2020-06-27T17:55:02.472+0100: 2404.732: Total time for which application threads were stopped: 0.0163330 seconds, Stopping threads took: 0.0000630 seconds
2020-06-27T17:55:02.552+0100: 2404.812: Total time for which application threads were stopped: 0.0001577 seconds, Stopping threads took: 0.0000531 seconds
{Heap before GC invocations=371 (full 23):
 par new generation   total 109248K, used 109248K [0x00000000e0000000, 0x00000000e8000000, 0x00000000e8000000)
  eden space 87424K, 100% used [0x00000000e0000000, 0x00000000e5560000, 0x00000000e5560000)
  from space 21824K, 100% used [0x00000000e6ab0000, 0x00000000e8000000, 0x00000000e8000000)
  to   space 21824K,   0% used [0x00000000e5560000, 0x00000000e5560000, 0x00000000e6ab0000)
 concurrent mark-sweep generation total 393216K, used 173173K [0x00000000e8000000, 0x0000000100000000, 0x0000000100000000)
 Metaspace       used 63776K, capacity 65576K, committed 65780K, reserved 1107968K
  class space    used 7333K, capacity 7757K, committed 7776K, reserved 1048576K
2020-06-27T17:55:02.768+0100: 2405.028: [GC (Allocation Failure) 2020-06-27T17:55:02.768+0100: 2405.028: [ParNew
Desired survivor size 20112992 bytes, new threshold 6 (max 8)
- age   1:    4837280 bytes,    4837280 total
- age   2:    5706232 bytes,   10543512 total
- age   3:    2346128 bytes,   12889640 total
- age   4:    4263608 bytes,   17153248 total
- age   5:    1937104 bytes,   19090352 total
- age   6:    3296144 bytes,   22386496 total
: 109248K->21824K(109248K), 0.0166347 secs] 282421K->202042K(502464K), 0.0167237 secs] [Times: user=0.06 sys=0.00, real=0.02 secs] 
Heap after GC invocations=372 (full 23):
 par new generation   total 109248K, used 21824K [0x00000000e0000000, 0x00000000e8000000, 0x00000000e8000000)
  eden space 87424K,   0% used [0x00000000e0000000, 0x00000000e0000000, 0x00000000e5560000)
  from space 21824K, 100% used [0x00000000e5560000, 0x00000000e6ab0000, 0x00000000e6ab0000)
  to   space 21824K,   0% used [0x00000000e6ab0000, 0x00000000e6ab0000, 0x00000000e8000000)
 concurrent mark-sweep generation total 393216K, used 180218K [0x00000000e8000000, 0x0000000100000000, 0x0000000100000000)
 Metaspace       used 63776K, capacity 65576K, committed 65780K, reserved 1107968K
  class space    used 7333K, capacity 7757K, committed 7776K, reserved 1048576K
}
2020-06-27T17:55:02.785+0100: 2405.045: Total time for which application threads were stopped: 0.0170252 seconds, Stopping threads took: 0.0000625 seconds
{Heap before GC invocations=372 (full 23):
 par new generation   total 109248K, used 109248K [0x00000000e0000000, 0x00000000e8000000, 0x00000000e8000000)
  eden space 87424K, 100% used [0x00000000e0000000, 0x00000000e5560000, 0x00000000e5560000)
  from space 21824K, 100% used [0x00000000e5560000, 0x00000000e6ab0000, 0x00000000e6ab0000)
  to   space 21824K,   0% used [0x00000000e6ab0000, 0x00000000e6ab0000, 0x00000000e8000000)
 concurrent mark-sweep generation total 393216K, used 180218K [0x00000000e8000000, 0x0000000100000000, 0x0000000100000000)
 Metaspace       used 63792K, capacity 65640K, committed 65780K, reserved 1107968K
  class space    used 7333K, capacity 7757K, committed 7776K, reserved 1048576K
2020-06-27T17:55:02.965+0100: 2405.225: [GC (Allocation Failure) 2020-06-27T17:55:02.965+0100: 2405.225: [ParNew
Desired survivor size 20112992 bytes, new threshold 5 (max 8)
- age   1:    4520688 bytes,    4520688 total
- age   2:    3545880 bytes,    8066568 total
- age   3:    5706096 bytes,   13772664 total
- age   4:    2346128 bytes,   16118792 total
- age   5:    4263608 bytes,   20382400 total
- age   6:    1937104 bytes,   22319504 total
: 109248K->21824K(109248K), 0.0172276 secs] 289466K->208187K(502464K), 0.0173147 secs] [Times: user=0.06 sys=0.00, real=0.02 secs] 
Heap after GC invocations=373 (full 23):
 par new generation   total 109248K, used 21824K [0x00000000e0000000, 0x00000000e8000000, 0x00000000e8000000)
  eden space 87424K,   0% used [0x00000000e0000000, 0x00000000e0000000, 0x00000000e5560000)
  from space 21824K, 100% used [0x00000000e6ab0000, 0x00000000e8000000, 0x00000000e8000000)
  to   space 21824K,   0% used [0x00000000e5560000, 0x00000000e5560000, 0x00000000e6ab0000)
 concurrent mark-sweep generation total 393216K, used 186363K [0x00000000e8000000, 0x0000000100000000, 0x0000000100000000)
 Metaspace       used 63792K, capacity 65640K, committed 65780K, reserved 1107968K
  class space    used 7333K, capacity 7757K, committed 7776K, reserved 1048576K
}
2020-06-27T17:55:02.982+0100: 2405.242: Total time for which application threads were stopped: 0.0176024 seconds, Stopping threads took: 0.0000666 seconds
{Heap before GC invocations=373 (full 23):
 par new generation   total 109248K, used 109248K [0x00000000e0000000, 0x00000000e8000000, 0x00000000e8000000)
  eden space 87424K, 100% used [0x00000000e0000000, 0x00000000e5560000, 0x00000000e5560000)
  from space 21824K, 100% used [0x00000000e6ab0000, 0x00000000e8000000, 0x00000000e8000000)
  to   space 21824K,   0% used [0x00000000e5560000, 0x00000000e5560000, 0x00000000e6ab0000)
 concurrent mark-sweep generation total 393216K, used 186363K [0x00000000e8000000, 0x0000000100000000, 0x0000000100000000)
 Metaspace       used 63792K, capacity 65640K, committed 65780K, reserved 1107968K
  class space    used 7333K, capacity 7757K, committed 7776K, reserved 1048576K
2020-06-27T17:55:03.193+0100: 2405.453: [GC (Allocation Failure) 2020-06-27T17:55:03.193+0100: 2405.453: [ParNew
Desired survivor size 20112992 bytes, new threshold 8 (max 8)
- age   1:    4614976 bytes,    4614976 total
- age   2:    3263280 bytes,    7878256 total
- age   3:    3509200 bytes,   11387456 total
- age   4:    5662896 bytes,   17050352 total
- age   5:    2346128 bytes,   19396480 total
: 109248K->21824K(109248K), 0.0181059 secs] 295611K->218660K(502464K), 0.0181753 secs] [Times: user=0.09 sys=0.00, real=0.02 secs] 
Heap after GC invocations=374 (full 23):
 par new generation   total 109248K, used 21824K [0x00000000e0000000, 0x00000000e8000000, 0x00000000e8000000)
  eden space 87424K,   0% used [0x00000000e0000000, 0x00000000e0000000, 0x00000000e5560000)
  from space 21824K, 100% used [0x00000000e5560000, 0x00000000e6ab0000, 0x00000000e6ab0000)
  to   space 21824K,   0% used [0x00000000e6ab0000, 0x00000000e6ab0000, 0x00000000e8000000)
 concurrent mark-sweep generation total 393216K, used 196836K [0x00000000e8000000, 0x0000000100000000, 0x0000000100000000)
 Metaspace       used 63792K, capacity 65640K, committed 65780K, reserved 1107968K
  class space    used 7333K, capacity 7757K, committed 7776K, reserved 1048576K
}
2020-06-27T17:55:03.211+0100: 2405.471: Total time for which application threads were stopped: 0.0184115 seconds, Stopping threads took: 0.0000622 seconds
2020-06-27T17:55:03.211+0100: 2405.471: [GC (CMS Initial Mark) [1 CMS-initial-mark: 196836K(393216K)] 220141K(502464K), 0.0042449 secs] [Times: user=0.00 sys=0.00, real=0.00 secs] 
2020-06-27T17:55:03.215+0100: 2405.475: Total time for which application threads were stopped: 0.0044211 seconds, Stopping threads took: 0.0000724 seconds
2020-06-27T17:55:03.215+0100: 2405.475: [CMS-concurrent-mark-start]
2020-06-27T17:55:03.238+0100: 2405.498: [CMS-concurrent-mark: 0.023/0.023 secs] [Times: user=0.06 sys=0.00, real=0.02 secs] 
2020-06-27T17:55:03.238+0100: 2405.498: [CMS-concurrent-preclean-start]
2020-06-27T17:55:03.240+0100: 2405.500: [CMS-concurrent-preclean: 0.001/0.001 secs] [Times: user=0.00 sys=0.00, real=0.00 secs] 
2020-06-27T17:55:03.240+0100: 2405.500: [GC (CMS Final Remark) [YG occupancy: 23305 K (109248 K)]{Heap before GC invocations=374 (full 24):
 par new generation   total 109248K, used 23305K [0x00000000e0000000, 0x00000000e8000000, 0x00000000e8000000)
  eden space 87424K,   1% used [0x00000000e0000000, 0x00000000e0172608, 0x00000000e5560000)
  from space 21824K, 100% used [0x00000000e5560000, 0x00000000e6ab0000, 0x00000000e6ab0000)
  to   space 21824K,   0% used [0x00000000e6ab0000, 0x00000000e6ab0000, 0x00000000e8000000)
 concurrent mark-sweep generation total 393216K, used 196836K [0x00000000e8000000, 0x0000000100000000, 0x0000000100000000)
 Metaspace       used 63792K, capacity 65640K, committed 65780K, reserved 1107968K
  class space    used 7333K, capacity 7757K, committed 7776K, reserved 1048576K
2020-06-27T17:55:03.240+0100: 2405.500: [GC (CMS Final Remark) 2020-06-27T17:55:03.240+0100: 2405.500: [ParNew
Desired survivor size 20112992 bytes, new threshold 8 (max 8)
- age   1:      69488 bytes,      69488 total
- age   2:    4430824 bytes,    4500312 total
- age   3:    2856776 bytes,    7357088 total
- age   4:    3470352 bytes,   10827440 total
- age   5:    5488824 bytes,   16316264 total
- age   6:    2288552 bytes,   18604816 total
: 23305K->21824K(109248K), 0.0102536 secs] 220141K->218975K(502464K), 0.0103008 secs] [Times: user=0.06 sys=0.00, real=0.01 secs] 
Heap after GC invocations=375 (full 24):
 par new generation   total 109248K, used 21824K [0x00000000e0000000, 0x00000000e8000000, 0x00000000e8000000)
  eden space 87424K,   0% used [0x00000000e0000000, 0x00000000e0000000, 0x00000000e5560000)
  from space 21824K, 100% used [0x00000000e6ab0000, 0x00000000e8000000, 0x00000000e8000000)
  to   space 21824K,   0% used [0x00000000e5560000, 0x00000000e5560000, 0x00000000e6ab0000)
 concurrent mark-sweep generation total 393216K, used 197151K [0x00000000e8000000, 0x0000000100000000, 0x0000000100000000)
 Metaspace       used 63792K, capacity 65640K, committed 65780K, reserved 1107968K
  class space    used 7333K, capacity 7757K, committed 7776K, reserved 1048576K
}
2020-06-27T17:55:03.250+0100: 2405.510: [Rescan (parallel) , 0.0043576 secs]2020-06-27T17:55:03.255+0100: 2405.515: [weak refs processing, 0.0036926 secs]2020-06-27T17:55:03.258+0100: 2405.518: [class unloading, 0.0126585 secs]2020-06-27T17:55:03.271+0100: 2405.531: [scrub symbol table, 0.0138996 secs]2020-06-27T17:55:03.285+0100: 2405.545: [scrub string table, 0.0007784 secs][1 CMS-remark: 197151K(393216K)] 218975K(502464K), 0.0460796 secs] [Times: user=0.14 sys=0.00, real=0.05 secs] 
2020-06-27T17:55:03.286+0100: 2405.546: Total time for which application threads were stopped: 0.0462538 seconds, Stopping threads took: 0.0000719 seconds
2020-06-27T17:55:03.286+0100: 2405.546: [CMS-concurrent-sweep-start]
2020-06-27T17:55:03.371+0100: 2405.631: [CMS-concurrent-sweep: 0.084/0.084 secs] [Times: user=0.28 sys=0.02, real=0.09 secs] 
2020-06-27T17:55:03.371+0100: 2405.631: [CMS-concurrent-reset-start]
2020-06-27T17:55:03.371+0100: 2405.631: [CMS-concurrent-reset: 0.001/0.001 secs] [Times: user=0.00 sys=0.00, real=0.00 secs] 
{Heap before GC invocations=375 (full 24):
 par new generation   total 109248K, used 109248K [0x00000000e0000000, 0x00000000e8000000, 0x00000000e8000000)
  eden space 87424K, 100% used [0x00000000e0000000, 0x00000000e5560000, 0x00000000e5560000)
  from space 21824K, 100% used [0x00000000e6ab0000, 0x00000000e8000000, 0x00000000e8000000)
  to   space 21824K,   0% used [0x00000000e5560000, 0x00000000e5560000, 0x00000000e6ab0000)
 concurrent mark-sweep generation total 393216K, used 74011K [0x00000000e8000000, 0x0000000100000000, 0x0000000100000000)
 Metaspace       used 63792K, capacity 65640K, committed 65780K, reserved 1107968K
  class space    used 7333K, capacity 7757K, committed 7776K, reserved 1048576K
2020-06-27T17:55:03.386+0100: 2405.646: [GC (Allocation Failure) 2020-06-27T17:55:03.386+0100: 2405.646: [ParNew
Desired survivor size 20112992 bytes, new threshold 8 (max 8)
- age   1:    4707928 bytes,    4707928 total
- age   2:       8648 bytes,    4716576 total
- age   3:    3030136 bytes,    7746712 total
- age   4:    1348320 bytes,    9095032 total
- age   5:    3352144 bytes,   12447176 total
- age   6:    5375464 bytes,   17822640 total
- age   7:    2097872 bytes,   19920512 total
: 109248K->21824K(109248K), 0.0134223 secs] 183259K->98089K(502464K), 0.0135014 secs] [Times: user=0.06 sys=0.00, real=0.01 secs] 
Heap after GC invocations=376 (full 24):
 par new generation   total 109248K, used 21824K [0x00000000e0000000, 0x00000000e8000000, 0x00000000e8000000)
  eden space 87424K,   0% used [0x00000000e0000000, 0x00000000e0000000, 0x00000000e5560000)
  from space 21824K, 100% used [0x00000000e5560000, 0x00000000e6ab0000, 0x00000000e6ab0000)
  to   space 21824K,   0% used [0x00000000e6ab0000, 0x00000000e6ab0000, 0x00000000e8000000)
 concurrent mark-sweep generation total 393216K, used 76265K [0x00000000e8000000, 0x0000000100000000, 0x0000000100000000)
 Metaspace       used 63792K, capacity 65640K, committed 65780K, reserved 1107968K
  class space    used 7333K, capacity 7757K, committed 7776K, reserved 1048576K
}
2020-06-27T17:55:03.400+0100: 2405.660: Total time for which application threads were stopped: 0.0137520 seconds, Stopping threads took: 0.0000620 seconds
{Heap before GC invocations=376 (full 24):
 par new generation   total 109248K, used 109248K [0x00000000e0000000, 0x00000000e8000000, 0x00000000e8000000)
  eden space 87424K, 100% used [0x00000000e0000000, 0x00000000e5560000, 0x00000000e5560000)
  from space 21824K, 100% used [0x00000000e5560000, 0x00000000e6ab0000, 0x00000000e6ab0000)
  to   space 21824K,   0% used [0x00000000e6ab0000, 0x00000000e6ab0000, 0x00000000e8000000)
 concurrent mark-sweep generation total 393216K, used 76265K [0x00000000e8000000, 0x0000000100000000, 0x0000000100000000)
 Metaspace       used 63792K, capacity 65640K, committed 65780K, reserved 1107968K
  class space    used 7333K, capacity 7757K, committed 7776K, reserved 1048576K
2020-06-27T17:55:03.586+0100: 2405.846: [GC (Allocation Failure) 2020-06-27T17:55:03.586+0100: 2405.846: [ParNew
Desired survivor size 20112992 bytes, new threshold 8 (max 8)
- age   1:    1835056 bytes,    1835056 total
- age   2:    3762528 bytes,    5597584 total
- age   3:       8464 bytes,    5606048 total
- age   4:    3014304 bytes,    8620352 total
- age   5:    1262528 bytes,    9882880 total
- age   6:    3017968 bytes,   12900848 total
- age   7:    5363640 bytes,   18264488 total
- age   8:    2097872 bytes,   20362360 total
: 109248K->21824K(109248K), 0.0136632 secs] 185513K->100178K(502464K), 0.0137380 secs] [Times: user=0.00 sys=0.00, real=0.01 secs] 
Heap after GC invocations=377 (full 24):
 par new generation   total 109248K, used 21824K [0x00000000e0000000, 0x00000000e8000000, 0x00000000e8000000)
  eden space 87424K,   0% used [0x00000000e0000000, 0x00000000e0000000, 0x00000000e5560000)
  from space 21824K, 100% used [0x00000000e6ab0000, 0x00000000e8000000, 0x00000000e8000000)
  to   space 21824K,   0% used [0x00000000e5560000, 0x00000000e5560000, 0x00000000e6ab0000)
 concurrent mark-sweep generation total 393216K, used 78354K [0x00000000e8000000, 0x0000000100000000, 0x0000000100000000)
 Metaspace       used 63792K, capacity 65640K, committed 65780K, reserved 1107968K
  class space    used 7333K, capacity 7757K, committed 7776K, reserved 1048576K
}
2020-06-27T17:55:03.600+0100: 2405.860: Total time for which application threads were stopped: 0.0140109 seconds, Stopping threads took: 0.0000662 seconds
2020-06-27T17:55:03.714+0100: 2405.974: Total time for which application threads were stopped: 0.0001468 seconds, Stopping threads took: 0.0000655 seconds
2020-06-27T17:55:04.189+0100: 2406.449: Total time for which application threads were stopped: 0.0001686 seconds, Stopping threads took: 0.0001008 seconds
2020-06-27T17:55:04.190+0100: 2406.450: Total time for which application threads were stopped: 0.0001462 seconds, Stopping threads took: 0.0000624 seconds
2020-06-27T17:55:04.190+0100: 2406.450: Total time for which application threads were stopped: 0.0001791 seconds, Stopping threads took: 0.0001205 seconds
2020-06-27T17:55:04.190+0100: 2406.450: Total time for which application threads were stopped: 0.0001791 seconds, Stopping threads took: 0.0001307 seconds
2020-06-27T17:55:04.190+0100: 2406.451: Total time for which application threads were stopped: 0.0001213 seconds, Stopping threads took: 0.0000530 seconds
2020-06-27T17:55:04.191+0100: 2406.451: Total time for which application threads were stopped: 0.0001482 seconds, Stopping threads took: 0.0000531 seconds
2020-06-27T17:55:05.030+0100: 2407.290: Total time for which application threads were stopped: 0.0001821 seconds, Stopping threads took: 0.0000811 seconds
2020-06-27T17:55:05.032+0100: 2407.292: Total time for which application threads were stopped: 0.0001748 seconds, Stopping threads took: 0.0000685 seconds
2020-06-27T17:55:05.145+0100: 2407.405: Total time for which application threads were stopped: 0.0001422 seconds, Stopping threads took: 0.0000554 seconds
{Heap before GC invocations=377 (full 24):
 par new generation   total 109248K, used 109248K [0x00000000e0000000, 0x00000000e8000000, 0x00000000e8000000)
  eden space 87424K, 100% used [0x00000000e0000000, 0x00000000e5560000, 0x00000000e5560000)
  from space 21824K, 100% used [0x00000000e6ab0000, 0x00000000e8000000, 0x00000000e8000000)
  to   space 21824K,   0% used [0x00000000e5560000, 0x00000000e5560000, 0x00000000e6ab0000)
 concurrent mark-sweep generation total 393216K, used 78354K [0x00000000e8000000, 0x0000000100000000, 0x0000000100000000)
 Metaspace       used 63797K, capacity 65640K, committed 65780K, reserved 1107968K
  class space    used 7333K, capacity 7757K, committed 7776K, reserved 1048576K
2020-06-27T17:55:05.159+0100: 2407.419: [GC (Allocation Failure) 2020-06-27T17:55:05.159+0100: 2407.419: [ParNew
Desired survivor size 20112992 bytes, new threshold 8 (max 8)
- age   1:    4264640 bytes,    4264640 total
- age   2:    1437904 bytes,    5702544 total
- age   3:    3109744 bytes,    8812288 total
- age   4:       8464 bytes,    8820752 total
- age   5:    3013744 bytes,   11834496 total
- age   6:    1249872 bytes,   13084368 total
- age   7:    2681368 bytes,   15765736 total
- age   8:    4844744 bytes,   20610480 total
: 109248K->21824K(109248K), 0.0179753 secs] 187602K->107162K(502464K), 0.0181151 secs] [Times: user=0.06 sys=0.00, real=0.02 secs] 
Heap after GC invocations=378 (full 24):
 par new generation   total 109248K, used 21824K [0x00000000e0000000, 0x00000000e8000000, 0x00000000e8000000)
  eden space 87424K,   0% used [0x00000000e0000000, 0x00000000e0000000, 0x00000000e5560000)
  from space 21824K, 100% used [0x00000000e5560000, 0x00000000e6ab0000, 0x00000000e6ab0000)
  to   space 21824K,   0% used [0x00000000e6ab0000, 0x00000000e6ab0000, 0x00000000e8000000)
 concurrent mark-sweep generation total 393216K, used 85338K [0x00000000e8000000, 0x0000000100000000, 0x0000000100000000)
 Metaspace       used 63797K, capacity 65640K, committed 65780K, reserved 1107968K
  class space    used 7333K, capacity 7757K, committed 7776K, reserved 1048576K
}
2020-06-27T17:55:05.177+0100: 2407.437: Total time for which application threads were stopped: 0.0185094 seconds, Stopping threads took: 0.0001375 seconds
{Heap before GC invocations=378 (full 24):
 par new generation   total 109248K, used 109248K [0x00000000e0000000, 0x00000000e8000000, 0x00000000e8000000)
  eden space 87424K, 100% used [0x00000000e0000000, 0x00000000e5560000, 0x00000000e5560000)
  from space 21824K, 100% used [0x00000000e5560000, 0x00000000e6ab0000, 0x00000000e6ab0000)
  to   space 21824K,   0% used [0x00000000e6ab0000, 0x00000000e6ab0000, 0x00000000e8000000)
 concurrent mark-sweep generation total 393216K, used 85338K [0x00000000e8000000, 0x0000000100000000, 0x0000000100000000)
 Metaspace       used 63797K, capacity 65640K, committed 65780K, reserved 1107968K
  class space    used 7333K, capacity 7757K, committed 7776K, reserved 1048576K
2020-06-27T17:55:05.331+0100: 2407.591: [GC (Allocation Failure) 2020-06-27T17:55:05.331+0100: 2407.591: [ParNew
Desired survivor size 20112992 bytes, new threshold 8 (max 8)
- age   1:    6246504 bytes,    6246504 total
- age   2:    2865952 bytes,    9112456 total
- age   3:    1437904 bytes,   10550360 total
- age   4:    3102264 bytes,   13652624 total
- age   5:       8464 bytes,   13661088 total
- age   6:    2968504 bytes,   16629592 total
- age   7:    1248624 bytes,   17878216 total
- age   8:    2441944 bytes,   20320160 total
: 109248K->21824K(109248K), 0.0164808 secs] 194586K->115784K(502464K), 0.0165760 secs] [Times: user=0.06 sys=0.00, real=0.02 secs] 
Heap after GC invocations=379 (full 24):
 par new generation   total 109248K, used 21824K [0x00000000e0000000, 0x00000000e8000000, 0x00000000e8000000)
  eden space 87424K,   0% used [0x00000000e0000000, 0x00000000e0000000, 0x00000000e5560000)
  from space 21824K, 100% used [0x00000000e6ab0000, 0x00000000e8000000, 0x00000000e8000000)
  to   space 21824K,   0% used [0x00000000e5560000, 0x00000000e5560000, 0x00000000e6ab0000)
 concurrent mark-sweep generation total 393216K, used 93960K [0x00000000e8000000, 0x0000000100000000, 0x0000000100000000)
 Metaspace       used 63797K, capacity 65640K, committed 65780K, reserved 1107968K
  class space    used 7333K, capacity 7757K, committed 7776K, reserved 1048576K
}
2020-06-27T17:55:05.348+0100: 2407.608: Total time for which application threads were stopped: 0.0173353 seconds, Stopping threads took: 0.0005140 seconds
{Heap before GC invocations=379 (full 24):
 par new generation   total 109248K, used 109248K [0x00000000e0000000, 0x00000000e8000000, 0x00000000e8000000)
  eden space 87424K, 100% used [0x00000000e0000000, 0x00000000e5560000, 0x00000000e5560000)
  from space 21824K, 100% used [0x00000000e6ab0000, 0x00000000e8000000, 0x00000000e8000000)
  to   space 21824K,   0% used [0x00000000e5560000, 0x00000000e5560000, 0x00000000e6ab0000)
 concurrent mark-sweep generation total 393216K, used 93960K [0x00000000e8000000, 0x0000000100000000, 0x0000000100000000)
 Metaspace       used 63797K, capacity 65640K, committed 65780K, reserved 1107968K
  class space    used 7333K, capacity 7757K, committed 7776K, reserved 1048576K
2020-06-27T17:55:05.587+0100: 2407.847: [GC (Allocation Failure) 2020-06-27T17:55:05.587+0100: 2407.847: [ParNew
Desired survivor size 20112992 bytes, new threshold 7 (max 8)
- age   1:    5824192 bytes,    5824192 total
- age   2:    4887184 bytes,   10711376 total
- age   3:    2865912 bytes,   13577288 total
- age   4:    1437904 bytes,   15015192 total
- age   5:    3102264 bytes,   18117456 total
- age   6:       8464 bytes,   18125920 total
- age   7:    2968504 bytes,   21094424 total
- age   8:    1248624 bytes,   22343048 total
: 109248K->21824K(109248K), 0.0183809 secs] 203208K->122869K(502464K), 0.0184506 secs] [Times: user=0.06 sys=0.00, real=0.02 secs] 
Heap after GC invocations=380 (full 24):
 par new generation   total 109248K, used 21824K [0x00000000e0000000, 0x00000000e8000000, 0x00000000e8000000)
  eden space 87424K,   0% used [0x00000000e0000000, 0x00000000e0000000, 0x00000000e5560000)
  from space 21824K, 100% used [0x00000000e5560000, 0x00000000e6ab0000, 0x00000000e6ab0000)
  to   space 21824K,   0% used [0x00000000e6ab0000, 0x00000000e6ab0000, 0x00000000e8000000)
 concurrent mark-sweep generation total 393216K, used 101045K [0x00000000e8000000, 0x0000000100000000, 0x0000000100000000)
 Metaspace       used 63797K, capacity 65640K, committed 65780K, reserved 1107968K
  class space    used 7333K, capacity 7757K, committed 7776K, reserved 1048576K
}
2020-06-27T17:55:05.606+0100: 2407.866: Total time for which application threads were stopped: 0.0187105 seconds, Stopping threads took: 0.0000678 seconds
{Heap before GC invocations=380 (full 24):
 par new generation   total 109248K, used 109248K [0x00000000e0000000, 0x00000000e8000000, 0x00000000e8000000)
  eden space 87424K, 100% used [0x00000000e0000000, 0x00000000e5560000, 0x00000000e5560000)
  from space 21824K, 100% used [0x00000000e5560000, 0x00000000e6ab0000, 0x00000000e6ab0000)
  to   space 21824K,   0% used [0x00000000e6ab0000, 0x00000000e6ab0000, 0x00000000e8000000)
 concurrent mark-sweep generation total 393216K, used 101045K [0x00000000e8000000, 0x0000000100000000, 0x0000000100000000)
 Metaspace       used 63797K, capacity 65640K, committed 65780K, reserved 1107968K
  class space    used 7333K, capacity 7757K, committed 7776K, reserved 1048576K
2020-06-27T17:55:05.802+0100: 2408.062: [GC (Allocation Failure) 2020-06-27T17:55:05.802+0100: 2408.062: [ParNew
Desired survivor size 20112992 bytes, new threshold 6 (max 8)
- age   1:    7328160 bytes,    7328160 total
- age   2:    2752424 bytes,   10080584 total
- age   3:    4849640 bytes,   14930224 total
- age   4:    2865912 bytes,   17796136 total
- age   5:    1437904 bytes,   19234040 total
- age   6:    3102264 bytes,   22336304 total
- age   7:       8464 bytes,   22344768 total
: 109248K->21824K(109248K), 0.0171217 secs] 210293K->130387K(502464K), 0.0171910 secs] [Times: user=0.08 sys=0.00, real=0.02 secs] 
Heap after GC invocations=381 (full 24):
 par new generation   total 109248K, used 21824K [0x00000000e0000000, 0x00000000e8000000, 0x00000000e8000000)
  eden space 87424K,   0% used [0x00000000e0000000, 0x00000000e0000000, 0x00000000e5560000)
  from space 21824K, 100% used [0x00000000e6ab0000, 0x00000000e8000000, 0x00000000e8000000)
  to   space 21824K,   0% used [0x00000000e5560000, 0x00000000e5560000, 0x00000000e6ab0000)
 concurrent mark-sweep generation total 393216K, used 108563K [0x00000000e8000000, 0x0000000100000000, 0x0000000100000000)
 Metaspace       used 63797K, capacity 65640K, committed 65780K, reserved 1107968K
  class space    used 7333K, capacity 7757K, committed 7776K, reserved 1048576K
}
2020-06-27T17:55:05.819+0100: 2408.079: Total time for which application threads were stopped: 0.0174307 seconds, Stopping threads took: 0.0000745 seconds
{Heap before GC invocations=381 (full 24):
 par new generation   total 109248K, used 109248K [0x00000000e0000000, 0x00000000e8000000, 0x00000000e8000000)
  eden space 87424K, 100% used [0x00000000e0000000, 0x00000000e5560000, 0x00000000e5560000)
  from space 21824K, 100% used [0x00000000e6ab0000, 0x00000000e8000000, 0x00000000e8000000)
  to   space 21824K,   0% used [0x00000000e5560000, 0x00000000e5560000, 0x00000000e6ab0000)
 concurrent mark-sweep generation total 393216K, used 108563K [0x00000000e8000000, 0x0000000100000000, 0x0000000100000000)
 Metaspace       used 63797K, capacity 65640K, committed 65780K, reserved 1107968K
  class space    used 7333K, capacity 7757K, committed 7776K, reserved 1048576K
2020-06-27T17:55:05.925+0100: 2408.185: [GC (Allocation Failure) 2020-06-27T17:55:05.925+0100: 2408.185: [ParNew
Desired survivor size 20112992 bytes, new threshold 5 (max 8)
- age   1:    5758632 bytes,    5758632 total
- age   2:    4029096 bytes,    9787728 total
- age   3:    2625920 bytes,   12413648 total
- age   4:    4849000 bytes,   17262648 total
- age   5:    2865912 bytes,   20128560 total
- age   6:    1437904 bytes,   21566464 total
: 109248K->21824K(109248K), 0.0149426 secs] 217811K->137261K(502464K), 0.0150089 secs] [Times: user=0.06 sys=0.00, real=0.02 secs] 
